******************************************************************************
            TI ARM Clang Linker PC v5.1.1                      
******************************************************************************
>> Linked Sat Aug  1 08:30:51 2026

OUTPUT FILE NAME:   <test1.out>
ENTRY POINT SYMBOL: "_c_int00_noargs"  address: 0000ca25


MEMORY CONFIGURATION

         name            origin    length      used     unused   attr    fill
----------------------  --------  ---------  --------  --------  ----  --------
  FLASH                 00000000   00020000  0000d840  000127c0  R  X
  SRAM                  20200000   00008000  00000986  0000767a  RW X
  BCR_CONFIG            41c00000   000000ff  00000000  000000ff  R   
  BSL_CONFIG            41c00100   00000080  00000000  00000080  R   


SEGMENT ALLOCATION MAP

run origin  load origin   length   init length attrs members
----------  ----------- ---------- ----------- ----- -------
00000000    00000000    0000d840   0000d840    r-x
  00000000    00000000    000000c0   000000c0    r-- .intvecs
  000000c0    000000c0    0000ccd0   0000ccd0    r-x .text
  0000cd90    0000cd90    00000a80   00000a80    r-- .rodata
  0000d810    0000d810    00000030   00000030    r-- .cinit
20200000    20200000    00000786   00000000    rw-
  20200000    20200000    00000785   00000000    rw- .bss
  20200785    20200785    00000001   00000000    rw- .data
20207e00    20207e00    00000200   00000000    rw-
  20207e00    20207e00    00000200   00000000    rw- .stack


SECTION ALLOCATION MAP

 output                                  attributes/
section   page    origin      length       input sections
--------  ----  ----------  ----------   ----------------
.intvecs   0    00000000    000000c0     
                  00000000    000000c0     startup_mspm0g350x_ticlang.o (.intvecs)

.text      0    000000c0    0000ccd0     
                  000000c0    00002504     diag_console.o (.text.reportReq002)
                  000025c4    00002070     diag_console.o (.text.DiagConsole_service)
                  00004634    000016fc     diag_console.o (.text.reportRadioStatus)
                  00005d30    000014d8     diag_console.o (.text.reportLine)
                  00007208    00000774     diag_console.o (.text.reportStatus)
                  0000797c    000005cc     oled_ssd1306.o (.text.OledSsd1306_showReq002Status)
                  00007f48    0000049c     nrf24_ptx.o (.text.Nrf24Ptx_service)
                  000083e4    00000458     diag_console.o (.text.reportRadioRegisters)
                  0000883c    00000444     oled_ssd1306.o (.text.OledSsd1306_showTestPattern)
                  00008c80    00000400     diag_console.o (.text.reportI2c)
                  00009080    00000304     diag_console.o (.text.runSelfTest)
                  00009384    000002e4     line_tracking.o (.text.LineTracking_service)
                  00009668    000002ac     oled_ssd1306.o (.text.OledSsd1306_forceAllPixelsOnSh1106)
                  00009914    000002a4     oled_ssd1306.o (.text.OledSsd1306_forceAllPixelsOn)
                  00009bb8    0000022c     line_sensors.o (.text.readRegisterBlock)
                  00009de4    00000208     diag_console.o (.text.forceOledAllOn)
                  00009fec    000001a2     pid.o (.text.Pid_step)
                  0000a18e    00000002     startup_mspm0g350x_ticlang.o (.text.Default_Handler)
                  0000a190    0000019c     diag_console.o (.text.DiagConsole_reportBoot)
                  0000a32c    00000184     nrf24_ptx.o (.text.transaction)
                  0000a4b0    0000017c     req002.o (.text.Req002_service)
                  0000a62c    0000016c     diag_console.o (.text.writeI32)
                  0000a798    00000154     diag_console.o (.text.writeU32)
                  0000a8ec    00000148     diag_console.o (.text.clearOled)
                  0000aa34    0000012c     i2c_diag.o (.text.I2cDiag_scan)
                  0000ab60    0000011c     nrf24_ptx.o (.text.Nrf24Ptx_captureDiagnosticChar)
                  0000ac7c    0000011c     diag_console.o (.text.forceOledAllOnSh1106)
                  0000ad98    0000011c     diag_console.o (.text.runOledTest)
                  0000aeb4    00000116     oled_ssd1306.o (.text.writePageData)
                  0000afca    00000002     motor_test.o (.text.MotorTest_onTimebaseTick)
                  0000afcc    00000104     driverlib.a : dl_timer.o (.text.DL_Timer_initFourCCPWMMode)
                  0000b0d0    000000ec     nrf24_ptx.o (.text.command)
                  0000b1bc    000000e8     app.o (.text.App_service)
                  0000b2a4    000000dc     ti_msp_dl_config.o (.text.SYSCFG_DL_GPIO_init)
                  0000b380    000000d8     libclang_rt.builtins.a : addsf3.S.obj (.text)
                  0000b458    000000b8     oled_ssd1306.o (.text.writeSmall)
                  0000b510    000000b4     line_sensors.o (.text.LineSensors_service)
                  0000b5c4    000000b0     ti_msp_dl_config.o (.text.SYSCFG_DL_LEFT_CAPTURE_init)
                  0000b674    0000009a     libc.a : memcpy16.S.obj (.text:memcpy)
                  0000b70e    00000002     motor_test.o (.text.MotorTest_service)
                  0000b710    00000094     oled_ssd1306.o (.text.OledSsd1306_clear)
                  0000b7a4    00000094     ti_msp_dl_config.o (.text.SYSCFG_DL_MOTOR_PWM_init)
                  0000b838    00000090     encoders.o (.text.Encoders_init)
                  0000b8c8    0000008c     ti_msp_dl_config.o (.text.SYSCFG_DL_DIAG_UART_init)
                  0000b954    0000008c     libclang_rt.builtins.a : comparesf2.S.obj (.text)
                  0000b9e0    0000008c                            : mulsf3.S.obj (.text)
                  0000ba6c    00000084     encoders.o (.text.Encoders_onLeftCaptureInterrupt)
                  0000baf0    00000084     nrf24_ptx.o (.text.Nrf24Ptx_init)
                  0000bb74    00000082     libclang_rt.builtins.a : divsf3.S.obj (.text)
                  0000bbf6    00000002                            : aeabi_div0.c.obj (.text.__aeabi_idiv0)
                  0000bbf8    0000007c     ti_msp_dl_config.o (.text.SYSCFG_DL_initPower)
                  0000bc74    0000007c     libc.a : copy_decompress_lzss.c.obj (.text:decompress:lzss)
                  0000bcf0    00000078     diag_console.o (.text.writeText)
                  0000bd68    00000070     board_safety.o (.text.BoardSafety_service)
                  0000bdd8    00000064     nrf24_ptx.o (.text.writeRegistersAndVerify)
                  0000be3c    00000062     libc.a : memset16.S.obj (.text:memset)
                  0000be9e    00000002     --HOLE-- [fill = 0]
                  0000bea0    00000060     app.o (.text.App_init)
                  0000bf00    0000005e     driverlib.a : dl_i2c.o (.text.DL_I2C_fillControllerTXFIFO)
                  0000bf5e    00000002     --HOLE-- [fill = 0]
                  0000bf60    0000005c     diag_console.o (.text.DiagConsole_onUartInterrupt)
                  0000bfbc    0000005c     encoders.o (.text.Encoders_snapshot)
                  0000c018    0000005c     ti_msp_dl_config.o (.text.SYSCFG_DL_RIGHT_QEI_init)
                  0000c074    0000005a     libclang_rt.builtins.a : aeabi_fcmp.S.obj (.text)
                  0000c0ce    00000002     --HOLE-- [fill = 0]
                  0000c0d0    00000058     motor_driver.o (.text.MotorDriver_init)
                  0000c128    00000058     motor_driver.o (.text.MotorDriver_outputsStopped)
                  0000c180    00000054     board_safety.o (.text.BoardSafety_stop)
                  0000c1d4    00000054     driverlib.a : dl_spi.o (.text.DL_SPI_drainRXFIFO8)
                  0000c228    00000054     nrf24_ptx.o (.text.Nrf24Ptx_getStatus)
                  0000c27c    00000054     nrf24_ptx.o (.text.Nrf24Ptx_readCoreRegisters)
                  0000c2d0    00000054     ti_msp_dl_config.o (.text.SYSCFG_DL_LINE_I2C_init)
                  0000c324    00000054     ti_msp_dl_config.o (.text.SYSCFG_DL_OLED_I2C_init)
                  0000c378    00000054     ti_msp_dl_config.o (.text.SYSCFG_DL_init)
                  0000c3cc    00000050     board_safety.o (.text.BoardSafety_init)
                  0000c41c    00000050     nrf24_ptx.o (.text.Nrf24Ptx_arm)
                  0000c46c    00000050     req002.o (.text.Req002_init)
                  0000c4bc    0000004c     ti_msp_dl_config.o (.text.SYSCFG_DL_RADIO_SPI_init)
                  0000c508    0000004c     start_button.o (.text.StartButton_poll)
                  0000c554    00000048     driverlib.a : dl_uart.o (.text.DL_UART_init)
                  0000c59c    00000048     diag_console.o (.text.DiagConsole_init)
                  0000c5e4    00000048     line_tracking.o (.text.LineTracking_init)
                  0000c62c    00000048     nrf24_ptx.o (.text.writeAndVerify)
                  0000c674    00000044     driverlib.a : dl_spi.o (.text.DL_SPI_init)
                  0000c6b8    00000044     req002.o (.text.Req002_abort)
                  0000c6fc    00000040     motor_driver.o (.text.MotorDriver_stopAll)
                  0000c73c    00000040     libclang_rt.builtins.a : aeabi_uidivmod.S.obj (.text)
                  0000c77c    0000003c     driverlib.a : dl_i2c.o (.text.DL_I2C_flushControllerTXFIFO)
                  0000c7b8    0000003c     nrf24_ptx.o (.text.Nrf24Ptx_disarm)
                  0000c7f4    0000003c     libc.a : autoinit.c.obj (.text:__TI_auto_init_nobinit_nopinit)
                  0000c830    0000003a     libclang_rt.builtins.a : muldsi3.S.obj (.text)
                  0000c86a    00000002     --HOLE-- [fill = 0]
                  0000c86c    00000038     diag_console.o (.text.newLine)
                  0000c8a4    00000038     libclang_rt.builtins.a : fixsfsi.S.obj (.text)
                  0000c8dc    00000034     board_safety.o (.text.BoardSafety_outputsSafe)
                  0000c910    00000030     driverlib.a : dl_i2c.o (.text.DL_I2C_flushControllerRXFIFO)
                  0000c940    00000030                 : dl_uart.o (.text.DL_UART_transmitDataBlocking)
                  0000c970    00000030     ti_msp_dl_config.o (.text.SYSCFG_DL_SYSCTL_init)
                  0000c9a0    00000030     timebase.o (.text.Timebase_init)
                  0000c9d0    0000002c     nrf24_ptx.o (.text.Nrf24Ptx_safeWhenDisarmed)
                  0000c9fc    00000028     driverlib.a : dl_timer.o (.text.DL_Timer_setCaptureCompareCtl)
                  0000ca24    00000028     libc.a : boot_cortex_m.c.obj (.text:_c_int00_noargs)
                  0000ca4c    00000028     libclang_rt.builtins.a : floatunsisf.S.obj (.text)
                  0000ca74    00000026     driverlib.a : dl_i2c.o (.text.DL_I2C_setClockConfig)
                  0000ca9a    00000002     --HOLE-- [fill = 0]
                  0000ca9c    00000020     motor_test.o (.text.MotorTest_abort)
                  0000cabc    00000020     motor_test.o (.text.MotorTest_init)
                  0000cadc    00000020     start_button.o (.text.StartButton_init)
                  0000cafc    00000020     libc.a : memcmp.c.obj (.text.memcmp)
                  0000cb1c    0000001c     driverlib.a : dl_spi.o (.text.DL_SPI_receiveDataCheck8)
                  0000cb38    0000001c                 : dl_spi.o (.text.DL_SPI_transmitDataCheck8)
                  0000cb54    0000001c                 : dl_timer.o (.text.DL_Timer_setCaptCompUpdateMethod)
                  0000cb70    0000001c                 : dl_timer.o (.text.DL_Timer_setClockConfig)
                  0000cb8c    0000001c     line_sensors.o (.text.LineSensors_init)
                  0000cba8    0000001c     pid.o (.text.Pid_init)
                  0000cbc4    0000001a     driverlib.a : dl_timer.o (.text.DL_Timer_setCaptureCompareInput)
                  0000cbde    00000002     --HOLE-- [fill = 0]
                  0000cbe0    0000001a     libclang_rt.builtins.a : aeabi_memset.S.obj (.text)
                  0000cbfa    00000002     --HOLE-- [fill = 0]
                  0000cbfc    00000018     driverlib.a : dl_timer.o (.text.DL_Timer_setCaptureCompareOutCtl)
                  0000cc14    00000018     line_sensors.o (.text.LineSensors_snapshot)
                  0000cc2c    00000018     req002.o (.text.Req002_blockReasonName)
                  0000cc44    00000018     req002.o (.text.Req002_stateName)
                  0000cc5c    00000016     empty.o (.text.main)
                  0000cc72    00000002     --HOLE-- [fill = 0]
                  0000cc74    00000014     start_button.o (.text.StartButton_readHardwarePressed)
                  0000cc88    00000012     driverlib.a : dl_spi.o (.text.DL_SPI_setClockConfig)
                  0000cc9a    00000012                 : dl_uart.o (.text.DL_UART_setClockConfig)
                  0000ccac    00000012     libc.a : copy_decompress_none.c.obj (.text:decompress:none)
                  0000ccbe    00000002     --HOLE-- [fill = 0]
                  0000ccc0    00000010     driverlib.a : dl_timer.o (.text.DL_Timer_getCaptureCompareValue)
                  0000ccd0    00000010                 : dl_timer.o (.text.DL_Timer_setCaptureCompareValue)
                  0000cce0    00000010     pid.o (.text.Pid_reset)
                  0000ccf0    00000010     empty.o (.text.SysTick_Handler)
                  0000cd00    00000010     timebase.o (.text.Timebase_onSysTick)
                  0000cd10    00000010     libc.a : copy_zero_init.c.obj (.text:decompress:ZI)
                  0000cd20    0000000c     timebase.o (.text.Timebase_nowMs)
                  0000cd2c    0000000a     driverlib.a : dl_common.o (.text.DL_Common_delayCycles)
                  0000cd36    0000000a     start_button.o (.text.StartButton_takePress)
                  0000cd40    00000008     board_safety.o (.text.BoardSafety_buzzerPolicy)
                  0000cd48    00000008     line_tracking.o (.text.LineTracking_getStatus)
                  0000cd50    00000008     req002.o (.text.Req002_getStatus)
                  0000cd58    00000008     empty.o (.text.TIMA1_IRQHandler)
                  0000cd60    00000008     timebase.o (.text.Timebase_reached)
                  0000cd68    00000008     empty.o (.text.UART0_IRQHandler)
                  0000cd70    00000008     libclang_rt.builtins.a : aeabi_memcpy.S.obj (.text)
                  0000cd78    00000006     libc.a : exit.c.obj (.text:abort)
                  0000cd7e    00000004     libsysbm.a : hostexit.c.obj (.text.HOSTexit)
                  0000cd82    00000004     startup_mspm0g350x_ticlang.o (.text.Reset_Handler)
                  0000cd86    00000004     libc.a : pre_init.c.obj (.text._system_pre_init)
                  0000cd8a    00000006     --HOLE-- [fill = 0]

.cinit     0    0000d810    00000030     
                  0000d810    0000000c     (__TI_handler_table)
                  0000d81c    00000008     (.cinit..bss.load) [load image, compression = zero_init]
                  0000d824    00000005     (.cinit..data.load) [load image, compression = lzss]
                  0000d829    00000003     --HOLE-- [fill = 0]
                  0000d82c    00000010     (__TI_cinit_table)
                  0000d83c    00000004     --HOLE-- [fill = 0]

.rodata    0    0000cd90    00000a80     
                  0000cd90    000000c7     diag_console.o (.rodata.str1.2047669683145328269.1)
                  0000ce57    00000082     oled_ssd1306.o (.rodata.gLetters)
                  0000ced9    00000063     diag_console.o (.rodata.str1.7732308573000650393.1)
                  0000cf3c    00000048     diag_console.o (.rodata.str1.9707112319961652996.1)
                  0000cf84    00000044     diag_console.o (.rodata.str1.10547048922053563066.1)
                  0000cfc8    0000003b     diag_console.o (.rodata.str1.15625074855538008002.1)
                  0000d003    00000038     diag_console.o (.rodata.str1.14216939884319605972.1)
                  0000d03b    00000036     diag_console.o (.rodata.str1.7357183369378266487.1)
                  0000d071    00000035     diag_console.o (.rodata.str1.2596147747606907474.1)
                  0000d0a6    00000034     diag_console.o (.rodata.str1.586156461584364517.1)
                  0000d0da    00000032     oled_ssd1306.o (.rodata.gDigits)
                  0000d10c    00000032     board_safety.o (.rodata.str1.1461871966798876460.1)
                  0000d13e    00000031     diag_console.o (.rodata.str1.12716740232725884172.1)
                  0000d16f    0000002f     diag_console.o (.rodata.str1.13280864962473139851.1)
                  0000d19e    0000002f     diag_console.o (.rodata.str1.14422074039385044664.1)
                  0000d1cd    0000002b     diag_console.o (.rodata.str1.42216778291788941.1)
                  0000d1f8    00000028     diag_console.o (.rodata.str1.7581599195524770307.1)
                  0000d220    00000026     diag_console.o (.rodata.str1.10189095251767917611.1)
                  0000d246    00000026     diag_console.o (.rodata.str1.719103272933316442.1)
                  0000d26c    00000024     req002.o (.rodata..Lswitch.table.Req002_blockReasonName)
                  0000d290    00000024     req002.o (.rodata..Lswitch.table.Req002_stateName)
                  0000d2b4    00000023     diag_console.o (.rodata.str1.14026284630131305620.1)
                  0000d2d7    00000023     diag_console.o (.rodata.str1.3251375336230076641.1)
                  0000d2fa    00000022     diag_console.o (.rodata.str1.4003969796065526343.1)
                  0000d31c    00000020     line_tracking.o (.rodata.cst32)
                  0000d33c    0000001f     diag_console.o (.rodata.str1.14265534512352903045.1)
                  0000d35b    0000001c     req002.o (.rodata.str1.13275248019535299154.1)
                  0000d377    0000001a     diag_console.o (.rodata.str1.2111541797422310849.1)
                  0000d391    0000001a     req002.o (.rodata.str1.9392822210274423405.1)
                  0000d3ab    00000001     --HOLE-- [fill = 0]
                  0000d3ac    00000019     nrf24_ptx.o (.rodata.str1.6094559527043233380.4)
                  0000d3c5    00000003     ti_msp_dl_config.o (.rodata.gLEFT_CAPTUREClockConfig)
                  0000d3c8    00000018     nrf24_ptx.o (.rodata..Lswitch.table.Nrf24Ptx_getStatus)
                  0000d3e0    00000018     oled_ssd1306.o (.rodata.initializeAt.commands)
                  0000d3f8    00000018     diag_console.o (.rodata.str1.5327081883680934297.1)
                  0000d410    00000017     req002.o (.rodata.str1.10230131912623405435.1)
                  0000d427    00000017     diag_console.o (.rodata.str1.8468701901237678614.1)
                  0000d43e    00000016     diag_console.o (.rodata.str1.10092175090239738319.1)
                  0000d454    00000016     diag_console.o (.rodata.str1.5824879526590977974.1)
                  0000d46a    00000016     diag_console.o (.rodata.str1.6718555251542537173.1)
                  0000d480    00000015     req002.o (.rodata.str1.9213031953659428922.1)
                  0000d495    00000014     diag_console.o (.rodata.str1.13160629704296733059.1)
                  0000d4a9    00000014     req002.o (.rodata.str1.1536853367382378965.1)
                  0000d4bd    00000014     req002.o (.rodata.str1.7316036974658646067.1)
                  0000d4d1    00000014     req002.o (.rodata.str1.9277730485512377852.1)
                  0000d4e5    00000013     diag_console.o (.rodata.str1.13429554332974121859.1)
                  0000d4f8    00000011     req002.o (.rodata.str1.11801953346847374107.1)
                  0000d509    00000011     req002.o (.rodata.str1.246851255980436067.1)
                  0000d51a    00000011     diag_console.o (.rodata.str1.9305979691969886280.1)
                  0000d52b    00000001     --HOLE-- [fill = 0]
                  0000d52c    00000010     oled_ssd1306.o (.rodata.OledSsd1306_showReq002Status.stateText)
                  0000d53c    00000010     encoders.o (.rodata.cst16)
                  0000d54c    00000010     nrf24_ptx.o (.rodata.str1.17419335730769077557.1)
                  0000d55c    0000000f     diag_console.o (.rodata.str1.810607564276269461.1)
                  0000d56b    0000000f     diag_console.o (.rodata.str1.9757831788182070933.1)
                  0000d57a    0000000e     nrf24_ptx.o (.rodata.gProfile)
                  0000d588    0000000e     req002.o (.rodata.str1.11012809159570234960.1)
                  0000d596    0000000e     diag_console.o (.rodata.str1.15759258491055097000.1)
                  0000d5a4    0000000e     diag_console.o (.rodata.str1.8714582252565932376.1)
                  0000d5b2    0000000d     diag_console.o (.rodata.str1.15191501805510545095.1)
                  0000d5bf    0000000d     diag_console.o (.rodata.str1.18237275900639492659.1)
                  0000d5cc    0000000d     diag_console.o (.rodata.str1.4753132208752387408.1)
                  0000d5d9    0000000d     nrf24_ptx.o (.rodata.str1.632614121974113092.1)
                  0000d5e6    0000000d     diag_console.o (.rodata.str1.8382040091638840980.1)
                  0000d5f3    0000000d     diag_console.o (.rodata.str1.9009639935792097996.1)
                  0000d600    0000000c     req002.o (.rodata.str1.14163026172649738486.1)
                  0000d60c    0000000c     diag_console.o (.rodata.str1.15804963083468125269.1)
                  0000d618    0000000c     nrf24_ptx.o (.rodata.str1.18158066330371006656.1)
                  0000d624    0000000c     diag_console.o (.rodata.str1.8341931057821991107.1)
                  0000d630    0000000b     diag_console.o (.rodata.str1.10021391958218067169.1)
                  0000d63b    0000000b     diag_console.o (.rodata.str1.10838375267284401125.1)
                  0000d646    0000000b     diag_console.o (.rodata.str1.11858721499567804342.1)
                  0000d651    0000000b     req002.o (.rodata.str1.14519661726848775581.1)
                  0000d65c    0000000b     diag_console.o (.rodata.str1.15004393915158247055.1)
                  0000d667    0000000b     diag_console.o (.rodata.str1.17217747830118470281.1)
                  0000d672    0000000b     diag_console.o (.rodata.str1.17570078357027493973.1)
                  0000d67d    0000000b     diag_console.o (.rodata.str1.17854535991371942916.1)
                  0000d688    0000000b     diag_console.o (.rodata.str1.2437401455240083982.1)
                  0000d693    0000000b     diag_console.o (.rodata.str1.4088845919059740246.1)
                  0000d69e    0000000b     diag_console.o (.rodata.str1.475083551094971178.1)
                  0000d6a9    0000000a     app.o (.rodata..Lswitch.table.App_service)
                  0000d6b3    00000001     --HOLE-- [fill = 0]
                  0000d6b4    0000000a     ti_msp_dl_config.o (.rodata.gDIAG_UARTConfig)
                  0000d6be    0000000a     ti_msp_dl_config.o (.rodata.gRADIO_SPI_config)
                  0000d6c8    0000000a     diag_console.o (.rodata.str1.10020677278003191597.1)
                  0000d6d2    0000000a     req002.o (.rodata.str1.11700141885548915133.1)
                  0000d6dc    0000000a     diag_console.o (.rodata.str1.15307067426115469236.1)
                  0000d6e6    0000000a     diag_console.o (.rodata.str1.15947943532119924092.1)
                  0000d6f0    0000000a     diag_console.o (.rodata.str1.3586807474570239301.1)
                  0000d6fa    00000009     req002.o (.rodata.str1.12553014538444358850.1)
                  0000d703    00000009     diag_console.o (.rodata.str1.1424010353822986971.1)
                  0000d70c    00000009     nrf24_ptx.o (.rodata.str1.1466761408321915565.1)
                  0000d715    00000009     diag_console.o (.rodata.str1.16718133499535619421.1)
                  0000d71e    00000009     diag_console.o (.rodata.str1.17103627226480421635.1)
                  0000d727    00000009     diag_console.o (.rodata.str1.17197432830885351810.1)
                  0000d730    00000009     oled_ssd1306.o (.rodata.str1.18394381519249814195.1)
                  0000d739    00000009     nrf24_ptx.o (.rodata.str1.3287502044353476605.1)
                  0000d742    00000009     req002.o (.rodata.str1.4498054223093770164.1)
                  0000d74b    00000009     req002.o (.rodata.str1.9783865751474204056.1)
                  0000d754    00000008     ti_msp_dl_config.o (.rodata.gMOTOR_PWMConfig)
                  0000d75c    00000008     diag_console.o (.rodata.str1.1116829374954328495.1)
                  0000d764    00000008     oled_ssd1306.o (.rodata.str1.3044767245126136175.1)
                  0000d76c    00000007     diag_console.o (.rodata.str1.2566524860297826098.1)
                  0000d773    00000007     diag_console.o (.rodata.str1.5926118724489890093.1)
                  0000d77a    00000007     diag_console.o (.rodata.str1.7767364581813029062.1)
                  0000d781    00000006     diag_console.o (.rodata.str1.1008767523004470630.1)
                  0000d787    00000006     diag_console.o (.rodata.str1.11297099101431644167.1)
                  0000d78d    00000006     req002.o (.rodata.str1.1330840565073376.1)
                  0000d793    00000006     oled_ssd1306.o (.rodata.str1.155559926808992207.1)
                  0000d799    00000006     nrf24_ptx.o (.rodata.str1.17809926154172099862.1)
                  0000d79f    00000006     oled_ssd1306.o (.rodata.str1.17912449882519859512.1)
                  0000d7a5    00000006     req002.o (.rodata.str1.404665452499805758.1)
                  0000d7ab    00000006     diag_console.o (.rodata.str1.6066754825680800963.1)
                  0000d7b1    00000005     diag_console.o (.rodata.str1.11767802008270839024.1)
                  0000d7b6    00000005     req002.o (.rodata.str1.11884172484412477609.1)
                  0000d7bb    00000005     nrf24_ptx.o (.rodata.str1.1246111486341945488.1)
                  0000d7c0    00000005     oled_ssd1306.o (.rodata.str1.14073963438480896185.1)
                  0000d7c5    00000005     diag_console.o (.rodata.str1.16398612393838456628.1)
                  0000d7ca    00000005     diag_console.o (.rodata.str1.16786332400914981058.1)
                  0000d7cf    00000005     diag_console.o (.rodata.str1.3120395613318375967.1)
                  0000d7d4    00000005     req002.o (.rodata.str1.4278235483893593186.1)
                  0000d7d9    00000005     diag_console.o (.rodata.str1.5142683573253984041.1)
                  0000d7de    00000005     diag_console.o (.rodata.str1.8182549175682356078.1)
                  0000d7e3    00000005     diag_console.o (.rodata.str1.8535165006884115289.1)
                  0000d7e8    00000005     diag_console.o (.rodata.str1.9239603917100908406.1)
                  0000d7ed    00000004     diag_console.o (.rodata.str1.16469263393576567306.1)
                  0000d7f1    00000004     oled_ssd1306.o (.rodata.str1.4552292588570905864.1)
                  0000d7f5    00000004     diag_console.o (.rodata.str1.5171941431370459453.1)
                  0000d7f9    00000003     ti_msp_dl_config.o (.rodata.gMOTOR_PWMClockConfig)
                  0000d7fc    00000003     ti_msp_dl_config.o (.rodata.gRIGHT_QEIClockConfig)
                  0000d7ff    00000003     diag_console.o (.rodata.str1.852583045405672653.1)
                  0000d802    00000002     ti_msp_dl_config.o (.rodata.gDIAG_UARTClockConfig)
                  0000d804    00000002     ti_msp_dl_config.o (.rodata.gLINE_I2CClockConfig)
                  0000d806    00000002     ti_msp_dl_config.o (.rodata.gOLED_I2CClockConfig)
                  0000d808    00000002     ti_msp_dl_config.o (.rodata.gRADIO_SPI_clockConfig)
                  0000d80a    00000006     --HOLE-- [fill = 0]

.init_array 
*          0    00000000    00000000     UNINITIALIZED

.binit     0    00000000    00000000     

.bss       0    20200000    00000785     UNINITIALIZED
                  20200000    00000240     nrf24_ptx.o (.bss.gQueue)
                  20200240    000000c0     nrf24_ptx.o (.bss.gDiagLine)
                  20200300    000000bc     (.common:gLEFT_CAPTUREBackup)
                  202003bc    000000bc     (.common:gMOTOR_PWMBackup)
                  20200478    000000a0     (.common:gRIGHT_QEIBackup)
                  20200518    00000080     diag_console.o (.bss.gRxBuffer)
                  20200598    00000078     req002.o (.bss.gStatus)
                  20200610    00000050     diag_console.o (.bss.gCommand)
                  20200660    0000003c     line_tracking.o (.bss.gStatus)
                  2020069c    00000030     line_tracking.o (.bss.gShadowPid)
                  202006cc    00000028     (.common:gRADIO_SPIBackup)
                  202006f4    00000024     line_sensors.o (.bss.gSample)
                  20200718    0000001c     nrf24_ptx.o (.bss.gStats)
                  20200734    00000010     motor_test.o (.bss.gStatus)
                  20200744    00000008     app.o (.bss.gStartButton)
                  2020074c    00000006     motor_driver.o (.bss.gStatus)
                  20200752    00000002     nrf24_ptx.o (.bss.gDiagLineLength)
                  20200754    00000004     nrf24_ptx.o (.bss.gDeadline)
                  20200758    00000004     encoders.o (.bss.gLeftCount)
                  2020075c    00000004     encoders.o (.bss.gLeftInvalidTransitions)
                  20200760    00000004     timebase.o (.bss.gMilliseconds)
                  20200764    00000004     line_sensors.o (.bss.gNextPollMs)
                  20200768    00000004     diag_console.o (.bss.gRxOverflow)
                  2020076c    00000003     oled_ssd1306.o (.bss.gStatus)
                  2020076f    00000001     nrf24_ptx.o (.bss.gArmed)
                  20200770    00000002     nrf24_ptx.o (.bss.gNextMessageId)
                  20200772    00000002     diag_console.o (.bss.gRxHead)
                  20200774    00000002     diag_console.o (.bss.gRxTail)
                  20200776    00000001     diag_console.o (.bss.gCaptureEnabled)
                  20200777    00000001     diag_console.o (.bss.gCommandLength)
                  20200778    00000001     nrf24_ptx.o (.bss.gDiagLineOverflow)
                  20200779    00000001     diag_console.o (.bss.gDiscardLine)
                  2020077a    00000001     app.o (.bss.gLastOledReq002State)
                  2020077b    00000001     encoders.o (.bss.gLeftState)
                  2020077c    00000001     line_tracking.o (.bss.gNeedsReacquire)
                  2020077d    00000001     nrf24_ptx.o (.bss.gOneShotQueued)
                  2020077e    00000001     nrf24_ptx.o (.bss.gQueueCount)
                  2020077f    00000001     nrf24_ptx.o (.bss.gQueueHead)
                  20200780    00000001     nrf24_ptx.o (.bss.gQueueTail)
                  20200781    00000001     nrf24_ptx.o (.bss.gState)
                  20200782    00000001     board_safety.o (.bss.gStatus.0)
                  20200783    00000001     board_safety.o (.bss.gStatus.3)
                  20200784    00000001     motor_test.o (.bss.gTimedOut)

.data      0    20200785    00000001     UNINITIALIZED
                  20200785    00000001     oled_ssd1306.o (.data.gAddress)

.stack     0    20207e00    00000200     UNINITIALIZED
                  20207e00    00000004     libc.a : boot_cortex_m.c.obj (.stack)
                  20207e04    000001fc     --HOLE--

__llvm_prf_cnts 
*          0    20200000    00000000     UNINITIALIZED

__llvm_prf_bits 
*          0    20200000    00000000     UNINITIALIZED

MODULE SUMMARY

       Module                         code    ro data   rw data
       ------                         ----    -------   -------
    .\
       ti_msp_dl_config.o             1276    45        576    
       startup_mspm0g350x_ticlang.o   6       192       0      
       empty.o                        54      0         0      
    +--+------------------------------+-------+---------+---------+
       Total:                         1336    237       576    
                                                               
    .\algorithm\
       line_tracking.o                820     32        109    
       pid.o                          462     0         0      
    +--+------------------------------+-------+---------+---------+
       Total:                         1282    32        109    
                                                               
    .\app\
       req002.o                       584     360       120    
       app.o                          328     10        9      
       motor_test.o                   68      0         17     
    +--+------------------------------+-------+---------+---------+
       Total:                         980     370       146    
                                                               
    .\bsp\
       board_safety.o                 336     50        2      
       timebase.o                     84      0         4      
    +--+------------------------------+-------+---------+---------+
       Total:                         420     50        6      
                                                               
    .\drivers\
       diag_console.o                 36688   1775      219    
       oled_ssd1306.o                 4546    258       4      
       nrf24_ptx.o                    2744    133       811    
       line_sensors.o                 788     0         40     
       encoders.o                     368     16        9      
       i2c_diag.o                     300     0         0      
       motor_driver.o                 240     0         6      
       start_button.o                 138     0         0      
    +--+------------------------------+-------+---------+---------+
       Total:                         45812   2182      1089   
                                                               
    D:/AAADiansai/CCS/mspm0_sdk_2_11_00_07/source/ti/driverlib/lib/ticlang/m0p/mspm0g1x0x_g3x0x/driverlib.a
       dl_timer.o                     438     0         0      
       dl_i2c.o                       240     0         0      
       dl_spi.o                       226     0         0      
       dl_uart.o                      138     0         0      
       dl_common.o                    10      0         0      
    +--+------------------------------+-------+---------+---------+
       Total:                         1052    0         0      
                                                               
    D:\AAADiansai\CCS\ccs\tools\compiler\ti-cgt-armllvm_5.1.1.LTS\lib\armv6m-ti-none-eabi/c/libc.a
       memcpy16.S.obj                 154     0         0      
       copy_decompress_lzss.c.obj     124     0         0      
       memset16.S.obj                 98      0         0      
       autoinit.c.obj                 60      0         0      
       boot_cortex_m.c.obj            40      0         0      
       memcmp.c.obj                   32      0         0      
       copy_decompress_none.c.obj     18      0         0      
       copy_zero_init.c.obj           16      0         0      
       exit.c.obj                     6       0         0      
       pre_init.c.obj                 4       0         0      
    +--+------------------------------+-------+---------+---------+
       Total:                         552     0         0      
                                                               
    D:\AAADiansai\CCS\ccs\tools\compiler\ti-cgt-armllvm_5.1.1.LTS\lib\armv6m-ti-none-eabi/c/libsysbm.a
       hostexit.c.obj                 4       0         0      
    +--+------------------------------+-------+---------+---------+
       Total:                         4       0         0      
                                                               
    D:\AAADiansai\CCS\ccs\tools\compiler\ti-cgt-armllvm_5.1.1.LTS\lib\armv6m-ti-none-eabi/libclang_rt.builtins.a
       addsf3.S.obj                   216     0         0      
       comparesf2.S.obj               140     0         0      
       mulsf3.S.obj                   140     0         0      
       divsf3.S.obj                   130     0         0      
       aeabi_fcmp.S.obj               90      0         0      
       aeabi_uidivmod.S.obj           64      0         0      
       muldsi3.S.obj                  58      0         0      
       fixsfsi.S.obj                  56      0         0      
       floatunsisf.S.obj              40      0         0      
       aeabi_memset.S.obj             26      0         0      
       aeabi_memcpy.S.obj             8       0         0      
       aeabi_div0.c.obj               2       0         0      
    +--+------------------------------+-------+---------+---------+
       Total:                         970     0         0      
                                                               
       Stack:                         0       0         512    
       Linker Generated:              0       41        0      
    +--+------------------------------+-------+---------+---------+
       Grand Total:                   52408   2912      2438   


LINKER GENERATED COPY TABLES

__TI_cinit_table @ 0000d82c records: 2, size/record: 8, table size: 16
	.bss: load addr=0000d81c, load size=00000008 bytes, run addr=20200000, run size=00000785 bytes, compression=zero_init
	.data: load addr=0000d824, load size=00000005 bytes, run addr=20200785, run size=00000001 bytes, compression=lzss


LINKER GENERATED HANDLER TABLE

__TI_handler_table @ 0000d810 records: 3, size/record: 4, table size: 12
	index: 0, handler: __TI_decompress_lzss
	index: 1, handler: __TI_decompress_none
	index: 2, handler: __TI_zero_init


GLOBAL SYMBOLS: SORTED ALPHABETICALLY BY Name 

address   name                              
-------   ----                              
0000a18f  ADC0_IRQHandler                   
0000a18f  ADC1_IRQHandler                   
0000a18f  AES_IRQHandler                    
0000bea1  App_init                          
0000b1bd  App_service                       
0000cd41  BoardSafety_buzzerPolicy          
0000c3cd  BoardSafety_init                  
0000c8dd  BoardSafety_outputsSafe           
0000bd69  BoardSafety_service               
0000c181  BoardSafety_stop                  
0000cd7e  C$$EXIT                           
0000a18f  CANFD0_IRQHandler                 
0000a18f  DAC0_IRQHandler                   
0000cd2d  DL_Common_delayCycles             
0000bf01  DL_I2C_fillControllerTXFIFO       
0000c911  DL_I2C_flushControllerRXFIFO      
0000c77d  DL_I2C_flushControllerTXFIFO      
0000ca75  DL_I2C_setClockConfig             
0000c1d5  DL_SPI_drainRXFIFO8               
0000c675  DL_SPI_init                       
0000cb1d  DL_SPI_receiveDataCheck8          
0000cc89  DL_SPI_setClockConfig             
0000cb39  DL_SPI_transmitDataCheck8         
0000ccc1  DL_Timer_getCaptureCompareValue   
0000afcd  DL_Timer_initFourCCPWMMode        
0000cb55  DL_Timer_setCaptCompUpdateMethod  
0000c9fd  DL_Timer_setCaptureCompareCtl     
0000cbc5  DL_Timer_setCaptureCompareInput   
0000cbfd  DL_Timer_setCaptureCompareOutCtl  
0000ccd1  DL_Timer_setCaptureCompareValue   
0000cb71  DL_Timer_setClockConfig           
0000c555  DL_UART_init                      
0000cc9b  DL_UART_setClockConfig            
0000c941  DL_UART_transmitDataBlocking      
0000a18f  DMA_IRQHandler                    
0000a18f  Default_Handler                   
0000c59d  DiagConsole_init                  
0000bf61  DiagConsole_onUartInterrupt       
0000a191  DiagConsole_reportBoot            
000025c5  DiagConsole_service               
0000b839  Encoders_init                     
0000ba6d  Encoders_onLeftCaptureInterrupt   
0000bfbd  Encoders_snapshot                 
0000a18f  GROUP0_IRQHandler                 
0000a18f  GROUP1_IRQHandler                 
0000cd7f  HOSTexit                          
0000a18f  HardFault_Handler                 
0000a18f  I2C0_IRQHandler                   
0000a18f  I2C1_IRQHandler                   
0000aa35  I2cDiag_scan                      
0000cb8d  LineSensors_init                  
0000b511  LineSensors_service               
0000cc15  LineSensors_snapshot              
0000cd49  LineTracking_getStatus            
0000c5e5  LineTracking_init                 
00009385  LineTracking_service              
0000c0d1  MotorDriver_init                  
0000c129  MotorDriver_outputsStopped        
0000c6fd  MotorDriver_stopAll               
0000ca9d  MotorTest_abort                   
0000cabd  MotorTest_init                    
0000afcb  MotorTest_onTimebaseTick          
0000b70f  MotorTest_service                 
0000a18f  NMI_Handler                       
0000c41d  Nrf24Ptx_arm                      
0000ab61  Nrf24Ptx_captureDiagnosticChar    
0000c7b9  Nrf24Ptx_disarm                   
0000c229  Nrf24Ptx_getStatus                
0000baf1  Nrf24Ptx_init                     
0000c27d  Nrf24Ptx_readCoreRegisters        
0000c9d1  Nrf24Ptx_safeWhenDisarmed         
00007f49  Nrf24Ptx_service                  
0000b711  OledSsd1306_clear                 
00009915  OledSsd1306_forceAllPixelsOn      
00009669  OledSsd1306_forceAllPixelsOnSh1106
0000797d  OledSsd1306_showReq002Status      
0000883d  OledSsd1306_showTestPattern       
0000a18f  PendSV_Handler                    
0000cba9  Pid_init                          
0000cce1  Pid_reset                         
00009fed  Pid_step                          
0000a18f  RTC_IRQHandler                    
0000c6b9  Req002_abort                      
0000cc2d  Req002_blockReasonName            
0000cd51  Req002_getStatus                  
0000c46d  Req002_init                       
0000a4b1  Req002_service                    
0000cc45  Req002_stateName                  
0000cd83  Reset_Handler                     
0000a18f  SPI0_IRQHandler                   
0000a18f  SPI1_IRQHandler                   
0000a18f  SVC_Handler                       
0000b8c9  SYSCFG_DL_DIAG_UART_init          
0000b2a5  SYSCFG_DL_GPIO_init               
0000b5c5  SYSCFG_DL_LEFT_CAPTURE_init       
0000c2d1  SYSCFG_DL_LINE_I2C_init           
0000b7a5  SYSCFG_DL_MOTOR_PWM_init          
0000c325  SYSCFG_DL_OLED_I2C_init           
0000c4bd  SYSCFG_DL_RADIO_SPI_init          
0000c019  SYSCFG_DL_RIGHT_QEI_init          
0000c971  SYSCFG_DL_SYSCTL_init             
0000c379  SYSCFG_DL_init                    
0000bbf9  SYSCFG_DL_initPower               
0000cadd  StartButton_init                  
0000c509  StartButton_poll                  
0000cc75  StartButton_readHardwarePressed   
0000cd37  StartButton_takePress             
0000ccf1  SysTick_Handler                   
0000a18f  TIMA0_IRQHandler                  
0000cd59  TIMA1_IRQHandler                  
0000a18f  TIMG0_IRQHandler                  
0000a18f  TIMG12_IRQHandler                 
0000a18f  TIMG6_IRQHandler                  
0000a18f  TIMG7_IRQHandler                  
0000a18f  TIMG8_IRQHandler                  
0000c9a1  Timebase_init                     
0000cd21  Timebase_nowMs                    
0000cd01  Timebase_onSysTick                
0000cd61  Timebase_reached                  
0000cd69  UART0_IRQHandler                  
0000a18f  UART1_IRQHandler                  
0000a18f  UART2_IRQHandler                  
0000a18f  UART3_IRQHandler                  
20208000  __STACK_END                       
00000200  __STACK_SIZE                      
00000000  __TI_ATRegion0_region_sz          
00000000  __TI_ATRegion0_src_addr           
00000000  __TI_ATRegion0_trg_addr           
00000000  __TI_ATRegion1_region_sz          
00000000  __TI_ATRegion1_src_addr           
00000000  __TI_ATRegion1_trg_addr           
00000000  __TI_ATRegion2_region_sz          
00000000  __TI_ATRegion2_src_addr           
00000000  __TI_ATRegion2_trg_addr           
0000d82c  __TI_CINIT_Base                   
0000d83c  __TI_CINIT_Limit                  
0000d83c  __TI_CINIT_Warm                   
0000d810  __TI_Handler_Table_Base           
0000d81c  __TI_Handler_Table_Limit          
0000c7f5  __TI_auto_init_nobinit_nopinit    
0000bc75  __TI_decompress_lzss              
0000ccad  __TI_decompress_none              
ffffffff  __TI_pprof_out_hndl               
ffffffff  __TI_prof_data_size               
ffffffff  __TI_prof_data_start              
00000000  __TI_static_base__                
0000cd11  __TI_zero_init                    
0000b38b  __addsf3                          
0000c8a5  __aeabi_f2iz                      
0000b38b  __aeabi_fadd                      
0000c075  __aeabi_fcmpeq                    
0000c0ab  __aeabi_fcmpge                    
0000c0bd  __aeabi_fcmpgt                    
0000c099  __aeabi_fcmple                    
0000c087  __aeabi_fcmplt                    
0000b9cb  __aeabi_fcmpun                    
0000bb75  __aeabi_fdiv                      
0000b9e1  __aeabi_fmul                      
0000b381  __aeabi_fsub                      
0000bbf7  __aeabi_idiv0                     
0000cbef  __aeabi_memclr                    
0000cbef  __aeabi_memclr4                   
0000cbef  __aeabi_memclr8                   
0000cd71  __aeabi_memcpy                    
0000cd71  __aeabi_memcpy4                   
0000cd71  __aeabi_memcpy8                   
0000cbe1  __aeabi_memset                    
0000cbe1  __aeabi_memset4                   
0000cbe1  __aeabi_memset8                   
0000ca4d  __aeabi_ui2f                      
0000c73d  __aeabi_uidiv                     
0000c73d  __aeabi_uidivmod                  
ffffffff  __binit__                         
0000b955  __cmpsf2                          
0000bb75  __divsf3                          
0000b955  __eqsf2                           
0000c8a5  __fixsfsi                         
0000ca4d  __floatunsisf                     
0000b98f  __gesf2                           
0000b98f  __gtsf2                           
0000b955  __lesf2                           
0000b955  __ltsf2                           
UNDEFED   __mpu_init                        
0000c831  __muldsi3                         
0000b9e1  __mulsf3                          
0000b955  __nesf2                           
20207e00  __stack                           
20200000  __start___llvm_prf_bits           
20200000  __start___llvm_prf_cnts           
20200000  __stop___llvm_prf_bits            
20200000  __stop___llvm_prf_cnts            
0000b381  __subsf3                          
0000b9cb  __unordsf2                        
0000ca25  _c_int00_noargs                   
UNDEFED   _system_post_cinit                
0000cd87  _system_pre_init                  
0000cd79  abort                             
ffffffff  binit                             
20200300  gLEFT_CAPTUREBackup               
202003bc  gMOTOR_PWMBackup                  
202006cc  gRADIO_SPIBackup                  
20200478  gRIGHT_QEIBackup                  
00000000  interruptVectors                  
0000cc5d  main                              
0000cafd  memcmp                            
0000b675  memcpy                            
0000be3d  memset                            


GLOBAL SYMBOLS: SORTED BY Symbol Address 

address   name                              
-------   ----                              
00000000  __TI_ATRegion0_region_sz          
00000000  __TI_ATRegion0_src_addr           
00000000  __TI_ATRegion0_trg_addr           
00000000  __TI_ATRegion1_region_sz          
00000000  __TI_ATRegion1_src_addr           
00000000  __TI_ATRegion1_trg_addr           
00000000  __TI_ATRegion2_region_sz          
00000000  __TI_ATRegion2_src_addr           
00000000  __TI_ATRegion2_trg_addr           
00000000  __TI_static_base__                
00000000  interruptVectors                  
00000200  __STACK_SIZE                      
000025c5  DiagConsole_service               
0000797d  OledSsd1306_showReq002Status      
00007f49  Nrf24Ptx_service                  
0000883d  OledSsd1306_showTestPattern       
00009385  LineTracking_service              
00009669  OledSsd1306_forceAllPixelsOnSh1106
00009915  OledSsd1306_forceAllPixelsOn      
00009fed  Pid_step                          
0000a18f  ADC0_IRQHandler                   
0000a18f  ADC1_IRQHandler                   
0000a18f  AES_IRQHandler                    
0000a18f  CANFD0_IRQHandler                 
0000a18f  DAC0_IRQHandler                   
0000a18f  DMA_IRQHandler                    
0000a18f  Default_Handler                   
0000a18f  GROUP0_IRQHandler                 
0000a18f  GROUP1_IRQHandler                 
0000a18f  HardFault_Handler                 
0000a18f  I2C0_IRQHandler                   
0000a18f  I2C1_IRQHandler                   
0000a18f  NMI_Handler                       
0000a18f  PendSV_Handler                    
0000a18f  RTC_IRQHandler                    
0000a18f  SPI0_IRQHandler                   
0000a18f  SPI1_IRQHandler                   
0000a18f  SVC_Handler                       
0000a18f  TIMA0_IRQHandler                  
0000a18f  TIMG0_IRQHandler                  
0000a18f  TIMG12_IRQHandler                 
0000a18f  TIMG6_IRQHandler                  
0000a18f  TIMG7_IRQHandler                  
0000a18f  TIMG8_IRQHandler                  
0000a18f  UART1_IRQHandler                  
0000a18f  UART2_IRQHandler                  
0000a18f  UART3_IRQHandler                  
0000a191  DiagConsole_reportBoot            
0000a4b1  Req002_service                    
0000aa35  I2cDiag_scan                      
0000ab61  Nrf24Ptx_captureDiagnosticChar    
0000afcb  MotorTest_onTimebaseTick          
0000afcd  DL_Timer_initFourCCPWMMode        
0000b1bd  App_service                       
0000b2a5  SYSCFG_DL_GPIO_init               
0000b381  __aeabi_fsub                      
0000b381  __subsf3                          
0000b38b  __addsf3                          
0000b38b  __aeabi_fadd                      
0000b511  LineSensors_service               
0000b5c5  SYSCFG_DL_LEFT_CAPTURE_init       
0000b675  memcpy                            
0000b70f  MotorTest_service                 
0000b711  OledSsd1306_clear                 
0000b7a5  SYSCFG_DL_MOTOR_PWM_init          
0000b839  Encoders_init                     
0000b8c9  SYSCFG_DL_DIAG_UART_init          
0000b955  __cmpsf2                          
0000b955  __eqsf2                           
0000b955  __lesf2                           
0000b955  __ltsf2                           
0000b955  __nesf2                           
0000b98f  __gesf2                           
0000b98f  __gtsf2                           
0000b9cb  __aeabi_fcmpun                    
0000b9cb  __unordsf2                        
0000b9e1  __aeabi_fmul                      
0000b9e1  __mulsf3                          
0000ba6d  Encoders_onLeftCaptureInterrupt   
0000baf1  Nrf24Ptx_init                     
0000bb75  __aeabi_fdiv                      
0000bb75  __divsf3                          
0000bbf7  __aeabi_idiv0                     
0000bbf9  SYSCFG_DL_initPower               
0000bc75  __TI_decompress_lzss              
0000bd69  BoardSafety_service               
0000be3d  memset                            
0000bea1  App_init                          
0000bf01  DL_I2C_fillControllerTXFIFO       
0000bf61  DiagConsole_onUartInterrupt       
0000bfbd  Encoders_snapshot                 
0000c019  SYSCFG_DL_RIGHT_QEI_init          
0000c075  __aeabi_fcmpeq                    
0000c087  __aeabi_fcmplt                    
0000c099  __aeabi_fcmple                    
0000c0ab  __aeabi_fcmpge                    
0000c0bd  __aeabi_fcmpgt                    
0000c0d1  MotorDriver_init                  
0000c129  MotorDriver_outputsStopped        
0000c181  BoardSafety_stop                  
0000c1d5  DL_SPI_drainRXFIFO8               
0000c229  Nrf24Ptx_getStatus                
0000c27d  Nrf24Ptx_readCoreRegisters        
0000c2d1  SYSCFG_DL_LINE_I2C_init           
0000c325  SYSCFG_DL_OLED_I2C_init           
0000c379  SYSCFG_DL_init                    
0000c3cd  BoardSafety_init                  
0000c41d  Nrf24Ptx_arm                      
0000c46d  Req002_init                       
0000c4bd  SYSCFG_DL_RADIO_SPI_init          
0000c509  StartButton_poll                  
0000c555  DL_UART_init                      
0000c59d  DiagConsole_init                  
0000c5e5  LineTracking_init                 
0000c675  DL_SPI_init                       
0000c6b9  Req002_abort                      
0000c6fd  MotorDriver_stopAll               
0000c73d  __aeabi_uidiv                     
0000c73d  __aeabi_uidivmod                  
0000c77d  DL_I2C_flushControllerTXFIFO      
0000c7b9  Nrf24Ptx_disarm                   
0000c7f5  __TI_auto_init_nobinit_nopinit    
0000c831  __muldsi3                         
0000c8a5  __aeabi_f2iz                      
0000c8a5  __fixsfsi                         
0000c8dd  BoardSafety_outputsSafe           
0000c911  DL_I2C_flushControllerRXFIFO      
0000c941  DL_UART_transmitDataBlocking      
0000c971  SYSCFG_DL_SYSCTL_init             
0000c9a1  Timebase_init                     
0000c9d1  Nrf24Ptx_safeWhenDisarmed         
0000c9fd  DL_Timer_setCaptureCompareCtl     
0000ca25  _c_int00_noargs                   
0000ca4d  __aeabi_ui2f                      
0000ca4d  __floatunsisf                     
0000ca75  DL_I2C_setClockConfig             
0000ca9d  MotorTest_abort                   
0000cabd  MotorTest_init                    
0000cadd  StartButton_init                  
0000cafd  memcmp                            
0000cb1d  DL_SPI_receiveDataCheck8          
0000cb39  DL_SPI_transmitDataCheck8         
0000cb55  DL_Timer_setCaptCompUpdateMethod  
0000cb71  DL_Timer_setClockConfig           
0000cb8d  LineSensors_init                  
0000cba9  Pid_init                          
0000cbc5  DL_Timer_setCaptureCompareInput   
0000cbe1  __aeabi_memset                    
0000cbe1  __aeabi_memset4                   
0000cbe1  __aeabi_memset8                   
0000cbef  __aeabi_memclr                    
0000cbef  __aeabi_memclr4                   
0000cbef  __aeabi_memclr8                   
0000cbfd  DL_Timer_setCaptureCompareOutCtl  
0000cc15  LineSensors_snapshot              
0000cc2d  Req002_blockReasonName            
0000cc45  Req002_stateName                  
0000cc5d  main                              
0000cc75  StartButton_readHardwarePressed   
0000cc89  DL_SPI_setClockConfig             
0000cc9b  DL_UART_setClockConfig            
0000ccad  __TI_decompress_none              
0000ccc1  DL_Timer_getCaptureCompareValue   
0000ccd1  DL_Timer_setCaptureCompareValue   
0000cce1  Pid_reset                         
0000ccf1  SysTick_Handler                   
0000cd01  Timebase_onSysTick                
0000cd11  __TI_zero_init                    
0000cd21  Timebase_nowMs                    
0000cd2d  DL_Common_delayCycles             
0000cd37  StartButton_takePress             
0000cd41  BoardSafety_buzzerPolicy          
0000cd49  LineTracking_getStatus            
0000cd51  Req002_getStatus                  
0000cd59  TIMA1_IRQHandler                  
0000cd61  Timebase_reached                  
0000cd69  UART0_IRQHandler                  
0000cd71  __aeabi_memcpy                    
0000cd71  __aeabi_memcpy4                   
0000cd71  __aeabi_memcpy8                   
0000cd79  abort                             
0000cd7e  C$$EXIT                           
0000cd7f  HOSTexit                          
0000cd83  Reset_Handler                     
0000cd87  _system_pre_init                  
0000d810  __TI_Handler_Table_Base           
0000d81c  __TI_Handler_Table_Limit          
0000d82c  __TI_CINIT_Base                   
0000d83c  __TI_CINIT_Limit                  
0000d83c  __TI_CINIT_Warm                   
20200000  __start___llvm_prf_bits           
20200000  __start___llvm_prf_cnts           
20200000  __stop___llvm_prf_bits            
20200000  __stop___llvm_prf_cnts            
20200300  gLEFT_CAPTUREBackup               
202003bc  gMOTOR_PWMBackup                  
20200478  gRIGHT_QEIBackup                  
202006cc  gRADIO_SPIBackup                  
20207e00  __stack                           
20208000  __STACK_END                       
ffffffff  __TI_pprof_out_hndl               
ffffffff  __TI_prof_data_size               
ffffffff  __TI_prof_data_start              
ffffffff  __binit__                         
ffffffff  binit                             
UNDEFED   __mpu_init                        
UNDEFED   _system_post_cinit                

[207 symbols]
