******************************************************************************
            TI ARM Clang Linker PC v5.1.1                      
******************************************************************************
>> Linked Thu Jul 30 19:51:45 2026

OUTPUT FILE NAME:   <test1.out>
ENTRY POINT SYMBOL: "_c_int00_noargs"  address: 0000583d


MEMORY CONFIGURATION

         name            origin    length      used     unused   attr    fill
----------------------  --------  ---------  --------  --------  ----  --------
  FLASH                 00000000   00020000  00005f70  0001a090  R  X
  SRAM                  20200000   00008000  00000478  00007b88  RW X
  BCR_CONFIG            41c00000   000000ff  00000000  000000ff  R   
  BSL_CONFIG            41c00100   00000080  00000000  00000080  R   


SEGMENT ALLOCATION MAP

run origin  load origin   length   init length attrs members
----------  ----------- ---------- ----------- ----- -------
00000000    00000000    00005f70   00005f70    r-x
  00000000    00000000    000000c0   000000c0    r-- .intvecs
  000000c0    000000c0    000058e0   000058e0    r-x .text
  000059a0    000059a0    000005a0   000005a0    r-- .rodata
  00005f40    00005f40    00000030   00000030    r-- .cinit
20200000    20200000    00000278   00000000    rw-
  20200000    20200000    00000277   00000000    rw- .bss
  20200277    20200277    00000001   00000000    rw- .data
20207e00    20207e00    00000200   00000000    rw-
  20207e00    20207e00    00000200   00000000    rw- .stack


SECTION ALLOCATION MAP

 output                                  attributes/
section   page    origin      length       input sections
--------  ----  ----------  ----------   ----------------
.intvecs   0    00000000    000000c0     
                  00000000    000000c0     startup_mspm0g350x_ticlang.o (.intvecs)

.text      0    000000c0    000058e0     
                  000000c0    000030d4     empty.o (.text.main)
                  00003194    00001034     empty.o (.text.reportRadioStatus)
                  000041c8    00000618     empty.o (.text.reportStatus)
                  000047e0    000003d0     empty.o (.text.reportLine)
                  00004bb0    00000288     empty.o (.text.uartWriteU32)
                  00004e38    00000148     empty.o (.text.radioReadRegister)
                  00004f80    000000d0     ti_msp_dl_config.o (.text.SYSCFG_DL_GPIO_init)
                  00005050    000000b0     ti_msp_dl_config.o (.text.SYSCFG_DL_LEFT_CAPTURE_init)
                  00005100    0000009a     libc.a : memcpy16.S.obj (.text:memcpy)
                  0000519a    00000002     startup_mspm0g350x_ticlang.o (.text.Default_Handler)
                  0000519c    0000008c     ti_msp_dl_config.o (.text.SYSCFG_DL_DIAG_UART_init)
                  00005228    00000084     empty.o (.text.TIMA1_IRQHandler)
                  000052ac    0000007c     libc.a : copy_decompress_lzss.c.obj (.text:decompress:lzss)
                  00005328    00000070     ti_msp_dl_config.o (.text.SYSCFG_DL_initPower)
                  00005398    0000005e     driverlib.a : dl_i2c.o (.text.DL_I2C_fillControllerTXFIFO)
                  000053f6    00000002     libclang_rt.builtins.a : aeabi_div0.c.obj (.text.__aeabi_idiv0)
                  000053f8    0000005c     ti_msp_dl_config.o (.text.SYSCFG_DL_RIGHT_QEI_init)
                  00005454    0000005c     empty.o (.text.UART0_IRQHandler)
                  000054b0    00000054     driverlib.a : dl_spi.o (.text.DL_SPI_drainRXFIFO8)
                  00005504    00000054     ti_msp_dl_config.o (.text.SYSCFG_DL_MPU_I2C_init)
                  00005558    00000054     ti_msp_dl_config.o (.text.SYSCFG_DL_OLED_I2C_init)
                  000055ac    0000004c     ti_msp_dl_config.o (.text.SYSCFG_DL_RADIO_SPI_init)
                  000055f8    00000048     driverlib.a : dl_uart.o (.text.DL_UART_init)
                  00005640    00000048     ti_msp_dl_config.o (.text.SYSCFG_DL_init)
                  00005688    00000044     driverlib.a : dl_spi.o (.text.DL_SPI_init)
                  000056cc    00000040     libclang_rt.builtins.a : aeabi_uidivmod.S.obj (.text)
                  0000570c    0000003c     driverlib.a : dl_i2c.o (.text.DL_I2C_flushControllerTXFIFO)
                  00005748    0000003c     libc.a : autoinit.c.obj (.text:__TI_auto_init_nobinit_nopinit)
                  00005784    00000030     driverlib.a : dl_i2c.o (.text.DL_I2C_flushControllerRXFIFO)
                  000057b4    00000030                 : dl_uart.o (.text.DL_UART_transmitDataBlocking)
                  000057e4    00000030     ti_msp_dl_config.o (.text.SYSCFG_DL_SYSCTL_init)
                  00005814    00000028     driverlib.a : dl_timer.o (.text.DL_Timer_setCaptureCompareCtl)
                  0000583c    00000028     libc.a : boot_cortex_m.c.obj (.text:_c_int00_noargs)
                  00005864    00000026     driverlib.a : dl_i2c.o (.text.DL_I2C_setClockConfig)
                  0000588a    00000020     libc.a : memcmp.c.obj (.text.memcmp)
                  000058aa    00000002     --HOLE-- [fill = 0]
                  000058ac    0000001c     driverlib.a : dl_spi.o (.text.DL_SPI_receiveDataCheck8)
                  000058c8    0000001c                 : dl_spi.o (.text.DL_SPI_transmitDataCheck8)
                  000058e4    0000001c                 : dl_timer.o (.text.DL_Timer_setClockConfig)
                  00005900    0000001a                 : dl_timer.o (.text.DL_Timer_setCaptureCompareInput)
                  0000591a    00000016     libc.a : copy_zero_init.c.obj (.text:decompress:ZI:__TI_zero_init_nomemset)
                  00005930    00000012     driverlib.a : dl_spi.o (.text.DL_SPI_setClockConfig)
                  00005942    00000012                 : dl_uart.o (.text.DL_UART_setClockConfig)
                  00005954    00000012     libc.a : copy_decompress_none.c.obj (.text:decompress:none)
                  00005966    00000002     --HOLE-- [fill = 0]
                  00005968    00000010     empty.o (.text.SysTick_Handler)
                  00005978    0000000a     driverlib.a : dl_common.o (.text.DL_Common_delayCycles)
                  00005982    00000002     --HOLE-- [fill = 0]
                  00005984    00000008     libclang_rt.builtins.a : aeabi_memcpy.S.obj (.text)
                  0000598c    00000006     libc.a : exit.c.obj (.text:abort)
                  00005992    00000004     libsysbm.a : hostexit.c.obj (.text.HOSTexit)
                  00005996    00000004     startup_mspm0g350x_ticlang.o (.text.Reset_Handler)
                  0000599a    00000004     libc.a : pre_init.c.obj (.text._system_pre_init)
                  0000599e    00000002     --HOLE-- [fill = 0]

.cinit     0    00005f40    00000030     
                  00005f40    0000000c     (__TI_handler_table)
                  00005f4c    00000008     (.cinit..bss.load) [load image, compression = zero_init]
                  00005f54    00000005     (.cinit..data.load) [load image, compression = lzss]
                  00005f59    00000003     --HOLE-- [fill = 0]
                  00005f5c    00000010     (__TI_cinit_table)
                  00005f6c    00000004     --HOLE-- [fill = 0]

.rodata    0    000059a0    000005a0     
                  000059a0    00000079     empty.o (.rodata.str1.9304625059846063805.1)
                  00005a19    00000062     empty.o (.rodata.str1.9517790425240694019.1)
                  00005a7b    0000003b     empty.o (.rodata.str1.17786695056113905174.1)
                  00005ab6    00000038     empty.o (.rodata.str1.17669528882079347314.1)
                  00005aee    00000036     empty.o (.rodata.str1.16839123753901408871.1)
                  00005b24    0000002f     empty.o (.rodata.str1.14931662825238665165.1)
                  00005b53    00000028     empty.o (.rodata.str1.17148641475501637896.1)
                  00005b7b    00000026     empty.o (.rodata.str1.18267063360953640005.1)
                  00005ba1    00000025     empty.o (.rodata.str1.14685083708502177989.1)
                  00005bc6    00000023     empty.o (.rodata.str1.16192402325983758976.1)
                  00005be9    0000001f     empty.o (.rodata.str1.2892978838402939976.1)
                  00005c08    0000001e     empty.o (.rodata.str1.7147280526036588317.1)
                  00005c26    0000001a     empty.o (.rodata.str1.10059295903439925133.1)
                  00005c40    00000018     empty.o (.rodata.str1.8559863785409492687.1)
                  00005c58    00000016     empty.o (.rodata.str1.11898133897667081452.1)
                  00005c6e    00000016     empty.o (.rodata.str1.2467217919153558631.1)
                  00005c84    00000014     empty.o (.rodata.str1.9273880872327455443.1)
                  00005c98    00000013     empty.o (.rodata.str1.3248470395234012952.1)
                  00005cab    00000011     empty.o (.rodata.str1.13177478454970921860.1)
                  00005cbc    00000010     empty.o (.rodata.cst16)
                  00005ccc    00000010     empty.o (.rodata.str1.1244225466151674491.1)
                  00005cdc    00000010     empty.o (.rodata.str1.16704889451495720520.1)
                  00005cec    00000010     empty.o (.rodata.str1.5792233746214848027.1)
                  00005cfc    0000000f     empty.o (.rodata.str1.12202765150295805230.1)
                  00005d0b    0000000f     empty.o (.rodata.str1.16870492610791449319.1)
                  00005d1a    0000000f     empty.o (.rodata.str1.8246038351886174000.1)
                  00005d29    0000000e     empty.o (.rodata.str1.10416541500538677707.1)
                  00005d37    0000000e     empty.o (.rodata.str1.15170238581331914936.1)
                  00005d45    0000000e     empty.o (.rodata.str1.1730803286939908101.1)
                  00005d53    0000000e     empty.o (.rodata.str1.7401042497206923953.1)
                  00005d61    0000000d     empty.o (.rodata.str1.12067090720680436770.1)
                  00005d6e    0000000d     empty.o (.rodata.str1.12305241226414632430.1)
                  00005d7b    0000000d     empty.o (.rodata.str1.12644424118344001522.1)
                  00005d88    0000000d     empty.o (.rodata.str1.14827682599886951907.1)
                  00005d95    0000000d     empty.o (.rodata.str1.1587754595168042356.1)
                  00005da2    0000000d     empty.o (.rodata.str1.17763237346163150421.1)
                  00005daf    0000000d     empty.o (.rodata.str1.18230774644621384456.1)
                  00005dbc    0000000d     empty.o (.rodata.str1.5555817129655366984.1)
                  00005dc9    0000000c     empty.o (.rodata.str1.2340806013034298120.1)
                  00005dd5    0000000b     empty.o (.rodata.str1.101204432782223354.1)
                  00005de0    0000000b     empty.o (.rodata.str1.11822412164550770238.1)
                  00005deb    0000000b     empty.o (.rodata.str1.12152362843975802927.1)
                  00005df6    0000000b     empty.o (.rodata.str1.13247436401465020295.1)
                  00005e01    0000000b     empty.o (.rodata.str1.14817357642613375509.1)
                  00005e0c    0000000b     empty.o (.rodata.str1.17886131730342418705.1)
                  00005e17    0000000b     empty.o (.rodata.str1.487671331081980564.1)
                  00005e22    0000000b     empty.o (.rodata.str1.61555989498057138.1)
                  00005e2d    0000000b     empty.o (.rodata.str1.9536676030432917228.1)
                  00005e38    0000000a     ti_msp_dl_config.o (.rodata.gDIAG_UARTConfig)
                  00005e42    0000000a     ti_msp_dl_config.o (.rodata.gRADIO_SPI_config)
                  00005e4c    0000000a     empty.o (.rodata.str1.11006992818822836455.1)
                  00005e56    0000000a     empty.o (.rodata.str1.11630185570270578052.1)
                  00005e60    0000000a     empty.o (.rodata.str1.11715496320028086549.1)
                  00005e6a    0000000a     empty.o (.rodata.str1.11869693434137641263.1)
                  00005e74    0000000a     empty.o (.rodata.str1.15486159998237592746.1)
                  00005e7e    0000000a     empty.o (.rodata.str1.6969777895189110550.1)
                  00005e88    0000000a     empty.o (.rodata.str1.7495650265820658336.1)
                  00005e92    00000009     empty.o (.rodata.str1.1204102649501173409.1)
                  00005e9b    00000009     empty.o (.rodata.str1.13261240389824687667.1)
                  00005ea4    00000009     empty.o (.rodata.str1.16709903642768270689.1)
                  00005ead    00000009     empty.o (.rodata.str1.18040426568881102326.1)
                  00005eb6    00000009     empty.o (.rodata.str1.5100843677217179155.1)
                  00005ebf    00000009     empty.o (.rodata.str1.7079713434352825882.1)
                  00005ec8    00000009     empty.o (.rodata.str1.7386103758396746866.1)
                  00005ed1    00000009     empty.o (.rodata.str1.9273257273993397785.1)
                  00005eda    00000008     empty.o (.rodata.str1.15930989295766594416.1)
                  00005ee2    00000008     empty.o (.rodata.str1.4000995719088696555.1)
                  00005eea    00000008     empty.o (.rodata.str1.9439672824749741859.1)
                  00005ef2    00000007     empty.o (.rodata.str1.17676052816137622666.1)
                  00005ef9    00000006     empty.o (.rodata.str1.217653763239674886.1)
                  00005eff    00000005     empty.o (.rodata.str1.11166133652247964704.1)
                  00005f04    00000005     empty.o (.rodata.str1.11907275790119612123.1)
                  00005f09    00000005     empty.o (.rodata.str1.1253969330244694382.1)
                  00005f0e    00000005     empty.o (.rodata.str1.14873186988251546639.1)
                  00005f13    00000005     empty.o (.rodata.str1.16001313287400794920.1)
                  00005f18    00000005     empty.o (.rodata.str1.1644458454814909739.1)
                  00005f1d    00000005     empty.o (.rodata.str1.17102900359786703537.1)
                  00005f22    00000005     empty.o (.rodata.str1.7048729596307760267.1)
                  00005f27    00000004     empty.o (.rodata.str1.17064901357395550654.1)
                  00005f2b    00000003     ti_msp_dl_config.o (.rodata.gLEFT_CAPTUREClockConfig)
                  00005f2e    00000003     ti_msp_dl_config.o (.rodata.gRIGHT_QEIClockConfig)
                  00005f31    00000003     empty.o (.rodata.str1.14262319235943454376.1)
                  00005f34    00000002     ti_msp_dl_config.o (.rodata.gDIAG_UARTClockConfig)
                  00005f36    00000002     ti_msp_dl_config.o (.rodata.gMPU_I2CClockConfig)
                  00005f38    00000002     ti_msp_dl_config.o (.rodata.gOLED_I2CClockConfig)
                  00005f3a    00000002     ti_msp_dl_config.o (.rodata.gRADIO_SPI_clockConfig)
                  00005f3c    00000004     --HOLE-- [fill = 0]

.init_array 
*          0    00000000    00000000     UNINITIALIZED

.binit     0    00000000    00000000     

.bss       0    20200000    00000277     UNINITIALIZED
                  20200000    000000bc     (.common:gLEFT_CAPTUREBackup)
                  202000bc    000000a0     (.common:gRIGHT_QEIBackup)
                  2020015c    00000080     empty.o (.bss.gRxBuffer)
                  202001dc    00000050     empty.o (.bss.gCommand)
                  2020022c    00000028     (.common:gRADIO_SPIBackup)
                  20200254    00000004     empty.o (.bss.gLeftEncoderCount)
                  20200258    00000004     empty.o (.bss.gLeftInvalidTransitions)
                  2020025c    00000004     empty.o (.bss.gMilliseconds)
                  20200260    00000004     empty.o (.bss.gRadioStats.0)
                  20200264    00000004     empty.o (.bss.gRadioStats.5)
                  20200268    00000004     empty.o (.bss.gRxOverflow)
                  2020026c    00000002     empty.o (.bss.gDiagLineLength)
                  2020026e    00000002     empty.o (.bss.gRxHead)
                  20200270    00000002     empty.o (.bss.gRxTail)
                  20200272    00000001     empty.o (.bss.gCaptureEnabled)
                  20200273    00000001     empty.o (.bss.gCommandLength)
                  20200274    00000001     empty.o (.bss.gDiagLineOverflow)
                  20200275    00000001     empty.o (.bss.gDiscardLine)
                  20200276    00000001     empty.o (.bss.gLeftState)

.data      0    20200277    00000001     UNINITIALIZED
                  20200277    00000001     empty.o (.data.gRadioState)

.stack     0    20207e00    00000200     UNINITIALIZED
                  20207e00    00000004     libc.a : boot_cortex_m.c.obj (.stack)
                  20207e04    000001fc     --HOLE--

__llvm_prf_cnts 
*          0    20200000    00000000     UNINITIALIZED

__llvm_prf_bits 
*          0    20200000    00000000     UNINITIALIZED

MODULE SUMMARY

       Module                         code    ro data   rw data
       ------                         ----    -------   -------
    .\
       empty.o                        20400   1402      244    
       ti_msp_dl_config.o             1092    34        388    
       startup_mspm0g350x_ticlang.o   6       192       0      
    +--+------------------------------+-------+---------+---------+
       Total:                         21498   1628      632    
                                                               
    D:/AAADiansai/CCS/mspm0_sdk_2_11_00_07/source/ti/driverlib/lib/ticlang/m0p/mspm0g1x0x_g3x0x/driverlib.a
       dl_i2c.o                       240     0         0      
       dl_spi.o                       226     0         0      
       dl_uart.o                      138     0         0      
       dl_timer.o                     94      0         0      
       dl_common.o                    10      0         0      
    +--+------------------------------+-------+---------+---------+
       Total:                         708     0         0      
                                                               
    D:\AAADiansai\CCS\ccs\tools\compiler\ti-cgt-armllvm_5.1.1.LTS\lib\armv6m-ti-none-eabi/c/libc.a
       memcpy16.S.obj                 154     0         0      
       copy_decompress_lzss.c.obj     124     0         0      
       autoinit.c.obj                 60      0         0      
       boot_cortex_m.c.obj            40      0         0      
       memcmp.c.obj                   32      0         0      
       copy_zero_init.c.obj           22      0         0      
       copy_decompress_none.c.obj     18      0         0      
       exit.c.obj                     6       0         0      
       pre_init.c.obj                 4       0         0      
    +--+------------------------------+-------+---------+---------+
       Total:                         460     0         0      
                                                               
    D:\AAADiansai\CCS\ccs\tools\compiler\ti-cgt-armllvm_5.1.1.LTS\lib\armv6m-ti-none-eabi/c/libsysbm.a
       hostexit.c.obj                 4       0         0      
    +--+------------------------------+-------+---------+---------+
       Total:                         4       0         0      
                                                               
    D:\AAADiansai\CCS\ccs\tools\compiler\ti-cgt-armllvm_5.1.1.LTS\lib\armv6m-ti-none-eabi/libclang_rt.builtins.a
       aeabi_uidivmod.S.obj           64      0         0      
       aeabi_memcpy.S.obj             8       0         0      
       aeabi_div0.c.obj               2       0         0      
    +--+------------------------------+-------+---------+---------+
       Total:                         74      0         0      
                                                               
       Stack:                         0       0         512    
       Linker Generated:              0       41        0      
    +--+------------------------------+-------+---------+---------+
       Grand Total:                   22744   1669      1144   


LINKER GENERATED COPY TABLES

__TI_cinit_table @ 00005f5c records: 2, size/record: 8, table size: 16
	.bss: load addr=00005f4c, load size=00000008 bytes, run addr=20200000, run size=00000277 bytes, compression=zero_init
	.data: load addr=00005f54, load size=00000005 bytes, run addr=20200277, run size=00000001 bytes, compression=lzss


LINKER GENERATED HANDLER TABLE

__TI_handler_table @ 00005f40 records: 3, size/record: 4, table size: 12
	index: 0, handler: __TI_decompress_lzss
	index: 1, handler: __TI_decompress_none
	index: 2, handler: __TI_zero_init


GLOBAL SYMBOLS: SORTED ALPHABETICALLY BY Name 

address   name                           
-------   ----                           
0000519b  ADC0_IRQHandler                
0000519b  ADC1_IRQHandler                
0000519b  AES_IRQHandler                 
00005992  C$$EXIT                        
0000519b  CANFD0_IRQHandler              
0000519b  DAC0_IRQHandler                
00005979  DL_Common_delayCycles          
00005399  DL_I2C_fillControllerTXFIFO    
00005785  DL_I2C_flushControllerRXFIFO   
0000570d  DL_I2C_flushControllerTXFIFO   
00005865  DL_I2C_setClockConfig          
000054b1  DL_SPI_drainRXFIFO8            
00005689  DL_SPI_init                    
000058ad  DL_SPI_receiveDataCheck8       
00005931  DL_SPI_setClockConfig          
000058c9  DL_SPI_transmitDataCheck8      
00005815  DL_Timer_setCaptureCompareCtl  
00005901  DL_Timer_setCaptureCompareInput
000058e5  DL_Timer_setClockConfig        
000055f9  DL_UART_init                   
00005943  DL_UART_setClockConfig         
000057b5  DL_UART_transmitDataBlocking   
0000519b  DMA_IRQHandler                 
0000519b  Default_Handler                
0000519b  GROUP0_IRQHandler              
0000519b  GROUP1_IRQHandler              
00005993  HOSTexit                       
0000519b  HardFault_Handler              
0000519b  I2C0_IRQHandler                
0000519b  I2C1_IRQHandler                
0000519b  NMI_Handler                    
0000519b  PendSV_Handler                 
0000519b  RTC_IRQHandler                 
00005997  Reset_Handler                  
0000519b  SPI0_IRQHandler                
0000519b  SPI1_IRQHandler                
0000519b  SVC_Handler                    
0000519d  SYSCFG_DL_DIAG_UART_init       
00004f81  SYSCFG_DL_GPIO_init            
00005051  SYSCFG_DL_LEFT_CAPTURE_init    
00005505  SYSCFG_DL_MPU_I2C_init         
00005559  SYSCFG_DL_OLED_I2C_init        
000055ad  SYSCFG_DL_RADIO_SPI_init       
000053f9  SYSCFG_DL_RIGHT_QEI_init       
000057e5  SYSCFG_DL_SYSCTL_init          
00005641  SYSCFG_DL_init                 
00005329  SYSCFG_DL_initPower            
00005969  SysTick_Handler                
0000519b  TIMA0_IRQHandler               
00005229  TIMA1_IRQHandler               
0000519b  TIMG0_IRQHandler               
0000519b  TIMG12_IRQHandler              
0000519b  TIMG6_IRQHandler               
0000519b  TIMG7_IRQHandler               
0000519b  TIMG8_IRQHandler               
00005455  UART0_IRQHandler               
0000519b  UART1_IRQHandler               
0000519b  UART2_IRQHandler               
0000519b  UART3_IRQHandler               
20208000  __STACK_END                    
00000200  __STACK_SIZE                   
00000000  __TI_ATRegion0_region_sz       
00000000  __TI_ATRegion0_src_addr        
00000000  __TI_ATRegion0_trg_addr        
00000000  __TI_ATRegion1_region_sz       
00000000  __TI_ATRegion1_src_addr        
00000000  __TI_ATRegion1_trg_addr        
00000000  __TI_ATRegion2_region_sz       
00000000  __TI_ATRegion2_src_addr        
00000000  __TI_ATRegion2_trg_addr        
00005f5c  __TI_CINIT_Base                
00005f6c  __TI_CINIT_Limit               
00005f6c  __TI_CINIT_Warm                
00005f40  __TI_Handler_Table_Base        
00005f4c  __TI_Handler_Table_Limit       
00005749  __TI_auto_init_nobinit_nopinit 
000052ad  __TI_decompress_lzss           
00005955  __TI_decompress_none           
ffffffff  __TI_pprof_out_hndl            
ffffffff  __TI_prof_data_size            
ffffffff  __TI_prof_data_start           
00000000  __TI_static_base__             
0000591b  __TI_zero_init_nomemset        
000053f7  __aeabi_idiv0                  
00005985  __aeabi_memcpy                 
00005985  __aeabi_memcpy4                
00005985  __aeabi_memcpy8                
000056cd  __aeabi_uidiv                  
000056cd  __aeabi_uidivmod               
ffffffff  __binit__                      
UNDEFED   __mpu_init                     
20207e00  __stack                        
20200000  __start___llvm_prf_bits        
20200000  __start___llvm_prf_cnts        
20200000  __stop___llvm_prf_bits         
20200000  __stop___llvm_prf_cnts         
0000583d  _c_int00_noargs                
UNDEFED   _system_post_cinit             
0000599b  _system_pre_init               
0000598d  abort                          
ffffffff  binit                          
20200000  gLEFT_CAPTUREBackup            
2020022c  gRADIO_SPIBackup               
202000bc  gRIGHT_QEIBackup               
00000000  interruptVectors               
000000c1  main                           
0000588b  memcmp                         
00005101  memcpy                         


GLOBAL SYMBOLS: SORTED BY Symbol Address 

address   name                           
-------   ----                           
00000000  __TI_ATRegion0_region_sz       
00000000  __TI_ATRegion0_src_addr        
00000000  __TI_ATRegion0_trg_addr        
00000000  __TI_ATRegion1_region_sz       
00000000  __TI_ATRegion1_src_addr        
00000000  __TI_ATRegion1_trg_addr        
00000000  __TI_ATRegion2_region_sz       
00000000  __TI_ATRegion2_src_addr        
00000000  __TI_ATRegion2_trg_addr        
00000000  __TI_static_base__             
00000000  interruptVectors               
000000c1  main                           
00000200  __STACK_SIZE                   
00004f81  SYSCFG_DL_GPIO_init            
00005051  SYSCFG_DL_LEFT_CAPTURE_init    
00005101  memcpy                         
0000519b  ADC0_IRQHandler                
0000519b  ADC1_IRQHandler                
0000519b  AES_IRQHandler                 
0000519b  CANFD0_IRQHandler              
0000519b  DAC0_IRQHandler                
0000519b  DMA_IRQHandler                 
0000519b  Default_Handler                
0000519b  GROUP0_IRQHandler              
0000519b  GROUP1_IRQHandler              
0000519b  HardFault_Handler              
0000519b  I2C0_IRQHandler                
0000519b  I2C1_IRQHandler                
0000519b  NMI_Handler                    
0000519b  PendSV_Handler                 
0000519b  RTC_IRQHandler                 
0000519b  SPI0_IRQHandler                
0000519b  SPI1_IRQHandler                
0000519b  SVC_Handler                    
0000519b  TIMA0_IRQHandler               
0000519b  TIMG0_IRQHandler               
0000519b  TIMG12_IRQHandler              
0000519b  TIMG6_IRQHandler               
0000519b  TIMG7_IRQHandler               
0000519b  TIMG8_IRQHandler               
0000519b  UART1_IRQHandler               
0000519b  UART2_IRQHandler               
0000519b  UART3_IRQHandler               
0000519d  SYSCFG_DL_DIAG_UART_init       
00005229  TIMA1_IRQHandler               
000052ad  __TI_decompress_lzss           
00005329  SYSCFG_DL_initPower            
00005399  DL_I2C_fillControllerTXFIFO    
000053f7  __aeabi_idiv0                  
000053f9  SYSCFG_DL_RIGHT_QEI_init       
00005455  UART0_IRQHandler               
000054b1  DL_SPI_drainRXFIFO8            
00005505  SYSCFG_DL_MPU_I2C_init         
00005559  SYSCFG_DL_OLED_I2C_init        
000055ad  SYSCFG_DL_RADIO_SPI_init       
000055f9  DL_UART_init                   
00005641  SYSCFG_DL_init                 
00005689  DL_SPI_init                    
000056cd  __aeabi_uidiv                  
000056cd  __aeabi_uidivmod               
0000570d  DL_I2C_flushControllerTXFIFO   
00005749  __TI_auto_init_nobinit_nopinit 
00005785  DL_I2C_flushControllerRXFIFO   
000057b5  DL_UART_transmitDataBlocking   
000057e5  SYSCFG_DL_SYSCTL_init          
00005815  DL_Timer_setCaptureCompareCtl  
0000583d  _c_int00_noargs                
00005865  DL_I2C_setClockConfig          
0000588b  memcmp                         
000058ad  DL_SPI_receiveDataCheck8       
000058c9  DL_SPI_transmitDataCheck8      
000058e5  DL_Timer_setClockConfig        
00005901  DL_Timer_setCaptureCompareInput
0000591b  __TI_zero_init_nomemset        
00005931  DL_SPI_setClockConfig          
00005943  DL_UART_setClockConfig         
00005955  __TI_decompress_none           
00005969  SysTick_Handler                
00005979  DL_Common_delayCycles          
00005985  __aeabi_memcpy                 
00005985  __aeabi_memcpy4                
00005985  __aeabi_memcpy8                
0000598d  abort                          
00005992  C$$EXIT                        
00005993  HOSTexit                       
00005997  Reset_Handler                  
0000599b  _system_pre_init               
00005f40  __TI_Handler_Table_Base        
00005f4c  __TI_Handler_Table_Limit       
00005f5c  __TI_CINIT_Base                
00005f6c  __TI_CINIT_Limit               
00005f6c  __TI_CINIT_Warm                
20200000  __start___llvm_prf_bits        
20200000  __start___llvm_prf_cnts        
20200000  __stop___llvm_prf_bits         
20200000  __stop___llvm_prf_cnts         
20200000  gLEFT_CAPTUREBackup            
202000bc  gRIGHT_QEIBackup               
2020022c  gRADIO_SPIBackup               
20207e00  __stack                        
20208000  __STACK_END                    
ffffffff  __TI_pprof_out_hndl            
ffffffff  __TI_prof_data_size            
ffffffff  __TI_prof_data_start           
ffffffff  __binit__                      
ffffffff  binit                          
UNDEFED   __mpu_init                     
UNDEFED   _system_post_cinit             

[108 symbols]
