******************************************************************************
            TI ARM Clang Linker PC v5.1.1                      
******************************************************************************
>> Linked Fri Jul 31 18:48:59 2026

OUTPUT FILE NAME:   <test1.out>
ENTRY POINT SYMBOL: "_c_int00_noargs"  address: 0000ac51


MEMORY CONFIGURATION

         name            origin    length      used     unused   attr    fill
----------------------  --------  ---------  --------  --------  ----  --------
  FLASH                 00000000   00020000  0000b828  000147d8  R  X
  SRAM                  20200000   00008000  00000856  000077aa  RW X
  BCR_CONFIG            41c00000   000000ff  00000000  000000ff  R   
  BSL_CONFIG            41c00100   00000080  00000000  00000080  R   


SEGMENT ALLOCATION MAP

run origin  load origin   length   init length attrs members
----------  ----------- ---------- ----------- ----- -------
00000000    00000000    0000b828   0000b828    r-x
  00000000    00000000    000000c0   000000c0    r-- .intvecs
  000000c0    000000c0    0000ae78   0000ae78    r-x .text
  0000af38    0000af38    000008d8   000008d8    r-- .rodata
  0000b810    0000b810    00000018   00000018    r-- .cinit
20200000    20200000    00000656   00000000    rw-
  20200000    20200000    00000656   00000000    rw- .bss
20207e00    20207e00    00000200   00000000    rw-
  20207e00    20207e00    00000200   00000000    rw- .stack


SECTION ALLOCATION MAP

 output                                  attributes/
section   page    origin      length       input sections
--------  ----  ----------  ----------   ----------------
.intvecs   0    00000000    000000c0     
                  00000000    000000c0     startup_mspm0g350x_ticlang.o (.intvecs)

.text      0    000000c0    0000ae78     
                  000000c0    0000202c     diag_console.o (.text.DiagConsole_service)
                  000020ec    00001948     diag_console.o (.text.reportReq002)
                  00003a34    000016fc     diag_console.o (.text.reportRadioStatus)
                  00005130    000014d8     diag_console.o (.text.reportLine)
                  00006608    00000814     diag_console.o (.text.reportStatus)
                  00006e1c    0000049c     nrf24_ptx.o (.text.Nrf24Ptx_service)
                  000072b8    00000458     diag_console.o (.text.reportRadioRegisters)
                  00007710    00000400     diag_console.o (.text.reportI2c)
                  00007b10    00000328     oled_ssd1306.o (.text.OledSsd1306_showTestPattern)
                  00007e38    000002fc     diag_console.o (.text.runSelfTest)
                  00008134    000002e4     line_tracking.o (.text.LineTracking_service)
                  00008418    0000022c     line_sensors.o (.text.readRegisterBlock)
                  00008644    00000208     diag_console.o (.text.forceOledAllOn)
                  0000884c    000001a2     pid.o (.text.Pid_step)
                  000089ee    00000002     startup_mspm0g350x_ticlang.o (.text.Default_Handler)
                  000089f0    0000019c     diag_console.o (.text.DiagConsole_reportBoot)
                  00008b8c    00000184     nrf24_ptx.o (.text.transaction)
                  00008d10    0000016c     diag_console.o (.text.writeI32)
                  00008e7c    00000154     diag_console.o (.text.writeU32)
                  00008fd0    00000148     diag_console.o (.text.clearOled)
                  00009118    0000012c     i2c_diag.o (.text.I2cDiag_scan)
                  00009244    0000011c     nrf24_ptx.o (.text.Nrf24Ptx_captureDiagnosticChar)
                  00009360    0000011c     diag_console.o (.text.forceOledAllOnSh1106)
                  0000947c    0000011c     diag_console.o (.text.runOledTest)
                  00009598    000000fc     oled_ssd1306.o (.text.writePageData)
                  00009694    000000ec     nrf24_ptx.o (.text.command)
                  00009780    000000d8     libclang_rt.builtins.a : addsf3.S.obj (.text)
                  00009858    000000c4     ti_msp_dl_config.o (.text.SYSCFG_DL_GPIO_init)
                  0000991c    000000b4     line_sensors.o (.text.LineSensors_service)
                  000099d0    000000b0     ti_msp_dl_config.o (.text.SYSCFG_DL_LEFT_CAPTURE_init)
                  00009a80    0000009a     libc.a : memcpy16.S.obj (.text:memcpy)
                  00009b1a    00000002     libclang_rt.builtins.a : aeabi_div0.c.obj (.text.__aeabi_idiv0)
                  00009b1c    0000008c     ti_msp_dl_config.o (.text.SYSCFG_DL_DIAG_UART_init)
                  00009ba8    0000008c     libclang_rt.builtins.a : comparesf2.S.obj (.text)
                  00009c34    0000008c                            : mulsf3.S.obj (.text)
                  00009cc0    00000088     oled_ssd1306.o (.text.OledSsd1306_clear)
                  00009d48    00000088     oled_ssd1306.o (.text.writeCommand)
                  00009dd0    00000084     encoders.o (.text.Encoders_onLeftCaptureInterrupt)
                  00009e54    00000084     nrf24_ptx.o (.text.Nrf24Ptx_init)
                  00009ed8    00000082     libclang_rt.builtins.a : divsf3.S.obj (.text)
                  00009f5a    00000002     --HOLE-- [fill = 0]
                  00009f5c    00000078     diag_console.o (.text.writeText)
                  00009fd4    00000074     req002.o (.text.Req002_service)
                  0000a048    00000070     ti_msp_dl_config.o (.text.SYSCFG_DL_initPower)
                  0000a0b8    00000064     encoders.o (.text.Encoders_init)
                  0000a11c    00000064     nrf24_ptx.o (.text.writeRegistersAndVerify)
                  0000a180    00000062     libc.a : memset16.S.obj (.text:memset)
                  0000a1e2    0000005e     driverlib.a : dl_i2c.o (.text.DL_I2C_fillControllerTXFIFO)
                  0000a240    0000005c     diag_console.o (.text.DiagConsole_onUartInterrupt)
                  0000a29c    0000005c     encoders.o (.text.Encoders_snapshot)
                  0000a2f8    0000005c     ti_msp_dl_config.o (.text.SYSCFG_DL_RIGHT_QEI_init)
                  0000a354    0000005a     libclang_rt.builtins.a : aeabi_fcmp.S.obj (.text)
                  0000a3ae    00000002     --HOLE-- [fill = 0]
                  0000a3b0    00000054     driverlib.a : dl_spi.o (.text.DL_SPI_drainRXFIFO8)
                  0000a404    00000054     nrf24_ptx.o (.text.Nrf24Ptx_getStatus)
                  0000a458    00000054     nrf24_ptx.o (.text.Nrf24Ptx_readCoreRegisters)
                  0000a4ac    00000054     ti_msp_dl_config.o (.text.SYSCFG_DL_LINE_I2C_init)
                  0000a500    00000054     ti_msp_dl_config.o (.text.SYSCFG_DL_OLED_I2C_init)
                  0000a554    00000050     nrf24_ptx.o (.text.Nrf24Ptx_arm)
                  0000a5a4    00000050     oled_ssd1306.o (.text.OledSsd1306_forceAllPixelsOnSh1106)
                  0000a5f4    0000004c     app.o (.text.App_service)
                  0000a640    0000004c     ti_msp_dl_config.o (.text.SYSCFG_DL_RADIO_SPI_init)
                  0000a68c    0000004c     start_button.o (.text.StartButton_poll)
                  0000a6d8    00000048     board_safety.o (.text.BoardSafety_outputsLocked)
                  0000a720    00000048     driverlib.a : dl_uart.o (.text.DL_UART_init)
                  0000a768    00000048     diag_console.o (.text.DiagConsole_init)
                  0000a7b0    00000048     line_tracking.o (.text.LineTracking_init)
                  0000a7f8    00000048     ti_msp_dl_config.o (.text.SYSCFG_DL_init)
                  0000a840    00000048     nrf24_ptx.o (.text.writeAndVerify)
                  0000a888    00000044     driverlib.a : dl_spi.o (.text.DL_SPI_init)
                  0000a8cc    00000044     oled_ssd1306.o (.text.OledSsd1306_forceAllPixelsOn)
                  0000a910    00000040     app.o (.text.App_init)
                  0000a950    00000040     libclang_rt.builtins.a : aeabi_uidivmod.S.obj (.text)
                  0000a990    0000003c     driverlib.a : dl_i2c.o (.text.DL_I2C_flushControllerTXFIFO)
                  0000a9cc    0000003c     nrf24_ptx.o (.text.Nrf24Ptx_disarm)
                  0000aa08    0000003c     libc.a : autoinit.c.obj (.text:__TI_auto_init_nobinit_nopinit)
                  0000aa44    0000003a     libclang_rt.builtins.a : muldsi3.S.obj (.text)
                  0000aa7e    00000002     --HOLE-- [fill = 0]
                  0000aa80    00000038     diag_console.o (.text.newLine)
                  0000aab8    00000038     libclang_rt.builtins.a : fixsfsi.S.obj (.text)
                  0000aaf0    00000030     driverlib.a : dl_i2c.o (.text.DL_I2C_flushControllerRXFIFO)
                  0000ab20    00000030                 : dl_uart.o (.text.DL_UART_transmitDataBlocking)
                  0000ab50    00000030     ti_msp_dl_config.o (.text.SYSCFG_DL_SYSCTL_init)
                  0000ab80    00000030     timebase.o (.text.Timebase_init)
                  0000abb0    00000028     board_safety.o (.text.BoardSafety_init)
                  0000abd8    00000028     board_safety.o (.text.BoardSafety_service)
                  0000ac00    00000028     driverlib.a : dl_timer.o (.text.DL_Timer_setCaptureCompareCtl)
                  0000ac28    00000028     req002.o (.text.Req002_init)
                  0000ac50    00000028     libc.a : boot_cortex_m.c.obj (.text:_c_int00_noargs)
                  0000ac78    00000028     libclang_rt.builtins.a : floatunsisf.S.obj (.text)
                  0000aca0    00000026     driverlib.a : dl_i2c.o (.text.DL_I2C_setClockConfig)
                  0000acc6    00000002     --HOLE-- [fill = 0]
                  0000acc8    00000024     nrf24_ptx.o (.text.Nrf24Ptx_safeWhenDisarmed)
                  0000acec    00000020     start_button.o (.text.StartButton_init)
                  0000ad0c    00000020     libc.a : memcmp.c.obj (.text.memcmp)
                  0000ad2c    0000001c     driverlib.a : dl_spi.o (.text.DL_SPI_receiveDataCheck8)
                  0000ad48    0000001c                 : dl_spi.o (.text.DL_SPI_transmitDataCheck8)
                  0000ad64    0000001c                 : dl_timer.o (.text.DL_Timer_setClockConfig)
                  0000ad80    0000001c     line_sensors.o (.text.LineSensors_init)
                  0000ad9c    0000001c     pid.o (.text.Pid_init)
                  0000adb8    0000001a     driverlib.a : dl_timer.o (.text.DL_Timer_setCaptureCompareInput)
                  0000add2    00000002     --HOLE-- [fill = 0]
                  0000add4    0000001a     libclang_rt.builtins.a : aeabi_memset.S.obj (.text)
                  0000adee    00000002     --HOLE-- [fill = 0]
                  0000adf0    00000018     line_sensors.o (.text.LineSensors_snapshot)
                  0000ae08    00000018     req002.o (.text.Req002_blockReasonName)
                  0000ae20    00000018     req002.o (.text.Req002_stateName)
                  0000ae38    00000016     empty.o (.text.main)
                  0000ae4e    00000002     --HOLE-- [fill = 0]
                  0000ae50    00000014     start_button.o (.text.StartButton_readHardwarePressed)
                  0000ae64    00000012     driverlib.a : dl_spi.o (.text.DL_SPI_setClockConfig)
                  0000ae76    00000012                 : dl_uart.o (.text.DL_UART_setClockConfig)
                  0000ae88    00000010     pid.o (.text.Pid_reset)
                  0000ae98    00000010     timebase.o (.text.Timebase_onSysTick)
                  0000aea8    00000010     libc.a : copy_zero_init.c.obj (.text:decompress:ZI)
                  0000aeb8    0000000c     line_sensors.o (.text.LineSensors_readRawBits)
                  0000aec4    0000000c     timebase.o (.text.Timebase_nowMs)
                  0000aed0    0000000a     driverlib.a : dl_common.o (.text.DL_Common_delayCycles)
                  0000aeda    0000000a     start_button.o (.text.StartButton_takePress)
                  0000aee4    00000008     board_safety.o (.text.BoardSafety_buzzerPolicy)
                  0000aeec    00000008     line_tracking.o (.text.LineTracking_getStatus)
                  0000aef4    00000008     req002.o (.text.Req002_getStatus)
                  0000aefc    00000008     empty.o (.text.SysTick_Handler)
                  0000af04    00000008     empty.o (.text.TIMA1_IRQHandler)
                  0000af0c    00000008     timebase.o (.text.Timebase_reached)
                  0000af14    00000008     empty.o (.text.UART0_IRQHandler)
                  0000af1c    00000008     libclang_rt.builtins.a : aeabi_memcpy.S.obj (.text)
                  0000af24    00000006     libc.a : exit.c.obj (.text:abort)
                  0000af2a    00000004     libsysbm.a : hostexit.c.obj (.text.HOSTexit)
                  0000af2e    00000004     startup_mspm0g350x_ticlang.o (.text.Reset_Handler)
                  0000af32    00000004     libc.a : pre_init.c.obj (.text._system_pre_init)
                  0000af36    00000002     --HOLE-- [fill = 0]

.cinit     0    0000b810    00000018     
                  0000b810    00000008     (.cinit..bss.load) [load image, compression = zero_init]
                  0000b818    00000004     (__TI_handler_table)
                  0000b81c    00000008     (__TI_cinit_table)
                  0000b824    00000004     --HOLE-- [fill = 0]

.rodata    0    0000af38    000008d8     
                  0000af38    000000c7     diag_console.o (.rodata.str1.8382040091638840980.1)
                  0000afff    00000063     diag_console.o (.rodata.str1.7732308573000650393.1)
                  0000b062    00000048     diag_console.o (.rodata.str1.6718555251542537173.1)
                  0000b0aa    00000044     diag_console.o (.rodata.str1.2181998341318385279.1)
                  0000b0ee    0000003b     diag_console.o (.rodata.str1.15625074855538008002.1)
                  0000b129    00000038     diag_console.o (.rodata.str1.3120395613318375967.1)
                  0000b161    00000036     diag_console.o (.rodata.str1.16786332400914981058.1)
                  0000b197    00000036     diag_console.o (.rodata.str1.5171941431370459453.1)
                  0000b1cd    00000035     diag_console.o (.rodata.str1.5303670245239573129.1)
                  0000b202    00000034     diag_console.o (.rodata.str1.8805550004262250290.1)
                  0000b236    00000032     board_safety.o (.rodata.str1.1461871966798876460.1)
                  0000b268    00000031     diag_console.o (.rodata.str1.15080533156477518860.1)
                  0000b299    0000002f     diag_console.o (.rodata.str1.42216778291788941.1)
                  0000b2c8    0000002b     diag_console.o (.rodata.str1.7357183369378266487.1)
                  0000b2f3    00000028     diag_console.o (.rodata.str1.12412589323345156402.1)
                  0000b31b    00000026     diag_console.o (.rodata.str1.5327081883680934297.1)
                  0000b341    00000026     diag_console.o (.rodata.str1.719103272933316442.1)
                  0000b367    00000001     --HOLE-- [fill = 0]
                  0000b368    00000024     req002.o (.rodata..Lswitch.table.Req002_stateName)
                  0000b38c    00000023     diag_console.o (.rodata.str1.14216939884319605972.1)
                  0000b3af    00000023     diag_console.o (.rodata.str1.3251375336230076641.1)
                  0000b3d2    00000022     diag_console.o (.rodata.str1.1424010353822986971.1)
                  0000b3f4    00000020     line_tracking.o (.rodata.cst32)
                  0000b414    0000001f     diag_console.o (.rodata.str1.14265534512352903045.1)
                  0000b433    0000001c     req002.o (.rodata.str1.9213031953659428922.1)
                  0000b44f    0000001a     req002.o (.rodata.str1.11801953346847374107.1)
                  0000b469    0000001a     diag_console.o (.rodata.str1.2111541797422310849.1)
                  0000b483    00000001     --HOLE-- [fill = 0]
                  0000b484    00000019     nrf24_ptx.o (.rodata.str1.6094559527043233380.4)
                  0000b49d    00000003     ti_msp_dl_config.o (.rodata.gLEFT_CAPTUREClockConfig)
                  0000b4a0    00000018     nrf24_ptx.o (.rodata..Lswitch.table.Nrf24Ptx_getStatus)
                  0000b4b8    00000018     diag_console.o (.rodata.str1.854387782545475029.1)
                  0000b4d0    00000017     req002.o (.rodata.str1.246851255980436067.1)
                  0000b4e7    00000017     diag_console.o (.rodata.str1.5142683573253984041.1)
                  0000b4fe    00000016     diag_console.o (.rodata.str1.7768218676934970796.1)
                  0000b514    00000016     diag_console.o (.rodata.str1.9707112319961652996.1)
                  0000b52a    00000014     req002.o (.rodata.str1.1536853367382378965.1)
                  0000b53e    00000014     diag_console.o (.rodata.str1.5824879526590977974.1)
                  0000b552    00000014     req002.o (.rodata.str1.7316036974658646067.1)
                  0000b566    00000013     diag_console.o (.rodata.str1.16351352736247536359.1)
                  0000b579    00000011     diag_console.o (.rodata.str1.9305979691969886280.1)
                  0000b58a    00000002     ti_msp_dl_config.o (.rodata.gDIAG_UARTClockConfig)
                  0000b58c    00000010     req002.o (.rodata..Lswitch.table.Req002_blockReasonName)
                  0000b59c    00000010     encoders.o (.rodata.cst16)
                  0000b5ac    00000010     nrf24_ptx.o (.rodata.str1.17419335730769077557.1)
                  0000b5bc    0000000f     diag_console.o (.rodata.str1.810607564276269461.1)
                  0000b5cb    0000000f     diag_console.o (.rodata.str1.9757831788182070933.1)
                  0000b5da    0000000e     nrf24_ptx.o (.rodata.gProfile)
                  0000b5e8    0000000e     req002.o (.rodata.str1.11012809159570234960.1)
                  0000b5f6    0000000e     diag_console.o (.rodata.str1.15759258491055097000.1)
                  0000b604    0000000e     diag_console.o (.rodata.str1.8714582252565932376.1)
                  0000b612    0000000d     diag_console.o (.rodata.str1.15191501805510545095.1)
                  0000b61f    0000000d     diag_console.o (.rodata.str1.18237275900639492659.1)
                  0000b62c    0000000d     diag_console.o (.rodata.str1.4753132208752387408.1)
                  0000b639    0000000d     nrf24_ptx.o (.rodata.str1.632614121974113092.1)
                  0000b646    0000000d     diag_console.o (.rodata.str1.9009639935792097996.1)
                  0000b653    0000000c     req002.o (.rodata.str1.14163026172649738486.1)
                  0000b65f    0000000c     diag_console.o (.rodata.str1.15804963083468125269.1)
                  0000b66b    0000000c     nrf24_ptx.o (.rodata.str1.18158066330371006656.1)
                  0000b677    0000000c     diag_console.o (.rodata.str1.8341931057821991107.1)
                  0000b683    0000000b     diag_console.o (.rodata.str1.10021391958218067169.1)
                  0000b68e    0000000b     diag_console.o (.rodata.str1.10838375267284401125.1)
                  0000b699    0000000b     diag_console.o (.rodata.str1.11858721499567804342.1)
                  0000b6a4    0000000b     req002.o (.rodata.str1.14519661726848775581.1)
                  0000b6af    0000000b     diag_console.o (.rodata.str1.15004393915158247055.1)
                  0000b6ba    0000000b     diag_console.o (.rodata.str1.17217747830118470281.1)
                  0000b6c5    0000000b     diag_console.o (.rodata.str1.17570078357027493973.1)
                  0000b6d0    0000000b     diag_console.o (.rodata.str1.17854535991371942916.1)
                  0000b6db    0000000b     diag_console.o (.rodata.str1.2437401455240083982.1)
                  0000b6e6    0000000b     diag_console.o (.rodata.str1.4088845919059740246.1)
                  0000b6f1    0000000b     diag_console.o (.rodata.str1.475083551094971178.1)
                  0000b6fc    0000000a     ti_msp_dl_config.o (.rodata.gDIAG_UARTConfig)
                  0000b706    0000000a     ti_msp_dl_config.o (.rodata.gRADIO_SPI_config)
                  0000b710    0000000a     diag_console.o (.rodata.str1.10020677278003191597.1)
                  0000b71a    0000000a     diag_console.o (.rodata.str1.15307067426115469236.1)
                  0000b724    0000000a     diag_console.o (.rodata.str1.15947943532119924092.1)
                  0000b72e    0000000a     diag_console.o (.rodata.str1.3586807474570239301.1)
                  0000b738    00000009     req002.o (.rodata.str1.12553014538444358850.1)
                  0000b741    00000009     nrf24_ptx.o (.rodata.str1.1466761408321915565.1)
                  0000b74a    00000009     diag_console.o (.rodata.str1.16718133499535619421.1)
                  0000b753    00000009     diag_console.o (.rodata.str1.16953414419995737467.1)
                  0000b75c    00000009     diag_console.o (.rodata.str1.17197432830885351810.1)
                  0000b765    00000009     nrf24_ptx.o (.rodata.str1.3287502044353476605.1)
                  0000b76e    00000009     req002.o (.rodata.str1.4498054223093770164.1)
                  0000b777    00000009     diag_console.o (.rodata.str1.6066754825680800963.1)
                  0000b780    00000009     req002.o (.rodata.str1.9783865751474204056.1)
                  0000b789    00000008     diag_console.o (.rodata.str1.1116829374954328495.1)
                  0000b791    00000007     diag_console.o (.rodata.str1.2566524860297826098.1)
                  0000b798    00000007     diag_console.o (.rodata.str1.5926118724489890093.1)
                  0000b79f    00000007     diag_console.o (.rodata.str1.7767364581813029062.1)
                  0000b7a6    00000006     diag_console.o (.rodata.str1.1008767523004470630.1)
                  0000b7ac    00000006     diag_console.o (.rodata.str1.11297099101431644167.1)
                  0000b7b2    00000006     req002.o (.rodata.str1.1330840565073376.1)
                  0000b7b8    00000006     nrf24_ptx.o (.rodata.str1.17809926154172099862.1)
                  0000b7be    00000006     req002.o (.rodata.str1.404665452499805758.1)
                  0000b7c4    00000005     diag_console.o (.rodata.str1.11767802008270839024.1)
                  0000b7c9    00000005     req002.o (.rodata.str1.11884172484412477609.1)
                  0000b7ce    00000005     nrf24_ptx.o (.rodata.str1.1246111486341945488.1)
                  0000b7d3    00000005     diag_console.o (.rodata.str1.12544225967345112596.1)
                  0000b7d8    00000005     diag_console.o (.rodata.str1.2411401244139123524.1)
                  0000b7dd    00000005     req002.o (.rodata.str1.4278235483893593186.1)
                  0000b7e2    00000005     diag_console.o (.rodata.str1.5644620926150322957.1)
                  0000b7e7    00000005     diag_console.o (.rodata.str1.586156461584364517.1)
                  0000b7ec    00000005     diag_console.o (.rodata.str1.8182549175682356078.1)
                  0000b7f1    00000005     diag_console.o (.rodata.str1.8535165006884115289.1)
                  0000b7f6    00000005     diag_console.o (.rodata.str1.9239603917100908406.1)
                  0000b7fb    00000004     diag_console.o (.rodata.str1.10631333089351981164.1)
                  0000b7ff    00000003     ti_msp_dl_config.o (.rodata.gRIGHT_QEIClockConfig)
                  0000b802    00000003     diag_console.o (.rodata.str1.7838710351760113446.1)
                  0000b805    00000002     ti_msp_dl_config.o (.rodata.gLINE_I2CClockConfig)
                  0000b807    00000002     ti_msp_dl_config.o (.rodata.gOLED_I2CClockConfig)
                  0000b809    00000002     ti_msp_dl_config.o (.rodata.gRADIO_SPI_clockConfig)
                  0000b80b    00000005     --HOLE-- [fill = 0]

.init_array 
*          0    00000000    00000000     UNINITIALIZED

.binit     0    00000000    00000000     

.bss       0    20200000    00000656     UNINITIALIZED
                  20200000    00000240     nrf24_ptx.o (.bss.gQueue)
                  20200240    000000c0     nrf24_ptx.o (.bss.gDiagLine)
                  20200300    000000bc     (.common:gLEFT_CAPTUREBackup)
                  202003bc    000000a0     (.common:gRIGHT_QEIBackup)
                  2020045c    00000080     diag_console.o (.bss.gRxBuffer)
                  202004dc    00000050     diag_console.o (.bss.gCommand)
                  2020052c    0000003c     line_tracking.o (.bss.gStatus)
                  20200568    00000030     line_tracking.o (.bss.gShadowPid)
                  20200598    00000028     (.common:gRADIO_SPIBackup)
                  202005c0    00000024     line_sensors.o (.bss.gSample)
                  202005e4    00000020     req002.o (.bss.gStatus)
                  20200604    0000001c     nrf24_ptx.o (.bss.gStats)
                  20200620    00000008     app.o (.bss.gStartButton)
                  20200628    00000004     nrf24_ptx.o (.bss.gDeadline)
                  2020062c    00000004     encoders.o (.bss.gLeftCount)
                  20200630    00000004     encoders.o (.bss.gLeftInvalidTransitions)
                  20200634    00000004     timebase.o (.bss.gMilliseconds)
                  20200638    00000004     line_sensors.o (.bss.gNextPollMs)
                  2020063c    00000004     diag_console.o (.bss.gRxOverflow)
                  20200640    00000002     nrf24_ptx.o (.bss.gDiagLineLength)
                  20200642    00000002     nrf24_ptx.o (.bss.gNextMessageId)
                  20200644    00000002     diag_console.o (.bss.gRxHead)
                  20200646    00000002     diag_console.o (.bss.gRxTail)
                  20200648    00000002     oled_ssd1306.o (.bss.gStatus)
                  2020064a    00000001     nrf24_ptx.o (.bss.gArmed)
                  2020064b    00000001     diag_console.o (.bss.gCaptureEnabled)
                  2020064c    00000001     diag_console.o (.bss.gCommandLength)
                  2020064d    00000001     nrf24_ptx.o (.bss.gDiagLineOverflow)
                  2020064e    00000001     diag_console.o (.bss.gDiscardLine)
                  2020064f    00000001     encoders.o (.bss.gLeftState)
                  20200650    00000001     line_tracking.o (.bss.gNeedsReacquire)
                  20200651    00000001     nrf24_ptx.o (.bss.gOneShotQueued)
                  20200652    00000001     nrf24_ptx.o (.bss.gQueueCount)
                  20200653    00000001     nrf24_ptx.o (.bss.gQueueHead)
                  20200654    00000001     nrf24_ptx.o (.bss.gQueueTail)
                  20200655    00000001     nrf24_ptx.o (.bss.gState)

.stack     0    20207e00    00000200     UNINITIALIZED
                  20207e00    00000004     libc.a : boot_cortex_m.c.obj (.stack)
                  20207e04    000001fc     --HOLE--

__llvm_prf_cnts 
*          0    20200000    00000000     UNINITIALIZED

__llvm_prf_bits 
*          0    20200000    00000000     UNINITIALIZED

MODULE SUMMARY

       Module                         code    ro data   rw data
       ------                         ----    -------   -------
    .\
       ti_msp_dl_config.o             1080    34        388    
       startup_mspm0g350x_ticlang.o   6       192       0      
       empty.o                        46      0         0      
    +--+------------------------------+-------+---------+---------+
       Total:                         1132    226       388    
                                                               
    .\algorithm\
       line_tracking.o                820     32        109    
       pid.o                          462     0         0      
    +--+------------------------------+-------+---------+---------+
       Total:                         1282    32        109    
                                                               
    .\app\
       req002.o                       212     255       32     
       app.o                          140     0         8      
    +--+------------------------------+-------+---------+---------+
       Total:                         352     255       40     
                                                               
    .\bsp\
       board_safety.o                 160     50        0      
       timebase.o                     84      0         4      
    +--+------------------------------+-------+---------+---------+
       Total:                         244     50        4      
                                                               
    .\drivers\
       diag_console.o                 33768   1737      219    
       nrf24_ptx.o                    2736    133       811    
       oled_ssd1306.o                 1480    0         2      
       line_sensors.o                 800     0         40     
       encoders.o                     324     16        9      
       i2c_diag.o                     300     0         0      
       start_button.o                 138     0         0      
    +--+------------------------------+-------+---------+---------+
       Total:                         39546   1886      1081   
                                                               
    D:/AAADiansai/CCS/mspm0_sdk_2_11_00_07/source/ti/driverlib/lib/ticlang/m0p/mspm0g1x0x_g3x0x/driverlib.a
       dl_i2c.o                       240     0         0      
       dl_spi.o                       226     0         0      
       dl_uart.o                      138     0         0      
       dl_timer.o                     94      0         0      
       dl_common.o                    10      0         0      
    +--+------------------------------+-------+---------+---------+
       Total:                         708     0         0      
                                                               
    D:\AAADiansai\CCS\ccs\tools\compiler\ti-cgt-armllvm_5.1.1.LTS\lib\armv6m-ti-none-eabi/c/libc.a
       memcpy16.S.obj                 154     0         0      
       memset16.S.obj                 98      0         0      
       autoinit.c.obj                 60      0         0      
       boot_cortex_m.c.obj            40      0         0      
       memcmp.c.obj                   32      0         0      
       copy_zero_init.c.obj           16      0         0      
       exit.c.obj                     6       0         0      
       pre_init.c.obj                 4       0         0      
    +--+------------------------------+-------+---------+---------+
       Total:                         410     0         0      
                                                               
    D:\AAADiansai\CCS\ccs\tools\compiler\ti-cgt-armllvm_5.1.1.LTS\lib\armv6m-ti-none-eabi/c/libsysbm.a
       hostexit.c.obj                 4       0         0      
    +--+------------------------------+-------+---------+---------+
       Total:                         4       0         0      
                                                               
    D:\AAADiansai\CCS\ccs\tools\compiler\ti-cgt-armllvm_5.1.1.LTS\lib\armv6m-ti-none-eabi/libclang_rt.builtins.a
       addsf3.S.obj                   216     0         0      
       comparesf2.S.obj               140     0         0      
       mulsf3.S.obj                   140     0         0      
       divsf3.S.obj                   130     0         0      
       aeabi_fcmp.S.obj               90      0         0      
       aeabi_uidivmod.S.obj           64      0         0      
       muldsi3.S.obj                  58      0         0      
       fixsfsi.S.obj                  56      0         0      
       floatunsisf.S.obj              40      0         0      
       aeabi_memset.S.obj             26      0         0      
       aeabi_memcpy.S.obj             8       0         0      
       aeabi_div0.c.obj               2       0         0      
    +--+------------------------------+-------+---------+---------+
       Total:                         970     0         0      
                                                               
       Stack:                         0       0         512    
       Linker Generated:              0       20        0      
    +--+------------------------------+-------+---------+---------+
       Grand Total:                   44648   2469      2134   


LINKER GENERATED COPY TABLES

__TI_cinit_table @ 0000b81c records: 1, size/record: 8, table size: 8
	.bss: load addr=0000b810, load size=00000008 bytes, run addr=20200000, run size=00000656 bytes, compression=zero_init


LINKER GENERATED HANDLER TABLE

__TI_handler_table @ 0000b818 records: 1, size/record: 4, table size: 4
	index: 0, handler: __TI_zero_init


GLOBAL SYMBOLS: SORTED ALPHABETICALLY BY Name 

address   name                              
-------   ----                              
000089ef  ADC0_IRQHandler                   
000089ef  ADC1_IRQHandler                   
000089ef  AES_IRQHandler                    
0000a911  App_init                          
0000a5f5  App_service                       
0000aee5  BoardSafety_buzzerPolicy          
0000abb1  BoardSafety_init                  
0000a6d9  BoardSafety_outputsLocked         
0000abd9  BoardSafety_service               
0000af2a  C$$EXIT                           
000089ef  CANFD0_IRQHandler                 
000089ef  DAC0_IRQHandler                   
0000aed1  DL_Common_delayCycles             
0000a1e3  DL_I2C_fillControllerTXFIFO       
0000aaf1  DL_I2C_flushControllerRXFIFO      
0000a991  DL_I2C_flushControllerTXFIFO      
0000aca1  DL_I2C_setClockConfig             
0000a3b1  DL_SPI_drainRXFIFO8               
0000a889  DL_SPI_init                       
0000ad2d  DL_SPI_receiveDataCheck8          
0000ae65  DL_SPI_setClockConfig             
0000ad49  DL_SPI_transmitDataCheck8         
0000ac01  DL_Timer_setCaptureCompareCtl     
0000adb9  DL_Timer_setCaptureCompareInput   
0000ad65  DL_Timer_setClockConfig           
0000a721  DL_UART_init                      
0000ae77  DL_UART_setClockConfig            
0000ab21  DL_UART_transmitDataBlocking      
000089ef  DMA_IRQHandler                    
000089ef  Default_Handler                   
0000a769  DiagConsole_init                  
0000a241  DiagConsole_onUartInterrupt       
000089f1  DiagConsole_reportBoot            
000000c1  DiagConsole_service               
0000a0b9  Encoders_init                     
00009dd1  Encoders_onLeftCaptureInterrupt   
0000a29d  Encoders_snapshot                 
000089ef  GROUP0_IRQHandler                 
000089ef  GROUP1_IRQHandler                 
0000af2b  HOSTexit                          
000089ef  HardFault_Handler                 
000089ef  I2C0_IRQHandler                   
000089ef  I2C1_IRQHandler                   
00009119  I2cDiag_scan                      
0000ad81  LineSensors_init                  
0000aeb9  LineSensors_readRawBits           
0000991d  LineSensors_service               
0000adf1  LineSensors_snapshot              
0000aeed  LineTracking_getStatus            
0000a7b1  LineTracking_init                 
00008135  LineTracking_service              
000089ef  NMI_Handler                       
0000a555  Nrf24Ptx_arm                      
00009245  Nrf24Ptx_captureDiagnosticChar    
0000a9cd  Nrf24Ptx_disarm                   
0000a405  Nrf24Ptx_getStatus                
00009e55  Nrf24Ptx_init                     
0000a459  Nrf24Ptx_readCoreRegisters        
0000acc9  Nrf24Ptx_safeWhenDisarmed         
00006e1d  Nrf24Ptx_service                  
00009cc1  OledSsd1306_clear                 
0000a8cd  OledSsd1306_forceAllPixelsOn      
0000a5a5  OledSsd1306_forceAllPixelsOnSh1106
00007b11  OledSsd1306_showTestPattern       
000089ef  PendSV_Handler                    
0000ad9d  Pid_init                          
0000ae89  Pid_reset                         
0000884d  Pid_step                          
000089ef  RTC_IRQHandler                    
0000ae09  Req002_blockReasonName            
0000aef5  Req002_getStatus                  
0000ac29  Req002_init                       
00009fd5  Req002_service                    
0000ae21  Req002_stateName                  
0000af2f  Reset_Handler                     
000089ef  SPI0_IRQHandler                   
000089ef  SPI1_IRQHandler                   
000089ef  SVC_Handler                       
00009b1d  SYSCFG_DL_DIAG_UART_init          
00009859  SYSCFG_DL_GPIO_init               
000099d1  SYSCFG_DL_LEFT_CAPTURE_init       
0000a4ad  SYSCFG_DL_LINE_I2C_init           
0000a501  SYSCFG_DL_OLED_I2C_init           
0000a641  SYSCFG_DL_RADIO_SPI_init          
0000a2f9  SYSCFG_DL_RIGHT_QEI_init          
0000ab51  SYSCFG_DL_SYSCTL_init             
0000a7f9  SYSCFG_DL_init                    
0000a049  SYSCFG_DL_initPower               
0000aced  StartButton_init                  
0000a68d  StartButton_poll                  
0000ae51  StartButton_readHardwarePressed   
0000aedb  StartButton_takePress             
0000aefd  SysTick_Handler                   
000089ef  TIMA0_IRQHandler                  
0000af05  TIMA1_IRQHandler                  
000089ef  TIMG0_IRQHandler                  
000089ef  TIMG12_IRQHandler                 
000089ef  TIMG6_IRQHandler                  
000089ef  TIMG7_IRQHandler                  
000089ef  TIMG8_IRQHandler                  
0000ab81  Timebase_init                     
0000aec5  Timebase_nowMs                    
0000ae99  Timebase_onSysTick                
0000af0d  Timebase_reached                  
0000af15  UART0_IRQHandler                  
000089ef  UART1_IRQHandler                  
000089ef  UART2_IRQHandler                  
000089ef  UART3_IRQHandler                  
20208000  __STACK_END                       
00000200  __STACK_SIZE                      
00000000  __TI_ATRegion0_region_sz          
00000000  __TI_ATRegion0_src_addr           
00000000  __TI_ATRegion0_trg_addr           
00000000  __TI_ATRegion1_region_sz          
00000000  __TI_ATRegion1_src_addr           
00000000  __TI_ATRegion1_trg_addr           
00000000  __TI_ATRegion2_region_sz          
00000000  __TI_ATRegion2_src_addr           
00000000  __TI_ATRegion2_trg_addr           
0000b81c  __TI_CINIT_Base                   
0000b824  __TI_CINIT_Limit                  
0000b824  __TI_CINIT_Warm                   
0000b818  __TI_Handler_Table_Base           
0000b81c  __TI_Handler_Table_Limit          
0000aa09  __TI_auto_init_nobinit_nopinit    
ffffffff  __TI_pprof_out_hndl               
ffffffff  __TI_prof_data_size               
ffffffff  __TI_prof_data_start              
00000000  __TI_static_base__                
0000aea9  __TI_zero_init                    
0000978b  __addsf3                          
0000aab9  __aeabi_f2iz                      
0000978b  __aeabi_fadd                      
0000a355  __aeabi_fcmpeq                    
0000a38b  __aeabi_fcmpge                    
0000a39d  __aeabi_fcmpgt                    
0000a379  __aeabi_fcmple                    
0000a367  __aeabi_fcmplt                    
00009c1f  __aeabi_fcmpun                    
00009ed9  __aeabi_fdiv                      
00009c35  __aeabi_fmul                      
00009781  __aeabi_fsub                      
00009b1b  __aeabi_idiv0                     
0000ade3  __aeabi_memclr                    
0000ade3  __aeabi_memclr4                   
0000ade3  __aeabi_memclr8                   
0000af1d  __aeabi_memcpy                    
0000af1d  __aeabi_memcpy4                   
0000af1d  __aeabi_memcpy8                   
0000add5  __aeabi_memset                    
0000add5  __aeabi_memset4                   
0000add5  __aeabi_memset8                   
0000ac79  __aeabi_ui2f                      
0000a951  __aeabi_uidiv                     
0000a951  __aeabi_uidivmod                  
ffffffff  __binit__                         
00009ba9  __cmpsf2                          
00009ed9  __divsf3                          
00009ba9  __eqsf2                           
0000aab9  __fixsfsi                         
0000ac79  __floatunsisf                     
00009be3  __gesf2                           
00009be3  __gtsf2                           
00009ba9  __lesf2                           
00009ba9  __ltsf2                           
UNDEFED   __mpu_init                        
0000aa45  __muldsi3                         
00009c35  __mulsf3                          
00009ba9  __nesf2                           
20207e00  __stack                           
20200000  __start___llvm_prf_bits           
20200000  __start___llvm_prf_cnts           
20200000  __stop___llvm_prf_bits            
20200000  __stop___llvm_prf_cnts            
00009781  __subsf3                          
00009c1f  __unordsf2                        
0000ac51  _c_int00_noargs                   
UNDEFED   _system_post_cinit                
0000af33  _system_pre_init                  
0000af25  abort                             
ffffffff  binit                             
20200300  gLEFT_CAPTUREBackup               
20200598  gRADIO_SPIBackup                  
202003bc  gRIGHT_QEIBackup                  
00000000  interruptVectors                  
0000ae39  main                              
0000ad0d  memcmp                            
00009a81  memcpy                            
0000a181  memset                            


GLOBAL SYMBOLS: SORTED BY Symbol Address 

address   name                              
-------   ----                              
00000000  __TI_ATRegion0_region_sz          
00000000  __TI_ATRegion0_src_addr           
00000000  __TI_ATRegion0_trg_addr           
00000000  __TI_ATRegion1_region_sz          
00000000  __TI_ATRegion1_src_addr           
00000000  __TI_ATRegion1_trg_addr           
00000000  __TI_ATRegion2_region_sz          
00000000  __TI_ATRegion2_src_addr           
00000000  __TI_ATRegion2_trg_addr           
00000000  __TI_static_base__                
00000000  interruptVectors                  
000000c1  DiagConsole_service               
00000200  __STACK_SIZE                      
00006e1d  Nrf24Ptx_service                  
00007b11  OledSsd1306_showTestPattern       
00008135  LineTracking_service              
0000884d  Pid_step                          
000089ef  ADC0_IRQHandler                   
000089ef  ADC1_IRQHandler                   
000089ef  AES_IRQHandler                    
000089ef  CANFD0_IRQHandler                 
000089ef  DAC0_IRQHandler                   
000089ef  DMA_IRQHandler                    
000089ef  Default_Handler                   
000089ef  GROUP0_IRQHandler                 
000089ef  GROUP1_IRQHandler                 
000089ef  HardFault_Handler                 
000089ef  I2C0_IRQHandler                   
000089ef  I2C1_IRQHandler                   
000089ef  NMI_Handler                       
000089ef  PendSV_Handler                    
000089ef  RTC_IRQHandler                    
000089ef  SPI0_IRQHandler                   
000089ef  SPI1_IRQHandler                   
000089ef  SVC_Handler                       
000089ef  TIMA0_IRQHandler                  
000089ef  TIMG0_IRQHandler                  
000089ef  TIMG12_IRQHandler                 
000089ef  TIMG6_IRQHandler                  
000089ef  TIMG7_IRQHandler                  
000089ef  TIMG8_IRQHandler                  
000089ef  UART1_IRQHandler                  
000089ef  UART2_IRQHandler                  
000089ef  UART3_IRQHandler                  
000089f1  DiagConsole_reportBoot            
00009119  I2cDiag_scan                      
00009245  Nrf24Ptx_captureDiagnosticChar    
00009781  __aeabi_fsub                      
00009781  __subsf3                          
0000978b  __addsf3                          
0000978b  __aeabi_fadd                      
00009859  SYSCFG_DL_GPIO_init               
0000991d  LineSensors_service               
000099d1  SYSCFG_DL_LEFT_CAPTURE_init       
00009a81  memcpy                            
00009b1b  __aeabi_idiv0                     
00009b1d  SYSCFG_DL_DIAG_UART_init          
00009ba9  __cmpsf2                          
00009ba9  __eqsf2                           
00009ba9  __lesf2                           
00009ba9  __ltsf2                           
00009ba9  __nesf2                           
00009be3  __gesf2                           
00009be3  __gtsf2                           
00009c1f  __aeabi_fcmpun                    
00009c1f  __unordsf2                        
00009c35  __aeabi_fmul                      
00009c35  __mulsf3                          
00009cc1  OledSsd1306_clear                 
00009dd1  Encoders_onLeftCaptureInterrupt   
00009e55  Nrf24Ptx_init                     
00009ed9  __aeabi_fdiv                      
00009ed9  __divsf3                          
00009fd5  Req002_service                    
0000a049  SYSCFG_DL_initPower               
0000a0b9  Encoders_init                     
0000a181  memset                            
0000a1e3  DL_I2C_fillControllerTXFIFO       
0000a241  DiagConsole_onUartInterrupt       
0000a29d  Encoders_snapshot                 
0000a2f9  SYSCFG_DL_RIGHT_QEI_init          
0000a355  __aeabi_fcmpeq                    
0000a367  __aeabi_fcmplt                    
0000a379  __aeabi_fcmple                    
0000a38b  __aeabi_fcmpge                    
0000a39d  __aeabi_fcmpgt                    
0000a3b1  DL_SPI_drainRXFIFO8               
0000a405  Nrf24Ptx_getStatus                
0000a459  Nrf24Ptx_readCoreRegisters        
0000a4ad  SYSCFG_DL_LINE_I2C_init           
0000a501  SYSCFG_DL_OLED_I2C_init           
0000a555  Nrf24Ptx_arm                      
0000a5a5  OledSsd1306_forceAllPixelsOnSh1106
0000a5f5  App_service                       
0000a641  SYSCFG_DL_RADIO_SPI_init          
0000a68d  StartButton_poll                  
0000a6d9  BoardSafety_outputsLocked         
0000a721  DL_UART_init                      
0000a769  DiagConsole_init                  
0000a7b1  LineTracking_init                 
0000a7f9  SYSCFG_DL_init                    
0000a889  DL_SPI_init                       
0000a8cd  OledSsd1306_forceAllPixelsOn      
0000a911  App_init                          
0000a951  __aeabi_uidiv                     
0000a951  __aeabi_uidivmod                  
0000a991  DL_I2C_flushControllerTXFIFO      
0000a9cd  Nrf24Ptx_disarm                   
0000aa09  __TI_auto_init_nobinit_nopinit    
0000aa45  __muldsi3                         
0000aab9  __aeabi_f2iz                      
0000aab9  __fixsfsi                         
0000aaf1  DL_I2C_flushControllerRXFIFO      
0000ab21  DL_UART_transmitDataBlocking      
0000ab51  SYSCFG_DL_SYSCTL_init             
0000ab81  Timebase_init                     
0000abb1  BoardSafety_init                  
0000abd9  BoardSafety_service               
0000ac01  DL_Timer_setCaptureCompareCtl     
0000ac29  Req002_init                       
0000ac51  _c_int00_noargs                   
0000ac79  __aeabi_ui2f                      
0000ac79  __floatunsisf                     
0000aca1  DL_I2C_setClockConfig             
0000acc9  Nrf24Ptx_safeWhenDisarmed         
0000aced  StartButton_init                  
0000ad0d  memcmp                            
0000ad2d  DL_SPI_receiveDataCheck8          
0000ad49  DL_SPI_transmitDataCheck8         
0000ad65  DL_Timer_setClockConfig           
0000ad81  LineSensors_init                  
0000ad9d  Pid_init                          
0000adb9  DL_Timer_setCaptureCompareInput   
0000add5  __aeabi_memset                    
0000add5  __aeabi_memset4                   
0000add5  __aeabi_memset8                   
0000ade3  __aeabi_memclr                    
0000ade3  __aeabi_memclr4                   
0000ade3  __aeabi_memclr8                   
0000adf1  LineSensors_snapshot              
0000ae09  Req002_blockReasonName            
0000ae21  Req002_stateName                  
0000ae39  main                              
0000ae51  StartButton_readHardwarePressed   
0000ae65  DL_SPI_setClockConfig             
0000ae77  DL_UART_setClockConfig            
0000ae89  Pid_reset                         
0000ae99  Timebase_onSysTick                
0000aea9  __TI_zero_init                    
0000aeb9  LineSensors_readRawBits           
0000aec5  Timebase_nowMs                    
0000aed1  DL_Common_delayCycles             
0000aedb  StartButton_takePress             
0000aee5  BoardSafety_buzzerPolicy          
0000aeed  LineTracking_getStatus            
0000aef5  Req002_getStatus                  
0000aefd  SysTick_Handler                   
0000af05  TIMA1_IRQHandler                  
0000af0d  Timebase_reached                  
0000af15  UART0_IRQHandler                  
0000af1d  __aeabi_memcpy                    
0000af1d  __aeabi_memcpy4                   
0000af1d  __aeabi_memcpy8                   
0000af25  abort                             
0000af2a  C$$EXIT                           
0000af2b  HOSTexit                          
0000af2f  Reset_Handler                     
0000af33  _system_pre_init                  
0000b818  __TI_Handler_Table_Base           
0000b81c  __TI_CINIT_Base                   
0000b81c  __TI_Handler_Table_Limit          
0000b824  __TI_CINIT_Limit                  
0000b824  __TI_CINIT_Warm                   
20200000  __start___llvm_prf_bits           
20200000  __start___llvm_prf_cnts           
20200000  __stop___llvm_prf_bits            
20200000  __stop___llvm_prf_cnts            
20200300  gLEFT_CAPTUREBackup               
202003bc  gRIGHT_QEIBackup                  
20200598  gRADIO_SPIBackup                  
20207e00  __stack                           
20208000  __STACK_END                       
ffffffff  __TI_pprof_out_hndl               
ffffffff  __TI_prof_data_size               
ffffffff  __TI_prof_data_start              
ffffffff  __binit__                         
ffffffff  binit                             
UNDEFED   __mpu_init                        
UNDEFED   _system_post_cinit                

[189 symbols]
