******************************************************************************
            TI ARM Clang Linker PC v5.1.1                      
******************************************************************************
>> Linked Thu Jul 30 16:56:23 2026

OUTPUT FILE NAME:   <test1.out>
ENTRY POINT SYMBOL: "_c_int00_noargs"  address: 00002a91


MEMORY CONFIGURATION

         name            origin    length      used     unused   attr    fill
----------------------  --------  ---------  --------  --------  ----  --------
  FLASH                 00000000   00020000  00002e00  0001d200  R  X
  SRAM                  20200000   00008000  00000467  00007b99  RW X
  BCR_CONFIG            41c00000   000000ff  00000000  000000ff  R   
  BSL_CONFIG            41c00100   00000080  00000000  00000080  R   


SEGMENT ALLOCATION MAP

run origin  load origin   length   init length attrs members
----------  ----------- ---------- ----------- ----- -------
00000000    00000000    00002e00   00002e00    r-x
  00000000    00000000    000000c0   000000c0    r-- .intvecs
  000000c0    000000c0    00002ad0   00002ad0    r-x .text
  00002b90    00002b90    00000258   00000258    r-- .rodata
  00002de8    00002de8    00000018   00000018    r-- .cinit
20200000    20200000    00000267   00000000    rw-
  20200000    20200000    00000267   00000000    rw- .bss
20207e00    20207e00    00000200   00000000    rw-
  20207e00    20207e00    00000200   00000000    rw- .stack


SECTION ALLOCATION MAP

 output                                  attributes/
section   page    origin      length       input sections
--------  ----  ----------  ----------   ----------------
.intvecs   0    00000000    000000c0     
                  00000000    000000c0     startup_mspm0g350x_ticlang.o (.intvecs)

.text      0    000000c0    00002ad0     
                  000000c0    00001c8c     empty.o (.text.main)
                  00001d4c    000003cc     empty.o (.text.reportStatus)
                  00002118    00000180     empty.o (.text.reportLine)
                  00002298    000000d0     ti_msp_dl_config.o (.text.SYSCFG_DL_GPIO_init)
                  00002368    000000b0     ti_msp_dl_config.o (.text.SYSCFG_DL_LEFT_CAPTURE_init)
                  00002418    0000008c     ti_msp_dl_config.o (.text.SYSCFG_DL_DIAG_UART_init)
                  000024a4    00000084     empty.o (.text.TIMA1_IRQHandler)
                  00002528    00000070     ti_msp_dl_config.o (.text.SYSCFG_DL_initPower)
                  00002598    0000005e     driverlib.a : dl_i2c.o (.text.DL_I2C_fillControllerTXFIFO)
                  000025f6    00000002     startup_mspm0g350x_ticlang.o (.text.Default_Handler)
                  000025f8    0000005c     ti_msp_dl_config.o (.text.SYSCFG_DL_RIGHT_QEI_init)
                  00002654    0000005c     empty.o (.text.UART0_IRQHandler)
                  000026b0    00000054     driverlib.a : dl_spi.o (.text.DL_SPI_drainRXFIFO8)
                  00002704    00000054                 : dl_spi.o (.text.DL_SPI_fillTXFIFO8)
                  00002758    00000054     ti_msp_dl_config.o (.text.SYSCFG_DL_MPU_I2C_init)
                  000027ac    00000054     ti_msp_dl_config.o (.text.SYSCFG_DL_OLED_I2C_init)
                  00002800    0000004c     ti_msp_dl_config.o (.text.SYSCFG_DL_RADIO_SPI_init)
                  0000284c    00000048     driverlib.a : dl_uart.o (.text.DL_UART_init)
                  00002894    00000048     ti_msp_dl_config.o (.text.SYSCFG_DL_init)
                  000028dc    00000044     driverlib.a : dl_spi.o (.text.DL_SPI_init)
                  00002920    00000040     libclang_rt.builtins.a : aeabi_uidivmod.S.obj (.text)
                  00002960    0000003c     driverlib.a : dl_i2c.o (.text.DL_I2C_flushControllerTXFIFO)
                  0000299c    0000003c     libc.a : autoinit.c.obj (.text:__TI_auto_init_nobinit_nopinit)
                  000029d8    00000030     driverlib.a : dl_i2c.o (.text.DL_I2C_flushControllerRXFIFO)
                  00002a08    00000030                 : dl_uart.o (.text.DL_UART_transmitDataBlocking)
                  00002a38    00000030     ti_msp_dl_config.o (.text.SYSCFG_DL_SYSCTL_init)
                  00002a68    00000028     driverlib.a : dl_timer.o (.text.DL_Timer_setCaptureCompareCtl)
                  00002a90    00000028     libc.a : boot_cortex_m.c.obj (.text:_c_int00_noargs)
                  00002ab8    00000026     driverlib.a : dl_i2c.o (.text.DL_I2C_setClockConfig)
                  00002ade    00000020     libc.a : memcmp.c.obj (.text.memcmp)
                  00002afe    00000002     libclang_rt.builtins.a : aeabi_div0.c.obj (.text.__aeabi_idiv0)
                  00002b00    0000001c     driverlib.a : dl_timer.o (.text.DL_Timer_setClockConfig)
                  00002b1c    0000001a                 : dl_timer.o (.text.DL_Timer_setCaptureCompareInput)
                  00002b36    00000016     libc.a : copy_zero_init.c.obj (.text:decompress:ZI:__TI_zero_init_nomemset)
                  00002b4c    00000012     driverlib.a : dl_spi.o (.text.DL_SPI_setClockConfig)
                  00002b5e    00000012                 : dl_uart.o (.text.DL_UART_setClockConfig)
                  00002b70    0000000a                 : dl_common.o (.text.DL_Common_delayCycles)
                  00002b7a    00000006     libc.a : exit.c.obj (.text:abort)
                  00002b80    00000004     libsysbm.a : hostexit.c.obj (.text.HOSTexit)
                  00002b84    00000004     startup_mspm0g350x_ticlang.o (.text.Reset_Handler)
                  00002b88    00000004     libc.a : pre_init.c.obj (.text._system_pre_init)
                  00002b8c    00000004     --HOLE-- [fill = 0]

.cinit     0    00002de8    00000018     
                  00002de8    00000008     (.cinit..bss.load) [load image, compression = zero_init]
                  00002df0    00000004     (__TI_handler_table)
                  00002df4    00000008     (__TI_cinit_table)
                  00002dfc    00000004     --HOLE-- [fill = 0]

.rodata    0    00002b90    00000258     
                  00002b90    0000005c     empty.o (.rodata.str1.9517790425240694019.1)
                  00002bec    00000045     empty.o (.rodata.str1.17102900359786703537.1)
                  00002c31    00000038     empty.o (.rodata.str1.12067090720680436770.1)
                  00002c69    00000038     empty.o (.rodata.str1.17669528882079347314.1)
                  00002ca1    00000028     empty.o (.rodata.str1.11006992818822836455.1)
                  00002cc9    00000025     empty.o (.rodata.str1.101204432782223354.1)
                  00002cee    00000023     empty.o (.rodata.str1.7048729596307760267.1)
                  00002d11    00000013     empty.o (.rodata.str1.9304625059846063805.1)
                  00002d24    00000011     empty.o (.rodata.str1.13177478454970921860.1)
                  00002d35    00000010     empty.o (.rodata.cst16)
                  00002d45    0000000b     empty.o (.rodata.str1.15486159998237592746.1)
                  00002d50    0000000b     empty.o (.rodata.str1.5100843677217179155.1)
                  00002d5b    0000000b     empty.o (.rodata.str1.7079713434352825882.1)
                  00002d66    0000000a     ti_msp_dl_config.o (.rodata.gDIAG_UARTConfig)
                  00002d70    0000000a     ti_msp_dl_config.o (.rodata.gRADIO_SPI_config)
                  00002d7a    00000009     empty.o (.rodata.str1.15170238581331914936.1)
                  00002d83    00000009     empty.o (.rodata.str1.18230774644621384456.1)
                  00002d8c    00000009     empty.o (.rodata.str1.5792233746214848027.1)
                  00002d95    00000008     empty.o (.rodata.str1.9410084661655729462.1)
                  00002d9d    00000007     empty.o (.rodata.str1.15706828512682300538.1)
                  00002da4    00000006     empty.o (.rodata.str1.15930989295766594416.1)
                  00002daa    00000005     empty.o (.rodata.str1.1204102649501173409.1)
                  00002daf    00000005     empty.o (.rodata.str1.12152362843975802927.1)
                  00002db4    00000005     empty.o (.rodata.str1.13261240389824687667.1)
                  00002db9    00000005     empty.o (.rodata.str1.150872071346279890.1)
                  00002dbe    00000005     empty.o (.rodata.str1.16839123753901408871.1)
                  00002dc3    00000005     empty.o (.rodata.str1.2196762768037919588.1)
                  00002dc8    00000005     empty.o (.rodata.str1.6969777895189110550.1)
                  00002dcd    00000005     empty.o (.rodata.str1.7386103758396746866.1)
                  00002dd2    00000004     empty.o (.rodata.str1.487671331081980564.1)
                  00002dd6    00000003     ti_msp_dl_config.o (.rodata.gLEFT_CAPTUREClockConfig)
                  00002dd9    00000003     ti_msp_dl_config.o (.rodata.gRIGHT_QEIClockConfig)
                  00002ddc    00000003     empty.o (.rodata.str1.9488353182382806522.1)
                  00002ddf    00000002     ti_msp_dl_config.o (.rodata.gDIAG_UARTClockConfig)
                  00002de1    00000002     ti_msp_dl_config.o (.rodata.gMPU_I2CClockConfig)
                  00002de3    00000002     ti_msp_dl_config.o (.rodata.gOLED_I2CClockConfig)
                  00002de5    00000002     ti_msp_dl_config.o (.rodata.gRADIO_SPI_clockConfig)
                  00002de7    00000001     --HOLE-- [fill = 0]

.init_array 
*          0    00000000    00000000     UNINITIALIZED

.binit     0    00000000    00000000     

.bss       0    20200000    00000267     UNINITIALIZED
                  20200000    000000bc     (.common:gLEFT_CAPTUREBackup)
                  202000bc    000000a0     (.common:gRIGHT_QEIBackup)
                  2020015c    00000080     empty.o (.bss.gRxBuffer)
                  202001dc    00000050     empty.o (.bss.gCommand)
                  2020022c    00000028     (.common:gRADIO_SPIBackup)
                  20200254    00000004     empty.o (.bss.gLeftEncoderCount)
                  20200258    00000004     empty.o (.bss.gLeftInvalidTransitions)
                  2020025c    00000004     empty.o (.bss.gRxOverflow)
                  20200260    00000002     empty.o (.bss.gRxHead)
                  20200262    00000002     empty.o (.bss.gRxTail)
                  20200264    00000001     empty.o (.bss.gCommandLength)
                  20200265    00000001     empty.o (.bss.gDiscardLine)
                  20200266    00000001     empty.o (.bss.gLeftState)

.stack     0    20207e00    00000200     UNINITIALIZED
                  20207e00    00000004     libc.a : boot_cortex_m.c.obj (.stack)
                  20207e04    000001fc     --HOLE--

__llvm_prf_cnts 
*          0    20200000    00000000     UNINITIALIZED

__llvm_prf_bits 
*          0    20200000    00000000     UNINITIALIZED

MODULE SUMMARY

       Module                         code    ro data   rw data
       ------                         ----    -------   -------
    .\
       empty.o                        8888    565       227    
       ti_msp_dl_config.o             1092    34        388    
       startup_mspm0g350x_ticlang.o   6       192       0      
    +--+------------------------------+-------+---------+---------+
       Total:                         9986    791       615    
                                                               
    D:/AAADiansai/CCS/mspm0_sdk_2_11_00_07/source/ti/driverlib/lib/ticlang/m0p/mspm0g1x0x_g3x0x/driverlib.a
       dl_spi.o                       254     0         0      
       dl_i2c.o                       240     0         0      
       dl_uart.o                      138     0         0      
       dl_timer.o                     94      0         0      
       dl_common.o                    10      0         0      
    +--+------------------------------+-------+---------+---------+
       Total:                         736     0         0      
                                                               
    D:\AAADiansai\CCS\ccs\tools\compiler\ti-cgt-armllvm_5.1.1.LTS\lib\armv6m-ti-none-eabi/c/libc.a
       autoinit.c.obj                 60      0         0      
       boot_cortex_m.c.obj            40      0         0      
       memcmp.c.obj                   32      0         0      
       copy_zero_init.c.obj           22      0         0      
       exit.c.obj                     6       0         0      
       pre_init.c.obj                 4       0         0      
    +--+------------------------------+-------+---------+---------+
       Total:                         164     0         0      
                                                               
    D:\AAADiansai\CCS\ccs\tools\compiler\ti-cgt-armllvm_5.1.1.LTS\lib\armv6m-ti-none-eabi/c/libsysbm.a
       hostexit.c.obj                 4       0         0      
    +--+------------------------------+-------+---------+---------+
       Total:                         4       0         0      
                                                               
    D:\AAADiansai\CCS\ccs\tools\compiler\ti-cgt-armllvm_5.1.1.LTS\lib\armv6m-ti-none-eabi/libclang_rt.builtins.a
       aeabi_uidivmod.S.obj           64      0         0      
       aeabi_div0.c.obj               2       0         0      
    +--+------------------------------+-------+---------+---------+
       Total:                         66      0         0      
                                                               
       Stack:                         0       0         512    
       Linker Generated:              0       20        0      
    +--+------------------------------+-------+---------+---------+
       Grand Total:                   10956   811       1127   


LINKER GENERATED COPY TABLES

__TI_cinit_table @ 00002df4 records: 1, size/record: 8, table size: 8
	.bss: load addr=00002de8, load size=00000008 bytes, run addr=20200000, run size=00000267 bytes, compression=zero_init


LINKER GENERATED HANDLER TABLE

__TI_handler_table @ 00002df0 records: 1, size/record: 4, table size: 4
	index: 0, handler: __TI_zero_init


GLOBAL SYMBOLS: SORTED ALPHABETICALLY BY Name 

address   name                           
-------   ----                           
000025f7  ADC0_IRQHandler                
000025f7  ADC1_IRQHandler                
000025f7  AES_IRQHandler                 
00002b80  C$$EXIT                        
000025f7  CANFD0_IRQHandler              
000025f7  DAC0_IRQHandler                
00002b71  DL_Common_delayCycles          
00002599  DL_I2C_fillControllerTXFIFO    
000029d9  DL_I2C_flushControllerRXFIFO   
00002961  DL_I2C_flushControllerTXFIFO   
00002ab9  DL_I2C_setClockConfig          
000026b1  DL_SPI_drainRXFIFO8            
00002705  DL_SPI_fillTXFIFO8             
000028dd  DL_SPI_init                    
00002b4d  DL_SPI_setClockConfig          
00002a69  DL_Timer_setCaptureCompareCtl  
00002b1d  DL_Timer_setCaptureCompareInput
00002b01  DL_Timer_setClockConfig        
0000284d  DL_UART_init                   
00002b5f  DL_UART_setClockConfig         
00002a09  DL_UART_transmitDataBlocking   
000025f7  DMA_IRQHandler                 
000025f7  Default_Handler                
000025f7  GROUP0_IRQHandler              
000025f7  GROUP1_IRQHandler              
00002b81  HOSTexit                       
000025f7  HardFault_Handler              
000025f7  I2C0_IRQHandler                
000025f7  I2C1_IRQHandler                
000025f7  NMI_Handler                    
000025f7  PendSV_Handler                 
000025f7  RTC_IRQHandler                 
00002b85  Reset_Handler                  
000025f7  SPI0_IRQHandler                
000025f7  SPI1_IRQHandler                
000025f7  SVC_Handler                    
00002419  SYSCFG_DL_DIAG_UART_init       
00002299  SYSCFG_DL_GPIO_init            
00002369  SYSCFG_DL_LEFT_CAPTURE_init    
00002759  SYSCFG_DL_MPU_I2C_init         
000027ad  SYSCFG_DL_OLED_I2C_init        
00002801  SYSCFG_DL_RADIO_SPI_init       
000025f9  SYSCFG_DL_RIGHT_QEI_init       
00002a39  SYSCFG_DL_SYSCTL_init          
00002895  SYSCFG_DL_init                 
00002529  SYSCFG_DL_initPower            
000025f7  SysTick_Handler                
000025f7  TIMA0_IRQHandler               
000024a5  TIMA1_IRQHandler               
000025f7  TIMG0_IRQHandler               
000025f7  TIMG12_IRQHandler              
000025f7  TIMG6_IRQHandler               
000025f7  TIMG7_IRQHandler               
000025f7  TIMG8_IRQHandler               
00002655  UART0_IRQHandler               
000025f7  UART1_IRQHandler               
000025f7  UART2_IRQHandler               
000025f7  UART3_IRQHandler               
20208000  __STACK_END                    
00000200  __STACK_SIZE                   
00000000  __TI_ATRegion0_region_sz       
00000000  __TI_ATRegion0_src_addr        
00000000  __TI_ATRegion0_trg_addr        
00000000  __TI_ATRegion1_region_sz       
00000000  __TI_ATRegion1_src_addr        
00000000  __TI_ATRegion1_trg_addr        
00000000  __TI_ATRegion2_region_sz       
00000000  __TI_ATRegion2_src_addr        
00000000  __TI_ATRegion2_trg_addr        
00002df4  __TI_CINIT_Base                
00002dfc  __TI_CINIT_Limit               
00002dfc  __TI_CINIT_Warm                
00002df0  __TI_Handler_Table_Base        
00002df4  __TI_Handler_Table_Limit       
0000299d  __TI_auto_init_nobinit_nopinit 
ffffffff  __TI_pprof_out_hndl            
ffffffff  __TI_prof_data_size            
ffffffff  __TI_prof_data_start           
00000000  __TI_static_base__             
00002b37  __TI_zero_init_nomemset        
00002aff  __aeabi_idiv0                  
00002921  __aeabi_uidiv                  
00002921  __aeabi_uidivmod               
ffffffff  __binit__                      
UNDEFED   __mpu_init                     
20207e00  __stack                        
20200000  __start___llvm_prf_bits        
20200000  __start___llvm_prf_cnts        
20200000  __stop___llvm_prf_bits         
20200000  __stop___llvm_prf_cnts         
00002a91  _c_int00_noargs                
UNDEFED   _system_post_cinit             
00002b89  _system_pre_init               
00002b7b  abort                          
ffffffff  binit                          
20200000  gLEFT_CAPTUREBackup            
2020022c  gRADIO_SPIBackup               
202000bc  gRIGHT_QEIBackup               
00000000  interruptVectors               
000000c1  main                           
00002adf  memcmp                         


GLOBAL SYMBOLS: SORTED BY Symbol Address 

address   name                           
-------   ----                           
00000000  __TI_ATRegion0_region_sz       
00000000  __TI_ATRegion0_src_addr        
00000000  __TI_ATRegion0_trg_addr        
00000000  __TI_ATRegion1_region_sz       
00000000  __TI_ATRegion1_src_addr        
00000000  __TI_ATRegion1_trg_addr        
00000000  __TI_ATRegion2_region_sz       
00000000  __TI_ATRegion2_src_addr        
00000000  __TI_ATRegion2_trg_addr        
00000000  __TI_static_base__             
00000000  interruptVectors               
000000c1  main                           
00000200  __STACK_SIZE                   
00002299  SYSCFG_DL_GPIO_init            
00002369  SYSCFG_DL_LEFT_CAPTURE_init    
00002419  SYSCFG_DL_DIAG_UART_init       
000024a5  TIMA1_IRQHandler               
00002529  SYSCFG_DL_initPower            
00002599  DL_I2C_fillControllerTXFIFO    
000025f7  ADC0_IRQHandler                
000025f7  ADC1_IRQHandler                
000025f7  AES_IRQHandler                 
000025f7  CANFD0_IRQHandler              
000025f7  DAC0_IRQHandler                
000025f7  DMA_IRQHandler                 
000025f7  Default_Handler                
000025f7  GROUP0_IRQHandler              
000025f7  GROUP1_IRQHandler              
000025f7  HardFault_Handler              
000025f7  I2C0_IRQHandler                
000025f7  I2C1_IRQHandler                
000025f7  NMI_Handler                    
000025f7  PendSV_Handler                 
000025f7  RTC_IRQHandler                 
000025f7  SPI0_IRQHandler                
000025f7  SPI1_IRQHandler                
000025f7  SVC_Handler                    
000025f7  SysTick_Handler                
000025f7  TIMA0_IRQHandler               
000025f7  TIMG0_IRQHandler               
000025f7  TIMG12_IRQHandler              
000025f7  TIMG6_IRQHandler               
000025f7  TIMG7_IRQHandler               
000025f7  TIMG8_IRQHandler               
000025f7  UART1_IRQHandler               
000025f7  UART2_IRQHandler               
000025f7  UART3_IRQHandler               
000025f9  SYSCFG_DL_RIGHT_QEI_init       
00002655  UART0_IRQHandler               
000026b1  DL_SPI_drainRXFIFO8            
00002705  DL_SPI_fillTXFIFO8             
00002759  SYSCFG_DL_MPU_I2C_init         
000027ad  SYSCFG_DL_OLED_I2C_init        
00002801  SYSCFG_DL_RADIO_SPI_init       
0000284d  DL_UART_init                   
00002895  SYSCFG_DL_init                 
000028dd  DL_SPI_init                    
00002921  __aeabi_uidiv                  
00002921  __aeabi_uidivmod               
00002961  DL_I2C_flushControllerTXFIFO   
0000299d  __TI_auto_init_nobinit_nopinit 
000029d9  DL_I2C_flushControllerRXFIFO   
00002a09  DL_UART_transmitDataBlocking   
00002a39  SYSCFG_DL_SYSCTL_init          
00002a69  DL_Timer_setCaptureCompareCtl  
00002a91  _c_int00_noargs                
00002ab9  DL_I2C_setClockConfig          
00002adf  memcmp                         
00002aff  __aeabi_idiv0                  
00002b01  DL_Timer_setClockConfig        
00002b1d  DL_Timer_setCaptureCompareInput
00002b37  __TI_zero_init_nomemset        
00002b4d  DL_SPI_setClockConfig          
00002b5f  DL_UART_setClockConfig         
00002b71  DL_Common_delayCycles          
00002b7b  abort                          
00002b80  C$$EXIT                        
00002b81  HOSTexit                       
00002b85  Reset_Handler                  
00002b89  _system_pre_init               
00002df0  __TI_Handler_Table_Base        
00002df4  __TI_CINIT_Base                
00002df4  __TI_Handler_Table_Limit       
00002dfc  __TI_CINIT_Limit               
00002dfc  __TI_CINIT_Warm                
20200000  __start___llvm_prf_bits        
20200000  __start___llvm_prf_cnts        
20200000  __stop___llvm_prf_bits         
20200000  __stop___llvm_prf_cnts         
20200000  gLEFT_CAPTUREBackup            
202000bc  gRIGHT_QEIBackup               
2020022c  gRADIO_SPIBackup               
20207e00  __stack                        
20208000  __STACK_END                    
ffffffff  __TI_pprof_out_hndl            
ffffffff  __TI_prof_data_size            
ffffffff  __TI_prof_data_start           
ffffffff  __binit__                      
ffffffff  binit                          
UNDEFED   __mpu_init                     
UNDEFED   _system_post_cinit             

[101 symbols]
