******************************************************************************
            TI ARM Clang Linker PC v5.1.1                      
******************************************************************************
>> Linked Sat Aug  1 16:04:54 2026

OUTPUT FILE NAME:   <test1.out>
ENTRY POINT SYMBOL: "_c_int00_noargs"  address: 0000d3e9


MEMORY CONFIGURATION

         name            origin    length      used     unused   attr    fill
----------------------  --------  ---------  --------  --------  ----  --------
  FLASH                 00000000   00020000  0000e300  00011d00  R  X
  SRAM                  20200000   00008000  00000acd  00007533  RW X
  BCR_CONFIG            41c00000   000000ff  00000000  000000ff  R   
  BSL_CONFIG            41c00100   00000080  00000000  00000080  R   


SEGMENT ALLOCATION MAP

run origin  load origin   length   init length attrs members
----------  ----------- ---------- ----------- ----- -------
00000000    00000000    0000e300   0000e300    r-x
  00000000    00000000    000000c0   000000c0    r-- .intvecs
  000000c0    000000c0    0000d690   0000d690    r-x .text
  0000d750    0000d750    00000b80   00000b80    r-- .rodata
  0000e2d0    0000e2d0    00000030   00000030    r-- .cinit
20200000    20200000    000008cd   00000000    rw-
  20200000    20200000    000008cc   00000000    rw- .bss
  202008cc    202008cc    00000001   00000000    rw- .data
20207e00    20207e00    00000200   00000000    rw-
  20207e00    20207e00    00000200   00000000    rw- .stack


SECTION ALLOCATION MAP

 output                                  attributes/
section   page    origin      length       input sections
--------  ----  ----------  ----------   ----------------
.intvecs   0    00000000    000000c0     
                  00000000    000000c0     startup_mspm0g350x_ticlang.o (.intvecs)

.text      0    000000c0    0000d690     
                  000000c0    00002504     diag_console.o (.text.reportReq002)
                  000025c4    00002070     diag_console.o (.text.DiagConsole_service)
                  00004634    000016fc     diag_console.o (.text.reportRadioStatus)
                  00005d30    000014e4     diag_console.o (.text.reportLine)
                  00007214    00000774     diag_console.o (.text.reportStatus)
                  00007988    000005cc     oled_ssd1306.o (.text.OledSsd1306_showReq002Status)
                  00007f54    0000049c     nrf24_ptx.o (.text.Nrf24Ptx_service)
                  000083f0    00000458     diag_console.o (.text.reportRadioRegisters)
                  00008848    00000444     oled_ssd1306.o (.text.OledSsd1306_showTestPattern)
                  00008c8c    00000400     diag_console.o (.text.reportI2c)
                  0000908c    00000340     k230_link.o (.text.K230Link_service)
                  000093cc    00000304     diag_console.o (.text.runSelfTest)
                  000096d0    000002e4     line_tracking.o (.text.LineTracking_service)
                  000099b4    000002bc     line_sensors.o (.text.readRegisterBlock)
                  00009c70    000002ac     oled_ssd1306.o (.text.OledSsd1306_forceAllPixelsOnSh1106)
                  00009f1c    000002a4     oled_ssd1306.o (.text.OledSsd1306_forceAllPixelsOn)
                  0000a1c0    0000023c     line_sensors.o (.text.LineSensors_service)
                  0000a3fc    00000208     diag_console.o (.text.forceOledAllOn)
                  0000a604    000001a2     pid.o (.text.Pid_step)
                  0000a7a6    00000002     startup_mspm0g350x_ticlang.o (.text.Default_Handler)
                  0000a7a8    0000019c     diag_console.o (.text.DiagConsole_reportBoot)
                  0000a944    00000184     nrf24_ptx.o (.text.transaction)
                  0000aac8    0000017c     req002.o (.text.Req002_service)
                  0000ac44    0000016c     diag_console.o (.text.writeI32)
                  0000adb0    00000168     encoders.o (.text.Encoders_speedShadowService)
                  0000af18    00000154     diag_console.o (.text.writeU32)
                  0000b06c    00000148     diag_console.o (.text.clearOled)
                  0000b1b4    0000012c     i2c_diag.o (.text.I2cDiag_scan)
                  0000b2e0    0000011c     nrf24_ptx.o (.text.Nrf24Ptx_captureDiagnosticChar)
                  0000b3fc    0000011c     diag_console.o (.text.forceOledAllOnSh1106)
                  0000b518    0000011c     diag_console.o (.text.runOledTest)
                  0000b634    00000116     oled_ssd1306.o (.text.writePageData)
                  0000b74a    00000002     motor_test.o (.text.MotorTest_onTimebaseTick)
                  0000b74c    00000108     ti_msp_dl_config.o (.text.SYSCFG_DL_GPIO_init)
                  0000b854    00000104     driverlib.a : dl_timer.o (.text.DL_Timer_initFourCCPWMMode)
                  0000b958    00000104     empty.o (.text.main)
                  0000ba5c    000000ec     app.o (.text.App_service)
                  0000bb48    000000ec     nrf24_ptx.o (.text.command)
                  0000bc34    000000d8     libclang_rt.builtins.a : addsf3.S.obj (.text)
                  0000bd0c    000000c0     encoders.o (.text.Encoders_speedShadowInit)
                  0000bdcc    000000b8     oled_ssd1306.o (.text.writeSmall)
                  0000be84    0000009a     libc.a : memcpy16.S.obj (.text:memcpy)
                  0000bf1e    00000002     motor_test.o (.text.MotorTest_service)
                  0000bf20    00000094     oled_ssd1306.o (.text.OledSsd1306_clear)
                  0000bfb4    00000094     ti_msp_dl_config.o (.text.SYSCFG_DL_MOTOR_PWM_init)
                  0000c048    00000090     k230_link.o (.text.K230Link_init)
                  0000c0d8    0000008c     ti_msp_dl_config.o (.text.SYSCFG_DL_DIAG_UART_init)
                  0000c164    0000008c     ti_msp_dl_config.o (.text.SYSCFG_DL_K230_UART_init)
                  0000c1f0    0000008c     libclang_rt.builtins.a : comparesf2.S.obj (.text)
                  0000c27c    0000008c                            : mulsf3.S.obj (.text)
                  0000c308    00000084     nrf24_ptx.o (.text.Nrf24Ptx_init)
                  0000c38c    00000082     libclang_rt.builtins.a : divsf3.S.obj (.text)
                  0000c40e    00000002                            : aeabi_div0.c.obj (.text.__aeabi_idiv0)
                  0000c410    0000007c     k230_link.o (.text.K230Link_snapshot)
                  0000c48c    0000007c     ti_msp_dl_config.o (.text.SYSCFG_DL_initPower)
                  0000c508    0000007c     libc.a : copy_decompress_lzss.c.obj (.text:decompress:lzss)
                  0000c584    00000078     diag_console.o (.text.writeText)
                  0000c5fc    00000070     board_safety.o (.text.BoardSafety_service)
                  0000c66c    00000064     encoders.o (.text.Encoders_init)
                  0000c6d0    00000064     nrf24_ptx.o (.text.writeRegistersAndVerify)
                  0000c734    00000062     libc.a : memset16.S.obj (.text:memset)
                  0000c796    00000002     --HOLE-- [fill = 0]
                  0000c798    00000060     app.o (.text.App_init)
                  0000c7f8    0000005e     driverlib.a : dl_i2c.o (.text.DL_I2C_fillControllerTXFIFO)
                  0000c856    00000002     --HOLE-- [fill = 0]
                  0000c858    0000005c     diag_console.o (.text.DiagConsole_onUartInterrupt)
                  0000c8b4    0000005c     encoders.o (.text.Encoders_snapshot)
                  0000c910    0000005c     ti_msp_dl_config.o (.text.SYSCFG_DL_RIGHT_QEI_init)
                  0000c96c    0000005a     libclang_rt.builtins.a : aeabi_fcmp.S.obj (.text)
                  0000c9c6    00000002     --HOLE-- [fill = 0]
                  0000c9c8    00000058     motor_driver.o (.text.MotorDriver_init)
                  0000ca20    00000058     motor_driver.o (.text.MotorDriver_outputsStopped)
                  0000ca78    00000054     board_safety.o (.text.BoardSafety_stop)
                  0000cacc    00000054     driverlib.a : dl_spi.o (.text.DL_SPI_drainRXFIFO8)
                  0000cb20    00000054     nrf24_ptx.o (.text.Nrf24Ptx_getStatus)
                  0000cb74    00000054     nrf24_ptx.o (.text.Nrf24Ptx_readCoreRegisters)
                  0000cbc8    00000054     ti_msp_dl_config.o (.text.SYSCFG_DL_LINE_I2C_init)
                  0000cc1c    00000054     ti_msp_dl_config.o (.text.SYSCFG_DL_OLED_I2C_init)
                  0000cc70    00000050     board_safety.o (.text.BoardSafety_init)
                  0000ccc0    00000050     nrf24_ptx.o (.text.Nrf24Ptx_arm)
                  0000cd10    00000050     req002.o (.text.Req002_init)
                  0000cd60    0000004c     ti_msp_dl_config.o (.text.SYSCFG_DL_RADIO_SPI_init)
                  0000cdac    0000004c     ti_msp_dl_config.o (.text.SYSCFG_DL_init)
                  0000cdf8    0000004c     start_button.o (.text.StartButton_poll)
                  0000ce44    00000048     driverlib.a : dl_uart.o (.text.DL_UART_init)
                  0000ce8c    00000048     diag_console.o (.text.DiagConsole_init)
                  0000ced4    00000048     k230_link.o (.text.K230Link_pushRxByteFromIsr)
                  0000cf1c    00000048     line_tracking.o (.text.LineTracking_init)
                  0000cf64    00000048     nrf24_ptx.o (.text.writeAndVerify)
                  0000cfac    00000044     driverlib.a : dl_spi.o (.text.DL_SPI_init)
                  0000cff0    00000044     req002.o (.text.Req002_abort)
                  0000d034    00000044     empty.o (.text.UART1_IRQHandler)
                  0000d078    00000040     motor_driver.o (.text.MotorDriver_stopAll)
                  0000d0b8    00000040     libclang_rt.builtins.a : aeabi_uidivmod.S.obj (.text)
                  0000d0f8    0000003c     driverlib.a : dl_i2c.o (.text.DL_I2C_flushControllerTXFIFO)
                  0000d134    0000003c     encoders.o (.text.Encoders_onLeftEncoderAInterrupt)
                  0000d170    0000003c     nrf24_ptx.o (.text.Nrf24Ptx_disarm)
                  0000d1ac    0000003c     libc.a : autoinit.c.obj (.text:__TI_auto_init_nobinit_nopinit)
                  0000d1e8    0000003a     libclang_rt.builtins.a : muldsi3.S.obj (.text)
                  0000d222    00000002     --HOLE-- [fill = 0]
                  0000d224    00000038     diag_console.o (.text.newLine)
                  0000d25c    00000038     libclang_rt.builtins.a : fixsfsi.S.obj (.text)
                  0000d294    00000034     board_safety.o (.text.BoardSafety_outputsSafe)
                  0000d2c8    00000034     k230_link.o (.text.K230Link_getStats)
                  0000d2fc    00000030     driverlib.a : dl_i2c.o (.text.DL_I2C_flushControllerRXFIFO)
                  0000d32c    00000030                 : dl_uart.o (.text.DL_UART_transmitDataBlocking)
                  0000d35c    00000030     ti_msp_dl_config.o (.text.SYSCFG_DL_SYSCTL_init)
                  0000d38c    00000030     timebase.o (.text.Timebase_init)
                  0000d3bc    0000002c     nrf24_ptx.o (.text.Nrf24Ptx_safeWhenDisarmed)
                  0000d3e8    00000028     libc.a : boot_cortex_m.c.obj (.text:_c_int00_noargs)
                  0000d410    00000028     libclang_rt.builtins.a : floatunsisf.S.obj (.text)
                  0000d438    00000026     driverlib.a : dl_i2c.o (.text.DL_I2C_setClockConfig)
                  0000d45e    00000002     --HOLE-- [fill = 0]
                  0000d460    00000024     empty.o (.text.GROUP1_IRQHandler)
                  0000d484    00000020     motor_test.o (.text.MotorTest_abort)
                  0000d4a4    00000020     motor_test.o (.text.MotorTest_init)
                  0000d4c4    00000020     start_button.o (.text.StartButton_init)
                  0000d4e4    00000020     libc.a : memcmp.c.obj (.text.memcmp)
                  0000d504    0000001c     driverlib.a : dl_spi.o (.text.DL_SPI_receiveDataCheck8)
                  0000d520    0000001c                 : dl_spi.o (.text.DL_SPI_transmitDataCheck8)
                  0000d53c    0000001c                 : dl_timer.o (.text.DL_Timer_setCaptCompUpdateMethod)
                  0000d558    0000001c                 : dl_timer.o (.text.DL_Timer_setClockConfig)
                  0000d574    0000001c     line_sensors.o (.text.LineSensors_init)
                  0000d590    0000001c     pid.o (.text.Pid_init)
                  0000d5ac    0000001a     libclang_rt.builtins.a : aeabi_memset.S.obj (.text)
                  0000d5c6    00000002     --HOLE-- [fill = 0]
                  0000d5c8    00000018     driverlib.a : dl_timer.o (.text.DL_Timer_setCaptureCompareOutCtl)
                  0000d5e0    00000018     k230_link.o (.text.K230Link_pendingBytes)
                  0000d5f8    00000018     line_sensors.o (.text.LineSensors_snapshot)
                  0000d610    00000018     req002.o (.text.Req002_blockReasonName)
                  0000d628    00000018     req002.o (.text.Req002_stateName)
                  0000d640    00000014     start_button.o (.text.StartButton_readHardwarePressed)
                  0000d654    00000012     driverlib.a : dl_spi.o (.text.DL_SPI_setClockConfig)
                  0000d666    00000012                 : dl_uart.o (.text.DL_UART_setClockConfig)
                  0000d678    00000012     libc.a : copy_decompress_none.c.obj (.text:decompress:none)
                  0000d68a    00000002     --HOLE-- [fill = 0]
                  0000d68c    00000010     driverlib.a : dl_timer.o (.text.DL_Timer_getCaptureCompareValue)
                  0000d69c    00000010                 : dl_timer.o (.text.DL_Timer_setCaptureCompareValue)
                  0000d6ac    00000010     pid.o (.text.Pid_reset)
                  0000d6bc    00000010     empty.o (.text.SysTick_Handler)
                  0000d6cc    00000010     timebase.o (.text.Timebase_onSysTick)
                  0000d6dc    00000010     libc.a : copy_zero_init.c.obj (.text:decompress:ZI)
                  0000d6ec    0000000c     timebase.o (.text.Timebase_nowMs)
                  0000d6f8    0000000a     driverlib.a : dl_common.o (.text.DL_Common_delayCycles)
                  0000d702    0000000a     start_button.o (.text.StartButton_takePress)
                  0000d70c    00000008     board_safety.o (.text.BoardSafety_buzzerPolicy)
                  0000d714    00000008     line_tracking.o (.text.LineTracking_getStatus)
                  0000d71c    00000008     req002.o (.text.Req002_getStatus)
                  0000d724    00000008     timebase.o (.text.Timebase_reached)
                  0000d72c    00000008     empty.o (.text.UART0_IRQHandler)
                  0000d734    00000008     libclang_rt.builtins.a : aeabi_memcpy.S.obj (.text)
                  0000d73c    00000006     libc.a : exit.c.obj (.text:abort)
                  0000d742    00000004     libsysbm.a : hostexit.c.obj (.text.HOSTexit)
                  0000d746    00000004     startup_mspm0g350x_ticlang.o (.text.Reset_Handler)
                  0000d74a    00000004     libc.a : pre_init.c.obj (.text._system_pre_init)
                  0000d74e    00000002     --HOLE-- [fill = 0]

.cinit     0    0000e2d0    00000030     
                  0000e2d0    0000000c     (__TI_handler_table)
                  0000e2dc    00000008     (.cinit..bss.load) [load image, compression = zero_init]
                  0000e2e4    00000005     (.cinit..data.load) [load image, compression = lzss]
                  0000e2e9    00000003     --HOLE-- [fill = 0]
                  0000e2ec    00000010     (__TI_cinit_table)
                  0000e2fc    00000004     --HOLE-- [fill = 0]

.rodata    0    0000d750    00000b80     
                  0000d750    00000100     k230_link.o (.rodata..L.crctable)
                  0000d850    000000c7     diag_console.o (.rodata.str1.2047669683145328269.1)
                  0000d917    00000082     oled_ssd1306.o (.rodata.gLetters)
                  0000d999    00000063     diag_console.o (.rodata.str1.7732308573000650393.1)
                  0000d9fc    00000048     diag_console.o (.rodata.str1.9707112319961652996.1)
                  0000da44    00000044     diag_console.o (.rodata.str1.10547048922053563066.1)
                  0000da88    0000003b     diag_console.o (.rodata.str1.15625074855538008002.1)
                  0000dac3    00000038     diag_console.o (.rodata.str1.14216939884319605972.1)
                  0000dafb    00000036     diag_console.o (.rodata.str1.7357183369378266487.1)
                  0000db31    00000035     diag_console.o (.rodata.str1.2596147747606907474.1)
                  0000db66    00000034     diag_console.o (.rodata.str1.586156461584364517.1)
                  0000db9a    00000032     oled_ssd1306.o (.rodata.gDigits)
                  0000dbcc    00000032     board_safety.o (.rodata.str1.1461871966798876460.1)
                  0000dbfe    00000031     diag_console.o (.rodata.str1.12716740232725884172.1)
                  0000dc2f    0000002f     diag_console.o (.rodata.str1.13280864962473139851.1)
                  0000dc5e    0000002f     diag_console.o (.rodata.str1.14422074039385044664.1)
                  0000dc8d    0000002b     diag_console.o (.rodata.str1.42216778291788941.1)
                  0000dcb8    00000028     diag_console.o (.rodata.str1.7581599195524770307.1)
                  0000dce0    00000026     diag_console.o (.rodata.str1.10189095251767917611.1)
                  0000dd06    00000026     diag_console.o (.rodata.str1.719103272933316442.1)
                  0000dd2c    00000024     req002.o (.rodata..Lswitch.table.Req002_blockReasonName)
                  0000dd50    00000024     req002.o (.rodata..Lswitch.table.Req002_stateName)
                  0000dd74    00000023     diag_console.o (.rodata.str1.14026284630131305620.1)
                  0000dd97    00000023     diag_console.o (.rodata.str1.3251375336230076641.1)
                  0000ddba    00000022     diag_console.o (.rodata.str1.4003969796065526343.1)
                  0000dddc    00000020     line_tracking.o (.rodata.cst32)
                  0000ddfc    0000001f     diag_console.o (.rodata.str1.14265534512352903045.1)
                  0000de1b    0000001c     req002.o (.rodata.str1.13275248019535299154.1)
                  0000de37    0000001a     diag_console.o (.rodata.str1.2111541797422310849.1)
                  0000de51    0000001a     req002.o (.rodata.str1.9392822210274423405.1)
                  0000de6b    00000001     --HOLE-- [fill = 0]
                  0000de6c    00000019     nrf24_ptx.o (.rodata.str1.6094559527043233380.4)
                  0000de85    00000003     ti_msp_dl_config.o (.rodata.gMOTOR_PWMClockConfig)
                  0000de88    00000018     nrf24_ptx.o (.rodata..Lswitch.table.Nrf24Ptx_getStatus)
                  0000dea0    00000018     oled_ssd1306.o (.rodata.initializeAt.commands)
                  0000deb8    00000018     diag_console.o (.rodata.str1.5327081883680934297.1)
                  0000ded0    00000017     req002.o (.rodata.str1.10230131912623405435.1)
                  0000dee7    00000017     diag_console.o (.rodata.str1.8468701901237678614.1)
                  0000defe    00000016     diag_console.o (.rodata.str1.10092175090239738319.1)
                  0000df14    00000016     diag_console.o (.rodata.str1.5824879526590977974.1)
                  0000df2a    00000016     diag_console.o (.rodata.str1.6718555251542537173.1)
                  0000df40    00000015     req002.o (.rodata.str1.9213031953659428922.1)
                  0000df55    00000014     diag_console.o (.rodata.str1.13160629704296733059.1)
                  0000df69    00000014     req002.o (.rodata.str1.1536853367382378965.1)
                  0000df7d    00000014     req002.o (.rodata.str1.7316036974658646067.1)
                  0000df91    00000014     req002.o (.rodata.str1.9277730485512377852.1)
                  0000dfa5    00000013     diag_console.o (.rodata.str1.13429554332974121859.1)
                  0000dfb8    00000011     req002.o (.rodata.str1.11801953346847374107.1)
                  0000dfc9    00000011     req002.o (.rodata.str1.246851255980436067.1)
                  0000dfda    00000011     diag_console.o (.rodata.str1.9305979691969886280.1)
                  0000dfeb    00000001     --HOLE-- [fill = 0]
                  0000dfec    00000010     oled_ssd1306.o (.rodata.OledSsd1306_showReq002Status.stateText)
                  0000dffc    00000010     nrf24_ptx.o (.rodata.str1.17419335730769077557.1)
                  0000e00c    0000000f     diag_console.o (.rodata.str1.810607564276269461.1)
                  0000e01b    0000000f     diag_console.o (.rodata.str1.9757831788182070933.1)
                  0000e02a    0000000e     nrf24_ptx.o (.rodata.gProfile)
                  0000e038    0000000e     req002.o (.rodata.str1.11012809159570234960.1)
                  0000e046    0000000e     diag_console.o (.rodata.str1.15759258491055097000.1)
                  0000e054    0000000e     diag_console.o (.rodata.str1.8714582252565932376.1)
                  0000e062    0000000d     diag_console.o (.rodata.str1.15191501805510545095.1)
                  0000e06f    0000000d     diag_console.o (.rodata.str1.18237275900639492659.1)
                  0000e07c    0000000d     diag_console.o (.rodata.str1.4753132208752387408.1)
                  0000e089    0000000d     nrf24_ptx.o (.rodata.str1.632614121974113092.1)
                  0000e096    0000000d     diag_console.o (.rodata.str1.8382040091638840980.1)
                  0000e0a3    0000000d     diag_console.o (.rodata.str1.9009639935792097996.1)
                  0000e0b0    0000000c     req002.o (.rodata.str1.14163026172649738486.1)
                  0000e0bc    0000000c     diag_console.o (.rodata.str1.15804963083468125269.1)
                  0000e0c8    0000000c     nrf24_ptx.o (.rodata.str1.18158066330371006656.1)
                  0000e0d4    0000000c     diag_console.o (.rodata.str1.8341931057821991107.1)
                  0000e0e0    0000000b     diag_console.o (.rodata.str1.10021391958218067169.1)
                  0000e0eb    0000000b     diag_console.o (.rodata.str1.10838375267284401125.1)
                  0000e0f6    0000000b     diag_console.o (.rodata.str1.11858721499567804342.1)
                  0000e101    0000000b     req002.o (.rodata.str1.14519661726848775581.1)
                  0000e10c    0000000b     diag_console.o (.rodata.str1.15004393915158247055.1)
                  0000e117    0000000b     diag_console.o (.rodata.str1.17217747830118470281.1)
                  0000e122    0000000b     diag_console.o (.rodata.str1.17570078357027493973.1)
                  0000e12d    0000000b     diag_console.o (.rodata.str1.17854535991371942916.1)
                  0000e138    0000000b     diag_console.o (.rodata.str1.2437401455240083982.1)
                  0000e143    0000000b     diag_console.o (.rodata.str1.4088845919059740246.1)
                  0000e14e    0000000b     diag_console.o (.rodata.str1.475083551094971178.1)
                  0000e159    0000000a     app.o (.rodata..Lswitch.table.App_service)
                  0000e163    00000001     --HOLE-- [fill = 0]
                  0000e164    0000000a     ti_msp_dl_config.o (.rodata.gDIAG_UARTConfig)
                  0000e16e    0000000a     ti_msp_dl_config.o (.rodata.gK230_UARTConfig)
                  0000e178    0000000a     ti_msp_dl_config.o (.rodata.gRADIO_SPI_config)
                  0000e182    0000000a     diag_console.o (.rodata.str1.10020677278003191597.1)
                  0000e18c    0000000a     req002.o (.rodata.str1.11700141885548915133.1)
                  0000e196    0000000a     diag_console.o (.rodata.str1.15307067426115469236.1)
                  0000e1a0    0000000a     diag_console.o (.rodata.str1.15947943532119924092.1)
                  0000e1aa    0000000a     diag_console.o (.rodata.str1.3586807474570239301.1)
                  0000e1b4    00000009     req002.o (.rodata.str1.12553014538444358850.1)
                  0000e1bd    00000009     diag_console.o (.rodata.str1.1424010353822986971.1)
                  0000e1c6    00000009     nrf24_ptx.o (.rodata.str1.1466761408321915565.1)
                  0000e1cf    00000009     diag_console.o (.rodata.str1.16718133499535619421.1)
                  0000e1d8    00000009     diag_console.o (.rodata.str1.17103627226480421635.1)
                  0000e1e1    00000009     diag_console.o (.rodata.str1.17197432830885351810.1)
                  0000e1ea    00000009     oled_ssd1306.o (.rodata.str1.18394381519249814195.1)
                  0000e1f3    00000009     nrf24_ptx.o (.rodata.str1.3287502044353476605.1)
                  0000e1fc    00000009     req002.o (.rodata.str1.4498054223093770164.1)
                  0000e205    00000009     req002.o (.rodata.str1.9783865751474204056.1)
                  0000e20e    00000002     ti_msp_dl_config.o (.rodata.gDIAG_UARTClockConfig)
                  0000e210    00000008     ti_msp_dl_config.o (.rodata.gMOTOR_PWMConfig)
                  0000e218    00000008     diag_console.o (.rodata.str1.1116829374954328495.1)
                  0000e220    00000008     oled_ssd1306.o (.rodata.str1.3044767245126136175.1)
                  0000e228    00000007     diag_console.o (.rodata.str1.2566524860297826098.1)
                  0000e22f    00000007     diag_console.o (.rodata.str1.5926118724489890093.1)
                  0000e236    00000007     diag_console.o (.rodata.str1.7767364581813029062.1)
                  0000e23d    00000006     diag_console.o (.rodata.str1.1008767523004470630.1)
                  0000e243    00000006     diag_console.o (.rodata.str1.11297099101431644167.1)
                  0000e249    00000006     req002.o (.rodata.str1.1330840565073376.1)
                  0000e24f    00000006     oled_ssd1306.o (.rodata.str1.155559926808992207.1)
                  0000e255    00000006     nrf24_ptx.o (.rodata.str1.17809926154172099862.1)
                  0000e25b    00000006     oled_ssd1306.o (.rodata.str1.17912449882519859512.1)
                  0000e261    00000006     req002.o (.rodata.str1.404665452499805758.1)
                  0000e267    00000006     diag_console.o (.rodata.str1.6066754825680800963.1)
                  0000e26d    00000005     diag_console.o (.rodata.str1.11767802008270839024.1)
                  0000e272    00000005     req002.o (.rodata.str1.11884172484412477609.1)
                  0000e277    00000005     nrf24_ptx.o (.rodata.str1.1246111486341945488.1)
                  0000e27c    00000005     oled_ssd1306.o (.rodata.str1.14073963438480896185.1)
                  0000e281    00000005     diag_console.o (.rodata.str1.16398612393838456628.1)
                  0000e286    00000005     diag_console.o (.rodata.str1.16786332400914981058.1)
                  0000e28b    00000005     diag_console.o (.rodata.str1.3120395613318375967.1)
                  0000e290    00000005     req002.o (.rodata.str1.4278235483893593186.1)
                  0000e295    00000005     diag_console.o (.rodata.str1.5142683573253984041.1)
                  0000e29a    00000005     diag_console.o (.rodata.str1.8182549175682356078.1)
                  0000e29f    00000005     diag_console.o (.rodata.str1.8535165006884115289.1)
                  0000e2a4    00000005     diag_console.o (.rodata.str1.9239603917100908406.1)
                  0000e2a9    00000004     diag_console.o (.rodata.str1.16469263393576567306.1)
                  0000e2ad    00000004     oled_ssd1306.o (.rodata.str1.4552292588570905864.1)
                  0000e2b1    00000004     diag_console.o (.rodata.str1.5171941431370459453.1)
                  0000e2b5    00000003     ti_msp_dl_config.o (.rodata.gRIGHT_QEIClockConfig)
                  0000e2b8    00000003     diag_console.o (.rodata.str1.852583045405672653.1)
                  0000e2bb    00000002     ti_msp_dl_config.o (.rodata.gK230_UARTClockConfig)
                  0000e2bd    00000002     ti_msp_dl_config.o (.rodata.gLINE_I2CClockConfig)
                  0000e2bf    00000002     ti_msp_dl_config.o (.rodata.gOLED_I2CClockConfig)
                  0000e2c1    00000002     ti_msp_dl_config.o (.rodata.gRADIO_SPI_clockConfig)
                  0000e2c3    0000000d     --HOLE-- [fill = 0]

.init_array 
*          0    00000000    00000000     UNINITIALIZED

.binit     0    00000000    00000000     

.bss       0    20200000    000008cc     UNINITIALIZED
                  20200000    00000240     nrf24_ptx.o (.bss.gQueue)
                  20200240    000000c0     nrf24_ptx.o (.bss.gDiagLine)
                  20200300    000000bc     (.common:gMOTOR_PWMBackup)
                  202003bc    000000a0     (.common:gRIGHT_QEIBackup)
                  2020045c    00000084     (.common:gK230RuntimeDiag)
                  202004e0    00000080     diag_console.o (.bss.gRxBuffer)
                  20200560    00000080     k230_link.o (.bss.gRxQueue)
                  202005e0    00000078     req002.o (.bss.gStatus)
                  20200658    00000060     (.common:gEncoderSpeedShadow)
                  202006b8    00000050     diag_console.o (.bss.gCommand)
                  20200708    0000003c     k230_link.o (.bss.gStats)
                  20200744    0000003c     line_tracking.o (.bss.gStatus)
                  20200780    00000030     line_tracking.o (.bss.gShadowPid)
                  202007b0    0000002c     line_sensors.o (.bss.gSample)
                  202007dc    00000028     (.common:gRADIO_SPIBackup)
                  20200804    00000020     k230_link.o (.bss.gLatest)
                  20200824    0000001c     nrf24_ptx.o (.bss.gStats)
                  20200840    00000010     motor_test.o (.bss.gStatus)
                  20200850    0000000e     k230_link.o (.bss.gFrame)
                  2020085e    00000002     nrf24_ptx.o (.bss.gDiagLineLength)
                  20200860    00000008     app.o (.bss.gStartButton)
                  20200868    00000006     motor_driver.o (.bss.gStatus)
                  2020086e    00000002     nrf24_ptx.o (.bss.gNextMessageId)
                  20200870    00000004     nrf24_ptx.o (.bss.gDeadline)
                  20200874    00000004     k230_link.o (.bss.gLastObservedOverflow)
                  20200878    00000004     k230_link.o (.bss.gLastSequenceAdvanceMs)
                  2020087c    00000004     encoders.o (.bss.gLeftCount)
                  20200880    00000004     encoders.o (.bss.gLeftInvalidTransitions)
                  20200884    00000004     timebase.o (.bss.gMilliseconds)
                  20200888    00000004     line_sensors.o (.bss.gNextPollMs)
                  2020088c    00000004     k230_link.o (.bss.gQueueOverflowsFromIsr)
                  20200890    00000004     k230_link.o (.bss.gRxBytesFromIsr)
                  20200894    00000004     diag_console.o (.bss.gRxOverflow)
                  20200898    00000004     encoders.o (.bss.gShadowLastSampleMs)
                  2020089c    00000004     encoders.o (.bss.gShadowNextSampleMs)
                  202008a0    00000004     encoders.o (.bss.gShadowPreviousInvalidTransitions)
                  202008a4    00000004     encoders.o (.bss.gShadowPreviousLeftCount)
                  202008a8    00000004     encoders.o (.bss.gShadowPreviousRightCount)
                  202008ac    00000003     oled_ssd1306.o (.bss.gStatus)
                  202008af    00000001     nrf24_ptx.o (.bss.gArmed)
                  202008b0    00000002     diag_console.o (.bss.gRxHead)
                  202008b2    00000002     k230_link.o (.bss.gRxHead)
                  202008b4    00000002     diag_console.o (.bss.gRxTail)
                  202008b6    00000002     k230_link.o (.bss.gRxTail)
                  202008b8    00000001     diag_console.o (.bss.gCaptureEnabled)
                  202008b9    00000001     diag_console.o (.bss.gCommandLength)
                  202008ba    00000001     nrf24_ptx.o (.bss.gDiagLineOverflow)
                  202008bb    00000001     diag_console.o (.bss.gDiscardLine)
                  202008bc    00000001     k230_link.o (.bss.gFrameIndex)
                  202008bd    00000001     k230_link.o (.bss.gHaveFrame)
                  202008be    00000001     app.o (.bss.gLastOledReq002State)
                  202008bf    00000001     k230_link.o (.bss.gLastSequence)
                  202008c0    00000001     encoders.o (.bss.gLeftState)
                  202008c1    00000001     line_tracking.o (.bss.gNeedsReacquire)
                  202008c2    00000001     nrf24_ptx.o (.bss.gOneShotQueued)
                  202008c3    00000001     nrf24_ptx.o (.bss.gQueueCount)
                  202008c4    00000001     nrf24_ptx.o (.bss.gQueueHead)
                  202008c5    00000001     nrf24_ptx.o (.bss.gQueueTail)
                  202008c6    00000001     k230_link.o (.bss.gSequenceInitialized)
                  202008c7    00000001     nrf24_ptx.o (.bss.gState)
                  202008c8    00000001     board_safety.o (.bss.gStatus.0)
                  202008c9    00000001     board_safety.o (.bss.gStatus.3)
                  202008ca    00000001     k230_link.o (.bss.gTimedOut)
                  202008cb    00000001     motor_test.o (.bss.gTimedOut)

.data      0    202008cc    00000001     UNINITIALIZED
                  202008cc    00000001     oled_ssd1306.o (.data.gAddress)

.stack     0    20207e00    00000200     UNINITIALIZED
                  20207e00    00000004     libc.a : boot_cortex_m.c.obj (.stack)
                  20207e04    000001fc     --HOLE--

__llvm_prf_cnts 
*          0    20200000    00000000     UNINITIALIZED

__llvm_prf_bits 
*          0    20200000    00000000     UNINITIALIZED

MODULE SUMMARY

       Module                         code    ro data   rw data
       ------                         ----    -------   -------
    .\
       ti_msp_dl_config.o             1276    54        388    
       empty.o                        388     0         132    
       startup_mspm0g350x_ticlang.o   6       192       0      
    +--+------------------------------+-------+---------+---------+
       Total:                         1670    246       520    
                                                               
    .\algorithm\
       line_tracking.o                820     32        109    
       pid.o                          462     0         0      
    +--+------------------------------+-------+---------+---------+
       Total:                         1282    32        109    
                                                               
    .\app\
       req002.o                       584     360       120    
       app.o                          332     10        9      
       motor_test.o                   68      0         17     
    +--+------------------------------+-------+---------+---------+
       Total:                         984     370       146    
                                                               
    .\bsp\
       board_safety.o                 336     50        2      
       timebase.o                     84      0         4      
    +--+------------------------------+-------+---------+---------+
       Total:                         420     50        6      
                                                               
    .\drivers\
       diag_console.o                 36700   1775      219    
       oled_ssd1306.o                 4546    258       4      
       nrf24_ptx.o                    2744    133       811    
       k230_link.o                    1248    256       259    
       line_sensors.o                 1324    0         48     
       encoders.o                     804     0         125    
       i2c_diag.o                     300     0         0      
       motor_driver.o                 240     0         6      
       start_button.o                 138     0         0      
    +--+------------------------------+-------+---------+---------+
       Total:                         48044   2422      1472   
                                                               
    D:/AAADiansai/CCS/mspm0_sdk_2_11_00_07/source/ti/driverlib/lib/ticlang/m0p/mspm0g1x0x_g3x0x/driverlib.a
       dl_timer.o                     372     0         0      
       dl_i2c.o                       240     0         0      
       dl_spi.o                       226     0         0      
       dl_uart.o                      138     0         0      
       dl_common.o                    10      0         0      
    +--+------------------------------+-------+---------+---------+
       Total:                         986     0         0      
                                                               
    D:\AAADiansai\CCS\ccs\tools\compiler\ti-cgt-armllvm_5.1.1.LTS\lib\armv6m-ti-none-eabi/c/libc.a
       memcpy16.S.obj                 154     0         0      
       copy_decompress_lzss.c.obj     124     0         0      
       memset16.S.obj                 98      0         0      
       autoinit.c.obj                 60      0         0      
       boot_cortex_m.c.obj            40      0         0      
       memcmp.c.obj                   32      0         0      
       copy_decompress_none.c.obj     18      0         0      
       copy_zero_init.c.obj           16      0         0      
       exit.c.obj                     6       0         0      
       pre_init.c.obj                 4       0         0      
    +--+------------------------------+-------+---------+---------+
       Total:                         552     0         0      
                                                               
    D:\AAADiansai\CCS\ccs\tools\compiler\ti-cgt-armllvm_5.1.1.LTS\lib\armv6m-ti-none-eabi/c/libsysbm.a
       hostexit.c.obj                 4       0         0      
    +--+------------------------------+-------+---------+---------+
       Total:                         4       0         0      
                                                               
    D:\AAADiansai\CCS\ccs\tools\compiler\ti-cgt-armllvm_5.1.1.LTS\lib\armv6m-ti-none-eabi/libclang_rt.builtins.a
       addsf3.S.obj                   216     0         0      
       comparesf2.S.obj               140     0         0      
       mulsf3.S.obj                   140     0         0      
       divsf3.S.obj                   130     0         0      
       aeabi_fcmp.S.obj               90      0         0      
       aeabi_uidivmod.S.obj           64      0         0      
       muldsi3.S.obj                  58      0         0      
       fixsfsi.S.obj                  56      0         0      
       floatunsisf.S.obj              40      0         0      
       aeabi_memset.S.obj             26      0         0      
       aeabi_memcpy.S.obj             8       0         0      
       aeabi_div0.c.obj               2       0         0      
    +--+------------------------------+-------+---------+---------+
       Total:                         970     0         0      
                                                               
       Stack:                         0       0         512    
       Linker Generated:              0       41        0      
    +--+------------------------------+-------+---------+---------+
       Grand Total:                   54912   3161      2765   


LINKER GENERATED COPY TABLES

__TI_cinit_table @ 0000e2ec records: 2, size/record: 8, table size: 16
	.bss: load addr=0000e2dc, load size=00000008 bytes, run addr=20200000, run size=000008cc bytes, compression=zero_init
	.data: load addr=0000e2e4, load size=00000005 bytes, run addr=202008cc, run size=00000001 bytes, compression=lzss


LINKER GENERATED HANDLER TABLE

__TI_handler_table @ 0000e2d0 records: 3, size/record: 4, table size: 12
	index: 0, handler: __TI_decompress_lzss
	index: 1, handler: __TI_decompress_none
	index: 2, handler: __TI_zero_init


GLOBAL SYMBOLS: SORTED ALPHABETICALLY BY Name 

address   name                              
-------   ----                              
0000a7a7  ADC0_IRQHandler                   
0000a7a7  ADC1_IRQHandler                   
0000a7a7  AES_IRQHandler                    
0000c799  App_init                          
0000ba5d  App_service                       
0000d70d  BoardSafety_buzzerPolicy          
0000cc71  BoardSafety_init                  
0000d295  BoardSafety_outputsSafe           
0000c5fd  BoardSafety_service               
0000ca79  BoardSafety_stop                  
0000d742  C$$EXIT                           
0000a7a7  CANFD0_IRQHandler                 
0000a7a7  DAC0_IRQHandler                   
0000d6f9  DL_Common_delayCycles             
0000c7f9  DL_I2C_fillControllerTXFIFO       
0000d2fd  DL_I2C_flushControllerRXFIFO      
0000d0f9  DL_I2C_flushControllerTXFIFO      
0000d439  DL_I2C_setClockConfig             
0000cacd  DL_SPI_drainRXFIFO8               
0000cfad  DL_SPI_init                       
0000d505  DL_SPI_receiveDataCheck8          
0000d655  DL_SPI_setClockConfig             
0000d521  DL_SPI_transmitDataCheck8         
0000d68d  DL_Timer_getCaptureCompareValue   
0000b855  DL_Timer_initFourCCPWMMode        
0000d53d  DL_Timer_setCaptCompUpdateMethod  
0000d5c9  DL_Timer_setCaptureCompareOutCtl  
0000d69d  DL_Timer_setCaptureCompareValue   
0000d559  DL_Timer_setClockConfig           
0000ce45  DL_UART_init                      
0000d667  DL_UART_setClockConfig            
0000d32d  DL_UART_transmitDataBlocking      
0000a7a7  DMA_IRQHandler                    
0000a7a7  Default_Handler                   
0000ce8d  DiagConsole_init                  
0000c859  DiagConsole_onUartInterrupt       
0000a7a9  DiagConsole_reportBoot            
000025c5  DiagConsole_service               
0000c66d  Encoders_init                     
0000d135  Encoders_onLeftEncoderAInterrupt  
0000c8b5  Encoders_snapshot                 
0000bd0d  Encoders_speedShadowInit          
0000adb1  Encoders_speedShadowService       
0000a7a7  GROUP0_IRQHandler                 
0000d461  GROUP1_IRQHandler                 
0000d743  HOSTexit                          
0000a7a7  HardFault_Handler                 
0000a7a7  I2C0_IRQHandler                   
0000a7a7  I2C1_IRQHandler                   
0000b1b5  I2cDiag_scan                      
0000d2c9  K230Link_getStats                 
0000c049  K230Link_init                     
0000d5e1  K230Link_pendingBytes             
0000ced5  K230Link_pushRxByteFromIsr        
0000908d  K230Link_service                  
0000c411  K230Link_snapshot                 
0000d575  LineSensors_init                  
0000a1c1  LineSensors_service               
0000d5f9  LineSensors_snapshot              
0000d715  LineTracking_getStatus            
0000cf1d  LineTracking_init                 
000096d1  LineTracking_service              
0000c9c9  MotorDriver_init                  
0000ca21  MotorDriver_outputsStopped        
0000d079  MotorDriver_stopAll               
0000d485  MotorTest_abort                   
0000d4a5  MotorTest_init                    
0000b74b  MotorTest_onTimebaseTick          
0000bf1f  MotorTest_service                 
0000a7a7  NMI_Handler                       
0000ccc1  Nrf24Ptx_arm                      
0000b2e1  Nrf24Ptx_captureDiagnosticChar    
0000d171  Nrf24Ptx_disarm                   
0000cb21  Nrf24Ptx_getStatus                
0000c309  Nrf24Ptx_init                     
0000cb75  Nrf24Ptx_readCoreRegisters        
0000d3bd  Nrf24Ptx_safeWhenDisarmed         
00007f55  Nrf24Ptx_service                  
0000bf21  OledSsd1306_clear                 
00009f1d  OledSsd1306_forceAllPixelsOn      
00009c71  OledSsd1306_forceAllPixelsOnSh1106
00007989  OledSsd1306_showReq002Status      
00008849  OledSsd1306_showTestPattern       
0000a7a7  PendSV_Handler                    
0000d591  Pid_init                          
0000d6ad  Pid_reset                         
0000a605  Pid_step                          
0000a7a7  RTC_IRQHandler                    
0000cff1  Req002_abort                      
0000d611  Req002_blockReasonName            
0000d71d  Req002_getStatus                  
0000cd11  Req002_init                       
0000aac9  Req002_service                    
0000d629  Req002_stateName                  
0000d747  Reset_Handler                     
0000a7a7  SPI0_IRQHandler                   
0000a7a7  SPI1_IRQHandler                   
0000a7a7  SVC_Handler                       
0000c0d9  SYSCFG_DL_DIAG_UART_init          
0000b74d  SYSCFG_DL_GPIO_init               
0000c165  SYSCFG_DL_K230_UART_init          
0000cbc9  SYSCFG_DL_LINE_I2C_init           
0000bfb5  SYSCFG_DL_MOTOR_PWM_init          
0000cc1d  SYSCFG_DL_OLED_I2C_init           
0000cd61  SYSCFG_DL_RADIO_SPI_init          
0000c911  SYSCFG_DL_RIGHT_QEI_init          
0000d35d  SYSCFG_DL_SYSCTL_init             
0000cdad  SYSCFG_DL_init                    
0000c48d  SYSCFG_DL_initPower               
0000d4c5  StartButton_init                  
0000cdf9  StartButton_poll                  
0000d641  StartButton_readHardwarePressed   
0000d703  StartButton_takePress             
0000d6bd  SysTick_Handler                   
0000a7a7  TIMA0_IRQHandler                  
0000a7a7  TIMA1_IRQHandler                  
0000a7a7  TIMG0_IRQHandler                  
0000a7a7  TIMG12_IRQHandler                 
0000a7a7  TIMG6_IRQHandler                  
0000a7a7  TIMG7_IRQHandler                  
0000a7a7  TIMG8_IRQHandler                  
0000d38d  Timebase_init                     
0000d6ed  Timebase_nowMs                    
0000d6cd  Timebase_onSysTick                
0000d725  Timebase_reached                  
0000d72d  UART0_IRQHandler                  
0000d035  UART1_IRQHandler                  
0000a7a7  UART2_IRQHandler                  
0000a7a7  UART3_IRQHandler                  
20208000  __STACK_END                       
00000200  __STACK_SIZE                      
00000000  __TI_ATRegion0_region_sz          
00000000  __TI_ATRegion0_src_addr           
00000000  __TI_ATRegion0_trg_addr           
00000000  __TI_ATRegion1_region_sz          
00000000  __TI_ATRegion1_src_addr           
00000000  __TI_ATRegion1_trg_addr           
00000000  __TI_ATRegion2_region_sz          
00000000  __TI_ATRegion2_src_addr           
00000000  __TI_ATRegion2_trg_addr           
0000e2ec  __TI_CINIT_Base                   
0000e2fc  __TI_CINIT_Limit                  
0000e2fc  __TI_CINIT_Warm                   
0000e2d0  __TI_Handler_Table_Base           
0000e2dc  __TI_Handler_Table_Limit          
0000d1ad  __TI_auto_init_nobinit_nopinit    
0000c509  __TI_decompress_lzss              
0000d679  __TI_decompress_none              
ffffffff  __TI_pprof_out_hndl               
ffffffff  __TI_prof_data_size               
ffffffff  __TI_prof_data_start              
00000000  __TI_static_base__                
0000d6dd  __TI_zero_init                    
0000bc3f  __addsf3                          
0000d25d  __aeabi_f2iz                      
0000bc3f  __aeabi_fadd                      
0000c96d  __aeabi_fcmpeq                    
0000c9a3  __aeabi_fcmpge                    
0000c9b5  __aeabi_fcmpgt                    
0000c991  __aeabi_fcmple                    
0000c97f  __aeabi_fcmplt                    
0000c267  __aeabi_fcmpun                    
0000c38d  __aeabi_fdiv                      
0000c27d  __aeabi_fmul                      
0000bc35  __aeabi_fsub                      
0000c40f  __aeabi_idiv0                     
0000d5bb  __aeabi_memclr                    
0000d5bb  __aeabi_memclr4                   
0000d5bb  __aeabi_memclr8                   
0000d735  __aeabi_memcpy                    
0000d735  __aeabi_memcpy4                   
0000d735  __aeabi_memcpy8                   
0000d5ad  __aeabi_memset                    
0000d5ad  __aeabi_memset4                   
0000d5ad  __aeabi_memset8                   
0000d411  __aeabi_ui2f                      
0000d0b9  __aeabi_uidiv                     
0000d0b9  __aeabi_uidivmod                  
ffffffff  __binit__                         
0000c1f1  __cmpsf2                          
0000c38d  __divsf3                          
0000c1f1  __eqsf2                           
0000d25d  __fixsfsi                         
0000d411  __floatunsisf                     
0000c22b  __gesf2                           
0000c22b  __gtsf2                           
0000c1f1  __lesf2                           
0000c1f1  __ltsf2                           
UNDEFED   __mpu_init                        
0000d1e9  __muldsi3                         
0000c27d  __mulsf3                          
0000c1f1  __nesf2                           
20207e00  __stack                           
20200000  __start___llvm_prf_bits           
20200000  __start___llvm_prf_cnts           
20200000  __stop___llvm_prf_bits            
20200000  __stop___llvm_prf_cnts            
0000bc35  __subsf3                          
0000c267  __unordsf2                        
0000d3e9  _c_int00_noargs                   
UNDEFED   _system_post_cinit                
0000d74b  _system_pre_init                  
0000d73d  abort                             
ffffffff  binit                             
20200658  gEncoderSpeedShadow               
2020045c  gK230RuntimeDiag                  
20200300  gMOTOR_PWMBackup                  
202007dc  gRADIO_SPIBackup                  
202003bc  gRIGHT_QEIBackup                  
00000000  interruptVectors                  
0000b959  main                              
0000d4e5  memcmp                            
0000be85  memcpy                            
0000c735  memset                            


GLOBAL SYMBOLS: SORTED BY Symbol Address 

address   name                              
-------   ----                              
00000000  __TI_ATRegion0_region_sz          
00000000  __TI_ATRegion0_src_addr           
00000000  __TI_ATRegion0_trg_addr           
00000000  __TI_ATRegion1_region_sz          
00000000  __TI_ATRegion1_src_addr           
00000000  __TI_ATRegion1_trg_addr           
00000000  __TI_ATRegion2_region_sz          
00000000  __TI_ATRegion2_src_addr           
00000000  __TI_ATRegion2_trg_addr           
00000000  __TI_static_base__                
00000000  interruptVectors                  
00000200  __STACK_SIZE                      
000025c5  DiagConsole_service               
00007989  OledSsd1306_showReq002Status      
00007f55  Nrf24Ptx_service                  
00008849  OledSsd1306_showTestPattern       
0000908d  K230Link_service                  
000096d1  LineTracking_service              
00009c71  OledSsd1306_forceAllPixelsOnSh1106
00009f1d  OledSsd1306_forceAllPixelsOn      
0000a1c1  LineSensors_service               
0000a605  Pid_step                          
0000a7a7  ADC0_IRQHandler                   
0000a7a7  ADC1_IRQHandler                   
0000a7a7  AES_IRQHandler                    
0000a7a7  CANFD0_IRQHandler                 
0000a7a7  DAC0_IRQHandler                   
0000a7a7  DMA_IRQHandler                    
0000a7a7  Default_Handler                   
0000a7a7  GROUP0_IRQHandler                 
0000a7a7  HardFault_Handler                 
0000a7a7  I2C0_IRQHandler                   
0000a7a7  I2C1_IRQHandler                   
0000a7a7  NMI_Handler                       
0000a7a7  PendSV_Handler                    
0000a7a7  RTC_IRQHandler                    
0000a7a7  SPI0_IRQHandler                   
0000a7a7  SPI1_IRQHandler                   
0000a7a7  SVC_Handler                       
0000a7a7  TIMA0_IRQHandler                  
0000a7a7  TIMA1_IRQHandler                  
0000a7a7  TIMG0_IRQHandler                  
0000a7a7  TIMG12_IRQHandler                 
0000a7a7  TIMG6_IRQHandler                  
0000a7a7  TIMG7_IRQHandler                  
0000a7a7  TIMG8_IRQHandler                  
0000a7a7  UART2_IRQHandler                  
0000a7a7  UART3_IRQHandler                  
0000a7a9  DiagConsole_reportBoot            
0000aac9  Req002_service                    
0000adb1  Encoders_speedShadowService       
0000b1b5  I2cDiag_scan                      
0000b2e1  Nrf24Ptx_captureDiagnosticChar    
0000b74b  MotorTest_onTimebaseTick          
0000b74d  SYSCFG_DL_GPIO_init               
0000b855  DL_Timer_initFourCCPWMMode        
0000b959  main                              
0000ba5d  App_service                       
0000bc35  __aeabi_fsub                      
0000bc35  __subsf3                          
0000bc3f  __addsf3                          
0000bc3f  __aeabi_fadd                      
0000bd0d  Encoders_speedShadowInit          
0000be85  memcpy                            
0000bf1f  MotorTest_service                 
0000bf21  OledSsd1306_clear                 
0000bfb5  SYSCFG_DL_MOTOR_PWM_init          
0000c049  K230Link_init                     
0000c0d9  SYSCFG_DL_DIAG_UART_init          
0000c165  SYSCFG_DL_K230_UART_init          
0000c1f1  __cmpsf2                          
0000c1f1  __eqsf2                           
0000c1f1  __lesf2                           
0000c1f1  __ltsf2                           
0000c1f1  __nesf2                           
0000c22b  __gesf2                           
0000c22b  __gtsf2                           
0000c267  __aeabi_fcmpun                    
0000c267  __unordsf2                        
0000c27d  __aeabi_fmul                      
0000c27d  __mulsf3                          
0000c309  Nrf24Ptx_init                     
0000c38d  __aeabi_fdiv                      
0000c38d  __divsf3                          
0000c40f  __aeabi_idiv0                     
0000c411  K230Link_snapshot                 
0000c48d  SYSCFG_DL_initPower               
0000c509  __TI_decompress_lzss              
0000c5fd  BoardSafety_service               
0000c66d  Encoders_init                     
0000c735  memset                            
0000c799  App_init                          
0000c7f9  DL_I2C_fillControllerTXFIFO       
0000c859  DiagConsole_onUartInterrupt       
0000c8b5  Encoders_snapshot                 
0000c911  SYSCFG_DL_RIGHT_QEI_init          
0000c96d  __aeabi_fcmpeq                    
0000c97f  __aeabi_fcmplt                    
0000c991  __aeabi_fcmple                    
0000c9a3  __aeabi_fcmpge                    
0000c9b5  __aeabi_fcmpgt                    
0000c9c9  MotorDriver_init                  
0000ca21  MotorDriver_outputsStopped        
0000ca79  BoardSafety_stop                  
0000cacd  DL_SPI_drainRXFIFO8               
0000cb21  Nrf24Ptx_getStatus                
0000cb75  Nrf24Ptx_readCoreRegisters        
0000cbc9  SYSCFG_DL_LINE_I2C_init           
0000cc1d  SYSCFG_DL_OLED_I2C_init           
0000cc71  BoardSafety_init                  
0000ccc1  Nrf24Ptx_arm                      
0000cd11  Req002_init                       
0000cd61  SYSCFG_DL_RADIO_SPI_init          
0000cdad  SYSCFG_DL_init                    
0000cdf9  StartButton_poll                  
0000ce45  DL_UART_init                      
0000ce8d  DiagConsole_init                  
0000ced5  K230Link_pushRxByteFromIsr        
0000cf1d  LineTracking_init                 
0000cfad  DL_SPI_init                       
0000cff1  Req002_abort                      
0000d035  UART1_IRQHandler                  
0000d079  MotorDriver_stopAll               
0000d0b9  __aeabi_uidiv                     
0000d0b9  __aeabi_uidivmod                  
0000d0f9  DL_I2C_flushControllerTXFIFO      
0000d135  Encoders_onLeftEncoderAInterrupt  
0000d171  Nrf24Ptx_disarm                   
0000d1ad  __TI_auto_init_nobinit_nopinit    
0000d1e9  __muldsi3                         
0000d25d  __aeabi_f2iz                      
0000d25d  __fixsfsi                         
0000d295  BoardSafety_outputsSafe           
0000d2c9  K230Link_getStats                 
0000d2fd  DL_I2C_flushControllerRXFIFO      
0000d32d  DL_UART_transmitDataBlocking      
0000d35d  SYSCFG_DL_SYSCTL_init             
0000d38d  Timebase_init                     
0000d3bd  Nrf24Ptx_safeWhenDisarmed         
0000d3e9  _c_int00_noargs                   
0000d411  __aeabi_ui2f                      
0000d411  __floatunsisf                     
0000d439  DL_I2C_setClockConfig             
0000d461  GROUP1_IRQHandler                 
0000d485  MotorTest_abort                   
0000d4a5  MotorTest_init                    
0000d4c5  StartButton_init                  
0000d4e5  memcmp                            
0000d505  DL_SPI_receiveDataCheck8          
0000d521  DL_SPI_transmitDataCheck8         
0000d53d  DL_Timer_setCaptCompUpdateMethod  
0000d559  DL_Timer_setClockConfig           
0000d575  LineSensors_init                  
0000d591  Pid_init                          
0000d5ad  __aeabi_memset                    
0000d5ad  __aeabi_memset4                   
0000d5ad  __aeabi_memset8                   
0000d5bb  __aeabi_memclr                    
0000d5bb  __aeabi_memclr4                   
0000d5bb  __aeabi_memclr8                   
0000d5c9  DL_Timer_setCaptureCompareOutCtl  
0000d5e1  K230Link_pendingBytes             
0000d5f9  LineSensors_snapshot              
0000d611  Req002_blockReasonName            
0000d629  Req002_stateName                  
0000d641  StartButton_readHardwarePressed   
0000d655  DL_SPI_setClockConfig             
0000d667  DL_UART_setClockConfig            
0000d679  __TI_decompress_none              
0000d68d  DL_Timer_getCaptureCompareValue   
0000d69d  DL_Timer_setCaptureCompareValue   
0000d6ad  Pid_reset                         
0000d6bd  SysTick_Handler                   
0000d6cd  Timebase_onSysTick                
0000d6dd  __TI_zero_init                    
0000d6ed  Timebase_nowMs                    
0000d6f9  DL_Common_delayCycles             
0000d703  StartButton_takePress             
0000d70d  BoardSafety_buzzerPolicy          
0000d715  LineTracking_getStatus            
0000d71d  Req002_getStatus                  
0000d725  Timebase_reached                  
0000d72d  UART0_IRQHandler                  
0000d735  __aeabi_memcpy                    
0000d735  __aeabi_memcpy4                   
0000d735  __aeabi_memcpy8                   
0000d73d  abort                             
0000d742  C$$EXIT                           
0000d743  HOSTexit                          
0000d747  Reset_Handler                     
0000d74b  _system_pre_init                  
0000e2d0  __TI_Handler_Table_Base           
0000e2dc  __TI_Handler_Table_Limit          
0000e2ec  __TI_CINIT_Base                   
0000e2fc  __TI_CINIT_Limit                  
0000e2fc  __TI_CINIT_Warm                   
20200000  __start___llvm_prf_bits           
20200000  __start___llvm_prf_cnts           
20200000  __stop___llvm_prf_bits            
20200000  __stop___llvm_prf_cnts            
20200300  gMOTOR_PWMBackup                  
202003bc  gRIGHT_QEIBackup                  
2020045c  gK230RuntimeDiag                  
20200658  gEncoderSpeedShadow               
202007dc  gRADIO_SPIBackup                  
20207e00  __stack                           
20208000  __STACK_END                       
ffffffff  __TI_pprof_out_hndl               
ffffffff  __TI_prof_data_size               
ffffffff  __TI_prof_data_start              
ffffffff  __binit__                         
ffffffff  binit                             
UNDEFED   __mpu_init                        
UNDEFED   _system_post_cinit                

[214 symbols]
