******************************************************************************
            TI ARM Clang Linker PC v5.1.1                      
******************************************************************************
>> Linked Fri Jul 31 15:25:45 2026

OUTPUT FILE NAME:   <test1.out>
ENTRY POINT SYMBOL: "_c_int00_noargs"  address: 00008dc9


MEMORY CONFIGURATION

         name            origin    length      used     unused   attr    fill
----------------------  --------  ---------  --------  --------  ----  --------
  FLASH                 00000000   00020000  000098e8  00016718  R  X
  SRAM                  20200000   00008000  000007e1  0000781f  RW X
  BCR_CONFIG            41c00000   000000ff  00000000  000000ff  R   
  BSL_CONFIG            41c00100   00000080  00000000  00000080  R   


SEGMENT ALLOCATION MAP

run origin  load origin   length   init length attrs members
----------  ----------- ---------- ----------- ----- -------
00000000    00000000    000098e8   000098e8    r-x
  00000000    00000000    000000c0   000000c0    r-- .intvecs
  000000c0    000000c0    00008f98   00008f98    r-x .text
  00009058    00009058    00000878   00000878    r-- .rodata
  000098d0    000098d0    00000018   00000018    r-- .cinit
20200000    20200000    000005e1   00000000    rw-
  20200000    20200000    000005e1   00000000    rw- .bss
20207e00    20207e00    00000200   00000000    rw-
  20207e00    20207e00    00000200   00000000    rw- .stack


SECTION ALLOCATION MAP

 output                                  attributes/
section   page    origin      length       input sections
--------  ----  ----------  ----------   ----------------
.intvecs   0    00000000    000000c0     
                  00000000    000000c0     startup_mspm0g350x_ticlang.o (.intvecs)

.text      0    000000c0    00008f98     
                  000000c0    00001948     diag_console.o (.text.reportReq002)
                  00001a08    000018a0     diag_console.o (.text.DiagConsole_service)
                  000032a8    000016fc     diag_console.o (.text.reportRadioStatus)
                  000049a4    00000cc8     diag_console.o (.text.reportLine)
                  0000566c    00000814     diag_console.o (.text.reportStatus)
                  00005e80    0000049c     nrf24_ptx.o (.text.Nrf24Ptx_service)
                  0000631c    00000458     diag_console.o (.text.reportRadioRegisters)
                  00006774    00000328     oled_ssd1306.o (.text.OledSsd1306_showTestPattern)
                  00006a9c    000002fc     diag_console.o (.text.runSelfTest)
                  00006d98    00000208     diag_console.o (.text.forceOledAllOn)
                  00006fa0    000001e8     line_sensors.o (.text.readRegisterBlock)
                  00007188    0000019c     diag_console.o (.text.DiagConsole_reportBoot)
                  00007324    00000184     nrf24_ptx.o (.text.transaction)
                  000074a8    00000154     diag_console.o (.text.writeU32)
                  000075fc    00000148     diag_console.o (.text.clearOled)
                  00007744    0000012c     i2c_diag.o (.text.I2cDiag_scan)
                  00007870    0000011c     nrf24_ptx.o (.text.Nrf24Ptx_captureDiagnosticChar)
                  0000798c    0000011c     diag_console.o (.text.forceOledAllOnSh1106)
                  00007aa8    000000fc     oled_ssd1306.o (.text.writePageData)
                  00007ba4    000000ec     nrf24_ptx.o (.text.command)
                  00007c90    000000c4     ti_msp_dl_config.o (.text.SYSCFG_DL_GPIO_init)
                  00007d54    000000b0     line_sensors.o (.text.LineSensors_service)
                  00007e04    000000b0     ti_msp_dl_config.o (.text.SYSCFG_DL_LEFT_CAPTURE_init)
                  00007eb4    0000009a     libc.a : memcpy16.S.obj (.text:memcpy)
                  00007f4e    00000002     startup_mspm0g350x_ticlang.o (.text.Default_Handler)
                  00007f50    0000008c     ti_msp_dl_config.o (.text.SYSCFG_DL_DIAG_UART_init)
                  00007fdc    00000088     oled_ssd1306.o (.text.OledSsd1306_clear)
                  00008064    00000088     oled_ssd1306.o (.text.writeCommand)
                  000080ec    00000084     encoders.o (.text.Encoders_onLeftCaptureInterrupt)
                  00008170    00000084     nrf24_ptx.o (.text.Nrf24Ptx_init)
                  000081f4    00000078     diag_console.o (.text.writeText)
                  0000826c    00000074     req002.o (.text.Req002_service)
                  000082e0    00000070     ti_msp_dl_config.o (.text.SYSCFG_DL_initPower)
                  00008350    00000064     encoders.o (.text.Encoders_init)
                  000083b4    00000064     nrf24_ptx.o (.text.writeRegistersAndVerify)
                  00008418    00000062     libc.a : memset16.S.obj (.text:memset)
                  0000847a    0000005e     driverlib.a : dl_i2c.o (.text.DL_I2C_fillControllerTXFIFO)
                  000084d8    0000005c     diag_console.o (.text.DiagConsole_onUartInterrupt)
                  00008534    0000005c     encoders.o (.text.Encoders_snapshot)
                  00008590    0000005c     ti_msp_dl_config.o (.text.SYSCFG_DL_RIGHT_QEI_init)
                  000085ec    00000054     driverlib.a : dl_spi.o (.text.DL_SPI_drainRXFIFO8)
                  00008640    00000054     nrf24_ptx.o (.text.Nrf24Ptx_getStatus)
                  00008694    00000054     nrf24_ptx.o (.text.Nrf24Ptx_readCoreRegisters)
                  000086e8    00000054     ti_msp_dl_config.o (.text.SYSCFG_DL_LINE_I2C_init)
                  0000873c    00000054     ti_msp_dl_config.o (.text.SYSCFG_DL_OLED_I2C_init)
                  00008790    00000050     nrf24_ptx.o (.text.Nrf24Ptx_arm)
                  000087e0    00000050     oled_ssd1306.o (.text.OledSsd1306_forceAllPixelsOnSh1106)
                  00008830    0000004c     ti_msp_dl_config.o (.text.SYSCFG_DL_RADIO_SPI_init)
                  0000887c    0000004c     start_button.o (.text.StartButton_poll)
                  000088c8    00000048     app.o (.text.App_service)
                  00008910    00000048     board_safety.o (.text.BoardSafety_outputsLocked)
                  00008958    00000048     driverlib.a : dl_uart.o (.text.DL_UART_init)
                  000089a0    00000048     diag_console.o (.text.DiagConsole_init)
                  000089e8    00000048     ti_msp_dl_config.o (.text.SYSCFG_DL_init)
                  00008a30    00000048     nrf24_ptx.o (.text.writeAndVerify)
                  00008a78    00000044     driverlib.a : dl_spi.o (.text.DL_SPI_init)
                  00008abc    00000044     oled_ssd1306.o (.text.OledSsd1306_forceAllPixelsOn)
                  00008b00    00000040     libclang_rt.builtins.a : aeabi_uidivmod.S.obj (.text)
                  00008b40    0000003c     app.o (.text.App_init)
                  00008b7c    0000003c     driverlib.a : dl_i2c.o (.text.DL_I2C_flushControllerTXFIFO)
                  00008bb8    0000003c     nrf24_ptx.o (.text.Nrf24Ptx_disarm)
                  00008bf4    0000003c     libc.a : autoinit.c.obj (.text:__TI_auto_init_nobinit_nopinit)
                  00008c30    00000038     diag_console.o (.text.newLine)
                  00008c68    00000030     driverlib.a : dl_i2c.o (.text.DL_I2C_flushControllerRXFIFO)
                  00008c98    00000030                 : dl_uart.o (.text.DL_UART_transmitDataBlocking)
                  00008cc8    00000030     ti_msp_dl_config.o (.text.SYSCFG_DL_SYSCTL_init)
                  00008cf8    00000030     timebase.o (.text.Timebase_init)
                  00008d28    00000028     board_safety.o (.text.BoardSafety_init)
                  00008d50    00000028     board_safety.o (.text.BoardSafety_service)
                  00008d78    00000028     driverlib.a : dl_timer.o (.text.DL_Timer_setCaptureCompareCtl)
                  00008da0    00000028     req002.o (.text.Req002_init)
                  00008dc8    00000028     libc.a : boot_cortex_m.c.obj (.text:_c_int00_noargs)
                  00008df0    00000026     driverlib.a : dl_i2c.o (.text.DL_I2C_setClockConfig)
                  00008e16    00000002     libclang_rt.builtins.a : aeabi_div0.c.obj (.text.__aeabi_idiv0)
                  00008e18    00000024     nrf24_ptx.o (.text.Nrf24Ptx_safeWhenDisarmed)
                  00008e3c    00000020     line_sensors.o (.text.LineSensors_init)
                  00008e5c    00000020     start_button.o (.text.StartButton_init)
                  00008e7c    00000020     libc.a : memcmp.c.obj (.text.memcmp)
                  00008e9c    0000001c     driverlib.a : dl_spi.o (.text.DL_SPI_receiveDataCheck8)
                  00008eb8    0000001c                 : dl_spi.o (.text.DL_SPI_transmitDataCheck8)
                  00008ed4    0000001c                 : dl_timer.o (.text.DL_Timer_setClockConfig)
                  00008ef0    0000001a                 : dl_timer.o (.text.DL_Timer_setCaptureCompareInput)
                  00008f0a    00000002     --HOLE-- [fill = 0]
                  00008f0c    0000001a     libclang_rt.builtins.a : aeabi_memset.S.obj (.text)
                  00008f26    00000002     --HOLE-- [fill = 0]
                  00008f28    00000018     req002.o (.text.Req002_blockReasonName)
                  00008f40    00000018     req002.o (.text.Req002_stateName)
                  00008f58    00000016     empty.o (.text.main)
                  00008f6e    00000002     --HOLE-- [fill = 0]
                  00008f70    00000014     line_sensors.o (.text.LineSensors_snapshot)
                  00008f84    00000014     start_button.o (.text.StartButton_readHardwarePressed)
                  00008f98    00000012     driverlib.a : dl_spi.o (.text.DL_SPI_setClockConfig)
                  00008faa    00000012                 : dl_uart.o (.text.DL_UART_setClockConfig)
                  00008fbc    00000010     timebase.o (.text.Timebase_onSysTick)
                  00008fcc    00000010     libc.a : copy_zero_init.c.obj (.text:decompress:ZI)
                  00008fdc    0000000c     line_sensors.o (.text.LineSensors_readRawBits)
                  00008fe8    0000000c     timebase.o (.text.Timebase_nowMs)
                  00008ff4    0000000a     driverlib.a : dl_common.o (.text.DL_Common_delayCycles)
                  00008ffe    0000000a     start_button.o (.text.StartButton_takePress)
                  00009008    00000008     board_safety.o (.text.BoardSafety_buzzerPolicy)
                  00009010    00000008     req002.o (.text.Req002_getStatus)
                  00009018    00000008     empty.o (.text.SysTick_Handler)
                  00009020    00000008     empty.o (.text.TIMA1_IRQHandler)
                  00009028    00000008     timebase.o (.text.Timebase_reached)
                  00009030    00000008     empty.o (.text.UART0_IRQHandler)
                  00009038    00000008     libclang_rt.builtins.a : aeabi_memcpy.S.obj (.text)
                  00009040    00000006     libc.a : exit.c.obj (.text:abort)
                  00009046    00000004     libsysbm.a : hostexit.c.obj (.text.HOSTexit)
                  0000904a    00000004     startup_mspm0g350x_ticlang.o (.text.Reset_Handler)
                  0000904e    00000004     libc.a : pre_init.c.obj (.text._system_pre_init)
                  00009052    00000006     --HOLE-- [fill = 0]

.cinit     0    000098d0    00000018     
                  000098d0    00000008     (.cinit..bss.load) [load image, compression = zero_init]
                  000098d8    00000004     (__TI_handler_table)
                  000098dc    00000008     (__TI_cinit_table)
                  000098e4    00000004     --HOLE-- [fill = 0]

.rodata    0    00009058    00000878     
                  00009058    000000c1     diag_console.o (.rodata.str1.5171941431370459453.1)
                  00009119    00000063     diag_console.o (.rodata.str1.7732308573000650393.1)
                  0000917c    00000048     diag_console.o (.rodata.str1.8686855246780624238.1)
                  000091c4    0000003b     diag_console.o (.rodata.str1.10020677278003191597.1)
                  000091ff    00000038     diag_console.o (.rodata.str1.2661480226688204501.1)
                  00009237    00000036     diag_console.o (.rodata.str1.15759258491055097000.1)
                  0000926d    00000036     diag_console.o (.rodata.str1.852583045405672653.1)
                  000092a3    00000035     diag_console.o (.rodata.str1.261250501884579427.1)
                  000092d8    00000034     diag_console.o (.rodata.str1.5084688477215926447.1)
                  0000930c    00000032     board_safety.o (.rodata.str1.1461871966798876460.1)
                  0000933e    00000031     diag_console.o (.rodata.str1.5644620926150322957.1)
                  0000936f    0000002f     diag_console.o (.rodata.str1.10060908413270799323.1)
                  0000939e    0000002c     diag_console.o (.rodata.str1.10779067380086453065.1)
                  000093ca    0000002b     diag_console.o (.rodata.str1.16405944611285836459.1)
                  000093f5    00000028     diag_console.o (.rodata.str1.5303670245239573129.1)
                  0000941d    00000026     diag_console.o (.rodata.str1.15625074855538008002.1)
                  00009443    00000026     diag_console.o (.rodata.str1.3640416813170180184.1)
                  00009469    00000003     ti_msp_dl_config.o (.rodata.gLEFT_CAPTUREClockConfig)
                  0000946c    00000024     req002.o (.rodata..Lswitch.table.Req002_stateName)
                  00009490    00000023     diag_console.o (.rodata.str1.16565755701334802317.1)
                  000094b3    00000023     diag_console.o (.rodata.str1.18237275900639492659.1)
                  000094d6    00000022     diag_console.o (.rodata.str1.3465324906295085914.1)
                  000094f8    0000001f     diag_console.o (.rodata.str1.719103272933316442.1)
                  00009517    0000001c     req002.o (.rodata.str1.9213031953659428922.1)
                  00009533    0000001a     req002.o (.rodata.str1.11801953346847374107.1)
                  0000954d    0000001a     diag_console.o (.rodata.str1.2111541797422310849.1)
                  00009567    00000001     --HOLE-- [fill = 0]
                  00009568    00000019     nrf24_ptx.o (.rodata.str1.6094559527043233380.4)
                  00009581    00000003     ti_msp_dl_config.o (.rodata.gRIGHT_QEIClockConfig)
                  00009584    00000018     nrf24_ptx.o (.rodata..Lswitch.table.Nrf24Ptx_getStatus)
                  0000959c    00000018     diag_console.o (.rodata.str1.14808538234668975786.1)
                  000095b4    00000017     diag_console.o (.rodata.str1.16084514406273351987.1)
                  000095cb    00000017     req002.o (.rodata.str1.246851255980436067.1)
                  000095e2    00000016     diag_console.o (.rodata.str1.17900901192069163209.1)
                  000095f8    00000016     diag_console.o (.rodata.str1.8745092703197038537.1)
                  0000960e    00000014     diag_console.o (.rodata.str1.15004393915158247055.1)
                  00009622    00000014     req002.o (.rodata.str1.1536853367382378965.1)
                  00009636    00000014     req002.o (.rodata.str1.7316036974658646067.1)
                  0000964a    00000013     diag_console.o (.rodata.str1.6637745021058044466.1)
                  0000965d    00000011     diag_console.o (.rodata.str1.9305979691969886280.1)
                  0000966e    00000002     ti_msp_dl_config.o (.rodata.gDIAG_UARTClockConfig)
                  00009670    00000010     req002.o (.rodata..Lswitch.table.Req002_blockReasonName)
                  00009680    00000010     encoders.o (.rodata.cst16)
                  00009690    00000010     nrf24_ptx.o (.rodata.str1.17419335730769077557.1)
                  000096a0    0000000f     diag_console.o (.rodata.str1.15307067426115469236.1)
                  000096af    0000000f     diag_console.o (.rodata.str1.8341931057821991107.1)
                  000096be    0000000e     nrf24_ptx.o (.rodata.gProfile)
                  000096cc    0000000e     diag_console.o (.rodata.str1.10838375267284401125.1)
                  000096da    0000000e     req002.o (.rodata.str1.11012809159570234960.1)
                  000096e8    0000000e     diag_console.o (.rodata.str1.14265534512352903045.1)
                  000096f6    0000000d     diag_console.o (.rodata.str1.1008767523004470630.1)
                  00009703    0000000d     diag_console.o (.rodata.str1.15947943532119924092.1)
                  00009710    0000000d     diag_console.o (.rodata.str1.2437401455240083982.1)
                  0000971d    0000000d     diag_console.o (.rodata.str1.3251375336230076641.1)
                  0000972a    0000000d     nrf24_ptx.o (.rodata.str1.632614121974113092.1)
                  00009737    0000000c     req002.o (.rodata.str1.14163026172649738486.1)
                  00009743    0000000c     diag_console.o (.rodata.str1.17197432830885351810.1)
                  0000974f    0000000c     nrf24_ptx.o (.rodata.str1.18158066330371006656.1)
                  0000975b    0000000c     diag_console.o (.rodata.str1.3586807474570239301.1)
                  00009767    0000000b     diag_console.o (.rodata.str1.10021391958218067169.1)
                  00009772    0000000b     req002.o (.rodata.str1.14519661726848775581.1)
                  0000977d    0000000b     diag_console.o (.rodata.str1.15191501805510545095.1)
                  00009788    0000000b     diag_console.o (.rodata.str1.15804963083468125269.1)
                  00009793    0000000b     diag_console.o (.rodata.str1.17217747830118470281.1)
                  0000979e    0000000b     diag_console.o (.rodata.str1.17570078357027493973.1)
                  000097a9    0000000b     diag_console.o (.rodata.str1.4753132208752387408.1)
                  000097b4    0000000b     diag_console.o (.rodata.str1.810607564276269461.1)
                  000097bf    0000000b     diag_console.o (.rodata.str1.8714582252565932376.1)
                  000097ca    0000000a     ti_msp_dl_config.o (.rodata.gDIAG_UARTConfig)
                  000097d4    0000000a     ti_msp_dl_config.o (.rodata.gRADIO_SPI_config)
                  000097de    0000000a     diag_console.o (.rodata.str1.11858721499567804342.1)
                  000097e8    0000000a     diag_console.o (.rodata.str1.475083551094971178.1)
                  000097f2    0000000a     diag_console.o (.rodata.str1.9009639935792097996.1)
                  000097fc    0000000a     diag_console.o (.rodata.str1.9798642557863000284.1)
                  00009806    00000009     diag_console.o (.rodata.str1.11767802008270839024.1)
                  0000980f    00000009     req002.o (.rodata.str1.12553014538444358850.1)
                  00009818    00000009     nrf24_ptx.o (.rodata.str1.1466761408321915565.1)
                  00009821    00000009     diag_console.o (.rodata.str1.16718133499535619421.1)
                  0000982a    00000009     nrf24_ptx.o (.rodata.str1.3287502044353476605.1)
                  00009833    00000009     req002.o (.rodata.str1.4498054223093770164.1)
                  0000983c    00000009     diag_console.o (.rodata.str1.5926118724489890093.1)
                  00009845    00000009     diag_console.o (.rodata.str1.7384464668740245997.1)
                  0000984e    00000009     req002.o (.rodata.str1.9783865751474204056.1)
                  00009857    00000008     diag_console.o (.rodata.str1.1116829374954328495.1)
                  0000985f    00000007     diag_console.o (.rodata.str1.11297099101431644167.1)
                  00009866    00000007     diag_console.o (.rodata.str1.4088845919059740246.1)
                  0000986d    00000007     diag_console.o (.rodata.str1.7767364581813029062.1)
                  00009874    00000006     req002.o (.rodata.str1.1330840565073376.1)
                  0000987a    00000006     nrf24_ptx.o (.rodata.str1.17809926154172099862.1)
                  00009880    00000006     req002.o (.rodata.str1.404665452499805758.1)
                  00009886    00000006     diag_console.o (.rodata.str1.9757831788182070933.1)
                  0000988c    00000005     diag_console.o (.rodata.str1.11000238090859226487.1)
                  00009891    00000005     req002.o (.rodata.str1.11884172484412477609.1)
                  00009896    00000005     nrf24_ptx.o (.rodata.str1.1246111486341945488.1)
                  0000989b    00000005     diag_console.o (.rodata.str1.16152622102795241315.1)
                  000098a0    00000005     diag_console.o (.rodata.str1.1837592952361879117.1)
                  000098a5    00000005     diag_console.o (.rodata.str1.2566524860297826098.1)
                  000098aa    00000005     req002.o (.rodata.str1.4278235483893593186.1)
                  000098af    00000005     diag_console.o (.rodata.str1.7838710351760113446.1)
                  000098b4    00000005     diag_console.o (.rodata.str1.8182549175682356078.1)
                  000098b9    00000005     diag_console.o (.rodata.str1.8535165006884115289.1)
                  000098be    00000005     diag_console.o (.rodata.str1.9239603917100908406.1)
                  000098c3    00000004     diag_console.o (.rodata.str1.2411401244139123524.1)
                  000098c7    00000003     diag_console.o (.rodata.str1.15834373091208215214.1)
                  000098ca    00000002     ti_msp_dl_config.o (.rodata.gLINE_I2CClockConfig)
                  000098cc    00000002     ti_msp_dl_config.o (.rodata.gOLED_I2CClockConfig)
                  000098ce    00000002     ti_msp_dl_config.o (.rodata.gRADIO_SPI_clockConfig)

.init_array 
*          0    00000000    00000000     UNINITIALIZED

.binit     0    00000000    00000000     

.bss       0    20200000    000005e1     UNINITIALIZED
                  20200000    00000240     nrf24_ptx.o (.bss.gQueue)
                  20200240    000000c0     nrf24_ptx.o (.bss.gDiagLine)
                  20200300    000000bc     (.common:gLEFT_CAPTUREBackup)
                  202003bc    000000a0     (.common:gRIGHT_QEIBackup)
                  2020045c    00000080     diag_console.o (.bss.gRxBuffer)
                  202004dc    00000050     diag_console.o (.bss.gCommand)
                  2020052c    00000028     (.common:gRADIO_SPIBackup)
                  20200554    00000020     req002.o (.bss.gStatus)
                  20200574    0000001c     line_sensors.o (.bss.gSample)
                  20200590    0000001c     nrf24_ptx.o (.bss.gStats)
                  202005ac    00000008     app.o (.bss.gStartButton)
                  202005b4    00000004     nrf24_ptx.o (.bss.gDeadline)
                  202005b8    00000004     encoders.o (.bss.gLeftCount)
                  202005bc    00000004     encoders.o (.bss.gLeftInvalidTransitions)
                  202005c0    00000004     timebase.o (.bss.gMilliseconds)
                  202005c4    00000004     line_sensors.o (.bss.gNextPollMs)
                  202005c8    00000004     diag_console.o (.bss.gRxOverflow)
                  202005cc    00000002     nrf24_ptx.o (.bss.gDiagLineLength)
                  202005ce    00000002     nrf24_ptx.o (.bss.gNextMessageId)
                  202005d0    00000002     diag_console.o (.bss.gRxHead)
                  202005d2    00000002     diag_console.o (.bss.gRxTail)
                  202005d4    00000002     oled_ssd1306.o (.bss.gStatus)
                  202005d6    00000001     nrf24_ptx.o (.bss.gArmed)
                  202005d7    00000001     diag_console.o (.bss.gCaptureEnabled)
                  202005d8    00000001     diag_console.o (.bss.gCommandLength)
                  202005d9    00000001     nrf24_ptx.o (.bss.gDiagLineOverflow)
                  202005da    00000001     diag_console.o (.bss.gDiscardLine)
                  202005db    00000001     encoders.o (.bss.gLeftState)
                  202005dc    00000001     nrf24_ptx.o (.bss.gOneShotQueued)
                  202005dd    00000001     nrf24_ptx.o (.bss.gQueueCount)
                  202005de    00000001     nrf24_ptx.o (.bss.gQueueHead)
                  202005df    00000001     nrf24_ptx.o (.bss.gQueueTail)
                  202005e0    00000001     nrf24_ptx.o (.bss.gState)

.stack     0    20207e00    00000200     UNINITIALIZED
                  20207e00    00000004     libc.a : boot_cortex_m.c.obj (.stack)
                  20207e04    000001fc     --HOLE--

__llvm_prf_cnts 
*          0    20200000    00000000     UNINITIALIZED

__llvm_prf_bits 
*          0    20200000    00000000     UNINITIALIZED

MODULE SUMMARY

       Module                         code    ro data   rw data
       ------                         ----    -------   -------
    .\
       ti_msp_dl_config.o             1080    34        388    
       startup_mspm0g350x_ticlang.o   6       192       0      
       empty.o                        46      0         0      
    +--+------------------------------+-------+---------+---------+
       Total:                         1132    226       388    
                                                               
    .\app\
       req002.o                       212     255       32     
       app.o                          132     0         8      
    +--+------------------------------+-------+---------+---------+
       Total:                         344     255       40     
                                                               
    .\bsp\
       board_safety.o                 160     50        0      
       timebase.o                     84      0         4      
    +--+------------------------------+-------+---------+---------+
       Total:                         244     50        4      
                                                               
    .\drivers\
       diag_console.o                 28100   1679      219    
       nrf24_ptx.o                    2736    133       811    
       oled_ssd1306.o                 1480    0         2      
       line_sensors.o                 728     0         32     
       encoders.o                     324     16        9      
       i2c_diag.o                     300     0         0      
       start_button.o                 138     0         0      
    +--+------------------------------+-------+---------+---------+
       Total:                         33806   1828      1073   
                                                               
    D:/AAADiansai/CCS/mspm0_sdk_2_11_00_07/source/ti/driverlib/lib/ticlang/m0p/mspm0g1x0x_g3x0x/driverlib.a
       dl_i2c.o                       240     0         0      
       dl_spi.o                       226     0         0      
       dl_uart.o                      138     0         0      
       dl_timer.o                     94      0         0      
       dl_common.o                    10      0         0      
    +--+------------------------------+-------+---------+---------+
       Total:                         708     0         0      
                                                               
    D:\AAADiansai\CCS\ccs\tools\compiler\ti-cgt-armllvm_5.1.1.LTS\lib\armv6m-ti-none-eabi/c/libc.a
       memcpy16.S.obj                 154     0         0      
       memset16.S.obj                 98      0         0      
       autoinit.c.obj                 60      0         0      
       boot_cortex_m.c.obj            40      0         0      
       memcmp.c.obj                   32      0         0      
       copy_zero_init.c.obj           16      0         0      
       exit.c.obj                     6       0         0      
       pre_init.c.obj                 4       0         0      
    +--+------------------------------+-------+---------+---------+
       Total:                         410     0         0      
                                                               
    D:\AAADiansai\CCS\ccs\tools\compiler\ti-cgt-armllvm_5.1.1.LTS\lib\armv6m-ti-none-eabi/c/libsysbm.a
       hostexit.c.obj                 4       0         0      
    +--+------------------------------+-------+---------+---------+
       Total:                         4       0         0      
                                                               
    D:\AAADiansai\CCS\ccs\tools\compiler\ti-cgt-armllvm_5.1.1.LTS\lib\armv6m-ti-none-eabi/libclang_rt.builtins.a
       aeabi_uidivmod.S.obj           64      0         0      
       aeabi_memset.S.obj             26      0         0      
       aeabi_memcpy.S.obj             8       0         0      
       aeabi_div0.c.obj               2       0         0      
    +--+------------------------------+-------+---------+---------+
       Total:                         100     0         0      
                                                               
       Stack:                         0       0         512    
       Linker Generated:              0       20        0      
    +--+------------------------------+-------+---------+---------+
       Grand Total:                   36748   2379      2017   


LINKER GENERATED COPY TABLES

__TI_cinit_table @ 000098dc records: 1, size/record: 8, table size: 8
	.bss: load addr=000098d0, load size=00000008 bytes, run addr=20200000, run size=000005e1 bytes, compression=zero_init


LINKER GENERATED HANDLER TABLE

__TI_handler_table @ 000098d8 records: 1, size/record: 4, table size: 4
	index: 0, handler: __TI_zero_init


GLOBAL SYMBOLS: SORTED ALPHABETICALLY BY Name 

address   name                              
-------   ----                              
00007f4f  ADC0_IRQHandler                   
00007f4f  ADC1_IRQHandler                   
00007f4f  AES_IRQHandler                    
00008b41  App_init                          
000088c9  App_service                       
00009009  BoardSafety_buzzerPolicy          
00008d29  BoardSafety_init                  
00008911  BoardSafety_outputsLocked         
00008d51  BoardSafety_service               
00009046  C$$EXIT                           
00007f4f  CANFD0_IRQHandler                 
00007f4f  DAC0_IRQHandler                   
00008ff5  DL_Common_delayCycles             
0000847b  DL_I2C_fillControllerTXFIFO       
00008c69  DL_I2C_flushControllerRXFIFO      
00008b7d  DL_I2C_flushControllerTXFIFO      
00008df1  DL_I2C_setClockConfig             
000085ed  DL_SPI_drainRXFIFO8               
00008a79  DL_SPI_init                       
00008e9d  DL_SPI_receiveDataCheck8          
00008f99  DL_SPI_setClockConfig             
00008eb9  DL_SPI_transmitDataCheck8         
00008d79  DL_Timer_setCaptureCompareCtl     
00008ef1  DL_Timer_setCaptureCompareInput   
00008ed5  DL_Timer_setClockConfig           
00008959  DL_UART_init                      
00008fab  DL_UART_setClockConfig            
00008c99  DL_UART_transmitDataBlocking      
00007f4f  DMA_IRQHandler                    
00007f4f  Default_Handler                   
000089a1  DiagConsole_init                  
000084d9  DiagConsole_onUartInterrupt       
00007189  DiagConsole_reportBoot            
00001a09  DiagConsole_service               
00008351  Encoders_init                     
000080ed  Encoders_onLeftCaptureInterrupt   
00008535  Encoders_snapshot                 
00007f4f  GROUP0_IRQHandler                 
00007f4f  GROUP1_IRQHandler                 
00009047  HOSTexit                          
00007f4f  HardFault_Handler                 
00007f4f  I2C0_IRQHandler                   
00007f4f  I2C1_IRQHandler                   
00007745  I2cDiag_scan                      
00008e3d  LineSensors_init                  
00008fdd  LineSensors_readRawBits           
00007d55  LineSensors_service               
00008f71  LineSensors_snapshot              
00007f4f  NMI_Handler                       
00008791  Nrf24Ptx_arm                      
00007871  Nrf24Ptx_captureDiagnosticChar    
00008bb9  Nrf24Ptx_disarm                   
00008641  Nrf24Ptx_getStatus                
00008171  Nrf24Ptx_init                     
00008695  Nrf24Ptx_readCoreRegisters        
00008e19  Nrf24Ptx_safeWhenDisarmed         
00005e81  Nrf24Ptx_service                  
00007fdd  OledSsd1306_clear                 
00008abd  OledSsd1306_forceAllPixelsOn      
000087e1  OledSsd1306_forceAllPixelsOnSh1106
00006775  OledSsd1306_showTestPattern       
00007f4f  PendSV_Handler                    
00007f4f  RTC_IRQHandler                    
00008f29  Req002_blockReasonName            
00009011  Req002_getStatus                  
00008da1  Req002_init                       
0000826d  Req002_service                    
00008f41  Req002_stateName                  
0000904b  Reset_Handler                     
00007f4f  SPI0_IRQHandler                   
00007f4f  SPI1_IRQHandler                   
00007f4f  SVC_Handler                       
00007f51  SYSCFG_DL_DIAG_UART_init          
00007c91  SYSCFG_DL_GPIO_init               
00007e05  SYSCFG_DL_LEFT_CAPTURE_init       
000086e9  SYSCFG_DL_LINE_I2C_init           
0000873d  SYSCFG_DL_OLED_I2C_init           
00008831  SYSCFG_DL_RADIO_SPI_init          
00008591  SYSCFG_DL_RIGHT_QEI_init          
00008cc9  SYSCFG_DL_SYSCTL_init             
000089e9  SYSCFG_DL_init                    
000082e1  SYSCFG_DL_initPower               
00008e5d  StartButton_init                  
0000887d  StartButton_poll                  
00008f85  StartButton_readHardwarePressed   
00008fff  StartButton_takePress             
00009019  SysTick_Handler                   
00007f4f  TIMA0_IRQHandler                  
00009021  TIMA1_IRQHandler                  
00007f4f  TIMG0_IRQHandler                  
00007f4f  TIMG12_IRQHandler                 
00007f4f  TIMG6_IRQHandler                  
00007f4f  TIMG7_IRQHandler                  
00007f4f  TIMG8_IRQHandler                  
00008cf9  Timebase_init                     
00008fe9  Timebase_nowMs                    
00008fbd  Timebase_onSysTick                
00009029  Timebase_reached                  
00009031  UART0_IRQHandler                  
00007f4f  UART1_IRQHandler                  
00007f4f  UART2_IRQHandler                  
00007f4f  UART3_IRQHandler                  
20208000  __STACK_END                       
00000200  __STACK_SIZE                      
00000000  __TI_ATRegion0_region_sz          
00000000  __TI_ATRegion0_src_addr           
00000000  __TI_ATRegion0_trg_addr           
00000000  __TI_ATRegion1_region_sz          
00000000  __TI_ATRegion1_src_addr           
00000000  __TI_ATRegion1_trg_addr           
00000000  __TI_ATRegion2_region_sz          
00000000  __TI_ATRegion2_src_addr           
00000000  __TI_ATRegion2_trg_addr           
000098dc  __TI_CINIT_Base                   
000098e4  __TI_CINIT_Limit                  
000098e4  __TI_CINIT_Warm                   
000098d8  __TI_Handler_Table_Base           
000098dc  __TI_Handler_Table_Limit          
00008bf5  __TI_auto_init_nobinit_nopinit    
ffffffff  __TI_pprof_out_hndl               
ffffffff  __TI_prof_data_size               
ffffffff  __TI_prof_data_start              
00000000  __TI_static_base__                
00008fcd  __TI_zero_init                    
00008e17  __aeabi_idiv0                     
00008f1b  __aeabi_memclr                    
00008f1b  __aeabi_memclr4                   
00008f1b  __aeabi_memclr8                   
00009039  __aeabi_memcpy                    
00009039  __aeabi_memcpy4                   
00009039  __aeabi_memcpy8                   
00008f0d  __aeabi_memset                    
00008f0d  __aeabi_memset4                   
00008f0d  __aeabi_memset8                   
00008b01  __aeabi_uidiv                     
00008b01  __aeabi_uidivmod                  
ffffffff  __binit__                         
UNDEFED   __mpu_init                        
20207e00  __stack                           
20200000  __start___llvm_prf_bits           
20200000  __start___llvm_prf_cnts           
20200000  __stop___llvm_prf_bits            
20200000  __stop___llvm_prf_cnts            
00008dc9  _c_int00_noargs                   
UNDEFED   _system_post_cinit                
0000904f  _system_pre_init                  
00009041  abort                             
ffffffff  binit                             
20200300  gLEFT_CAPTUREBackup               
2020052c  gRADIO_SPIBackup                  
202003bc  gRIGHT_QEIBackup                  
00000000  interruptVectors                  
00008f59  main                              
00008e7d  memcmp                            
00007eb5  memcpy                            
00008419  memset                            


GLOBAL SYMBOLS: SORTED BY Symbol Address 

address   name                              
-------   ----                              
00000000  __TI_ATRegion0_region_sz          
00000000  __TI_ATRegion0_src_addr           
00000000  __TI_ATRegion0_trg_addr           
00000000  __TI_ATRegion1_region_sz          
00000000  __TI_ATRegion1_src_addr           
00000000  __TI_ATRegion1_trg_addr           
00000000  __TI_ATRegion2_region_sz          
00000000  __TI_ATRegion2_src_addr           
00000000  __TI_ATRegion2_trg_addr           
00000000  __TI_static_base__                
00000000  interruptVectors                  
00000200  __STACK_SIZE                      
00001a09  DiagConsole_service               
00005e81  Nrf24Ptx_service                  
00006775  OledSsd1306_showTestPattern       
00007189  DiagConsole_reportBoot            
00007745  I2cDiag_scan                      
00007871  Nrf24Ptx_captureDiagnosticChar    
00007c91  SYSCFG_DL_GPIO_init               
00007d55  LineSensors_service               
00007e05  SYSCFG_DL_LEFT_CAPTURE_init       
00007eb5  memcpy                            
00007f4f  ADC0_IRQHandler                   
00007f4f  ADC1_IRQHandler                   
00007f4f  AES_IRQHandler                    
00007f4f  CANFD0_IRQHandler                 
00007f4f  DAC0_IRQHandler                   
00007f4f  DMA_IRQHandler                    
00007f4f  Default_Handler                   
00007f4f  GROUP0_IRQHandler                 
00007f4f  GROUP1_IRQHandler                 
00007f4f  HardFault_Handler                 
00007f4f  I2C0_IRQHandler                   
00007f4f  I2C1_IRQHandler                   
00007f4f  NMI_Handler                       
00007f4f  PendSV_Handler                    
00007f4f  RTC_IRQHandler                    
00007f4f  SPI0_IRQHandler                   
00007f4f  SPI1_IRQHandler                   
00007f4f  SVC_Handler                       
00007f4f  TIMA0_IRQHandler                  
00007f4f  TIMG0_IRQHandler                  
00007f4f  TIMG12_IRQHandler                 
00007f4f  TIMG6_IRQHandler                  
00007f4f  TIMG7_IRQHandler                  
00007f4f  TIMG8_IRQHandler                  
00007f4f  UART1_IRQHandler                  
00007f4f  UART2_IRQHandler                  
00007f4f  UART3_IRQHandler                  
00007f51  SYSCFG_DL_DIAG_UART_init          
00007fdd  OledSsd1306_clear                 
000080ed  Encoders_onLeftCaptureInterrupt   
00008171  Nrf24Ptx_init                     
0000826d  Req002_service                    
000082e1  SYSCFG_DL_initPower               
00008351  Encoders_init                     
00008419  memset                            
0000847b  DL_I2C_fillControllerTXFIFO       
000084d9  DiagConsole_onUartInterrupt       
00008535  Encoders_snapshot                 
00008591  SYSCFG_DL_RIGHT_QEI_init          
000085ed  DL_SPI_drainRXFIFO8               
00008641  Nrf24Ptx_getStatus                
00008695  Nrf24Ptx_readCoreRegisters        
000086e9  SYSCFG_DL_LINE_I2C_init           
0000873d  SYSCFG_DL_OLED_I2C_init           
00008791  Nrf24Ptx_arm                      
000087e1  OledSsd1306_forceAllPixelsOnSh1106
00008831  SYSCFG_DL_RADIO_SPI_init          
0000887d  StartButton_poll                  
000088c9  App_service                       
00008911  BoardSafety_outputsLocked         
00008959  DL_UART_init                      
000089a1  DiagConsole_init                  
000089e9  SYSCFG_DL_init                    
00008a79  DL_SPI_init                       
00008abd  OledSsd1306_forceAllPixelsOn      
00008b01  __aeabi_uidiv                     
00008b01  __aeabi_uidivmod                  
00008b41  App_init                          
00008b7d  DL_I2C_flushControllerTXFIFO      
00008bb9  Nrf24Ptx_disarm                   
00008bf5  __TI_auto_init_nobinit_nopinit    
00008c69  DL_I2C_flushControllerRXFIFO      
00008c99  DL_UART_transmitDataBlocking      
00008cc9  SYSCFG_DL_SYSCTL_init             
00008cf9  Timebase_init                     
00008d29  BoardSafety_init                  
00008d51  BoardSafety_service               
00008d79  DL_Timer_setCaptureCompareCtl     
00008da1  Req002_init                       
00008dc9  _c_int00_noargs                   
00008df1  DL_I2C_setClockConfig             
00008e17  __aeabi_idiv0                     
00008e19  Nrf24Ptx_safeWhenDisarmed         
00008e3d  LineSensors_init                  
00008e5d  StartButton_init                  
00008e7d  memcmp                            
00008e9d  DL_SPI_receiveDataCheck8          
00008eb9  DL_SPI_transmitDataCheck8         
00008ed5  DL_Timer_setClockConfig           
00008ef1  DL_Timer_setCaptureCompareInput   
00008f0d  __aeabi_memset                    
00008f0d  __aeabi_memset4                   
00008f0d  __aeabi_memset8                   
00008f1b  __aeabi_memclr                    
00008f1b  __aeabi_memclr4                   
00008f1b  __aeabi_memclr8                   
00008f29  Req002_blockReasonName            
00008f41  Req002_stateName                  
00008f59  main                              
00008f71  LineSensors_snapshot              
00008f85  StartButton_readHardwarePressed   
00008f99  DL_SPI_setClockConfig             
00008fab  DL_UART_setClockConfig            
00008fbd  Timebase_onSysTick                
00008fcd  __TI_zero_init                    
00008fdd  LineSensors_readRawBits           
00008fe9  Timebase_nowMs                    
00008ff5  DL_Common_delayCycles             
00008fff  StartButton_takePress             
00009009  BoardSafety_buzzerPolicy          
00009011  Req002_getStatus                  
00009019  SysTick_Handler                   
00009021  TIMA1_IRQHandler                  
00009029  Timebase_reached                  
00009031  UART0_IRQHandler                  
00009039  __aeabi_memcpy                    
00009039  __aeabi_memcpy4                   
00009039  __aeabi_memcpy8                   
00009041  abort                             
00009046  C$$EXIT                           
00009047  HOSTexit                          
0000904b  Reset_Handler                     
0000904f  _system_pre_init                  
000098d8  __TI_Handler_Table_Base           
000098dc  __TI_CINIT_Base                   
000098dc  __TI_Handler_Table_Limit          
000098e4  __TI_CINIT_Limit                  
000098e4  __TI_CINIT_Warm                   
20200000  __start___llvm_prf_bits           
20200000  __start___llvm_prf_cnts           
20200000  __stop___llvm_prf_bits            
20200000  __stop___llvm_prf_cnts            
20200300  gLEFT_CAPTUREBackup               
202003bc  gRIGHT_QEIBackup                  
2020052c  gRADIO_SPIBackup                  
20207e00  __stack                           
20208000  __STACK_END                       
ffffffff  __TI_pprof_out_hndl               
ffffffff  __TI_prof_data_size               
ffffffff  __TI_prof_data_start              
ffffffff  __binit__                         
ffffffff  binit                             
UNDEFED   __mpu_init                        
UNDEFED   _system_post_cinit                

[156 symbols]
