******************************************************************************
            TI ARM Clang Linker PC v5.1.1                      
******************************************************************************
>> Linked Thu Jul 30 23:39:59 2026

OUTPUT FILE NAME:   <test1.out>
ENTRY POINT SYMBOL: "_c_int00_noargs"  address: 00007c59


MEMORY CONFIGURATION

         name            origin    length      used     unused   attr    fill
----------------------  --------  ---------  --------  --------  ----  --------
  FLASH                 00000000   00020000  00008588  00017a78  R  X
  SRAM                  20200000   00008000  000007bf  00007841  RW X
  BCR_CONFIG            41c00000   000000ff  00000000  000000ff  R   
  BSL_CONFIG            41c00100   00000080  00000000  00000080  R   


SEGMENT ALLOCATION MAP

run origin  load origin   length   init length attrs members
----------  ----------- ---------- ----------- ----- -------
00000000    00000000    00008588   00008588    r-x
  00000000    00000000    000000c0   000000c0    r-- .intvecs
  000000c0    000000c0    00007dd0   00007dd0    r-x .text
  00007e90    00007e90    000006e0   000006e0    r-- .rodata
  00008570    00008570    00000018   00000018    r-- .cinit
20200000    20200000    000005bf   00000000    rw-
  20200000    20200000    000005bf   00000000    rw- .bss
20207e00    20207e00    00000200   00000000    rw-
  20207e00    20207e00    00000200   00000000    rw- .stack


SECTION ALLOCATION MAP

 output                                  attributes/
section   page    origin      length       input sections
--------  ----  ----------  ----------   ----------------
.intvecs   0    00000000    000000c0     
                  00000000    000000c0     startup_mspm0g350x_ticlang.o (.intvecs)

.text      0    000000c0    00007dd0     
                  000000c0    00001fa4     diag_console.o (.text.DiagConsole_service)
                  00002064    00001948     diag_console.o (.text.reportReq002)
                  000039ac    000016fc     diag_console.o (.text.reportRadioStatus)
                  000050a8    00000814     diag_console.o (.text.reportStatus)
                  000058bc    0000049c     nrf24_ptx.o (.text.Nrf24Ptx_service)
                  00005d58    00000338     diag_console.o (.text.reportLine)
                  00006090    000002fc     diag_console.o (.text.runSelfTest)
                  0000638c    000001a4     i2c_diag.o (.text.I2cDiag_readMpuWhoAmI)
                  00006530    0000019c     diag_console.o (.text.DiagConsole_reportBoot)
                  000066cc    00000188     i2c_diag.o (.text.I2cDiag_scan)
                  00006854    00000184     nrf24_ptx.o (.text.transaction)
                  000069d8    00000154     diag_console.o (.text.writeU32)
                  00006b2c    0000011c     nrf24_ptx.o (.text.Nrf24Ptx_captureDiagnosticChar)
                  00006c48    000000ec     nrf24_ptx.o (.text.command)
                  00006d34    000000dc     ti_msp_dl_config.o (.text.SYSCFG_DL_GPIO_init)
                  00006e10    000000b0     ti_msp_dl_config.o (.text.SYSCFG_DL_LEFT_CAPTURE_init)
                  00006ec0    0000009a     libc.a : memcpy16.S.obj (.text:memcpy)
                  00006f5a    00000002     startup_mspm0g350x_ticlang.o (.text.Default_Handler)
                  00006f5c    0000008c     ti_msp_dl_config.o (.text.SYSCFG_DL_DIAG_UART_init)
                  00006fe8    00000084     encoders.o (.text.Encoders_onLeftCaptureInterrupt)
                  0000706c    00000084     nrf24_ptx.o (.text.Nrf24Ptx_init)
                  000070f0    00000078     diag_console.o (.text.writeText)
                  00007168    00000074     req002.o (.text.Req002_service)
                  000071dc    00000070     ti_msp_dl_config.o (.text.SYSCFG_DL_initPower)
                  0000724c    00000064     encoders.o (.text.Encoders_init)
                  000072b0    00000064     nrf24_ptx.o (.text.writeRegistersAndVerify)
                  00007314    00000062     libc.a : memset16.S.obj (.text:memset)
                  00007376    0000005e     driverlib.a : dl_i2c.o (.text.DL_I2C_fillControllerTXFIFO)
                  000073d4    0000005c     diag_console.o (.text.DiagConsole_onUartInterrupt)
                  00007430    0000005c     encoders.o (.text.Encoders_snapshot)
                  0000748c    0000005c     ti_msp_dl_config.o (.text.SYSCFG_DL_RIGHT_QEI_init)
                  000074e8    00000054     driverlib.a : dl_spi.o (.text.DL_SPI_drainRXFIFO8)
                  0000753c    00000054     nrf24_ptx.o (.text.Nrf24Ptx_getStatus)
                  00007590    00000054     nrf24_ptx.o (.text.Nrf24Ptx_readCoreRegisters)
                  000075e4    00000054     ti_msp_dl_config.o (.text.SYSCFG_DL_MPU_I2C_init)
                  00007638    00000054     ti_msp_dl_config.o (.text.SYSCFG_DL_OLED_I2C_init)
                  0000768c    00000050     nrf24_ptx.o (.text.Nrf24Ptx_arm)
                  000076dc    0000004c     ti_msp_dl_config.o (.text.SYSCFG_DL_RADIO_SPI_init)
                  00007728    0000004c     start_button.o (.text.StartButton_poll)
                  00007774    00000048     board_safety.o (.text.BoardSafety_outputsLocked)
                  000077bc    00000048     driverlib.a : dl_uart.o (.text.DL_UART_init)
                  00007804    00000048     diag_console.o (.text.DiagConsole_init)
                  0000784c    00000048     ti_msp_dl_config.o (.text.SYSCFG_DL_init)
                  00007894    00000048     nrf24_ptx.o (.text.writeAndVerify)
                  000078dc    00000044     driverlib.a : dl_spi.o (.text.DL_SPI_init)
                  00007920    00000040     libclang_rt.builtins.a : aeabi_uidivmod.S.obj (.text)
                  00007960    0000003c     app.o (.text.App_service)
                  0000799c    0000003c     driverlib.a : dl_i2c.o (.text.DL_I2C_flushControllerTXFIFO)
                  000079d8    0000003c     line_sensors.o (.text.LineSensors_readRawBits)
                  00007a14    0000003c     nrf24_ptx.o (.text.Nrf24Ptx_disarm)
                  00007a50    0000003c     libc.a : autoinit.c.obj (.text:__TI_auto_init_nobinit_nopinit)
                  00007a8c    00000038     diag_console.o (.text.newLine)
                  00007ac4    00000034     app.o (.text.App_init)
                  00007af8    00000030     driverlib.a : dl_i2c.o (.text.DL_I2C_flushControllerRXFIFO)
                  00007b28    00000030                 : dl_uart.o (.text.DL_UART_transmitDataBlocking)
                  00007b58    00000030     ti_msp_dl_config.o (.text.SYSCFG_DL_SYSCTL_init)
                  00007b88    00000030     timebase.o (.text.Timebase_init)
                  00007bb8    00000028     board_safety.o (.text.BoardSafety_init)
                  00007be0    00000028     board_safety.o (.text.BoardSafety_service)
                  00007c08    00000028     driverlib.a : dl_timer.o (.text.DL_Timer_setCaptureCompareCtl)
                  00007c30    00000028     req002.o (.text.Req002_init)
                  00007c58    00000028     libc.a : boot_cortex_m.c.obj (.text:_c_int00_noargs)
                  00007c80    00000026     driverlib.a : dl_i2c.o (.text.DL_I2C_setClockConfig)
                  00007ca6    00000002     libclang_rt.builtins.a : aeabi_div0.c.obj (.text.__aeabi_idiv0)
                  00007ca8    00000024     nrf24_ptx.o (.text.Nrf24Ptx_safeWhenDisarmed)
                  00007ccc    00000020     start_button.o (.text.StartButton_init)
                  00007cec    00000020     libc.a : memcmp.c.obj (.text.memcmp)
                  00007d0c    0000001c     driverlib.a : dl_spi.o (.text.DL_SPI_receiveDataCheck8)
                  00007d28    0000001c                 : dl_spi.o (.text.DL_SPI_transmitDataCheck8)
                  00007d44    0000001c                 : dl_timer.o (.text.DL_Timer_setClockConfig)
                  00007d60    0000001a                 : dl_timer.o (.text.DL_Timer_setCaptureCompareInput)
                  00007d7a    00000002     --HOLE-- [fill = 0]
                  00007d7c    0000001a     libclang_rt.builtins.a : aeabi_memset.S.obj (.text)
                  00007d96    00000002     --HOLE-- [fill = 0]
                  00007d98    00000018     req002.o (.text.Req002_blockReasonName)
                  00007db0    00000018     req002.o (.text.Req002_stateName)
                  00007dc8    00000016     empty.o (.text.main)
                  00007dde    00000012     driverlib.a : dl_spi.o (.text.DL_SPI_setClockConfig)
                  00007df0    00000012                 : dl_uart.o (.text.DL_UART_setClockConfig)
                  00007e02    00000002     --HOLE-- [fill = 0]
                  00007e04    00000010     timebase.o (.text.Timebase_onSysTick)
                  00007e14    00000010     libc.a : copy_zero_init.c.obj (.text:decompress:ZI)
                  00007e24    0000000c     timebase.o (.text.Timebase_nowMs)
                  00007e30    0000000a     driverlib.a : dl_common.o (.text.DL_Common_delayCycles)
                  00007e3a    0000000a     start_button.o (.text.StartButton_takePress)
                  00007e44    00000008     board_safety.o (.text.BoardSafety_buzzerPolicy)
                  00007e4c    00000008     req002.o (.text.Req002_getStatus)
                  00007e54    00000008     empty.o (.text.SysTick_Handler)
                  00007e5c    00000008     empty.o (.text.TIMA1_IRQHandler)
                  00007e64    00000008     timebase.o (.text.Timebase_reached)
                  00007e6c    00000008     empty.o (.text.UART0_IRQHandler)
                  00007e74    00000008     libclang_rt.builtins.a : aeabi_memcpy.S.obj (.text)
                  00007e7c    00000006     libc.a : exit.c.obj (.text:abort)
                  00007e82    00000004     libsysbm.a : hostexit.c.obj (.text.HOSTexit)
                  00007e86    00000004     startup_mspm0g350x_ticlang.o (.text.Reset_Handler)
                  00007e8a    00000004     libc.a : pre_init.c.obj (.text._system_pre_init)
                  00007e8e    00000002     --HOLE-- [fill = 0]

.cinit     0    00008570    00000018     
                  00008570    00000008     (.cinit..bss.load) [load image, compression = zero_init]
                  00008578    00000004     (__TI_handler_table)
                  0000857c    00000008     (__TI_cinit_table)
                  00008584    00000004     --HOLE-- [fill = 0]

.rodata    0    00007e90    000006e0     
                  00007e90    0000008e     diag_console.o (.rodata.str1.4088845919059740246.1)
                  00007f1e    00000063     diag_console.o (.rodata.str1.7732308573000650393.1)
                  00007f81    0000003b     diag_console.o (.rodata.str1.9757831788182070933.1)
                  00007fbc    00000038     diag_console.o (.rodata.str1.6718555251542537173.1)
                  00007ff4    00000036     diag_console.o (.rodata.str1.4753132208752387408.1)
                  0000802a    00000035     diag_console.o (.rodata.str1.16786332400914981058.1)
                  0000805f    00000032     board_safety.o (.rodata.str1.1461871966798876460.1)
                  00008091    00000031     diag_console.o (.rodata.str1.11000238090859226487.1)
                  000080c2    0000002f     diag_console.o (.rodata.str1.12889734105675417804.1)
                  000080f1    00000028     diag_console.o (.rodata.str1.11175911738739839896.1)
                  00008119    00000028     diag_console.o (.rodata.str1.261250501884579427.1)
                  00008141    00000026     diag_console.o (.rodata.str1.1008767523004470630.1)
                  00008167    00000026     diag_console.o (.rodata.str1.7357183369378266487.1)
                  0000818d    00000003     ti_msp_dl_config.o (.rodata.gLEFT_CAPTUREClockConfig)
                  00008190    00000024     req002.o (.rodata..Lswitch.table.Req002_stateName)
                  000081b4    00000023     diag_console.o (.rodata.str1.10092175090239738319.1)
                  000081d7    00000023     diag_console.o (.rodata.str1.14265534512352903045.1)
                  000081fa    00000023     diag_console.o (.rodata.str1.810607564276269461.1)
                  0000821d    0000001f     diag_console.o (.rodata.str1.9009639935792097996.1)
                  0000823c    0000001c     req002.o (.rodata.str1.9213031953659428922.1)
                  00008258    0000001a     req002.o (.rodata.str1.11801953346847374107.1)
                  00008272    0000001a     diag_console.o (.rodata.str1.2111541797422310849.1)
                  0000828c    00000019     nrf24_ptx.o (.rodata.str1.6094559527043233380.4)
                  000082a5    00000003     ti_msp_dl_config.o (.rodata.gRIGHT_QEIClockConfig)
                  000082a8    00000018     nrf24_ptx.o (.rodata..Lswitch.table.Nrf24Ptx_getStatus)
                  000082c0    00000018     diag_console.o (.rodata.str1.586156461584364517.1)
                  000082d8    00000017     diag_console.o (.rodata.str1.1424010353822986971.1)
                  000082ef    00000017     req002.o (.rodata.str1.246851255980436067.1)
                  00008306    00000016     diag_console.o (.rodata.str1.2181998341318385279.1)
                  0000831c    00000014     req002.o (.rodata.str1.1536853367382378965.1)
                  00008330    00000014     diag_console.o (.rodata.str1.719103272933316442.1)
                  00008344    00000014     req002.o (.rodata.str1.7316036974658646067.1)
                  00008358    00000013     diag_console.o (.rodata.str1.7768218676934970796.1)
                  0000836b    00000011     diag_console.o (.rodata.str1.9305979691969886280.1)
                  0000837c    00000010     req002.o (.rodata..Lswitch.table.Req002_blockReasonName)
                  0000838c    00000010     encoders.o (.rodata.cst16)
                  0000839c    00000010     nrf24_ptx.o (.rodata.str1.17419335730769077557.1)
                  000083ac    0000000e     nrf24_ptx.o (.rodata.gProfile)
                  000083ba    0000000e     diag_console.o (.rodata.str1.10020677278003191597.1)
                  000083c8    0000000e     req002.o (.rodata.str1.11012809159570234960.1)
                  000083d6    0000000e     diag_console.o (.rodata.str1.15947943532119924092.1)
                  000083e4    0000000d     diag_console.o (.rodata.str1.15307067426115469236.1)
                  000083f1    0000000d     diag_console.o (.rodata.str1.17217747830118470281.1)
                  000083fe    0000000d     diag_console.o (.rodata.str1.17570078357027493973.1)
                  0000840b    0000000d     diag_console.o (.rodata.str1.3586807474570239301.1)
                  00008418    0000000d     nrf24_ptx.o (.rodata.str1.632614121974113092.1)
                  00008425    0000000c     req002.o (.rodata.str1.14163026172649738486.1)
                  00008431    0000000c     nrf24_ptx.o (.rodata.str1.18158066330371006656.1)
                  0000843d    0000000b     diag_console.o (.rodata.str1.11858721499567804342.1)
                  00008448    0000000b     req002.o (.rodata.str1.14519661726848775581.1)
                  00008453    0000000b     diag_console.o (.rodata.str1.15625074855538008002.1)
                  0000845e    0000000b     diag_console.o (.rodata.str1.17197432830885351810.1)
                  00008469    0000000b     diag_console.o (.rodata.str1.2437401455240083982.1)
                  00008474    0000000b     diag_console.o (.rodata.str1.5926118724489890093.1)
                  0000847f    0000000b     diag_console.o (.rodata.str1.9798642557863000284.1)
                  0000848a    0000000a     ti_msp_dl_config.o (.rodata.gDIAG_UARTConfig)
                  00008494    0000000a     ti_msp_dl_config.o (.rodata.gRADIO_SPI_config)
                  0000849e    0000000a     diag_console.o (.rodata.str1.15804963083468125269.1)
                  000084a8    0000000a     diag_console.o (.rodata.str1.8341931057821991107.1)
                  000084b2    00000009     diag_console.o (.rodata.str1.10021391958218067169.1)
                  000084bb    00000009     req002.o (.rodata.str1.12553014538444358850.1)
                  000084c4    00000009     nrf24_ptx.o (.rodata.str1.1466761408321915565.1)
                  000084cd    00000009     diag_console.o (.rodata.str1.15191501805510545095.1)
                  000084d6    00000009     diag_console.o (.rodata.str1.16718133499535619421.1)
                  000084df    00000009     nrf24_ptx.o (.rodata.str1.3287502044353476605.1)
                  000084e8    00000009     req002.o (.rodata.str1.4498054223093770164.1)
                  000084f1    00000009     req002.o (.rodata.str1.9783865751474204056.1)
                  000084fa    00000008     diag_console.o (.rodata.str1.1116829374954328495.1)
                  00008502    00000007     diag_console.o (.rodata.str1.18237275900639492659.1)
                  00008509    00000007     diag_console.o (.rodata.str1.7767364581813029062.1)
                  00008510    00000006     req002.o (.rodata.str1.1330840565073376.1)
                  00008516    00000006     nrf24_ptx.o (.rodata.str1.17809926154172099862.1)
                  0000851c    00000006     req002.o (.rodata.str1.404665452499805758.1)
                  00008522    00000006     diag_console.o (.rodata.str1.475083551094971178.1)
                  00008528    00000005     diag_console.o (.rodata.str1.11767802008270839024.1)
                  0000852d    00000005     req002.o (.rodata.str1.11884172484412477609.1)
                  00008532    00000005     nrf24_ptx.o (.rodata.str1.1246111486341945488.1)
                  00008537    00000005     diag_console.o (.rodata.str1.13160629704296733059.1)
                  0000853c    00000005     diag_console.o (.rodata.str1.16469263393576567306.1)
                  00008541    00000005     diag_console.o (.rodata.str1.3251375336230076641.1)
                  00008546    00000005     req002.o (.rodata.str1.4278235483893593186.1)
                  0000854b    00000005     diag_console.o (.rodata.str1.8182549175682356078.1)
                  00008550    00000005     diag_console.o (.rodata.str1.8521603489394202036.1)
                  00008555    00000005     diag_console.o (.rodata.str1.8535165006884115289.1)
                  0000855a    00000005     diag_console.o (.rodata.str1.9239603917100908406.1)
                  0000855f    00000004     diag_console.o (.rodata.str1.17103627226480421635.1)
                  00008563    00000003     diag_console.o (.rodata.str1.15004393915158247055.1)
                  00008566    00000002     ti_msp_dl_config.o (.rodata.gDIAG_UARTClockConfig)
                  00008568    00000002     ti_msp_dl_config.o (.rodata.gMPU_I2CClockConfig)
                  0000856a    00000002     ti_msp_dl_config.o (.rodata.gOLED_I2CClockConfig)
                  0000856c    00000002     ti_msp_dl_config.o (.rodata.gRADIO_SPI_clockConfig)
                  0000856e    00000002     --HOLE-- [fill = 0]

.init_array 
*          0    00000000    00000000     UNINITIALIZED

.binit     0    00000000    00000000     

.bss       0    20200000    000005bf     UNINITIALIZED
                  20200000    00000240     nrf24_ptx.o (.bss.gQueue)
                  20200240    000000c0     nrf24_ptx.o (.bss.gDiagLine)
                  20200300    000000bc     (.common:gLEFT_CAPTUREBackup)
                  202003bc    000000a0     (.common:gRIGHT_QEIBackup)
                  2020045c    00000080     diag_console.o (.bss.gRxBuffer)
                  202004dc    00000050     diag_console.o (.bss.gCommand)
                  2020052c    00000028     (.common:gRADIO_SPIBackup)
                  20200554    00000020     req002.o (.bss.gStatus)
                  20200574    0000001c     nrf24_ptx.o (.bss.gStats)
                  20200590    00000008     app.o (.bss.gStartButton)
                  20200598    00000004     nrf24_ptx.o (.bss.gDeadline)
                  2020059c    00000004     encoders.o (.bss.gLeftCount)
                  202005a0    00000004     encoders.o (.bss.gLeftInvalidTransitions)
                  202005a4    00000004     timebase.o (.bss.gMilliseconds)
                  202005a8    00000004     diag_console.o (.bss.gRxOverflow)
                  202005ac    00000002     nrf24_ptx.o (.bss.gDiagLineLength)
                  202005ae    00000002     nrf24_ptx.o (.bss.gNextMessageId)
                  202005b0    00000002     diag_console.o (.bss.gRxHead)
                  202005b2    00000002     diag_console.o (.bss.gRxTail)
                  202005b4    00000001     nrf24_ptx.o (.bss.gArmed)
                  202005b5    00000001     diag_console.o (.bss.gCaptureEnabled)
                  202005b6    00000001     diag_console.o (.bss.gCommandLength)
                  202005b7    00000001     nrf24_ptx.o (.bss.gDiagLineOverflow)
                  202005b8    00000001     diag_console.o (.bss.gDiscardLine)
                  202005b9    00000001     encoders.o (.bss.gLeftState)
                  202005ba    00000001     nrf24_ptx.o (.bss.gOneShotQueued)
                  202005bb    00000001     nrf24_ptx.o (.bss.gQueueCount)
                  202005bc    00000001     nrf24_ptx.o (.bss.gQueueHead)
                  202005bd    00000001     nrf24_ptx.o (.bss.gQueueTail)
                  202005be    00000001     nrf24_ptx.o (.bss.gState)

.stack     0    20207e00    00000200     UNINITIALIZED
                  20207e00    00000004     libc.a : boot_cortex_m.c.obj (.stack)
                  20207e04    000001fc     --HOLE--

__llvm_prf_cnts 
*          0    20200000    00000000     UNINITIALIZED

__llvm_prf_bits 
*          0    20200000    00000000     UNINITIALIZED

MODULE SUMMARY

       Module                         code    ro data   rw data
       ------                         ----    -------   -------
    .\
       ti_msp_dl_config.o             1104    34        388    
       startup_mspm0g350x_ticlang.o   6       192       0      
       empty.o                        46      0         0      
    +--+------------------------------+-------+---------+---------+
       Total:                         1156    226       388    
                                                               
    .\app\
       req002.o                       212     255       32     
       app.o                          112     0         8      
    +--+------------------------------+-------+---------+---------+
       Total:                         324     255       40     
                                                               
    .\bsp\
       board_safety.o                 160     50        0      
       timebase.o                     84      0         4      
    +--+------------------------------+-------+---------+---------+
       Total:                         244     50        4      
                                                               
    .\drivers\
       diag_console.o                 25204   1270      219    
       nrf24_ptx.o                    2736    133       811    
       i2c_diag.o                     812     0         0      
       encoders.o                     324     16        9      
       start_button.o                 118     0         0      
       line_sensors.o                 60      0         0      
    +--+------------------------------+-------+---------+---------+
       Total:                         29254   1419      1039   
                                                               
    D:/AAADiansai/CCS/mspm0_sdk_2_11_00_07/source/ti/driverlib/lib/ticlang/m0p/mspm0g1x0x_g3x0x/driverlib.a
       dl_i2c.o                       240     0         0      
       dl_spi.o                       226     0         0      
       dl_uart.o                      138     0         0      
       dl_timer.o                     94      0         0      
       dl_common.o                    10      0         0      
    +--+------------------------------+-------+---------+---------+
       Total:                         708     0         0      
                                                               
    D:\AAADiansai\CCS\ccs\tools\compiler\ti-cgt-armllvm_5.1.1.LTS\lib\armv6m-ti-none-eabi/c/libc.a
       memcpy16.S.obj                 154     0         0      
       memset16.S.obj                 98      0         0      
       autoinit.c.obj                 60      0         0      
       boot_cortex_m.c.obj            40      0         0      
       memcmp.c.obj                   32      0         0      
       copy_zero_init.c.obj           16      0         0      
       exit.c.obj                     6       0         0      
       pre_init.c.obj                 4       0         0      
    +--+------------------------------+-------+---------+---------+
       Total:                         410     0         0      
                                                               
    D:\AAADiansai\CCS\ccs\tools\compiler\ti-cgt-armllvm_5.1.1.LTS\lib\armv6m-ti-none-eabi/c/libsysbm.a
       hostexit.c.obj                 4       0         0      
    +--+------------------------------+-------+---------+---------+
       Total:                         4       0         0      
                                                               
    D:\AAADiansai\CCS\ccs\tools\compiler\ti-cgt-armllvm_5.1.1.LTS\lib\armv6m-ti-none-eabi/libclang_rt.builtins.a
       aeabi_uidivmod.S.obj           64      0         0      
       aeabi_memset.S.obj             26      0         0      
       aeabi_memcpy.S.obj             8       0         0      
       aeabi_div0.c.obj               2       0         0      
    +--+------------------------------+-------+---------+---------+
       Total:                         100     0         0      
                                                               
       Stack:                         0       0         512    
       Linker Generated:              0       20        0      
    +--+------------------------------+-------+---------+---------+
       Grand Total:                   32200   1970      1983   


LINKER GENERATED COPY TABLES

__TI_cinit_table @ 0000857c records: 1, size/record: 8, table size: 8
	.bss: load addr=00008570, load size=00000008 bytes, run addr=20200000, run size=000005bf bytes, compression=zero_init


LINKER GENERATED HANDLER TABLE

__TI_handler_table @ 00008578 records: 1, size/record: 4, table size: 4
	index: 0, handler: __TI_zero_init


GLOBAL SYMBOLS: SORTED ALPHABETICALLY BY Name 

address   name                           
-------   ----                           
00006f5b  ADC0_IRQHandler                
00006f5b  ADC1_IRQHandler                
00006f5b  AES_IRQHandler                 
00007ac5  App_init                       
00007961  App_service                    
00007e45  BoardSafety_buzzerPolicy       
00007bb9  BoardSafety_init               
00007775  BoardSafety_outputsLocked      
00007be1  BoardSafety_service            
00007e82  C$$EXIT                        
00006f5b  CANFD0_IRQHandler              
00006f5b  DAC0_IRQHandler                
00007e31  DL_Common_delayCycles          
00007377  DL_I2C_fillControllerTXFIFO    
00007af9  DL_I2C_flushControllerRXFIFO   
0000799d  DL_I2C_flushControllerTXFIFO   
00007c81  DL_I2C_setClockConfig          
000074e9  DL_SPI_drainRXFIFO8            
000078dd  DL_SPI_init                    
00007d0d  DL_SPI_receiveDataCheck8       
00007ddf  DL_SPI_setClockConfig          
00007d29  DL_SPI_transmitDataCheck8      
00007c09  DL_Timer_setCaptureCompareCtl  
00007d61  DL_Timer_setCaptureCompareInput
00007d45  DL_Timer_setClockConfig        
000077bd  DL_UART_init                   
00007df1  DL_UART_setClockConfig         
00007b29  DL_UART_transmitDataBlocking   
00006f5b  DMA_IRQHandler                 
00006f5b  Default_Handler                
00007805  DiagConsole_init               
000073d5  DiagConsole_onUartInterrupt    
00006531  DiagConsole_reportBoot         
000000c1  DiagConsole_service            
0000724d  Encoders_init                  
00006fe9  Encoders_onLeftCaptureInterrupt
00007431  Encoders_snapshot              
00006f5b  GROUP0_IRQHandler              
00006f5b  GROUP1_IRQHandler              
00007e83  HOSTexit                       
00006f5b  HardFault_Handler              
00006f5b  I2C0_IRQHandler                
00006f5b  I2C1_IRQHandler                
0000638d  I2cDiag_readMpuWhoAmI          
000066cd  I2cDiag_scan                   
000079d9  LineSensors_readRawBits        
00006f5b  NMI_Handler                    
0000768d  Nrf24Ptx_arm                   
00006b2d  Nrf24Ptx_captureDiagnosticChar 
00007a15  Nrf24Ptx_disarm                
0000753d  Nrf24Ptx_getStatus             
0000706d  Nrf24Ptx_init                  
00007591  Nrf24Ptx_readCoreRegisters     
00007ca9  Nrf24Ptx_safeWhenDisarmed      
000058bd  Nrf24Ptx_service               
00006f5b  PendSV_Handler                 
00006f5b  RTC_IRQHandler                 
00007d99  Req002_blockReasonName         
00007e4d  Req002_getStatus               
00007c31  Req002_init                    
00007169  Req002_service                 
00007db1  Req002_stateName               
00007e87  Reset_Handler                  
00006f5b  SPI0_IRQHandler                
00006f5b  SPI1_IRQHandler                
00006f5b  SVC_Handler                    
00006f5d  SYSCFG_DL_DIAG_UART_init       
00006d35  SYSCFG_DL_GPIO_init            
00006e11  SYSCFG_DL_LEFT_CAPTURE_init    
000075e5  SYSCFG_DL_MPU_I2C_init         
00007639  SYSCFG_DL_OLED_I2C_init        
000076dd  SYSCFG_DL_RADIO_SPI_init       
0000748d  SYSCFG_DL_RIGHT_QEI_init       
00007b59  SYSCFG_DL_SYSCTL_init          
0000784d  SYSCFG_DL_init                 
000071dd  SYSCFG_DL_initPower            
00007ccd  StartButton_init               
00007729  StartButton_poll               
00007e3b  StartButton_takePress          
00007e55  SysTick_Handler                
00006f5b  TIMA0_IRQHandler               
00007e5d  TIMA1_IRQHandler               
00006f5b  TIMG0_IRQHandler               
00006f5b  TIMG12_IRQHandler              
00006f5b  TIMG6_IRQHandler               
00006f5b  TIMG7_IRQHandler               
00006f5b  TIMG8_IRQHandler               
00007b89  Timebase_init                  
00007e25  Timebase_nowMs                 
00007e05  Timebase_onSysTick             
00007e65  Timebase_reached               
00007e6d  UART0_IRQHandler               
00006f5b  UART1_IRQHandler               
00006f5b  UART2_IRQHandler               
00006f5b  UART3_IRQHandler               
20208000  __STACK_END                    
00000200  __STACK_SIZE                   
00000000  __TI_ATRegion0_region_sz       
00000000  __TI_ATRegion0_src_addr        
00000000  __TI_ATRegion0_trg_addr        
00000000  __TI_ATRegion1_region_sz       
00000000  __TI_ATRegion1_src_addr        
00000000  __TI_ATRegion1_trg_addr        
00000000  __TI_ATRegion2_region_sz       
00000000  __TI_ATRegion2_src_addr        
00000000  __TI_ATRegion2_trg_addr        
0000857c  __TI_CINIT_Base                
00008584  __TI_CINIT_Limit               
00008584  __TI_CINIT_Warm                
00008578  __TI_Handler_Table_Base        
0000857c  __TI_Handler_Table_Limit       
00007a51  __TI_auto_init_nobinit_nopinit 
ffffffff  __TI_pprof_out_hndl            
ffffffff  __TI_prof_data_size            
ffffffff  __TI_prof_data_start           
00000000  __TI_static_base__             
00007e15  __TI_zero_init                 
00007ca7  __aeabi_idiv0                  
00007d8b  __aeabi_memclr                 
00007d8b  __aeabi_memclr4                
00007d8b  __aeabi_memclr8                
00007e75  __aeabi_memcpy                 
00007e75  __aeabi_memcpy4                
00007e75  __aeabi_memcpy8                
00007d7d  __aeabi_memset                 
00007d7d  __aeabi_memset4                
00007d7d  __aeabi_memset8                
00007921  __aeabi_uidiv                  
00007921  __aeabi_uidivmod               
ffffffff  __binit__                      
UNDEFED   __mpu_init                     
20207e00  __stack                        
20200000  __start___llvm_prf_bits        
20200000  __start___llvm_prf_cnts        
20200000  __stop___llvm_prf_bits         
20200000  __stop___llvm_prf_cnts         
00007c59  _c_int00_noargs                
UNDEFED   _system_post_cinit             
00007e8b  _system_pre_init               
00007e7d  abort                          
ffffffff  binit                          
20200300  gLEFT_CAPTUREBackup            
2020052c  gRADIO_SPIBackup               
202003bc  gRIGHT_QEIBackup               
00000000  interruptVectors               
00007dc9  main                           
00007ced  memcmp                         
00006ec1  memcpy                         
00007315  memset                         


GLOBAL SYMBOLS: SORTED BY Symbol Address 

address   name                           
-------   ----                           
00000000  __TI_ATRegion0_region_sz       
00000000  __TI_ATRegion0_src_addr        
00000000  __TI_ATRegion0_trg_addr        
00000000  __TI_ATRegion1_region_sz       
00000000  __TI_ATRegion1_src_addr        
00000000  __TI_ATRegion1_trg_addr        
00000000  __TI_ATRegion2_region_sz       
00000000  __TI_ATRegion2_src_addr        
00000000  __TI_ATRegion2_trg_addr        
00000000  __TI_static_base__             
00000000  interruptVectors               
000000c1  DiagConsole_service            
00000200  __STACK_SIZE                   
000058bd  Nrf24Ptx_service               
0000638d  I2cDiag_readMpuWhoAmI          
00006531  DiagConsole_reportBoot         
000066cd  I2cDiag_scan                   
00006b2d  Nrf24Ptx_captureDiagnosticChar 
00006d35  SYSCFG_DL_GPIO_init            
00006e11  SYSCFG_DL_LEFT_CAPTURE_init    
00006ec1  memcpy                         
00006f5b  ADC0_IRQHandler                
00006f5b  ADC1_IRQHandler                
00006f5b  AES_IRQHandler                 
00006f5b  CANFD0_IRQHandler              
00006f5b  DAC0_IRQHandler                
00006f5b  DMA_IRQHandler                 
00006f5b  Default_Handler                
00006f5b  GROUP0_IRQHandler              
00006f5b  GROUP1_IRQHandler              
00006f5b  HardFault_Handler              
00006f5b  I2C0_IRQHandler                
00006f5b  I2C1_IRQHandler                
00006f5b  NMI_Handler                    
00006f5b  PendSV_Handler                 
00006f5b  RTC_IRQHandler                 
00006f5b  SPI0_IRQHandler                
00006f5b  SPI1_IRQHandler                
00006f5b  SVC_Handler                    
00006f5b  TIMA0_IRQHandler               
00006f5b  TIMG0_IRQHandler               
00006f5b  TIMG12_IRQHandler              
00006f5b  TIMG6_IRQHandler               
00006f5b  TIMG7_IRQHandler               
00006f5b  TIMG8_IRQHandler               
00006f5b  UART1_IRQHandler               
00006f5b  UART2_IRQHandler               
00006f5b  UART3_IRQHandler               
00006f5d  SYSCFG_DL_DIAG_UART_init       
00006fe9  Encoders_onLeftCaptureInterrupt
0000706d  Nrf24Ptx_init                  
00007169  Req002_service                 
000071dd  SYSCFG_DL_initPower            
0000724d  Encoders_init                  
00007315  memset                         
00007377  DL_I2C_fillControllerTXFIFO    
000073d5  DiagConsole_onUartInterrupt    
00007431  Encoders_snapshot              
0000748d  SYSCFG_DL_RIGHT_QEI_init       
000074e9  DL_SPI_drainRXFIFO8            
0000753d  Nrf24Ptx_getStatus             
00007591  Nrf24Ptx_readCoreRegisters     
000075e5  SYSCFG_DL_MPU_I2C_init         
00007639  SYSCFG_DL_OLED_I2C_init        
0000768d  Nrf24Ptx_arm                   
000076dd  SYSCFG_DL_RADIO_SPI_init       
00007729  StartButton_poll               
00007775  BoardSafety_outputsLocked      
000077bd  DL_UART_init                   
00007805  DiagConsole_init               
0000784d  SYSCFG_DL_init                 
000078dd  DL_SPI_init                    
00007921  __aeabi_uidiv                  
00007921  __aeabi_uidivmod               
00007961  App_service                    
0000799d  DL_I2C_flushControllerTXFIFO   
000079d9  LineSensors_readRawBits        
00007a15  Nrf24Ptx_disarm                
00007a51  __TI_auto_init_nobinit_nopinit 
00007ac5  App_init                       
00007af9  DL_I2C_flushControllerRXFIFO   
00007b29  DL_UART_transmitDataBlocking   
00007b59  SYSCFG_DL_SYSCTL_init          
00007b89  Timebase_init                  
00007bb9  BoardSafety_init               
00007be1  BoardSafety_service            
00007c09  DL_Timer_setCaptureCompareCtl  
00007c31  Req002_init                    
00007c59  _c_int00_noargs                
00007c81  DL_I2C_setClockConfig          
00007ca7  __aeabi_idiv0                  
00007ca9  Nrf24Ptx_safeWhenDisarmed      
00007ccd  StartButton_init               
00007ced  memcmp                         
00007d0d  DL_SPI_receiveDataCheck8       
00007d29  DL_SPI_transmitDataCheck8      
00007d45  DL_Timer_setClockConfig        
00007d61  DL_Timer_setCaptureCompareInput
00007d7d  __aeabi_memset                 
00007d7d  __aeabi_memset4                
00007d7d  __aeabi_memset8                
00007d8b  __aeabi_memclr                 
00007d8b  __aeabi_memclr4                
00007d8b  __aeabi_memclr8                
00007d99  Req002_blockReasonName         
00007db1  Req002_stateName               
00007dc9  main                           
00007ddf  DL_SPI_setClockConfig          
00007df1  DL_UART_setClockConfig         
00007e05  Timebase_onSysTick             
00007e15  __TI_zero_init                 
00007e25  Timebase_nowMs                 
00007e31  DL_Common_delayCycles          
00007e3b  StartButton_takePress          
00007e45  BoardSafety_buzzerPolicy       
00007e4d  Req002_getStatus               
00007e55  SysTick_Handler                
00007e5d  TIMA1_IRQHandler               
00007e65  Timebase_reached               
00007e6d  UART0_IRQHandler               
00007e75  __aeabi_memcpy                 
00007e75  __aeabi_memcpy4                
00007e75  __aeabi_memcpy8                
00007e7d  abort                          
00007e82  C$$EXIT                        
00007e83  HOSTexit                       
00007e87  Reset_Handler                  
00007e8b  _system_pre_init               
00008578  __TI_Handler_Table_Base        
0000857c  __TI_CINIT_Base                
0000857c  __TI_Handler_Table_Limit       
00008584  __TI_CINIT_Limit               
00008584  __TI_CINIT_Warm                
20200000  __start___llvm_prf_bits        
20200000  __start___llvm_prf_cnts        
20200000  __stop___llvm_prf_bits         
20200000  __stop___llvm_prf_cnts         
20200300  gLEFT_CAPTUREBackup            
202003bc  gRIGHT_QEIBackup               
2020052c  gRADIO_SPIBackup               
20207e00  __stack                        
20208000  __STACK_END                    
ffffffff  __TI_pprof_out_hndl            
ffffffff  __TI_prof_data_size            
ffffffff  __TI_prof_data_start           
ffffffff  __binit__                      
ffffffff  binit                          
UNDEFED   __mpu_init                     
UNDEFED   _system_post_cinit             

[149 symbols]
