<?xml version="1.0" encoding="ISO-8859-1" ?>
<link_info>
   <banner>TI ARM Clang Linker PC v5.1.1.LTS</banner>
   <copyright>Copyright (c) 1996-2018 Texas Instruments Incorporated</copyright>
   <command_line>D:\AAADiansai\CCS\ccs\tools\compiler\ti-cgt-armllvm_5.1.1.LTS\bin\tiarmlnk -ID:\AAADiansai\CCS\ccs\tools\compiler\ti-cgt-armllvm_5.1.1.LTS\lib -o test1.out --cg_opt_level=2 -mtest1.map -iD:/AAADiansai/CCS/mspm0_sdk_2_11_00_07/source -iC:/Users/Administrator/workspace_ccstheia/test1_2.2_recovered -iC:/Users/Administrator/workspace_ccstheia/test1_2.2_recovered/Debug/syscfg -iD:/AAADiansai/CCS/ccs/tools/compiler/ti-cgt-armllvm_5.1.1.LTS/lib --diag_wrap=off --display_error_number --warn_sections --xml_link_info=test1_linkInfo.xml --rom_model ./empty.o ./ti_msp_dl_config.o ./startup_mspm0g350x_ticlang.o ./algorithm/line_tracking.o ./algorithm/pid.o ./app/app.o ./app/motor_test.o ./app/req002.o ./bsp/board_safety.o ./bsp/timebase.o ./drivers/diag_console.o ./drivers/encoders.o ./drivers/i2c_diag.o ./drivers/k230_link.o ./drivers/line_sensors.o ./drivers/motor_driver.o ./drivers/nrf24_ptx.o ./drivers/oled_ssd1306.o ./drivers/start_button.o -l./device_linker.cmd -ldevice.cmd.genlibs -llibc.a --start-group -llibc++.a -llibc++abi.a -llibc.a -llibsys.a -llibsysbm.a -llibclang_rt.builtins.a -llibclang_rt.profile.a --end-group</command_line>
   <link_time>0x6a6ce3a0</link_time>
   <link_errors>0x0</link_errors>
   <output_file>C:\Users\Administrator\workspace_ccstheia\test1_2.2_recovered\Debug\test1.out</output_file>
   <entry_point>
      <name>_c_int00_noargs</name>
      <address>0xb195</address>
   </entry_point>
   <input_file_list>
      <input_file id="fl-1">
         <path>C:\Users\Administrator\workspace_ccstheia\test1_2.2_recovered\Debug\.\</path>
         <kind>object</kind>
         <file>empty.o</file>
         <name>empty.o</name>
      </input_file>
      <input_file id="fl-2">
         <path>C:\Users\Administrator\workspace_ccstheia\test1_2.2_recovered\Debug\.\</path>
         <kind>object</kind>
         <file>ti_msp_dl_config.o</file>
         <name>ti_msp_dl_config.o</name>
      </input_file>
      <input_file id="fl-3">
         <path>C:\Users\Administrator\workspace_ccstheia\test1_2.2_recovered\Debug\.\</path>
         <kind>object</kind>
         <file>startup_mspm0g350x_ticlang.o</file>
         <name>startup_mspm0g350x_ticlang.o</name>
      </input_file>
      <input_file id="fl-4">
         <path>C:\Users\Administrator\workspace_ccstheia\test1_2.2_recovered\Debug\.\algorithm\</path>
         <kind>object</kind>
         <file>line_tracking.o</file>
         <name>line_tracking.o</name>
      </input_file>
      <input_file id="fl-5">
         <path>C:\Users\Administrator\workspace_ccstheia\test1_2.2_recovered\Debug\.\algorithm\</path>
         <kind>object</kind>
         <file>pid.o</file>
         <name>pid.o</name>
      </input_file>
      <input_file id="fl-6">
         <path>C:\Users\Administrator\workspace_ccstheia\test1_2.2_recovered\Debug\.\app\</path>
         <kind>object</kind>
         <file>app.o</file>
         <name>app.o</name>
      </input_file>
      <input_file id="fl-7">
         <path>C:\Users\Administrator\workspace_ccstheia\test1_2.2_recovered\Debug\.\app\</path>
         <kind>object</kind>
         <file>motor_test.o</file>
         <name>motor_test.o</name>
      </input_file>
      <input_file id="fl-8">
         <path>C:\Users\Administrator\workspace_ccstheia\test1_2.2_recovered\Debug\.\app\</path>
         <kind>object</kind>
         <file>req002.o</file>
         <name>req002.o</name>
      </input_file>
      <input_file id="fl-9">
         <path>C:\Users\Administrator\workspace_ccstheia\test1_2.2_recovered\Debug\.\bsp\</path>
         <kind>object</kind>
         <file>board_safety.o</file>
         <name>board_safety.o</name>
      </input_file>
      <input_file id="fl-a">
         <path>C:\Users\Administrator\workspace_ccstheia\test1_2.2_recovered\Debug\.\bsp\</path>
         <kind>object</kind>
         <file>timebase.o</file>
         <name>timebase.o</name>
      </input_file>
      <input_file id="fl-b">
         <path>C:\Users\Administrator\workspace_ccstheia\test1_2.2_recovered\Debug\.\drivers\</path>
         <kind>object</kind>
         <file>diag_console.o</file>
         <name>diag_console.o</name>
      </input_file>
      <input_file id="fl-c">
         <path>C:\Users\Administrator\workspace_ccstheia\test1_2.2_recovered\Debug\.\drivers\</path>
         <kind>object</kind>
         <file>encoders.o</file>
         <name>encoders.o</name>
      </input_file>
      <input_file id="fl-d">
         <path>C:\Users\Administrator\workspace_ccstheia\test1_2.2_recovered\Debug\.\drivers\</path>
         <kind>object</kind>
         <file>i2c_diag.o</file>
         <name>i2c_diag.o</name>
      </input_file>
      <input_file id="fl-e">
         <path>C:\Users\Administrator\workspace_ccstheia\test1_2.2_recovered\Debug\.\drivers\</path>
         <kind>object</kind>
         <file>k230_link.o</file>
         <name>k230_link.o</name>
      </input_file>
      <input_file id="fl-f">
         <path>C:\Users\Administrator\workspace_ccstheia\test1_2.2_recovered\Debug\.\drivers\</path>
         <kind>object</kind>
         <file>line_sensors.o</file>
         <name>line_sensors.o</name>
      </input_file>
      <input_file id="fl-10">
         <path>C:\Users\Administrator\workspace_ccstheia\test1_2.2_recovered\Debug\.\drivers\</path>
         <kind>object</kind>
         <file>motor_driver.o</file>
         <name>motor_driver.o</name>
      </input_file>
      <input_file id="fl-11">
         <path>C:\Users\Administrator\workspace_ccstheia\test1_2.2_recovered\Debug\.\drivers\</path>
         <kind>object</kind>
         <file>nrf24_ptx.o</file>
         <name>nrf24_ptx.o</name>
      </input_file>
      <input_file id="fl-12">
         <path>C:\Users\Administrator\workspace_ccstheia\test1_2.2_recovered\Debug\.\drivers\</path>
         <kind>object</kind>
         <file>oled_ssd1306.o</file>
         <name>oled_ssd1306.o</name>
      </input_file>
      <input_file id="fl-13">
         <path>C:\Users\Administrator\workspace_ccstheia\test1_2.2_recovered\Debug\.\drivers\</path>
         <kind>object</kind>
         <file>start_button.o</file>
         <name>start_button.o</name>
      </input_file>
      <input_file id="fl-20">
         <path>C:\Users\Administrator\workspace_ccstheia\test1_2.2_recovered\Debug\</path>
         <kind>object</kind>
         <file>&lt;internal&gt;</file>
         <name>&lt;internal&gt;</name>
      </input_file>
      <input_file id="fl-21">
         <path>D:\AAADiansai\CCS\mspm0_sdk_2_11_00_07\source\ti\driverlib\lib\ticlang\m0p\mspm0g1x0x_g3x0x\</path>
         <kind>archive</kind>
         <file>driverlib.a</file>
         <name>dl_common.o</name>
      </input_file>
      <input_file id="fl-22">
         <path>D:\AAADiansai\CCS\mspm0_sdk_2_11_00_07\source\ti\driverlib\lib\ticlang\m0p\mspm0g1x0x_g3x0x\</path>
         <kind>archive</kind>
         <file>driverlib.a</file>
         <name>dl_i2c.o</name>
      </input_file>
      <input_file id="fl-23">
         <path>D:\AAADiansai\CCS\mspm0_sdk_2_11_00_07\source\ti\driverlib\lib\ticlang\m0p\mspm0g1x0x_g3x0x\</path>
         <kind>archive</kind>
         <file>driverlib.a</file>
         <name>dl_spi.o</name>
      </input_file>
      <input_file id="fl-24">
         <path>D:\AAADiansai\CCS\mspm0_sdk_2_11_00_07\source\ti\driverlib\lib\ticlang\m0p\mspm0g1x0x_g3x0x\</path>
         <kind>archive</kind>
         <file>driverlib.a</file>
         <name>dl_timer.o</name>
      </input_file>
      <input_file id="fl-25">
         <path>D:\AAADiansai\CCS\mspm0_sdk_2_11_00_07\source\ti\driverlib\lib\ticlang\m0p\mspm0g1x0x_g3x0x\</path>
         <kind>archive</kind>
         <file>driverlib.a</file>
         <name>dl_uart.o</name>
      </input_file>
      <input_file id="fl-42">
         <path>D:\AAADiansai\CCS\ccs\tools\compiler\ti-cgt-armllvm_5.1.1.LTS\lib\armv6m-ti-none-eabi\c\</path>
         <kind>archive</kind>
         <file>libc.a</file>
         <name>memcmp.c.obj</name>
      </input_file>
      <input_file id="fl-43">
         <path>D:\AAADiansai\CCS\ccs\tools\compiler\ti-cgt-armllvm_5.1.1.LTS\lib\armv6m-ti-none-eabi\c\</path>
         <kind>archive</kind>
         <file>libc.a</file>
         <name>boot_cortex_m.c.obj</name>
      </input_file>
      <input_file id="fl-44">
         <path>D:\AAADiansai\CCS\ccs\tools\compiler\ti-cgt-armllvm_5.1.1.LTS\lib\armv6m-ti-none-eabi\c\</path>
         <kind>archive</kind>
         <file>libc.a</file>
         <name>mathacl_init.c.obj</name>
      </input_file>
      <input_file id="fl-45">
         <path>D:\AAADiansai\CCS\ccs\tools\compiler\ti-cgt-armllvm_5.1.1.LTS\lib\armv6m-ti-none-eabi\c\</path>
         <kind>archive</kind>
         <file>libc.a</file>
         <name>autoinit.c.obj</name>
      </input_file>
      <input_file id="fl-46">
         <path>D:\AAADiansai\CCS\ccs\tools\compiler\ti-cgt-armllvm_5.1.1.LTS\lib\armv6m-ti-none-eabi\c\</path>
         <kind>archive</kind>
         <file>libc.a</file>
         <name>pre_init.c.obj</name>
      </input_file>
      <input_file id="fl-47">
         <path>D:\AAADiansai\CCS\ccs\tools\compiler\ti-cgt-armllvm_5.1.1.LTS\lib\armv6m-ti-none-eabi\c\</path>
         <kind>archive</kind>
         <file>libc.a</file>
         <name>cpy_tbl.c.obj</name>
      </input_file>
      <input_file id="fl-48">
         <path>D:\AAADiansai\CCS\ccs\tools\compiler\ti-cgt-armllvm_5.1.1.LTS\lib\armv6m-ti-none-eabi\c\</path>
         <kind>archive</kind>
         <file>libc.a</file>
         <name>copy_zero_init.c.obj</name>
      </input_file>
      <input_file id="fl-49">
         <path>D:\AAADiansai\CCS\ccs\tools\compiler\ti-cgt-armllvm_5.1.1.LTS\lib\armv6m-ti-none-eabi\c\</path>
         <kind>archive</kind>
         <file>libc.a</file>
         <name>copy_decompress_none.c.obj</name>
      </input_file>
      <input_file id="fl-4a">
         <path>D:\AAADiansai\CCS\ccs\tools\compiler\ti-cgt-armllvm_5.1.1.LTS\lib\armv6m-ti-none-eabi\c\</path>
         <kind>archive</kind>
         <file>libc.a</file>
         <name>copy_decompress_lzss.c.obj</name>
      </input_file>
      <input_file id="fl-4b">
         <path>D:\AAADiansai\CCS\ccs\tools\compiler\ti-cgt-armllvm_5.1.1.LTS\lib\armv6m-ti-none-eabi\c\</path>
         <kind>archive</kind>
         <file>libc.a</file>
         <name>exit.c.obj</name>
      </input_file>
      <input_file id="fl-4c">
         <path>D:\AAADiansai\CCS\ccs\tools\compiler\ti-cgt-armllvm_5.1.1.LTS\lib\armv6m-ti-none-eabi\c\</path>
         <kind>archive</kind>
         <file>libc.a</file>
         <name>_lock.c.obj</name>
      </input_file>
      <input_file id="fl-4d">
         <path>D:\AAADiansai\CCS\ccs\tools\compiler\ti-cgt-armllvm_5.1.1.LTS\lib\armv6m-ti-none-eabi\c\</path>
         <kind>archive</kind>
         <file>libc.a</file>
         <name>args_main.c.obj</name>
      </input_file>
      <input_file id="fl-141">
         <path>D:\AAADiansai\CCS\ccs\tools\compiler\ti-cgt-armllvm_5.1.1.LTS\lib\armv6m-ti-none-eabi\c\</path>
         <kind>archive</kind>
         <file>libsysbm.a</file>
         <name>hostexit.c.obj</name>
      </input_file>
      <input_file id="fl-142">
         <path>D:\AAADiansai\CCS\ccs\tools\compiler\ti-cgt-armllvm_5.1.1.LTS\lib\armv6m-ti-none-eabi\</path>
         <kind>archive</kind>
         <file>libclang_rt.builtins.a</file>
         <name>addsf3.S.obj</name>
      </input_file>
      <input_file id="fl-143">
         <path>D:\AAADiansai\CCS\ccs\tools\compiler\ti-cgt-armllvm_5.1.1.LTS\lib\armv6m-ti-none-eabi\</path>
         <kind>archive</kind>
         <file>libclang_rt.builtins.a</file>
         <name>mulsf3.S.obj</name>
      </input_file>
      <input_file id="fl-144">
         <path>D:\AAADiansai\CCS\ccs\tools\compiler\ti-cgt-armllvm_5.1.1.LTS\lib\armv6m-ti-none-eabi\</path>
         <kind>archive</kind>
         <file>libclang_rt.builtins.a</file>
         <name>divsf3.S.obj</name>
      </input_file>
      <input_file id="fl-145">
         <path>D:\AAADiansai\CCS\ccs\tools\compiler\ti-cgt-armllvm_5.1.1.LTS\lib\armv6m-ti-none-eabi\</path>
         <kind>archive</kind>
         <file>libclang_rt.builtins.a</file>
         <name>fixsfsi.S.obj</name>
      </input_file>
      <input_file id="fl-146">
         <path>D:\AAADiansai\CCS\ccs\tools\compiler\ti-cgt-armllvm_5.1.1.LTS\lib\armv6m-ti-none-eabi\</path>
         <kind>archive</kind>
         <file>libclang_rt.builtins.a</file>
         <name>floatunsisf.S.obj</name>
      </input_file>
      <input_file id="fl-147">
         <path>D:\AAADiansai\CCS\ccs\tools\compiler\ti-cgt-armllvm_5.1.1.LTS\lib\armv6m-ti-none-eabi\</path>
         <kind>archive</kind>
         <file>libclang_rt.builtins.a</file>
         <name>aeabi_fcmp.S.obj</name>
      </input_file>
      <input_file id="fl-148">
         <path>D:\AAADiansai\CCS\ccs\tools\compiler\ti-cgt-armllvm_5.1.1.LTS\lib\armv6m-ti-none-eabi\</path>
         <kind>archive</kind>
         <file>libclang_rt.builtins.a</file>
         <name>aeabi_uidivmod.S.obj</name>
      </input_file>
      <input_file id="fl-149">
         <path>D:\AAADiansai\CCS\ccs\tools\compiler\ti-cgt-armllvm_5.1.1.LTS\lib\armv6m-ti-none-eabi\</path>
         <kind>archive</kind>
         <file>libclang_rt.builtins.a</file>
         <name>aeabi_memcpy.S.obj</name>
      </input_file>
      <input_file id="fl-14a">
         <path>D:\AAADiansai\CCS\ccs\tools\compiler\ti-cgt-armllvm_5.1.1.LTS\lib\armv6m-ti-none-eabi\</path>
         <kind>archive</kind>
         <file>libclang_rt.builtins.a</file>
         <name>aeabi_memset.S.obj</name>
      </input_file>
      <input_file id="fl-14b">
         <path>D:\AAADiansai\CCS\ccs\tools\compiler\ti-cgt-armllvm_5.1.1.LTS\lib\armv6m-ti-none-eabi\</path>
         <kind>archive</kind>
         <file>libclang_rt.builtins.a</file>
         <name>comparesf2.S.obj</name>
      </input_file>
      <input_file id="fl-14c">
         <path>D:\AAADiansai\CCS\ccs\tools\compiler\ti-cgt-armllvm_5.1.1.LTS\lib\armv6m-ti-none-eabi\</path>
         <kind>archive</kind>
         <file>libclang_rt.builtins.a</file>
         <name>muldsi3.S.obj</name>
      </input_file>
      <input_file id="fl-14d">
         <path>D:\AAADiansai\CCS\ccs\tools\compiler\ti-cgt-armllvm_5.1.1.LTS\lib\armv6m-ti-none-eabi\</path>
         <kind>archive</kind>
         <file>libclang_rt.builtins.a</file>
         <name>aeabi_div0.c.obj</name>
      </input_file>
      <input_file id="fl-14e">
         <path>D:\AAADiansai\CCS\ccs\tools\compiler\ti-cgt-armllvm_5.1.1.LTS\lib\armv6m-ti-none-eabi\c\</path>
         <kind>archive</kind>
         <file>libc.a</file>
         <name>memcpy16.S.obj</name>
      </input_file>
      <input_file id="fl-14f">
         <path>D:\AAADiansai\CCS\ccs\tools\compiler\ti-cgt-armllvm_5.1.1.LTS\lib\armv6m-ti-none-eabi\c\</path>
         <kind>archive</kind>
         <file>libc.a</file>
         <name>memset16.S.obj</name>
      </input_file>
   </input_file_list>
   <object_component_list>
      <object_component id="oc-18">
         <name>.intvecs</name>
         <load_address>0x0</load_address>
         <readonly>true</readonly>
         <run_address>0x0</run_address>
         <size>0xc0</size>
         <alignment>0x4</alignment>
         <input_file_ref idref="fl-3"/>
      </object_component>
      <object_component id="oc-120">
         <name>.text.DiagConsole_service</name>
         <load_address>0xc0</load_address>
         <readonly>true</readonly>
         <executable>true</executable>
         <run_address>0xc0</run_address>
         <size>0x2068</size>
         <alignment>0x4</alignment>
         <input_file_ref idref="fl-b"/>
      </object_component>
      <object_component id="oc-1f6">
         <name>.text.reportReq002</name>
         <load_address>0x2128</load_address>
         <readonly>true</readonly>
         <executable>true</executable>
         <run_address>0x2128</run_address>
         <size>0x1948</size>
         <alignment>0x4</alignment>
         <input_file_ref idref="fl-b"/>
      </object_component>
      <object_component id="oc-189">
         <name>.text.reportRadioStatus</name>
         <load_address>0x3a70</load_address>
         <readonly>true</readonly>
         <executable>true</executable>
         <run_address>0x3a70</run_address>
         <size>0x16fc</size>
         <alignment>0x4</alignment>
         <input_file_ref idref="fl-b"/>
      </object_component>
      <object_component id="oc-1de">
         <name>.text.reportLine</name>
         <load_address>0x516c</load_address>
         <readonly>true</readonly>
         <executable>true</executable>
         <run_address>0x516c</run_address>
         <size>0x14d8</size>
         <alignment>0x4</alignment>
         <input_file_ref idref="fl-b"/>
      </object_component>
      <object_component id="oc-188">
         <name>.text.reportStatus</name>
         <load_address>0x6644</load_address>
         <readonly>true</readonly>
         <executable>true</executable>
         <run_address>0x6644</run_address>
         <size>0x774</size>
         <alignment>0x4</alignment>
         <input_file_ref idref="fl-b"/>
      </object_component>
      <object_component id="oc-121">
         <name>.text.Nrf24Ptx_service</name>
         <load_address>0x6db8</load_address>
         <readonly>true</readonly>
         <executable>true</executable>
         <run_address>0x6db8</run_address>
         <size>0x49c</size>
         <alignment>0x4</alignment>
         <input_file_ref idref="fl-11"/>
      </object_component>
      <object_component id="oc-1f1">
         <name>.text.reportRadioRegisters</name>
         <load_address>0x7254</load_address>
         <readonly>true</readonly>
         <executable>true</executable>
         <run_address>0x7254</run_address>
         <size>0x458</size>
         <alignment>0x4</alignment>
         <input_file_ref idref="fl-b"/>
      </object_component>
      <object_component id="oc-1ec">
         <name>.text.reportI2c</name>
         <load_address>0x76ac</load_address>
         <readonly>true</readonly>
         <executable>true</executable>
         <run_address>0x76ac</run_address>
         <size>0x400</size>
         <alignment>0x4</alignment>
         <input_file_ref idref="fl-b"/>
      </object_component>
      <object_component id="oc-253">
         <name>.text.OledSsd1306_showTestPattern</name>
         <load_address>0x7aac</load_address>
         <readonly>true</readonly>
         <executable>true</executable>
         <run_address>0x7aac</run_address>
         <size>0x328</size>
         <alignment>0x4</alignment>
         <input_file_ref idref="fl-12"/>
      </object_component>
      <object_component id="oc-1fb">
         <name>.text.runSelfTest</name>
         <load_address>0x7dd4</load_address>
         <readonly>true</readonly>
         <executable>true</executable>
         <run_address>0x7dd4</run_address>
         <size>0x304</size>
         <alignment>0x4</alignment>
         <input_file_ref idref="fl-b"/>
      </object_component>
      <object_component id="oc-11b">
         <name>.text.LineTracking_service</name>
         <load_address>0x80d8</load_address>
         <readonly>true</readonly>
         <executable>true</executable>
         <run_address>0x80d8</run_address>
         <size>0x2e4</size>
         <alignment>0x4</alignment>
         <input_file_ref idref="fl-4"/>
      </object_component>
      <object_component id="oc-199">
         <name>.text.readRegisterBlock</name>
         <load_address>0x83bc</load_address>
         <readonly>true</readonly>
         <executable>true</executable>
         <run_address>0x83bc</run_address>
         <size>0x22c</size>
         <alignment>0x4</alignment>
         <input_file_ref idref="fl-f"/>
      </object_component>
      <object_component id="oc-1ee">
         <name>.text.forceOledAllOn</name>
         <load_address>0x85e8</load_address>
         <readonly>true</readonly>
         <executable>true</executable>
         <run_address>0x85e8</run_address>
         <size>0x208</size>
         <alignment>0x4</alignment>
         <input_file_ref idref="fl-b"/>
      </object_component>
      <object_component id="oc-11f">
         <name>.text.Req002_service</name>
         <load_address>0x87f0</load_address>
         <readonly>true</readonly>
         <executable>true</executable>
         <run_address>0x87f0</run_address>
         <size>0x1cc</size>
         <alignment>0x4</alignment>
         <input_file_ref idref="fl-8"/>
      </object_component>
      <object_component id="oc-1af">
         <name>.text.Pid_step</name>
         <load_address>0x89bc</load_address>
         <readonly>true</readonly>
         <executable>true</executable>
         <run_address>0x89bc</run_address>
         <size>0x1a2</size>
         <alignment>0x2</alignment>
         <input_file_ref idref="fl-5"/>
      </object_component>
      <object_component id="oc-33">
         <name>.text.Default_Handler</name>
         <load_address>0x8b5e</load_address>
         <readonly>true</readonly>
         <executable>true</executable>
         <run_address>0x8b5e</run_address>
         <size>0x2</size>
         <alignment>0x2</alignment>
         <input_file_ref idref="fl-3"/>
      </object_component>
      <object_component id="oc-10d">
         <name>.text.DiagConsole_reportBoot</name>
         <load_address>0x8b60</load_address>
         <readonly>true</readonly>
         <executable>true</executable>
         <run_address>0x8b60</run_address>
         <size>0x19c</size>
         <alignment>0x4</alignment>
         <input_file_ref idref="fl-b"/>
      </object_component>
      <object_component id="oc-205">
         <name>.text.transaction</name>
         <load_address>0x8cfc</load_address>
         <readonly>true</readonly>
         <executable>true</executable>
         <run_address>0x8cfc</run_address>
         <size>0x184</size>
         <alignment>0x4</alignment>
         <input_file_ref idref="fl-11"/>
      </object_component>
      <object_component id="oc-1e6">
         <name>.text.writeI32</name>
         <load_address>0x8e80</load_address>
         <readonly>true</readonly>
         <executable>true</executable>
         <run_address>0x8e80</run_address>
         <size>0x16c</size>
         <alignment>0x4</alignment>
         <input_file_ref idref="fl-b"/>
      </object_component>
      <object_component id="oc-1f4">
         <name>.text.writeU32</name>
         <load_address>0x8fec</load_address>
         <readonly>true</readonly>
         <executable>true</executable>
         <run_address>0x8fec</run_address>
         <size>0x154</size>
         <alignment>0x4</alignment>
         <input_file_ref idref="fl-b"/>
      </object_component>
      <object_component id="oc-1f0">
         <name>.text.clearOled</name>
         <load_address>0x9140</load_address>
         <readonly>true</readonly>
         <executable>true</executable>
         <run_address>0x9140</run_address>
         <size>0x148</size>
         <alignment>0x4</alignment>
         <input_file_ref idref="fl-b"/>
      </object_component>
      <object_component id="oc-24d">
         <name>.text.I2cDiag_scan</name>
         <load_address>0x9288</load_address>
         <readonly>true</readonly>
         <executable>true</executable>
         <run_address>0x9288</run_address>
         <size>0x12c</size>
         <alignment>0x4</alignment>
         <input_file_ref idref="fl-d"/>
      </object_component>
      <object_component id="oc-187">
         <name>.text.Nrf24Ptx_captureDiagnosticChar</name>
         <load_address>0x93b4</load_address>
         <readonly>true</readonly>
         <executable>true</executable>
         <run_address>0x93b4</run_address>
         <size>0x11c</size>
         <alignment>0x4</alignment>
         <input_file_ref idref="fl-11"/>
      </object_component>
      <object_component id="oc-1ef">
         <name>.text.forceOledAllOnSh1106</name>
         <load_address>0x94d0</load_address>
         <readonly>true</readonly>
         <executable>true</executable>
         <run_address>0x94d0</run_address>
         <size>0x11c</size>
         <alignment>0x4</alignment>
         <input_file_ref idref="fl-b"/>
      </object_component>
      <object_component id="oc-1ed">
         <name>.text.runOledTest</name>
         <load_address>0x95ec</load_address>
         <readonly>true</readonly>
         <executable>true</executable>
         <run_address>0x95ec</run_address>
         <size>0x11c</size>
         <alignment>0x4</alignment>
         <input_file_ref idref="fl-b"/>
      </object_component>
      <object_component id="oc-13e">
         <name>.text.DL_Timer_initFourCCPWMMode</name>
         <load_address>0x9708</load_address>
         <readonly>true</readonly>
         <executable>true</executable>
         <run_address>0x9708</run_address>
         <size>0x104</size>
         <alignment>0x4</alignment>
         <input_file_ref idref="fl-24"/>
      </object_component>
      <object_component id="oc-27d">
         <name>.text.writePageData</name>
         <load_address>0x980c</load_address>
         <readonly>true</readonly>
         <executable>true</executable>
         <run_address>0x980c</run_address>
         <size>0xfc</size>
         <alignment>0x4</alignment>
         <input_file_ref idref="fl-12"/>
      </object_component>
      <object_component id="oc-206">
         <name>.text.command</name>
         <load_address>0x9908</load_address>
         <readonly>true</readonly>
         <executable>true</executable>
         <run_address>0x9908</run_address>
         <size>0xec</size>
         <alignment>0x4</alignment>
         <input_file_ref idref="fl-11"/>
      </object_component>
      <object_component id="oc-d8">
         <name>.text.SYSCFG_DL_GPIO_init</name>
         <load_address>0x99f4</load_address>
         <readonly>true</readonly>
         <executable>true</executable>
         <run_address>0x99f4</run_address>
         <size>0xdc</size>
         <alignment>0x4</alignment>
         <input_file_ref idref="fl-2"/>
      </object_component>
      <object_component id="oc-1a2">
         <name>.text</name>
         <load_address>0x9ad0</load_address>
         <readonly>true</readonly>
         <executable>true</executable>
         <run_address>0x9ad0</run_address>
         <size>0xd8</size>
         <alignment>0x4</alignment>
         <input_file_ref idref="fl-142"/>
      </object_component>
      <object_component id="oc-11a">
         <name>.text.LineSensors_service</name>
         <load_address>0x9ba8</load_address>
         <readonly>true</readonly>
         <executable>true</executable>
         <run_address>0x9ba8</run_address>
         <size>0xb4</size>
         <alignment>0x4</alignment>
         <input_file_ref idref="fl-f"/>
      </object_component>
      <object_component id="oc-b5">
         <name>.text.App_service</name>
         <load_address>0x9c5c</load_address>
         <readonly>true</readonly>
         <executable>true</executable>
         <run_address>0x9c5c</run_address>
         <size>0xb0</size>
         <alignment>0x4</alignment>
         <input_file_ref idref="fl-6"/>
      </object_component>
      <object_component id="oc-dc">
         <name>.text.SYSCFG_DL_LEFT_CAPTURE_init</name>
         <load_address>0x9d0c</load_address>
         <readonly>true</readonly>
         <executable>true</executable>
         <run_address>0x9d0c</run_address>
         <size>0xb0</size>
         <alignment>0x4</alignment>
         <input_file_ref idref="fl-2"/>
      </object_component>
      <object_component id="oc-a5">
         <name>.text:memcpy</name>
         <load_address>0x9dbc</load_address>
         <readonly>true</readonly>
         <executable>true</executable>
         <run_address>0x9dbc</run_address>
         <size>0x9a</size>
         <alignment>0x1</alignment>
         <input_file_ref idref="fl-14e"/>
      </object_component>
      <object_component id="oc-63">
         <name>.text.MotorTest_onTimebaseTick</name>
         <load_address>0x9e56</load_address>
         <readonly>true</readonly>
         <executable>true</executable>
         <run_address>0x9e56</run_address>
         <size>0x2</size>
         <alignment>0x2</alignment>
         <input_file_ref idref="fl-7"/>
      </object_component>
      <object_component id="oc-da">
         <name>.text.SYSCFG_DL_MOTOR_PWM_init</name>
         <load_address>0x9e58</load_address>
         <readonly>true</readonly>
         <executable>true</executable>
         <run_address>0x9e58</run_address>
         <size>0x94</size>
         <alignment>0x4</alignment>
         <input_file_ref idref="fl-2"/>
      </object_component>
      <object_component id="oc-105">
         <name>.text.Encoders_init</name>
         <load_address>0x9eec</load_address>
         <readonly>true</readonly>
         <executable>true</executable>
         <run_address>0x9eec</run_address>
         <size>0x90</size>
         <alignment>0x4</alignment>
         <input_file_ref idref="fl-c"/>
      </object_component>
      <object_component id="oc-df">
         <name>.text.SYSCFG_DL_DIAG_UART_init</name>
         <load_address>0x9f7c</load_address>
         <readonly>true</readonly>
         <executable>true</executable>
         <run_address>0x9f7c</run_address>
         <size>0x8c</size>
         <alignment>0x4</alignment>
         <input_file_ref idref="fl-2"/>
      </object_component>
      <object_component id="oc-23c">
         <name>.text</name>
         <load_address>0xa008</load_address>
         <readonly>true</readonly>
         <executable>true</executable>
         <run_address>0xa008</run_address>
         <size>0x8c</size>
         <alignment>0x4</alignment>
         <input_file_ref idref="fl-14b"/>
      </object_component>
      <object_component id="oc-1a6">
         <name>.text</name>
         <load_address>0xa094</load_address>
         <readonly>true</readonly>
         <executable>true</executable>
         <run_address>0xa094</run_address>
         <size>0x8c</size>
         <alignment>0x4</alignment>
         <input_file_ref idref="fl-143"/>
      </object_component>
      <object_component id="oc-260">
         <name>.text.OledSsd1306_clear</name>
         <load_address>0xa120</load_address>
         <readonly>true</readonly>
         <executable>true</executable>
         <run_address>0xa120</run_address>
         <size>0x88</size>
         <alignment>0x4</alignment>
         <input_file_ref idref="fl-12"/>
      </object_component>
      <object_component id="oc-27c">
         <name>.text.writeCommand</name>
         <load_address>0xa1a8</load_address>
         <readonly>true</readonly>
         <executable>true</executable>
         <run_address>0xa1a8</run_address>
         <size>0x88</size>
         <alignment>0x4</alignment>
         <input_file_ref idref="fl-12"/>
      </object_component>
      <object_component id="oc-70">
         <name>.text.Encoders_onLeftCaptureInterrupt</name>
         <load_address>0xa230</load_address>
         <readonly>true</readonly>
         <executable>true</executable>
         <run_address>0xa230</run_address>
         <size>0x84</size>
         <alignment>0x4</alignment>
         <input_file_ref idref="fl-c"/>
      </object_component>
      <object_component id="oc-10e">
         <name>.text.Nrf24Ptx_init</name>
         <load_address>0xa2b4</load_address>
         <readonly>true</readonly>
         <executable>true</executable>
         <run_address>0xa2b4</run_address>
         <size>0x84</size>
         <alignment>0x4</alignment>
         <input_file_ref idref="fl-11"/>
      </object_component>
      <object_component id="oc-19e">
         <name>.text</name>
         <load_address>0xa338</load_address>
         <readonly>true</readonly>
         <executable>true</executable>
         <run_address>0xa338</run_address>
         <size>0x82</size>
         <alignment>0x4</alignment>
         <input_file_ref idref="fl-144"/>
      </object_component>
      <object_component id="oc-118">
         <name>.text.MotorTest_service</name>
         <load_address>0xa3ba</load_address>
         <readonly>true</readonly>
         <executable>true</executable>
         <run_address>0xa3ba</run_address>
         <size>0x2</size>
         <alignment>0x2</alignment>
         <input_file_ref idref="fl-7"/>
      </object_component>
      <object_component id="oc-d6">
         <name>.text.SYSCFG_DL_initPower</name>
         <load_address>0xa3bc</load_address>
         <readonly>true</readonly>
         <executable>true</executable>
         <run_address>0xa3bc</run_address>
         <size>0x7c</size>
         <alignment>0x4</alignment>
         <input_file_ref idref="fl-2"/>
      </object_component>
      <object_component id="oc-1b4">
         <name>.text.writeText</name>
         <load_address>0xa438</load_address>
         <readonly>true</readonly>
         <executable>true</executable>
         <run_address>0xa438</run_address>
         <size>0x78</size>
         <alignment>0x4</alignment>
         <input_file_ref idref="fl-b"/>
      </object_component>
      <object_component id="oc-116">
         <name>.text.BoardSafety_service</name>
         <load_address>0xa4b0</load_address>
         <readonly>true</readonly>
         <executable>true</executable>
         <run_address>0xa4b0</run_address>
         <size>0x70</size>
         <alignment>0x4</alignment>
         <input_file_ref idref="fl-9"/>
      </object_component>
      <object_component id="oc-207">
         <name>.text.writeRegistersAndVerify</name>
         <load_address>0xa520</load_address>
         <readonly>true</readonly>
         <executable>true</executable>
         <run_address>0xa520</run_address>
         <size>0x64</size>
         <alignment>0x4</alignment>
         <input_file_ref idref="fl-11"/>
      </object_component>
      <object_component id="oc-d5">
         <name>.text:memset</name>
         <load_address>0xa584</load_address>
         <readonly>true</readonly>
         <executable>true</executable>
         <run_address>0xa584</run_address>
         <size>0x62</size>
         <alignment>0x1</alignment>
         <input_file_ref idref="fl-14f"/>
      </object_component>
      <object_component id="oc-233">
         <name>.text.DL_I2C_fillControllerTXFIFO</name>
         <load_address>0xa5e6</load_address>
         <readonly>true</readonly>
         <executable>true</executable>
         <run_address>0xa5e6</run_address>
         <size>0x5e</size>
         <alignment>0x2</alignment>
         <input_file_ref idref="fl-22"/>
      </object_component>
      <object_component id="oc-6a">
         <name>.text.DiagConsole_onUartInterrupt</name>
         <load_address>0xa644</load_address>
         <readonly>true</readonly>
         <executable>true</executable>
         <run_address>0xa644</run_address>
         <size>0x5c</size>
         <alignment>0x4</alignment>
         <input_file_ref idref="fl-b"/>
      </object_component>
      <object_component id="oc-1df">
         <name>.text.Encoders_snapshot</name>
         <load_address>0xa6a0</load_address>
         <readonly>true</readonly>
         <executable>true</executable>
         <run_address>0xa6a0</run_address>
         <size>0x5c</size>
         <alignment>0x4</alignment>
         <input_file_ref idref="fl-c"/>
      </object_component>
      <object_component id="oc-db">
         <name>.text.SYSCFG_DL_RIGHT_QEI_init</name>
         <load_address>0xa6fc</load_address>
         <readonly>true</readonly>
         <executable>true</executable>
         <run_address>0xa6fc</run_address>
         <size>0x5c</size>
         <alignment>0x4</alignment>
         <input_file_ref idref="fl-2"/>
      </object_component>
      <object_component id="oc-1aa">
         <name>.text</name>
         <load_address>0xa758</load_address>
         <readonly>true</readonly>
         <executable>true</executable>
         <run_address>0xa758</run_address>
         <size>0x5a</size>
         <alignment>0x4</alignment>
         <input_file_ref idref="fl-147"/>
      </object_component>
      <object_component id="oc-246">
         <name>.text.__aeabi_idiv0</name>
         <load_address>0xa7b2</load_address>
         <readonly>true</readonly>
         <executable>true</executable>
         <run_address>0xa7b2</run_address>
         <size>0x2</size>
         <alignment>0x2</alignment>
         <input_file_ref idref="fl-14d"/>
      </object_component>
      <object_component id="oc-167">
         <name>.text.MotorDriver_outputsStopped</name>
         <load_address>0xa7b4</load_address>
         <readonly>true</readonly>
         <executable>true</executable>
         <run_address>0xa7b4</run_address>
         <size>0x58</size>
         <alignment>0x4</alignment>
         <input_file_ref idref="fl-10"/>
      </object_component>
      <object_component id="oc-1f8">
         <name>.text.BoardSafety_stop</name>
         <load_address>0xa80c</load_address>
         <readonly>true</readonly>
         <executable>true</executable>
         <run_address>0xa80c</run_address>
         <size>0x54</size>
         <alignment>0x4</alignment>
         <input_file_ref idref="fl-9"/>
      </object_component>
      <object_component id="oc-26b">
         <name>.text.DL_SPI_drainRXFIFO8</name>
         <load_address>0xa860</load_address>
         <readonly>true</readonly>
         <executable>true</executable>
         <run_address>0xa860</run_address>
         <size>0x54</size>
         <alignment>0x4</alignment>
         <input_file_ref idref="fl-23"/>
      </object_component>
      <object_component id="oc-e7">
         <name>.text.MotorDriver_init</name>
         <load_address>0xa8b4</load_address>
         <readonly>true</readonly>
         <executable>true</executable>
         <run_address>0xa8b4</run_address>
         <size>0x54</size>
         <alignment>0x4</alignment>
         <input_file_ref idref="fl-10"/>
      </object_component>
      <object_component id="oc-226">
         <name>.text.Nrf24Ptx_getStatus</name>
         <load_address>0xa908</load_address>
         <readonly>true</readonly>
         <executable>true</executable>
         <run_address>0xa908</run_address>
         <size>0x54</size>
         <alignment>0x4</alignment>
         <input_file_ref idref="fl-11"/>
      </object_component>
      <object_component id="oc-262">
         <name>.text.Nrf24Ptx_readCoreRegisters</name>
         <load_address>0xa95c</load_address>
         <readonly>true</readonly>
         <executable>true</executable>
         <run_address>0xa95c</run_address>
         <size>0x54</size>
         <alignment>0x2</alignment>
         <input_file_ref idref="fl-11"/>
      </object_component>
      <object_component id="oc-dd">
         <name>.text.SYSCFG_DL_LINE_I2C_init</name>
         <load_address>0xa9b0</load_address>
         <readonly>true</readonly>
         <executable>true</executable>
         <run_address>0xa9b0</run_address>
         <size>0x54</size>
         <alignment>0x4</alignment>
         <input_file_ref idref="fl-2"/>
      </object_component>
      <object_component id="oc-de">
         <name>.text.SYSCFG_DL_OLED_I2C_init</name>
         <load_address>0xaa04</load_address>
         <readonly>true</readonly>
         <executable>true</executable>
         <run_address>0xaa04</run_address>
         <size>0x54</size>
         <alignment>0x4</alignment>
         <input_file_ref idref="fl-2"/>
      </object_component>
      <object_component id="oc-aa">
         <name>.text.SYSCFG_DL_init</name>
         <load_address>0xaa58</load_address>
         <readonly>true</readonly>
         <executable>true</executable>
         <run_address>0xaa58</run_address>
         <size>0x54</size>
         <alignment>0x4</alignment>
         <input_file_ref idref="fl-2"/>
      </object_component>
      <object_component id="oc-ec">
         <name>.text.BoardSafety_init</name>
         <load_address>0xaaac</load_address>
         <readonly>true</readonly>
         <executable>true</executable>
         <run_address>0xaaac</run_address>
         <size>0x50</size>
         <alignment>0x4</alignment>
         <input_file_ref idref="fl-9"/>
      </object_component>
      <object_component id="oc-1f2">
         <name>.text.Nrf24Ptx_arm</name>
         <load_address>0xaafc</load_address>
         <readonly>true</readonly>
         <executable>true</executable>
         <run_address>0xaafc</run_address>
         <size>0x50</size>
         <alignment>0x4</alignment>
         <input_file_ref idref="fl-11"/>
      </object_component>
      <object_component id="oc-25e">
         <name>.text.OledSsd1306_forceAllPixelsOnSh1106</name>
         <load_address>0xab4c</load_address>
         <readonly>true</readonly>
         <executable>true</executable>
         <run_address>0xab4c</run_address>
         <size>0x50</size>
         <alignment>0x4</alignment>
         <input_file_ref idref="fl-12"/>
      </object_component>
      <object_component id="oc-e0">
         <name>.text.SYSCFG_DL_RADIO_SPI_init</name>
         <load_address>0xab9c</load_address>
         <readonly>true</readonly>
         <executable>true</executable>
         <run_address>0xab9c</run_address>
         <size>0x4c</size>
         <alignment>0x4</alignment>
         <input_file_ref idref="fl-2"/>
      </object_component>
      <object_component id="oc-119">
         <name>.text.StartButton_poll</name>
         <load_address>0xabe8</load_address>
         <readonly>true</readonly>
         <executable>true</executable>
         <run_address>0xabe8</run_address>
         <size>0x4c</size>
         <alignment>0x4</alignment>
         <input_file_ref idref="fl-13"/>
      </object_component>
      <object_component id="oc-af">
         <name>.text.App_init</name>
         <load_address>0xac34</load_address>
         <readonly>true</readonly>
         <executable>true</executable>
         <run_address>0xac34</run_address>
         <size>0x48</size>
         <alignment>0x4</alignment>
         <input_file_ref idref="fl-6"/>
      </object_component>
      <object_component id="oc-156">
         <name>.text.DL_UART_init</name>
         <load_address>0xac7c</load_address>
         <readonly>true</readonly>
         <executable>true</executable>
         <run_address>0xac7c</run_address>
         <size>0x48</size>
         <alignment>0x4</alignment>
         <input_file_ref idref="fl-25"/>
      </object_component>
      <object_component id="oc-10c">
         <name>.text.DiagConsole_init</name>
         <load_address>0xacc4</load_address>
         <readonly>true</readonly>
         <executable>true</executable>
         <run_address>0xacc4</run_address>
         <size>0x48</size>
         <alignment>0x4</alignment>
         <input_file_ref idref="fl-b"/>
      </object_component>
      <object_component id="oc-ff">
         <name>.text.LineTracking_init</name>
         <load_address>0xad0c</load_address>
         <readonly>true</readonly>
         <executable>true</executable>
         <run_address>0xad0c</run_address>
         <size>0x48</size>
         <alignment>0x4</alignment>
         <input_file_ref idref="fl-4"/>
      </object_component>
      <object_component id="oc-106">
         <name>.text.Req002_init</name>
         <load_address>0xad54</load_address>
         <readonly>true</readonly>
         <executable>true</executable>
         <run_address>0xad54</run_address>
         <size>0x48</size>
         <alignment>0x4</alignment>
         <input_file_ref idref="fl-8"/>
      </object_component>
      <object_component id="oc-208">
         <name>.text.writeAndVerify</name>
         <load_address>0xad9c</load_address>
         <readonly>true</readonly>
         <executable>true</executable>
         <run_address>0xad9c</run_address>
         <size>0x48</size>
         <alignment>0x2</alignment>
         <input_file_ref idref="fl-11"/>
      </object_component>
      <object_component id="oc-15f">
         <name>.text.DL_SPI_init</name>
         <load_address>0xade4</load_address>
         <readonly>true</readonly>
         <executable>true</executable>
         <run_address>0xade4</run_address>
         <size>0x44</size>
         <alignment>0x4</alignment>
         <input_file_ref idref="fl-23"/>
      </object_component>
      <object_component id="oc-25c">
         <name>.text.OledSsd1306_forceAllPixelsOn</name>
         <load_address>0xae28</load_address>
         <readonly>true</readonly>
         <executable>true</executable>
         <run_address>0xae28</run_address>
         <size>0x44</size>
         <alignment>0x4</alignment>
         <input_file_ref idref="fl-12"/>
      </object_component>
      <object_component id="oc-166">
         <name>.text.MotorDriver_stopAll</name>
         <load_address>0xae6c</load_address>
         <readonly>true</readonly>
         <executable>true</executable>
         <run_address>0xae6c</run_address>
         <size>0x40</size>
         <alignment>0x4</alignment>
         <input_file_ref idref="fl-10"/>
      </object_component>
      <object_component id="oc-1e0">
         <name>.text</name>
         <load_address>0xaeac</load_address>
         <readonly>true</readonly>
         <executable>true</executable>
         <run_address>0xaeac</run_address>
         <size>0x40</size>
         <alignment>0x4</alignment>
         <input_file_ref idref="fl-148"/>
      </object_component>
      <object_component id="oc-231">
         <name>.text.DL_I2C_flushControllerTXFIFO</name>
         <load_address>0xaeec</load_address>
         <readonly>true</readonly>
         <executable>true</executable>
         <run_address>0xaeec</run_address>
         <size>0x3c</size>
         <alignment>0x4</alignment>
         <input_file_ref idref="fl-22"/>
      </object_component>
      <object_component id="oc-1f3">
         <name>.text.Nrf24Ptx_disarm</name>
         <load_address>0xaf28</load_address>
         <readonly>true</readonly>
         <executable>true</executable>
         <run_address>0xaf28</run_address>
         <size>0x3c</size>
         <alignment>0x4</alignment>
         <input_file_ref idref="fl-11"/>
      </object_component>
      <object_component id="oc-bd">
         <name>.text:__TI_auto_init_nobinit_nopinit</name>
         <load_address>0xaf64</load_address>
         <readonly>true</readonly>
         <executable>true</executable>
         <run_address>0xaf64</run_address>
         <size>0x3c</size>
         <alignment>0x4</alignment>
         <input_file_ref idref="fl-45"/>
      </object_component>
      <object_component id="oc-237">
         <name>.text</name>
         <load_address>0xafa0</load_address>
         <readonly>true</readonly>
         <executable>true</executable>
         <run_address>0xafa0</run_address>
         <size>0x3a</size>
         <alignment>0x4</alignment>
         <input_file_ref idref="fl-14c"/>
      </object_component>
      <object_component id="oc-1f5">
         <name>.text.newLine</name>
         <load_address>0xafdc</load_address>
         <readonly>true</readonly>
         <executable>true</executable>
         <run_address>0xafdc</run_address>
         <size>0x38</size>
         <alignment>0x4</alignment>
         <input_file_ref idref="fl-b"/>
      </object_component>
      <object_component id="oc-1e7">
         <name>.text</name>
         <load_address>0xb014</load_address>
         <readonly>true</readonly>
         <executable>true</executable>
         <run_address>0xb014</run_address>
         <size>0x38</size>
         <alignment>0x4</alignment>
         <input_file_ref idref="fl-145"/>
      </object_component>
      <object_component id="oc-1f9">
         <name>.text.BoardSafety_outputsSafe</name>
         <load_address>0xb04c</load_address>
         <readonly>true</readonly>
         <executable>true</executable>
         <run_address>0xb04c</run_address>
         <size>0x34</size>
         <alignment>0x4</alignment>
         <input_file_ref idref="fl-9"/>
      </object_component>
      <object_component id="oc-232">
         <name>.text.DL_I2C_flushControllerRXFIFO</name>
         <load_address>0xb080</load_address>
         <readonly>true</readonly>
         <executable>true</executable>
         <run_address>0xb080</run_address>
         <size>0x30</size>
         <alignment>0x4</alignment>
         <input_file_ref idref="fl-22"/>
      </object_component>
      <object_component id="oc-186">
         <name>.text.DL_UART_transmitDataBlocking</name>
         <load_address>0xb0b0</load_address>
         <readonly>true</readonly>
         <executable>true</executable>
         <run_address>0xb0b0</run_address>
         <size>0x30</size>
         <alignment>0x4</alignment>
         <input_file_ref idref="fl-25"/>
      </object_component>
      <object_component id="oc-d9">
         <name>.text.SYSCFG_DL_SYSCTL_init</name>
         <load_address>0xb0e0</load_address>
         <readonly>true</readonly>
         <executable>true</executable>
         <run_address>0xb0e0</run_address>
         <size>0x30</size>
         <alignment>0x4</alignment>
         <input_file_ref idref="fl-2"/>
      </object_component>
      <object_component id="oc-f1">
         <name>.text.Timebase_init</name>
         <load_address>0xb110</load_address>
         <readonly>true</readonly>
         <executable>true</executable>
         <run_address>0xb110</run_address>
         <size>0x30</size>
         <alignment>0x4</alignment>
         <input_file_ref idref="fl-a"/>
      </object_component>
      <object_component id="oc-1fa">
         <name>.text.Nrf24Ptx_safeWhenDisarmed</name>
         <load_address>0xb140</load_address>
         <readonly>true</readonly>
         <executable>true</executable>
         <run_address>0xb140</run_address>
         <size>0x2c</size>
         <alignment>0x4</alignment>
         <input_file_ref idref="fl-11"/>
      </object_component>
      <object_component id="oc-145">
         <name>.text.DL_Timer_setCaptureCompareCtl</name>
         <load_address>0xb16c</load_address>
         <readonly>true</readonly>
         <executable>true</executable>
         <run_address>0xb16c</run_address>
         <size>0x28</size>
         <alignment>0x4</alignment>
         <input_file_ref idref="fl-24"/>
      </object_component>
      <object_component id="oc-56">
         <name>.text:_c_int00_noargs</name>
         <load_address>0xb194</load_address>
         <readonly>true</readonly>
         <executable>true</executable>
         <run_address>0xb194</run_address>
         <size>0x28</size>
         <alignment>0x4</alignment>
         <input_file_ref idref="fl-43"/>
      </object_component>
      <object_component id="oc-19a">
         <name>.text</name>
         <load_address>0xb1bc</load_address>
         <readonly>true</readonly>
         <executable>true</executable>
         <run_address>0xb1bc</run_address>
         <size>0x28</size>
         <alignment>0x4</alignment>
         <input_file_ref idref="fl-146"/>
      </object_component>
      <object_component id="oc-148">
         <name>.text.DL_I2C_setClockConfig</name>
         <load_address>0xb1e4</load_address>
         <readonly>true</readonly>
         <executable>true</executable>
         <run_address>0xb1e4</run_address>
         <size>0x26</size>
         <alignment>0x2</alignment>
         <input_file_ref idref="fl-22"/>
      </object_component>
      <object_component id="oc-1f7">
         <name>.text.MotorTest_abort</name>
         <load_address>0xb20c</load_address>
         <readonly>true</readonly>
         <executable>true</executable>
         <run_address>0xb20c</run_address>
         <size>0x20</size>
         <alignment>0x4</alignment>
         <input_file_ref idref="fl-7"/>
      </object_component>
      <object_component id="oc-f2">
         <name>.text.MotorTest_init</name>
         <load_address>0xb22c</load_address>
         <readonly>true</readonly>
         <executable>true</executable>
         <run_address>0xb22c</run_address>
         <size>0x20</size>
         <alignment>0x4</alignment>
         <input_file_ref idref="fl-7"/>
      </object_component>
      <object_component id="oc-f3">
         <name>.text.StartButton_init</name>
         <load_address>0xb24c</load_address>
         <readonly>true</readonly>
         <executable>true</executable>
         <run_address>0xb24c</run_address>
         <size>0x20</size>
         <alignment>0x4</alignment>
         <input_file_ref idref="fl-13"/>
      </object_component>
      <object_component id="oc-1b0">
         <name>.text.memcmp</name>
         <load_address>0xb26c</load_address>
         <readonly>true</readonly>
         <executable>true</executable>
         <run_address>0xb26c</run_address>
         <size>0x20</size>
         <alignment>0x2</alignment>
         <input_file_ref idref="fl-42"/>
      </object_component>
      <object_component id="oc-26d">
         <name>.text.DL_SPI_receiveDataCheck8</name>
         <load_address>0xb28c</load_address>
         <readonly>true</readonly>
         <executable>true</executable>
         <run_address>0xb28c</run_address>
         <size>0x1c</size>
         <alignment>0x4</alignment>
         <input_file_ref idref="fl-23"/>
      </object_component>
      <object_component id="oc-26c">
         <name>.text.DL_SPI_transmitDataCheck8</name>
         <load_address>0xb2a8</load_address>
         <readonly>true</readonly>
         <executable>true</executable>
         <run_address>0xb2a8</run_address>
         <size>0x1c</size>
         <alignment>0x4</alignment>
         <input_file_ref idref="fl-23"/>
      </object_component>
      <object_component id="oc-140">
         <name>.text.DL_Timer_setCaptCompUpdateMethod</name>
         <load_address>0xb2c4</load_address>
         <readonly>true</readonly>
         <executable>true</executable>
         <run_address>0xb2c4</run_address>
         <size>0x1c</size>
         <alignment>0x4</alignment>
         <input_file_ref idref="fl-24"/>
      </object_component>
      <object_component id="oc-138">
         <name>.text.DL_Timer_setClockConfig</name>
         <load_address>0xb2e0</load_address>
         <readonly>true</readonly>
         <executable>true</executable>
         <run_address>0xb2e0</run_address>
         <size>0x1c</size>
         <alignment>0x4</alignment>
         <input_file_ref idref="fl-24"/>
      </object_component>
      <object_component id="oc-f9">
         <name>.text.LineSensors_init</name>
         <load_address>0xb2fc</load_address>
         <readonly>true</readonly>
         <executable>true</executable>
         <run_address>0xb2fc</run_address>
         <size>0x1c</size>
         <alignment>0x4</alignment>
         <input_file_ref idref="fl-f"/>
      </object_component>
      <object_component id="oc-174">
         <name>.text.Pid_init</name>
         <load_address>0xb318</load_address>
         <readonly>true</readonly>
         <executable>true</executable>
         <run_address>0xb318</run_address>
         <size>0x1c</size>
         <alignment>0x2</alignment>
         <input_file_ref idref="fl-5"/>
      </object_component>
      <object_component id="oc-146">
         <name>.text.DL_Timer_setCaptureCompareInput</name>
         <load_address>0xb334</load_address>
         <readonly>true</readonly>
         <executable>true</executable>
         <run_address>0xb334</run_address>
         <size>0x1a</size>
         <alignment>0x2</alignment>
         <input_file_ref idref="fl-24"/>
      </object_component>
      <object_component id="oc-7a">
         <name>.text</name>
         <load_address>0xb350</load_address>
         <readonly>true</readonly>
         <executable>true</executable>
         <run_address>0xb350</run_address>
         <size>0x1a</size>
         <alignment>0x4</alignment>
         <input_file_ref idref="fl-14a"/>
      </object_component>
      <object_component id="oc-13f">
         <name>.text.DL_Timer_setCaptureCompareOutCtl</name>
         <load_address>0xb36c</load_address>
         <readonly>true</readonly>
         <executable>true</executable>
         <run_address>0xb36c</run_address>
         <size>0x18</size>
         <alignment>0x4</alignment>
         <input_file_ref idref="fl-24"/>
      </object_component>
      <object_component id="oc-11c">
         <name>.text.LineSensors_snapshot</name>
         <load_address>0xb384</load_address>
         <readonly>true</readonly>
         <executable>true</executable>
         <run_address>0xb384</run_address>
         <size>0x18</size>
         <alignment>0x4</alignment>
         <input_file_ref idref="fl-f"/>
      </object_component>
      <object_component id="oc-265">
         <name>.text.Req002_blockReasonName</name>
         <load_address>0xb39c</load_address>
         <readonly>true</readonly>
         <executable>true</executable>
         <run_address>0xb39c</run_address>
         <size>0x18</size>
         <alignment>0x4</alignment>
         <input_file_ref idref="fl-8"/>
      </object_component>
      <object_component id="oc-22d">
         <name>.text.Req002_stateName</name>
         <load_address>0xb3b4</load_address>
         <readonly>true</readonly>
         <executable>true</executable>
         <run_address>0xb3b4</run_address>
         <size>0x18</size>
         <alignment>0x4</alignment>
         <input_file_ref idref="fl-8"/>
      </object_component>
      <object_component id="oc-82">
         <name>.text.main</name>
         <load_address>0xb3cc</load_address>
         <readonly>true</readonly>
         <executable>true</executable>
         <run_address>0xb3cc</run_address>
         <size>0x16</size>
         <alignment>0x2</alignment>
         <input_file_ref idref="fl-1"/>
      </object_component>
      <object_component id="oc-1eb">
         <name>.text.StartButton_readHardwarePressed</name>
         <load_address>0xb3e4</load_address>
         <readonly>true</readonly>
         <executable>true</executable>
         <run_address>0xb3e4</run_address>
         <size>0x14</size>
         <alignment>0x4</alignment>
         <input_file_ref idref="fl-13"/>
      </object_component>
      <object_component id="oc-159">
         <name>.text.DL_SPI_setClockConfig</name>
         <load_address>0xb3f8</load_address>
         <readonly>true</readonly>
         <executable>true</executable>
         <run_address>0xb3f8</run_address>
         <size>0x12</size>
         <alignment>0x2</alignment>
         <input_file_ref idref="fl-23"/>
      </object_component>
      <object_component id="oc-150">
         <name>.text.DL_UART_setClockConfig</name>
         <load_address>0xb40a</load_address>
         <readonly>true</readonly>
         <executable>true</executable>
         <run_address>0xb40a</run_address>
         <size>0x12</size>
         <alignment>0x2</alignment>
         <input_file_ref idref="fl-25"/>
      </object_component>
      <object_component id="oc-222">
         <name>.text.DL_Timer_getCaptureCompareValue</name>
         <load_address>0xb41c</load_address>
         <readonly>true</readonly>
         <executable>true</executable>
         <run_address>0xb41c</run_address>
         <size>0x10</size>
         <alignment>0x4</alignment>
         <input_file_ref idref="fl-24"/>
      </object_component>
      <object_component id="oc-141">
         <name>.text.DL_Timer_setCaptureCompareValue</name>
         <load_address>0xb42c</load_address>
         <readonly>true</readonly>
         <executable>true</executable>
         <run_address>0xb42c</run_address>
         <size>0x10</size>
         <alignment>0x4</alignment>
         <input_file_ref idref="fl-24"/>
      </object_component>
      <object_component id="oc-1ae">
         <name>.text.Pid_reset</name>
         <load_address>0xb43c</load_address>
         <readonly>true</readonly>
         <executable>true</executable>
         <run_address>0xb43c</run_address>
         <size>0x10</size>
         <alignment>0x2</alignment>
         <input_file_ref idref="fl-5"/>
      </object_component>
      <object_component id="oc-34">
         <name>.text.SysTick_Handler</name>
         <load_address>0xb44c</load_address>
         <readonly>true</readonly>
         <executable>true</executable>
         <run_address>0xb44c</run_address>
         <size>0x10</size>
         <alignment>0x2</alignment>
         <input_file_ref idref="fl-1"/>
      </object_component>
      <object_component id="oc-5d">
         <name>.text.Timebase_onSysTick</name>
         <load_address>0xb45c</load_address>
         <readonly>true</readonly>
         <executable>true</executable>
         <run_address>0xb45c</run_address>
         <size>0x10</size>
         <alignment>0x4</alignment>
         <input_file_ref idref="fl-a"/>
      </object_component>
      <object_component id="oc-53">
         <name>.text:decompress:ZI</name>
         <load_address>0xb46c</load_address>
         <readonly>true</readonly>
         <executable>true</executable>
         <run_address>0xb46c</run_address>
         <size>0x10</size>
         <alignment>0x2</alignment>
         <input_file_ref idref="fl-48"/>
      </object_component>
      <object_component id="oc-62">
         <name>.text.Timebase_nowMs</name>
         <load_address>0xb47c</load_address>
         <readonly>true</readonly>
         <executable>true</executable>
         <run_address>0xb47c</run_address>
         <size>0xc</size>
         <alignment>0x4</alignment>
         <input_file_ref idref="fl-a"/>
      </object_component>
      <object_component id="oc-134">
         <name>.text.DL_Common_delayCycles</name>
         <load_address>0xb488</load_address>
         <readonly>true</readonly>
         <executable>true</executable>
         <run_address>0xb488</run_address>
         <size>0xa</size>
         <alignment>0x2</alignment>
         <input_file_ref idref="fl-21"/>
      </object_component>
      <object_component id="oc-11e">
         <name>.text.StartButton_takePress</name>
         <load_address>0xb492</load_address>
         <readonly>true</readonly>
         <executable>true</executable>
         <run_address>0xb492</run_address>
         <size>0xa</size>
         <alignment>0x2</alignment>
         <input_file_ref idref="fl-13"/>
      </object_component>
      <object_component id="oc-228">
         <name>.text.BoardSafety_buzzerPolicy</name>
         <load_address>0xb49c</load_address>
         <readonly>true</readonly>
         <executable>true</executable>
         <run_address>0xb49c</run_address>
         <size>0x8</size>
         <alignment>0x4</alignment>
         <input_file_ref idref="fl-9"/>
      </object_component>
      <object_component id="oc-11d">
         <name>.text.LineTracking_getStatus</name>
         <load_address>0xb4a4</load_address>
         <readonly>true</readonly>
         <executable>true</executable>
         <run_address>0xb4a4</run_address>
         <size>0x8</size>
         <alignment>0x4</alignment>
         <input_file_ref idref="fl-4"/>
      </object_component>
      <object_component id="oc-227">
         <name>.text.Req002_getStatus</name>
         <load_address>0xb4ac</load_address>
         <readonly>true</readonly>
         <executable>true</executable>
         <run_address>0xb4ac</run_address>
         <size>0x8</size>
         <alignment>0x4</alignment>
         <input_file_ref idref="fl-8"/>
      </object_component>
      <object_component id="oc-3a">
         <name>.text.TIMA1_IRQHandler</name>
         <load_address>0xb4b4</load_address>
         <readonly>true</readonly>
         <executable>true</executable>
         <run_address>0xb4b4</run_address>
         <size>0x8</size>
         <alignment>0x2</alignment>
         <input_file_ref idref="fl-1"/>
      </object_component>
      <object_component id="oc-198">
         <name>.text.Timebase_reached</name>
         <load_address>0xb4bc</load_address>
         <readonly>true</readonly>
         <executable>true</executable>
         <run_address>0xb4bc</run_address>
         <size>0x8</size>
         <alignment>0x2</alignment>
         <input_file_ref idref="fl-a"/>
      </object_component>
      <object_component id="oc-39">
         <name>.text.UART0_IRQHandler</name>
         <load_address>0xb4c4</load_address>
         <readonly>true</readonly>
         <executable>true</executable>
         <run_address>0xb4c4</run_address>
         <size>0x8</size>
         <alignment>0x2</alignment>
         <input_file_ref idref="fl-1"/>
      </object_component>
      <object_component id="oc-46">
         <name>.text</name>
         <load_address>0xb4cc</load_address>
         <readonly>true</readonly>
         <executable>true</executable>
         <run_address>0xb4cc</run_address>
         <size>0x8</size>
         <alignment>0x4</alignment>
         <input_file_ref idref="fl-149"/>
      </object_component>
      <object_component id="oc-b6">
         <name>.text:abort</name>
         <load_address>0xb4d4</load_address>
         <readonly>true</readonly>
         <executable>true</executable>
         <run_address>0xb4d4</run_address>
         <size>0x6</size>
         <alignment>0x2</alignment>
         <input_file_ref idref="fl-4b"/>
      </object_component>
      <object_component id="oc-123">
         <name>.text.HOSTexit</name>
         <load_address>0xb4da</load_address>
         <readonly>true</readonly>
         <executable>true</executable>
         <run_address>0xb4da</run_address>
         <size>0x4</size>
         <alignment>0x2</alignment>
         <input_file_ref idref="fl-141"/>
      </object_component>
      <object_component id="oc-2f">
         <name>.text.Reset_Handler</name>
         <load_address>0xb4de</load_address>
         <readonly>true</readonly>
         <executable>true</executable>
         <run_address>0xb4de</run_address>
         <size>0x4</size>
         <alignment>0x2</alignment>
         <input_file_ref idref="fl-3"/>
      </object_component>
      <object_component id="oc-7e">
         <name>.text._system_pre_init</name>
         <load_address>0xb4e2</load_address>
         <readonly>true</readonly>
         <executable>true</executable>
         <run_address>0xb4e2</run_address>
         <size>0x4</size>
         <alignment>0x2</alignment>
         <input_file_ref idref="fl-46"/>
      </object_component>
      <object_component id="oc-2dc">
         <name>.cinit..bss.load</name>
         <load_address>0xbe58</load_address>
         <readonly>true</readonly>
         <run_address>0xbe58</run_address>
         <size>0x8</size>
         <alignment>0x4</alignment>
      </object_component>
      <object_component id="oc-2da">
         <name>__TI_handler_table</name>
         <load_address>0xbe60</load_address>
         <readonly>true</readonly>
         <run_address>0xbe60</run_address>
         <size>0x4</size>
         <alignment>0x4</alignment>
      </object_component>
      <object_component id="oc-2db">
         <name>__TI_cinit_table</name>
         <load_address>0xbe64</load_address>
         <readonly>true</readonly>
         <run_address>0xbe64</run_address>
         <size>0x8</size>
         <alignment>0x4</alignment>
      </object_component>
      <object_component id="oc-1dd">
         <name>.rodata.str1.2047669683145328269.1</name>
         <load_address>0xb4e8</load_address>
         <readonly>true</readonly>
         <run_address>0xb4e8</run_address>
         <size>0xc7</size>
         <alignment>0x1</alignment>
         <input_file_ref idref="fl-b"/>
      </object_component>
      <object_component id="oc-18a">
         <name>.rodata.str1.7732308573000650393.1</name>
         <load_address>0xb5af</load_address>
         <readonly>true</readonly>
         <run_address>0xb5af</run_address>
         <size>0x63</size>
         <alignment>0x1</alignment>
         <input_file_ref idref="fl-b"/>
      </object_component>
      <object_component id="oc-25f">
         <name>.rodata.str1.9707112319961652996.1</name>
         <load_address>0xb612</load_address>
         <readonly>true</readonly>
         <run_address>0xb612</run_address>
         <size>0x48</size>
         <alignment>0x1</alignment>
         <input_file_ref idref="fl-b"/>
      </object_component>
      <object_component id="oc-245">
         <name>.rodata.str1.10547048922053563066.1</name>
         <load_address>0xb65a</load_address>
         <readonly>true</readonly>
         <run_address>0xb65a</run_address>
         <size>0x44</size>
         <alignment>0x1</alignment>
         <input_file_ref idref="fl-b"/>
      </object_component>
      <object_component id="oc-202">
         <name>.rodata.str1.15625074855538008002.1</name>
         <load_address>0xb69e</load_address>
         <readonly>true</readonly>
         <run_address>0xb69e</run_address>
         <size>0x3b</size>
         <alignment>0x1</alignment>
         <input_file_ref idref="fl-b"/>
      </object_component>
      <object_component id="oc-22b">
         <name>.rodata.str1.13429554332974121859.1</name>
         <load_address>0xb6d9</load_address>
         <readonly>true</readonly>
         <run_address>0xb6d9</run_address>
         <size>0x38</size>
         <alignment>0x1</alignment>
         <input_file_ref idref="fl-b"/>
      </object_component>
      <object_component id="oc-259">
         <name>.rodata.str1.7357183369378266487.1</name>
         <load_address>0xb711</load_address>
         <readonly>true</readonly>
         <run_address>0xb711</run_address>
         <size>0x36</size>
         <alignment>0x1</alignment>
         <input_file_ref idref="fl-b"/>
      </object_component>
      <object_component id="oc-269">
         <name>.rodata.str1.5327081883680934297.1</name>
         <load_address>0xb747</load_address>
         <readonly>true</readonly>
         <run_address>0xb747</run_address>
         <size>0x35</size>
         <alignment>0x1</alignment>
         <input_file_ref idref="fl-b"/>
      </object_component>
      <object_component id="oc-204">
         <name>.rodata.str1.586156461584364517.1</name>
         <load_address>0xb77c</load_address>
         <readonly>true</readonly>
         <run_address>0xb77c</run_address>
         <size>0x34</size>
         <alignment>0x1</alignment>
         <input_file_ref idref="fl-b"/>
      </object_component>
      <object_component id="oc-270">
         <name>.rodata.str1.1461871966798876460.1</name>
         <load_address>0xb7b0</load_address>
         <readonly>true</readonly>
         <run_address>0xb7b0</run_address>
         <size>0x32</size>
         <alignment>0x1</alignment>
         <input_file_ref idref="fl-9"/>
      </object_component>
      <object_component id="oc-22f">
         <name>.rodata.str1.12054636033591163897.1</name>
         <load_address>0xb7e2</load_address>
         <readonly>true</readonly>
         <run_address>0xb7e2</run_address>
         <size>0x31</size>
         <alignment>0x1</alignment>
         <input_file_ref idref="fl-b"/>
      </object_component>
      <object_component id="oc-264">
         <name>.rodata.str1.13280864962473139851.1</name>
         <load_address>0xb813</load_address>
         <readonly>true</readonly>
         <run_address>0xb813</run_address>
         <size>0x2f</size>
         <alignment>0x1</alignment>
         <input_file_ref idref="fl-b"/>
      </object_component>
      <object_component id="oc-22a">
         <name>.rodata.str1.2337423436896967828.1</name>
         <load_address>0xb842</load_address>
         <readonly>true</readonly>
         <run_address>0xb842</run_address>
         <size>0x2f</size>
         <alignment>0x1</alignment>
         <input_file_ref idref="fl-b"/>
      </object_component>
      <object_component id="oc-25d">
         <name>.rodata.str1.42216778291788941.1</name>
         <load_address>0xb871</load_address>
         <readonly>true</readonly>
         <run_address>0xb871</run_address>
         <size>0x2b</size>
         <alignment>0x1</alignment>
         <input_file_ref idref="fl-b"/>
      </object_component>
      <object_component id="oc-230">
         <name>.rodata.str1.15782460672179733745.1</name>
         <load_address>0xb89c</load_address>
         <readonly>true</readonly>
         <run_address>0xb89c</run_address>
         <size>0x28</size>
         <alignment>0x1</alignment>
         <input_file_ref idref="fl-b"/>
      </object_component>
      <object_component id="oc-229">
         <name>.rodata.str1.2596147747606907474.1</name>
         <load_address>0xb8c4</load_address>
         <readonly>true</readonly>
         <run_address>0xb8c4</run_address>
         <size>0x26</size>
         <alignment>0x1</alignment>
         <input_file_ref idref="fl-b"/>
      </object_component>
      <object_component id="oc-201">
         <name>.rodata.str1.719103272933316442.1</name>
         <load_address>0xb8ea</load_address>
         <readonly>true</readonly>
         <run_address>0xb8ea</run_address>
         <size>0x26</size>
         <alignment>0x1</alignment>
         <input_file_ref idref="fl-b"/>
      </object_component>
      <object_component id="oc-282">
         <name>.rodata..Lswitch.table.Req002_blockReasonName</name>
         <load_address>0xb910</load_address>
         <readonly>true</readonly>
         <run_address>0xb910</run_address>
         <size>0x24</size>
         <alignment>0x4</alignment>
         <input_file_ref idref="fl-8"/>
      </object_component>
      <object_component id="oc-272">
         <name>.rodata..Lswitch.table.Req002_stateName</name>
         <load_address>0xb934</load_address>
         <readonly>true</readonly>
         <run_address>0xb934</run_address>
         <size>0x24</size>
         <alignment>0x4</alignment>
         <input_file_ref idref="fl-8"/>
      </object_component>
      <object_component id="oc-22e">
         <name>.rodata.str1.15080533156477518860.1</name>
         <load_address>0xb958</load_address>
         <readonly>true</readonly>
         <run_address>0xb958</run_address>
         <size>0x23</size>
         <alignment>0x1</alignment>
         <input_file_ref idref="fl-b"/>
      </object_component>
      <object_component id="oc-203">
         <name>.rodata.str1.3251375336230076641.1</name>
         <load_address>0xb97b</load_address>
         <readonly>true</readonly>
         <run_address>0xb97b</run_address>
         <size>0x23</size>
         <alignment>0x1</alignment>
         <input_file_ref idref="fl-b"/>
      </object_component>
      <object_component id="oc-261">
         <name>.rodata.str1.4003969796065526343.1</name>
         <load_address>0xb99e</load_address>
         <readonly>true</readonly>
         <run_address>0xb99e</run_address>
         <size>0x22</size>
         <alignment>0x1</alignment>
         <input_file_ref idref="fl-b"/>
      </object_component>
      <object_component id="oc-17a">
         <name>.rodata.cst32</name>
         <load_address>0xb9c0</load_address>
         <readonly>true</readonly>
         <run_address>0xb9c0</run_address>
         <size>0x20</size>
         <alignment>0x4</alignment>
         <input_file_ref idref="fl-4"/>
      </object_component>
      <object_component id="oc-200">
         <name>.rodata.str1.14265534512352903045.1</name>
         <load_address>0xb9e0</load_address>
         <readonly>true</readonly>
         <run_address>0xb9e0</run_address>
         <size>0x1f</size>
         <alignment>0x1</alignment>
         <input_file_ref idref="fl-b"/>
      </object_component>
      <object_component id="oc-29a">
         <name>.rodata.str1.13275248019535299154.1</name>
         <load_address>0xb9ff</load_address>
         <readonly>true</readonly>
         <run_address>0xb9ff</run_address>
         <size>0x1c</size>
         <alignment>0x1</alignment>
         <input_file_ref idref="fl-8"/>
      </object_component>
      <object_component id="oc-1b5">
         <name>.rodata.str1.2111541797422310849.1</name>
         <load_address>0xba1b</load_address>
         <readonly>true</readonly>
         <run_address>0xba1b</run_address>
         <size>0x1a</size>
         <alignment>0x1</alignment>
         <input_file_ref idref="fl-b"/>
      </object_component>
      <object_component id="oc-281">
         <name>.rodata.str1.9392822210274423405.1</name>
         <load_address>0xba35</load_address>
         <readonly>true</readonly>
         <run_address>0xba35</run_address>
         <size>0x1a</size>
         <alignment>0x1</alignment>
         <input_file_ref idref="fl-8"/>
      </object_component>
      <object_component id="oc-20a">
         <name>.rodata.str1.6094559527043233380.4</name>
         <load_address>0xba50</load_address>
         <readonly>true</readonly>
         <run_address>0xba50</run_address>
         <size>0x19</size>
         <alignment>0x4</alignment>
         <input_file_ref idref="fl-11"/>
      </object_component>
      <object_component id="oc-147">
         <name>.rodata.gLEFT_CAPTUREClockConfig</name>
         <load_address>0xba69</load_address>
         <readonly>true</readonly>
         <run_address>0xba69</run_address>
         <size>0x3</size>
         <alignment>0x1</alignment>
         <input_file_ref idref="fl-2"/>
      </object_component>
      <object_component id="oc-26f">
         <name>.rodata..Lswitch.table.Nrf24Ptx_getStatus</name>
         <load_address>0xba6c</load_address>
         <readonly>true</readonly>
         <run_address>0xba6c</run_address>
         <size>0x18</size>
         <alignment>0x4</alignment>
         <input_file_ref idref="fl-11"/>
      </object_component>
      <object_component id="oc-266">
         <name>.rodata.str1.5303670245239573129.1</name>
         <load_address>0xba84</load_address>
         <readonly>true</readonly>
         <run_address>0xba84</run_address>
         <size>0x18</size>
         <alignment>0x1</alignment>
         <input_file_ref idref="fl-b"/>
      </object_component>
      <object_component id="oc-22c">
         <name>.rodata.str1.10189095251767917611.1</name>
         <load_address>0xba9c</load_address>
         <readonly>true</readonly>
         <run_address>0xba9c</run_address>
         <size>0x17</size>
         <alignment>0x1</alignment>
         <input_file_ref idref="fl-b"/>
      </object_component>
      <object_component id="oc-299">
         <name>.rodata.str1.10230131912623405435.1</name>
         <load_address>0xbab3</load_address>
         <readonly>true</readonly>
         <run_address>0xbab3</run_address>
         <size>0x17</size>
         <alignment>0x1</alignment>
         <input_file_ref idref="fl-8"/>
      </object_component>
      <object_component id="oc-263">
         <name>.rodata.str1.10092175090239738319.1</name>
         <load_address>0xbaca</load_address>
         <readonly>true</readonly>
         <run_address>0xbaca</run_address>
         <size>0x16</size>
         <alignment>0x1</alignment>
         <input_file_ref idref="fl-b"/>
      </object_component>
      <object_component id="oc-1fe">
         <name>.rodata.str1.5824879526590977974.1</name>
         <load_address>0xbae0</load_address>
         <readonly>true</readonly>
         <run_address>0xbae0</run_address>
         <size>0x16</size>
         <alignment>0x1</alignment>
         <input_file_ref idref="fl-b"/>
      </object_component>
      <object_component id="oc-25a">
         <name>.rodata.str1.6718555251542537173.1</name>
         <load_address>0xbaf6</load_address>
         <readonly>true</readonly>
         <run_address>0xbaf6</run_address>
         <size>0x16</size>
         <alignment>0x1</alignment>
         <input_file_ref idref="fl-b"/>
      </object_component>
[...]
         <value>0xad55</value>
         <object_component_ref idref="oc-106"/>
      </symbol>
      <symbol id="sm-13a">
         <name>Req002_service</name>
         <value>0x87f1</value>
         <object_component_ref idref="oc-11f"/>
      </symbol>
      <symbol id="sm-13b">
         <name>Req002_getStatus</name>
         <value>0xb4ad</value>
         <object_component_ref idref="oc-227"/>
      </symbol>
      <symbol id="sm-13c">
         <name>Req002_stateName</name>
         <value>0xb3b5</value>
         <object_component_ref idref="oc-22d"/>
      </symbol>
      <symbol id="sm-13d">
         <name>Req002_blockReasonName</name>
         <value>0xb39d</value>
         <object_component_ref idref="oc-265"/>
      </symbol>
      <symbol id="sm-159">
         <name>BoardSafety_init</name>
         <value>0xaaad</value>
         <object_component_ref idref="oc-ec"/>
      </symbol>
      <symbol id="sm-15a">
         <name>BoardSafety_stop</name>
         <value>0xa80d</value>
         <object_component_ref idref="oc-1f8"/>
      </symbol>
      <symbol id="sm-15b">
         <name>BoardSafety_service</name>
         <value>0xa4b1</value>
         <object_component_ref idref="oc-116"/>
      </symbol>
      <symbol id="sm-15c">
         <name>BoardSafety_outputsSafe</name>
         <value>0xb04d</value>
         <object_component_ref idref="oc-1f9"/>
      </symbol>
      <symbol id="sm-15d">
         <name>BoardSafety_buzzerPolicy</name>
         <value>0xb49d</value>
         <object_component_ref idref="oc-228"/>
      </symbol>
      <symbol id="sm-172">
         <name>Timebase_init</name>
         <value>0xb111</value>
         <object_component_ref idref="oc-f1"/>
      </symbol>
      <symbol id="sm-173">
         <name>Timebase_nowMs</name>
         <value>0xb47d</value>
         <object_component_ref idref="oc-62"/>
      </symbol>
      <symbol id="sm-174">
         <name>Timebase_reached</name>
         <value>0xb4bd</value>
         <object_component_ref idref="oc-198"/>
      </symbol>
      <symbol id="sm-175">
         <name>Timebase_onSysTick</name>
         <value>0xb45d</value>
         <object_component_ref idref="oc-5d"/>
      </symbol>
      <symbol id="sm-2f4">
         <name>DiagConsole_init</name>
         <value>0xacc5</value>
         <object_component_ref idref="oc-10c"/>
      </symbol>
      <symbol id="sm-2f5">
         <name>DiagConsole_service</name>
         <value>0xc1</value>
         <object_component_ref idref="oc-120"/>
      </symbol>
      <symbol id="sm-2f6">
         <name>DiagConsole_reportBoot</name>
         <value>0x8b61</value>
         <object_component_ref idref="oc-10d"/>
      </symbol>
      <symbol id="sm-2f7">
         <name>DiagConsole_onUartInterrupt</name>
         <value>0xa645</value>
         <object_component_ref idref="oc-6a"/>
      </symbol>
      <symbol id="sm-310">
         <name>Encoders_init</name>
         <value>0x9eed</value>
         <object_component_ref idref="oc-105"/>
      </symbol>
      <symbol id="sm-311">
         <name>Encoders_snapshot</name>
         <value>0xa6a1</value>
         <object_component_ref idref="oc-1df"/>
      </symbol>
      <symbol id="sm-312">
         <name>Encoders_onLeftCaptureInterrupt</name>
         <value>0xa231</value>
         <object_component_ref idref="oc-70"/>
      </symbol>
      <symbol id="sm-31d">
         <name>I2cDiag_scan</name>
         <value>0x9289</value>
         <object_component_ref idref="oc-24d"/>
      </symbol>
      <symbol id="sm-337">
         <name>LineSensors_init</name>
         <value>0xb2fd</value>
         <object_component_ref idref="oc-f9"/>
      </symbol>
      <symbol id="sm-338">
         <name>LineSensors_service</name>
         <value>0x9ba9</value>
         <object_component_ref idref="oc-11a"/>
      </symbol>
      <symbol id="sm-339">
         <name>LineSensors_snapshot</name>
         <value>0xb385</value>
         <object_component_ref idref="oc-11c"/>
      </symbol>
      <symbol id="sm-34c">
         <name>MotorDriver_stopAll</name>
         <value>0xae6d</value>
         <object_component_ref idref="oc-166"/>
      </symbol>
      <symbol id="sm-34d">
         <name>MotorDriver_init</name>
         <value>0xa8b5</value>
         <object_component_ref idref="oc-e7"/>
      </symbol>
      <symbol id="sm-34e">
         <name>MotorDriver_outputsStopped</name>
         <value>0xa7b5</value>
         <object_component_ref idref="oc-167"/>
      </symbol>
      <symbol id="sm-3a6">
         <name>Nrf24Ptx_init</name>
         <value>0xa2b5</value>
         <object_component_ref idref="oc-10e"/>
      </symbol>
      <symbol id="sm-3a7">
         <name>Nrf24Ptx_arm</name>
         <value>0xaafd</value>
         <object_component_ref idref="oc-1f2"/>
      </symbol>
      <symbol id="sm-3a8">
         <name>Nrf24Ptx_disarm</name>
         <value>0xaf29</value>
         <object_component_ref idref="oc-1f3"/>
      </symbol>
      <symbol id="sm-3a9">
         <name>Nrf24Ptx_captureDiagnosticChar</name>
         <value>0x93b5</value>
         <object_component_ref idref="oc-187"/>
      </symbol>
      <symbol id="sm-3aa">
         <name>Nrf24Ptx_service</name>
         <value>0x6db9</value>
         <object_component_ref idref="oc-121"/>
      </symbol>
      <symbol id="sm-3ab">
         <name>Nrf24Ptx_getStatus</name>
         <value>0xa909</value>
         <object_component_ref idref="oc-226"/>
      </symbol>
      <symbol id="sm-3ac">
         <name>Nrf24Ptx_readCoreRegisters</name>
         <value>0xa95d</value>
         <object_component_ref idref="oc-262"/>
      </symbol>
      <symbol id="sm-3ad">
         <name>Nrf24Ptx_safeWhenDisarmed</name>
         <value>0xb141</value>
         <object_component_ref idref="oc-1fa"/>
      </symbol>
      <symbol id="sm-3cb">
         <name>OledSsd1306_showTestPattern</name>
         <value>0x7aad</value>
         <object_component_ref idref="oc-253"/>
      </symbol>
      <symbol id="sm-3cc">
         <name>OledSsd1306_forceAllPixelsOn</name>
         <value>0xae29</value>
         <object_component_ref idref="oc-25c"/>
      </symbol>
      <symbol id="sm-3cd">
         <name>OledSsd1306_forceAllPixelsOnSh1106</name>
         <value>0xab4d</value>
         <object_component_ref idref="oc-25e"/>
      </symbol>
      <symbol id="sm-3ce">
         <name>OledSsd1306_clear</name>
         <value>0xa121</value>
         <object_component_ref idref="oc-260"/>
      </symbol>
      <symbol id="sm-3e1">
         <name>StartButton_readHardwarePressed</name>
         <value>0xb3e5</value>
         <object_component_ref idref="oc-1eb"/>
      </symbol>
      <symbol id="sm-3e2">
         <name>StartButton_init</name>
         <value>0xb24d</value>
         <object_component_ref idref="oc-f3"/>
      </symbol>
      <symbol id="sm-3e3">
         <name>StartButton_poll</name>
         <value>0xabe9</value>
         <object_component_ref idref="oc-119"/>
      </symbol>
      <symbol id="sm-3e4">
         <name>StartButton_takePress</name>
         <value>0xb493</value>
         <object_component_ref idref="oc-11e"/>
      </symbol>
      <symbol id="sm-3e5">
         <name>__TI_ATRegion0_src_addr</name>
         <value>0x0</value>
      </symbol>
      <symbol id="sm-3e6">
         <name>__TI_ATRegion0_trg_addr</name>
         <value>0x0</value>
      </symbol>
      <symbol id="sm-3e7">
         <name>__TI_ATRegion0_region_sz</name>
         <value>0x0</value>
      </symbol>
      <symbol id="sm-3e8">
         <name>__TI_ATRegion1_src_addr</name>
         <value>0x0</value>
      </symbol>
      <symbol id="sm-3e9">
         <name>__TI_ATRegion1_trg_addr</name>
         <value>0x0</value>
      </symbol>
      <symbol id="sm-3ea">
         <name>__TI_ATRegion1_region_sz</name>
         <value>0x0</value>
      </symbol>
      <symbol id="sm-3eb">
         <name>__TI_ATRegion2_src_addr</name>
         <value>0x0</value>
      </symbol>
      <symbol id="sm-3ec">
         <name>__TI_ATRegion2_trg_addr</name>
         <value>0x0</value>
      </symbol>
      <symbol id="sm-3ed">
         <name>__TI_ATRegion2_region_sz</name>
         <value>0x0</value>
      </symbol>
      <symbol id="sm-3f6">
         <name>DL_Common_delayCycles</name>
         <value>0xb489</value>
         <object_component_ref idref="oc-134"/>
      </symbol>
      <symbol id="sm-408">
         <name>DL_I2C_setClockConfig</name>
         <value>0xb1e5</value>
         <object_component_ref idref="oc-148"/>
      </symbol>
      <symbol id="sm-409">
         <name>DL_I2C_fillControllerTXFIFO</name>
         <value>0xa5e7</value>
         <object_component_ref idref="oc-233"/>
      </symbol>
      <symbol id="sm-40a">
         <name>DL_I2C_flushControllerTXFIFO</name>
         <value>0xaeed</value>
         <object_component_ref idref="oc-231"/>
      </symbol>
      <symbol id="sm-40b">
         <name>DL_I2C_flushControllerRXFIFO</name>
         <value>0xb081</value>
         <object_component_ref idref="oc-232"/>
      </symbol>
      <symbol id="sm-421">
         <name>DL_SPI_init</name>
         <value>0xade5</value>
         <object_component_ref idref="oc-15f"/>
      </symbol>
      <symbol id="sm-422">
         <name>DL_SPI_setClockConfig</name>
         <value>0xb3f9</value>
         <object_component_ref idref="oc-159"/>
      </symbol>
      <symbol id="sm-423">
         <name>DL_SPI_receiveDataCheck8</name>
         <value>0xb28d</value>
         <object_component_ref idref="oc-26d"/>
      </symbol>
      <symbol id="sm-424">
         <name>DL_SPI_transmitDataCheck8</name>
         <value>0xb2a9</value>
         <object_component_ref idref="oc-26c"/>
      </symbol>
      <symbol id="sm-425">
         <name>DL_SPI_drainRXFIFO8</name>
         <value>0xa861</value>
         <object_component_ref idref="oc-26b"/>
      </symbol>
      <symbol id="sm-444">
         <name>DL_Timer_setClockConfig</name>
         <value>0xb2e1</value>
         <object_component_ref idref="oc-138"/>
      </symbol>
      <symbol id="sm-445">
         <name>DL_Timer_setCaptureCompareValue</name>
         <value>0xb42d</value>
         <object_component_ref idref="oc-141"/>
      </symbol>
      <symbol id="sm-446">
         <name>DL_Timer_setCaptureCompareCtl</name>
         <value>0xb16d</value>
         <object_component_ref idref="oc-145"/>
      </symbol>
      <symbol id="sm-447">
         <name>DL_Timer_setCaptureCompareInput</name>
         <value>0xb335</value>
         <object_component_ref idref="oc-146"/>
      </symbol>
      <symbol id="sm-448">
         <name>DL_Timer_getCaptureCompareValue</name>
         <value>0xb41d</value>
         <object_component_ref idref="oc-222"/>
      </symbol>
      <symbol id="sm-449">
         <name>DL_Timer_setCaptCompUpdateMethod</name>
         <value>0xb2c5</value>
         <object_component_ref idref="oc-140"/>
      </symbol>
      <symbol id="sm-44a">
         <name>DL_Timer_setCaptureCompareOutCtl</name>
         <value>0xb36d</value>
         <object_component_ref idref="oc-13f"/>
      </symbol>
      <symbol id="sm-44b">
         <name>DL_Timer_initFourCCPWMMode</name>
         <value>0x9709</value>
         <object_component_ref idref="oc-13e"/>
      </symbol>
      <symbol id="sm-45b">
         <name>DL_UART_init</name>
         <value>0xac7d</value>
         <object_component_ref idref="oc-156"/>
      </symbol>
      <symbol id="sm-45c">
         <name>DL_UART_setClockConfig</name>
         <value>0xb40b</value>
         <object_component_ref idref="oc-150"/>
      </symbol>
      <symbol id="sm-45d">
         <name>DL_UART_transmitDataBlocking</name>
         <value>0xb0b1</value>
         <object_component_ref idref="oc-186"/>
      </symbol>
      <symbol id="sm-466">
         <name>memcmp</name>
         <value>0xb26d</value>
         <object_component_ref idref="oc-1b0"/>
      </symbol>
      <symbol id="sm-471">
         <name>_c_int00_noargs</name>
         <value>0xb195</value>
         <object_component_ref idref="oc-56"/>
      </symbol>
      <symbol id="sm-472">
         <name>__stack</name>
         <value>0x20207e00</value>
         <object_component_ref idref="oc-1a"/>
      </symbol>
      <symbol id="sm-47e">
         <name>__TI_auto_init_nobinit_nopinit</name>
         <value>0xaf65</value>
         <object_component_ref idref="oc-bd"/>
      </symbol>
      <symbol id="sm-486">
         <name>_system_pre_init</name>
         <value>0xb4e3</value>
         <object_component_ref idref="oc-7e"/>
      </symbol>
      <symbol id="sm-491">
         <name>__TI_zero_init</name>
         <value>0xb46d</value>
         <object_component_ref idref="oc-53"/>
      </symbol>
      <symbol id="sm-49d">
         <name>abort</name>
         <value>0xb4d5</value>
         <object_component_ref idref="oc-b6"/>
      </symbol>
      <symbol id="sm-4a7">
         <name>HOSTexit</name>
         <value>0xb4db</value>
         <object_component_ref idref="oc-123"/>
      </symbol>
      <symbol id="sm-4a8">
         <name>C$$EXIT</name>
         <value>0xb4da</value>
         <object_component_ref idref="oc-123"/>
      </symbol>
      <symbol id="sm-4ae">
         <name>__aeabi_fadd</name>
         <value>0x9adb</value>
         <object_component_ref idref="oc-1a2"/>
      </symbol>
      <symbol id="sm-4af">
         <name>__addsf3</name>
         <value>0x9adb</value>
         <object_component_ref idref="oc-1a2"/>
      </symbol>
      <symbol id="sm-4b0">
         <name>__aeabi_fsub</name>
         <value>0x9ad1</value>
         <object_component_ref idref="oc-1a2"/>
      </symbol>
      <symbol id="sm-4b1">
         <name>__subsf3</name>
         <value>0x9ad1</value>
         <object_component_ref idref="oc-1a2"/>
      </symbol>
      <symbol id="sm-4b7">
         <name>__aeabi_fmul</name>
         <value>0xa095</value>
         <object_component_ref idref="oc-1a6"/>
      </symbol>
      <symbol id="sm-4b8">
         <name>__mulsf3</name>
         <value>0xa095</value>
         <object_component_ref idref="oc-1a6"/>
      </symbol>
      <symbol id="sm-4be">
         <name>__aeabi_fdiv</name>
         <value>0xa339</value>
         <object_component_ref idref="oc-19e"/>
      </symbol>
      <symbol id="sm-4bf">
         <name>__divsf3</name>
         <value>0xa339</value>
         <object_component_ref idref="oc-19e"/>
      </symbol>
      <symbol id="sm-4c5">
         <name>__aeabi_f2iz</name>
         <value>0xb015</value>
         <object_component_ref idref="oc-1e7"/>
      </symbol>
      <symbol id="sm-4c6">
         <name>__fixsfsi</name>
         <value>0xb015</value>
         <object_component_ref idref="oc-1e7"/>
      </symbol>
      <symbol id="sm-4cc">
         <name>__aeabi_ui2f</name>
         <value>0xb1bd</value>
         <object_component_ref idref="oc-19a"/>
      </symbol>
      <symbol id="sm-4cd">
         <name>__floatunsisf</name>
         <value>0xb1bd</value>
         <object_component_ref idref="oc-19a"/>
      </symbol>
      <symbol id="sm-4d3">
         <name>__aeabi_fcmpeq</name>
         <value>0xa759</value>
         <object_component_ref idref="oc-1aa"/>
      </symbol>
      <symbol id="sm-4d4">
         <name>__aeabi_fcmplt</name>
         <value>0xa76b</value>
         <object_component_ref idref="oc-1aa"/>
      </symbol>
      <symbol id="sm-4d5">
         <name>__aeabi_fcmple</name>
         <value>0xa77d</value>
         <object_component_ref idref="oc-1aa"/>
      </symbol>
      <symbol id="sm-4d6">
         <name>__aeabi_fcmpge</name>
         <value>0xa78f</value>
         <object_component_ref idref="oc-1aa"/>
      </symbol>
      <symbol id="sm-4d7">
         <name>__aeabi_fcmpgt</name>
         <value>0xa7a1</value>
         <object_component_ref idref="oc-1aa"/>
      </symbol>
      <symbol id="sm-4dd">
         <name>__aeabi_uidiv</name>
         <value>0xaead</value>
         <object_component_ref idref="oc-1e0"/>
      </symbol>
      <symbol id="sm-4de">
         <name>__aeabi_uidivmod</name>
         <value>0xaead</value>
         <object_component_ref idref="oc-1e0"/>
      </symbol>
      <symbol id="sm-4e4">
         <name>__aeabi_memcpy</name>
         <value>0xb4cd</value>
         <object_component_ref idref="oc-46"/>
      </symbol>
      <symbol id="sm-4e5">
         <name>__aeabi_memcpy4</name>
         <value>0xb4cd</value>
         <object_component_ref idref="oc-46"/>
      </symbol>
      <symbol id="sm-4e6">
         <name>__aeabi_memcpy8</name>
         <value>0xb4cd</value>
         <object_component_ref idref="oc-46"/>
      </symbol>
      <symbol id="sm-4ec">
         <name>__aeabi_memset</name>
         <value>0xb351</value>
         <object_component_ref idref="oc-7a"/>
      </symbol>
      <symbol id="sm-4ed">
         <name>__aeabi_memset4</name>
         <value>0xb351</value>
         <object_component_ref idref="oc-7a"/>
      </symbol>
      <symbol id="sm-4ee">
         <name>__aeabi_memset8</name>
         <value>0xb351</value>
         <object_component_ref idref="oc-7a"/>
      </symbol>
      <symbol id="sm-4ef">
         <name>__aeabi_memclr</name>
         <value>0xb35f</value>
         <object_component_ref idref="oc-7a"/>
      </symbol>
      <symbol id="sm-4f0">
         <name>__aeabi_memclr4</name>
         <value>0xb35f</value>
         <object_component_ref idref="oc-7a"/>
      </symbol>
      <symbol id="sm-4f1">
         <name>__aeabi_memclr8</name>
         <value>0xb35f</value>
         <object_component_ref idref="oc-7a"/>
      </symbol>
      <symbol id="sm-4f7">
         <name>__eqsf2</name>
         <value>0xa009</value>
         <object_component_ref idref="oc-23c"/>
      </symbol>
      <symbol id="sm-4f8">
         <name>__lesf2</name>
         <value>0xa009</value>
         <object_component_ref idref="oc-23c"/>
      </symbol>
      <symbol id="sm-4f9">
         <name>__ltsf2</name>
         <value>0xa009</value>
         <object_component_ref idref="oc-23c"/>
      </symbol>
      <symbol id="sm-4fa">
         <name>__nesf2</name>
         <value>0xa009</value>
         <object_component_ref idref="oc-23c"/>
      </symbol>
      <symbol id="sm-4fb">
         <name>__cmpsf2</name>
         <value>0xa009</value>
         <object_component_ref idref="oc-23c"/>
      </symbol>
      <symbol id="sm-4fc">
         <name>__gtsf2</name>
         <value>0xa043</value>
         <object_component_ref idref="oc-23c"/>
      </symbol>
      <symbol id="sm-4fd">
         <name>__gesf2</name>
         <value>0xa043</value>
         <object_component_ref idref="oc-23c"/>
      </symbol>
      <symbol id="sm-4fe">
         <name>__unordsf2</name>
         <value>0xa07f</value>
         <object_component_ref idref="oc-23c"/>
      </symbol>
      <symbol id="sm-4ff">
         <name>__aeabi_fcmpun</name>
         <value>0xa07f</value>
         <object_component_ref idref="oc-23c"/>
      </symbol>
      <symbol id="sm-505">
         <name>__muldsi3</name>
         <value>0xafa1</value>
         <object_component_ref idref="oc-237"/>
      </symbol>
      <symbol id="sm-50f">
         <name>__aeabi_idiv0</name>
         <value>0xa7b3</value>
         <object_component_ref idref="oc-246"/>
      </symbol>
      <symbol id="sm-528">
         <name>memcpy</name>
         <value>0x9dbd</value>
         <object_component_ref idref="oc-a5"/>
      </symbol>
      <symbol id="sm-537">
         <name>memset</name>
         <value>0xa585</value>
         <object_component_ref idref="oc-d5"/>
      </symbol>
      <symbol id="sm-538">
         <name>__TI_static_base__</name>
         <value>0x0</value>
      </symbol>
      <symbol id="sm-53a">
         <name>__mpu_init</name>
         <value>0x0</value>
      </symbol>
      <symbol id="sm-53b">
         <name>_system_post_cinit</name>
         <value>0x0</value>
      </symbol>
   </symbol_table>
   <title>Link successful</title>
</link_info>
