******************************************************************************
            TI ARM Clang Linker PC v5.1.1                      
******************************************************************************
>> Linked Sat Aug  1 18:16:51 2026

OUTPUT FILE NAME:   <test1_motor_selftest.out>
ENTRY POINT SYMBOL: "_c_int00_noargs"  address: 0000e6e5


MEMORY CONFIGURATION

         name            origin    length      used     unused   attr    fill
----------------------  --------  ---------  --------  --------  ----  --------
  FLASH                 00000000   00020000  0000f850  000107b0  R  X
  SRAM                  20200000   00008000  00000b11  000074ef  RW X
  BCR_CONFIG            41c00000   000000ff  00000000  000000ff  R   
  BSL_CONFIG            41c00100   00000080  00000000  00000080  R   


SEGMENT ALLOCATION MAP

run origin  load origin   length   init length attrs members
----------  ----------- ---------- ----------- ----- -------
00000000    00000000    0000f850   0000f850    r-x
  00000000    00000000    000000c0   000000c0    r-- .intvecs
  000000c0    000000c0    0000e9e0   0000e9e0    r-x .text
  0000eaa0    0000eaa0    00000d80   00000d80    r-- .rodata
  0000f820    0000f820    00000030   00000030    r-- .cinit
20200000    20200000    00000911   00000000    rw-
  20200000    20200000    00000910   00000000    rw- .bss
  20200910    20200910    00000001   00000000    rw- .data
20207e00    20207e00    00000200   00000000    rw-
  20207e00    20207e00    00000200   00000000    rw- .stack


SECTION ALLOCATION MAP

 output                                  attributes/
section   page    origin      length       input sections
--------  ----  ----------  ----------   ----------------
.intvecs   0    00000000    000000c0     
                  00000000    000000c0     startup_mspm0g350x_ticlang.o (.intvecs)

.text      0    000000c0    0000e9e0     
                  000000c0    00002194     diag_console.o (.text.DiagConsole_service)
                  00002254    0000207c     diag_console.o (.text.reportReq002)
                  000042d0    000016fc     diag_console.o (.text.reportRadioStatus)
                  000059cc    000014e4     diag_console.o (.text.reportLine)
                  00006eb0    00000bb8     diag_console.o (.text.reportMotorTest)
                  00007a68    000007b8     req002.o (.text.Req002_service)
                  00008220    00000774     diag_console.o (.text.reportStatus)
                  00008994    000005cc     oled_ssd1306.o (.text.OledSsd1306_showReq002Status)
                  00008f60    0000049c     nrf24_ptx.o (.text.Nrf24Ptx_service)
                  000093fc    00000458     diag_console.o (.text.reportRadioRegisters)
                  00009854    00000444     oled_ssd1306.o (.text.OledSsd1306_showTestPattern)
                  00009c98    00000400     diag_console.o (.text.reportI2c)
                  0000a098    00000340     k230_link.o (.text.K230Link_service)
                  0000a3d8    00000304     diag_console.o (.text.runSelfTest)
                  0000a6dc    000002e4     line_tracking.o (.text.LineTracking_service)
                  0000a9c0    000002bc     line_sensors.o (.text.readRegisterBlock)
                  0000ac7c    000002ac     oled_ssd1306.o (.text.OledSsd1306_forceAllPixelsOnSh1106)
                  0000af28    000002a4     oled_ssd1306.o (.text.OledSsd1306_forceAllPixelsOn)
                  0000b1cc    0000023c     line_sensors.o (.text.LineSensors_service)
                  0000b408    00000208     diag_console.o (.text.forceOledAllOn)
                  0000b610    000001a2     pid.o (.text.Pid_step)
                  0000b7b2    00000002     startup_mspm0g350x_ticlang.o (.text.Default_Handler)
                  0000b7b4    0000019c     diag_console.o (.text.DiagConsole_reportBoot)
                  0000b950    00000184     nrf24_ptx.o (.text.transaction)
                  0000bad4    0000016c     diag_console.o (.text.writeI32)
                  0000bc40    00000168     encoders.o (.text.Encoders_speedShadowService)
                  0000bda8    00000154     diag_console.o (.text.writeU32)
                  0000befc    00000148     diag_console.o (.text.clearOled)
                  0000c044    00000140     motor_driver.o (.text.MotorDriver_driveVehicleForward)
                  0000c184    0000012c     i2c_diag.o (.text.I2cDiag_scan)
                  0000c2b0    0000011c     nrf24_ptx.o (.text.Nrf24Ptx_captureDiagnosticChar)
                  0000c3cc    0000011c     diag_console.o (.text.forceOledAllOnSh1106)
                  0000c4e8    0000011c     diag_console.o (.text.runOledTest)
                  0000c604    00000116     oled_ssd1306.o (.text.writePageData)
                  0000c71a    00000002     libclang_rt.builtins.a : aeabi_div0.c.obj (.text.__aeabi_idiv0)
                  0000c71c    00000108     ti_msp_dl_config.o (.text.SYSCFG_DL_GPIO_init)
                  0000c824    00000104     driverlib.a : dl_timer.o (.text.DL_Timer_initFourCCPWMMode)
                  0000c928    00000104     empty.o (.text.main)
                  0000ca2c    000000ec     app.o (.text.App_service)
                  0000cb18    000000ec     nrf24_ptx.o (.text.command)
                  0000cc04    000000e8     req002.o (.text.Req002_init)
                  0000ccec    000000d8     libclang_rt.builtins.a : addsf3.S.obj (.text)
                  0000cdc4    000000c8     motor_driver.o (.text.MotorDriver_setVehicleForwardDuties)
                  0000ce8c    000000c0     encoders.o (.text.Encoders_speedShadowInit)
                  0000cf4c    000000b8     oled_ssd1306.o (.text.writeSmall)
                  0000d004    0000009a     libc.a : memcpy16.S.obj (.text:memcpy)
                  0000d09e    00000002     --HOLE-- [fill = 0]
                  0000d0a0    00000094     oled_ssd1306.o (.text.OledSsd1306_clear)
                  0000d134    00000094     ti_msp_dl_config.o (.text.SYSCFG_DL_MOTOR_PWM_init)
                  0000d1c8    00000090     k230_link.o (.text.K230Link_init)
                  0000d258    0000008c     ti_msp_dl_config.o (.text.SYSCFG_DL_DIAG_UART_init)
                  0000d2e4    0000008c     ti_msp_dl_config.o (.text.SYSCFG_DL_K230_UART_init)
                  0000d370    0000008c     libclang_rt.builtins.a : comparesf2.S.obj (.text)
                  0000d3fc    0000008c                            : mulsf3.S.obj (.text)
                  0000d488    00000084     nrf24_ptx.o (.text.Nrf24Ptx_init)
                  0000d50c    00000082     libclang_rt.builtins.a : divsf3.S.obj (.text)
                  0000d58e    00000002     --HOLE-- [fill = 0]
                  0000d590    00000080     req002.o (.text.Req002_abort)
                  0000d610    0000007c     k230_link.o (.text.K230Link_snapshot)
                  0000d68c    0000007c     ti_msp_dl_config.o (.text.SYSCFG_DL_initPower)
                  0000d708    0000007c     libc.a : copy_decompress_lzss.c.obj (.text:decompress:lzss)
                  0000d784    00000078     diag_console.o (.text.writeText)
                  0000d7fc    00000070     board_safety.o (.text.BoardSafety_service)
                  0000d86c    00000070     motor_test.o (.text.MotorTest_start)
                  0000d8dc    00000064     encoders.o (.text.Encoders_init)
                  0000d940    00000064     nrf24_ptx.o (.text.writeRegistersAndVerify)
                  0000d9a4    00000062     libc.a : memset16.S.obj (.text:memset)
                  0000da06    00000002     --HOLE-- [fill = 0]
                  0000da08    00000060     app.o (.text.App_init)
                  0000da68    0000005e     driverlib.a : dl_i2c.o (.text.DL_I2C_fillControllerTXFIFO)
                  0000dac6    00000002     --HOLE-- [fill = 0]
                  0000dac8    0000005c     diag_console.o (.text.DiagConsole_onUartInterrupt)
                  0000db24    0000005c     encoders.o (.text.Encoders_snapshot)
                  0000db80    0000005c     ti_msp_dl_config.o (.text.SYSCFG_DL_RIGHT_QEI_init)
                  0000dbdc    0000005a     libclang_rt.builtins.a : aeabi_fcmp.S.obj (.text)
                  0000dc36    00000002     --HOLE-- [fill = 0]
                  0000dc38    00000058     motor_driver.o (.text.MotorDriver_init)
                  0000dc90    00000058     motor_driver.o (.text.MotorDriver_outputsStopped)
                  0000dce8    00000058     req002.o (.text.completeRun)
                  0000dd40    00000058     req002.o (.text.stopWithFault)
                  0000dd98    00000054     board_safety.o (.text.BoardSafety_stop)
                  0000ddec    00000054     driverlib.a : dl_spi.o (.text.DL_SPI_drainRXFIFO8)
                  0000de40    00000054     nrf24_ptx.o (.text.Nrf24Ptx_getStatus)
                  0000de94    00000054     nrf24_ptx.o (.text.Nrf24Ptx_readCoreRegisters)
                  0000dee8    00000054     ti_msp_dl_config.o (.text.SYSCFG_DL_LINE_I2C_init)
                  0000df3c    00000054     ti_msp_dl_config.o (.text.SYSCFG_DL_OLED_I2C_init)
                  0000df90    00000050     board_safety.o (.text.BoardSafety_init)
                  0000dfe0    00000050     nrf24_ptx.o (.text.Nrf24Ptx_arm)
                  0000e030    0000004c     ti_msp_dl_config.o (.text.SYSCFG_DL_RADIO_SPI_init)
                  0000e07c    0000004c     ti_msp_dl_config.o (.text.SYSCFG_DL_init)
                  0000e0c8    0000004c     start_button.o (.text.StartButton_poll)
                  0000e114    00000048     driverlib.a : dl_uart.o (.text.DL_UART_init)
                  0000e15c    00000048     diag_console.o (.text.DiagConsole_init)
                  0000e1a4    00000048     k230_link.o (.text.K230Link_pushRxByteFromIsr)
                  0000e1ec    00000048     line_tracking.o (.text.LineTracking_init)
                  0000e234    00000048     nrf24_ptx.o (.text.writeAndVerify)
                  0000e27c    00000044     driverlib.a : dl_spi.o (.text.DL_SPI_init)
                  0000e2c0    00000044     empty.o (.text.UART1_IRQHandler)
                  0000e304    00000040     motor_driver.o (.text.MotorDriver_stopAll)
                  0000e344    00000040     motor_test.o (.text.MotorTest_service)
                  0000e384    00000040     libclang_rt.builtins.a : aeabi_uidivmod.S.obj (.text)
                  0000e3c4    0000003c     driverlib.a : dl_i2c.o (.text.DL_I2C_flushControllerTXFIFO)
                  0000e400    0000003c     encoders.o (.text.Encoders_onLeftEncoderAInterrupt)
                  0000e43c    0000003c     nrf24_ptx.o (.text.Nrf24Ptx_disarm)
                  0000e478    0000003c     libc.a : autoinit.c.obj (.text:__TI_auto_init_nobinit_nopinit)
                  0000e4b4    0000003a     libclang_rt.builtins.a : muldsi3.S.obj (.text)
                  0000e4ee    00000002     --HOLE-- [fill = 0]
                  0000e4f0    00000038     diag_console.o (.text.newLine)
                  0000e528    00000038     libclang_rt.builtins.a : fixsfsi.S.obj (.text)
                  0000e560    00000034     board_safety.o (.text.BoardSafety_outputsSafe)
                  0000e594    00000034     k230_link.o (.text.K230Link_getStats)
                  0000e5c8    00000030     driverlib.a : dl_i2c.o (.text.DL_I2C_flushControllerRXFIFO)
                  0000e5f8    00000030                 : dl_uart.o (.text.DL_UART_transmitDataBlocking)
                  0000e628    00000030     motor_test.o (.text.MotorTest_onTimebaseTick)
                  0000e658    00000030     ti_msp_dl_config.o (.text.SYSCFG_DL_SYSCTL_init)
                  0000e688    00000030     timebase.o (.text.Timebase_init)
                  0000e6b8    0000002c     nrf24_ptx.o (.text.Nrf24Ptx_safeWhenDisarmed)
                  0000e6e4    00000028     libc.a : boot_cortex_m.c.obj (.text:_c_int00_noargs)
                  0000e70c    00000028     libclang_rt.builtins.a : floatunsisf.S.obj (.text)
                  0000e734    00000026     driverlib.a : dl_i2c.o (.text.DL_I2C_setClockConfig)
                  0000e75a    00000002     --HOLE-- [fill = 0]
                  0000e75c    00000024     empty.o (.text.GROUP1_IRQHandler)
                  0000e780    00000020     motor_test.o (.text.MotorTest_abort)
                  0000e7a0    00000020     motor_test.o (.text.MotorTest_init)
                  0000e7c0    00000020     start_button.o (.text.StartButton_init)
                  0000e7e0    00000020     libc.a : memcmp.c.obj (.text.memcmp)
                  0000e800    0000001c     driverlib.a : dl_spi.o (.text.DL_SPI_receiveDataCheck8)
                  0000e81c    0000001c                 : dl_spi.o (.text.DL_SPI_transmitDataCheck8)
                  0000e838    0000001c                 : dl_timer.o (.text.DL_Timer_setCaptCompUpdateMethod)
                  0000e854    0000001c                 : dl_timer.o (.text.DL_Timer_setClockConfig)
                  0000e870    0000001c     line_sensors.o (.text.LineSensors_init)
                  0000e88c    0000001c     motor_test.o (.text.MotorTest_snapshot)
                  0000e8a8    0000001c     pid.o (.text.Pid_init)
                  0000e8c4    0000001a     libclang_rt.builtins.a : aeabi_memset.S.obj (.text)
                  0000e8de    00000002     --HOLE-- [fill = 0]
                  0000e8e0    00000018     driverlib.a : dl_timer.o (.text.DL_Timer_setCaptureCompareOutCtl)
                  0000e8f8    00000018     k230_link.o (.text.K230Link_pendingBytes)
                  0000e910    00000018     line_sensors.o (.text.LineSensors_snapshot)
                  0000e928    00000018     motor_test.o (.text.MotorTest_stateName)
                  0000e940    00000018     req002.o (.text.Req002_blockReasonName)
                  0000e958    00000018     req002.o (.text.Req002_stateName)
                  0000e970    00000014     encoders.o (.text.Encoders_speedShadowSnapshot)
                  0000e984    00000014     start_button.o (.text.StartButton_readHardwarePressed)
                  0000e998    00000012     driverlib.a : dl_spi.o (.text.DL_SPI_setClockConfig)
                  0000e9aa    00000012                 : dl_uart.o (.text.DL_UART_setClockConfig)
                  0000e9bc    00000012     libc.a : copy_decompress_none.c.obj (.text:decompress:none)
                  0000e9ce    00000002     --HOLE-- [fill = 0]
                  0000e9d0    00000010     driverlib.a : dl_timer.o (.text.DL_Timer_getCaptureCompareValue)
                  0000e9e0    00000010                 : dl_timer.o (.text.DL_Timer_setCaptureCompareValue)
                  0000e9f0    00000010     pid.o (.text.Pid_reset)
                  0000ea00    00000010     empty.o (.text.SysTick_Handler)
                  0000ea10    00000010     timebase.o (.text.Timebase_onSysTick)
                  0000ea20    00000010     libc.a : copy_zero_init.c.obj (.text:decompress:ZI)
                  0000ea30    0000000c     board_safety.o (.text.BoardSafety_faultLatched)
                  0000ea3c    0000000c     timebase.o (.text.Timebase_nowMs)
                  0000ea48    0000000a     driverlib.a : dl_common.o (.text.DL_Common_delayCycles)
                  0000ea52    0000000a     start_button.o (.text.StartButton_takePress)
                  0000ea5c    00000008     board_safety.o (.text.BoardSafety_buzzerPolicy)
                  0000ea64    00000008     line_tracking.o (.text.LineTracking_getStatus)
                  0000ea6c    00000008     req002.o (.text.Req002_getStatus)
                  0000ea74    00000008     timebase.o (.text.Timebase_reached)
                  0000ea7c    00000008     empty.o (.text.UART0_IRQHandler)
                  0000ea84    00000008     libclang_rt.builtins.a : aeabi_memcpy.S.obj (.text)
                  0000ea8c    00000006     libc.a : exit.c.obj (.text:abort)
                  0000ea92    00000004     libsysbm.a : hostexit.c.obj (.text.HOSTexit)
                  0000ea96    00000004     startup_mspm0g350x_ticlang.o (.text.Reset_Handler)
                  0000ea9a    00000004     libc.a : pre_init.c.obj (.text._system_pre_init)
                  0000ea9e    00000002     --HOLE-- [fill = 0]

.cinit     0    0000f820    00000030     
                  0000f820    0000000c     (__TI_handler_table)
                  0000f82c    00000008     (.cinit..bss.load) [load image, compression = zero_init]
                  0000f834    00000005     (.cinit..data.load) [load image, compression = lzss]
                  0000f839    00000003     --HOLE-- [fill = 0]
                  0000f83c    00000010     (__TI_cinit_table)
                  0000f84c    00000004     --HOLE-- [fill = 0]

.rodata    0    0000eaa0    00000d80     
                  0000eaa0    00000105     diag_console.o (.rodata.str1.14153271371939189678.1)
                  0000eba5    0000000b     diag_console.o (.rodata.str1.10021391958218067169.1)
                  0000ebb0    00000100     k230_link.o (.rodata..L.crctable)
                  0000ecb0    00000082     oled_ssd1306.o (.rodata.gLetters)
                  0000ed32    00000063     diag_console.o (.rodata.str1.7732308573000650393.1)
                  0000ed95    00000048     diag_console.o (.rodata.str1.5644620926150322957.1)
                  0000eddd    00000044     diag_console.o (.rodata.str1.8805550004262250290.1)
                  0000ee21    0000003e     diag_console.o (.rodata.str1.2437401455240083982.1)
                  0000ee5f    0000003d     diag_console.o (.rodata.str1.10020677278003191597.1)
                  0000ee9c    0000003d     diag_console.o (.rodata.str1.9757831788182070933.1)
                  0000eed9    0000003b     diag_console.o (.rodata.str1.5824879526590977974.1)
                  0000ef14    00000038     diag_console.o (.rodata.str1.15435677839657748720.1)
                  0000ef4c    00000036     diag_console.o (.rodata.str1.16565755701334802317.1)
                  0000ef82    00000035     diag_console.o (.rodata.str1.9768974661061496881.1)
                  0000efb7    00000034     diag_console.o (.rodata.str1.1098690429273333905.1)
                  0000efeb    00000032     oled_ssd1306.o (.rodata.gDigits)
                  0000f01d    00000032     board_safety.o (.rodata.str1.1461871966798876460.1)
                  0000f04f    00000031     diag_console.o (.rodata.str1.7985117199416049152.1)
                  0000f080    0000002f     diag_console.o (.rodata.str1.16351352736247536359.1)
                  0000f0af    0000002f     diag_console.o (.rodata.str1.17340833469015162294.1)
                  0000f0de    0000002b     diag_console.o (.rodata.str1.12544225967345112596.1)
                  0000f109    00000028     diag_console.o (.rodata.str1.8496639322861540170.1)
                  0000f131    00000026     diag_console.o (.rodata.str1.13160629704296733059.1)
                  0000f157    00000026     diag_console.o (.rodata.str1.5503653601839616668.1)
                  0000f17d    00000003     ti_msp_dl_config.o (.rodata.gMOTOR_PWMClockConfig)
                  0000f180    00000024     req002.o (.rodata..Lswitch.table.Req002_blockReasonName)
                  0000f1a4    00000024     req002.o (.rodata..Lswitch.table.Req002_stateName)
                  0000f1c8    00000023     diag_console.o (.rodata.str1.13023684794075449413.1)
                  0000f1eb    00000023     diag_console.o (.rodata.str1.6066754825680800963.1)
                  0000f20e    00000022     diag_console.o (.rodata.str1.5303670245239573129.1)
                  0000f230    00000020     line_tracking.o (.rodata.cst32)
                  0000f250    0000001f     diag_console.o (.rodata.str1.5976961520280002565.1)
                  0000f26f    0000001c     req002.o (.rodata.str1.13275248019535299154.1)
                  0000f28b    0000001a     diag_console.o (.rodata.str1.1008767523004470630.1)
                  0000f2a5    0000001a     diag_console.o (.rodata.str1.2111541797422310849.1)
                  0000f2bf    0000001a     req002.o (.rodata.str1.9392822210274423405.1)
                  0000f2d9    00000019     diag_console.o (.rodata.str1.18237275900639492659.1)
                  0000f2f2    00000002     ti_msp_dl_config.o (.rodata.gDIAG_UARTClockConfig)
                  0000f2f4    00000019     nrf24_ptx.o (.rodata.str1.6094559527043233380.4)
                  0000f30d    00000019     diag_console.o (.rodata.str1.810607564276269461.1)
                  0000f326    00000002     ti_msp_dl_config.o (.rodata.gK230_UARTClockConfig)
                  0000f328    00000018     nrf24_ptx.o (.rodata..Lswitch.table.Nrf24Ptx_getStatus)
                  0000f340    00000018     oled_ssd1306.o (.rodata.initializeAt.commands)
                  0000f358    00000018     diag_console.o (.rodata.str1.8406304233448172400.1)
                  0000f370    00000017     req002.o (.rodata.str1.10230131912623405435.1)
                  0000f387    00000017     diag_console.o (.rodata.str1.3430916125074368270.1)
                  0000f39e    00000016     diag_console.o (.rodata.str1.10354475084875452907.1)
                  0000f3b4    00000016     diag_console.o (.rodata.str1.13280886091191530476.1)
                  0000f3ca    00000016     diag_console.o (.rodata.str1.5084688477215926447.1)
                  0000f3e0    00000015     req002.o (.rodata.str1.9213031953659428922.1)
                  0000f3f5    00000003     ti_msp_dl_config.o (.rodata.gRIGHT_QEIClockConfig)
                  0000f3f8    00000014     motor_test.o (.rodata..Lswitch.table.MotorTest_stateName)
                  0000f40c    00000014     req002.o (.rodata.str1.1536853367382378965.1)
                  0000f420    00000014     req002.o (.rodata.str1.7316036974658646067.1)
                  0000f434    00000014     diag_console.o (.rodata.str1.7838710351760113446.1)
                  0000f448    00000014     req002.o (.rodata.str1.9277730485512377852.1)
                  0000f45c    00000013     diag_console.o (.rodata.str1.9050062146647658507.1)
                  0000f46f    00000011     req002.o (.rodata.str1.11801953346847374107.1)
                  0000f480    00000011     diag_console.o (.rodata.str1.17217747830118470281.1)
                  0000f491    00000011     diag_console.o (.rodata.str1.17570078357027493973.1)
                  0000f4a2    00000011     req002.o (.rodata.str1.246851255980436067.1)
                  0000f4b3    00000011     diag_console.o (.rodata.str1.9305979691969886280.1)
                  0000f4c4    00000010     oled_ssd1306.o (.rodata.OledSsd1306_showReq002Status.stateText)
                  0000f4d4    00000010     diag_console.o (.rodata.str1.11858721499567804342.1)
                  0000f4e4    00000010     diag_console.o (.rodata.str1.15804963083468125269.1)
                  0000f4f4    00000010     nrf24_ptx.o (.rodata.str1.17419335730769077557.1)
                  0000f504    00000010     diag_console.o (.rodata.str1.8341931057821991107.1)
                  0000f514    00000010     diag_console.o (.rodata.str1.9009639935792097996.1)
                  0000f524    0000000f     diag_console.o (.rodata.str1.15191501805510545095.1)
                  0000f533    0000000f     diag_console.o (.rodata.str1.719103272933316442.1)
                  0000f542    0000000e     nrf24_ptx.o (.rodata.gProfile)
                  0000f550    0000000e     req002.o (.rodata.str1.11012809159570234960.1)
                  0000f55e    0000000e     diag_console.o (.rodata.str1.17463021491389519269.1)
                  0000f56c    0000000e     diag_console.o (.rodata.str1.1837592952361879117.1)
                  0000f57a    0000000d     diag_console.o (.rodata.str1.10547048922053563066.1)
                  0000f587    0000000d     diag_console.o (.rodata.str1.11767802008270839024.1)
                  0000f594    0000000d     diag_console.o (.rodata.str1.15307067426115469236.1)
                  0000f5a1    0000000d     diag_console.o (.rodata.str1.15759258491055097000.1)
                  0000f5ae    0000000d     diag_console.o (.rodata.str1.17103627226480421635.1)
                  0000f5bb    0000000d     diag_console.o (.rodata.str1.3586807474570239301.1)
                  0000f5c8    0000000d     nrf24_ptx.o (.rodata.str1.632614121974113092.1)
                  0000f5d5    0000000d     diag_console.o (.rodata.str1.8382040091638840980.1)
                  0000f5e2    0000000c     req002.o (.rodata.str1.14163026172649738486.1)
                  0000f5ee    0000000c     diag_console.o (.rodata.str1.15625074855538008002.1)
                  0000f5fa    0000000c     nrf24_ptx.o (.rodata.str1.18158066330371006656.1)
                  0000f606    0000000c     diag_console.o (.rodata.str1.4753132208752387408.1)
                  0000f612    0000000b     diag_console.o (.rodata.str1.10779067380086453065.1)
                  0000f61d    0000000b     diag_console.o (.rodata.str1.10838375267284401125.1)
                  0000f628    0000000b     diag_console.o (.rodata.str1.12889734105675417804.1)
                  0000f633    0000000b     req002.o (.rodata.str1.14519661726848775581.1)
                  0000f63e    0000000b     diag_console.o (.rodata.str1.17854535991371942916.1)
                  0000f649    0000000b     diag_console.o (.rodata.str1.2047669683145328269.1)
                  0000f654    0000000b     diag_console.o (.rodata.str1.2566524860297826098.1)
                  0000f65f    0000000b     diag_console.o (.rodata.str1.4088845919059740246.1)
                  0000f66a    0000000b     diag_console.o (.rodata.str1.475083551094971178.1)
                  0000f675    0000000b     diag_console.o (.rodata.str1.8714582252565932376.1)
                  0000f680    0000000a     app.o (.rodata..Lswitch.table.App_service)
                  0000f68a    0000000a     ti_msp_dl_config.o (.rodata.gDIAG_UARTConfig)
                  0000f694    0000000a     ti_msp_dl_config.o (.rodata.gK230_UARTConfig)
                  0000f69e    0000000a     ti_msp_dl_config.o (.rodata.gRADIO_SPI_config)
                  0000f6a8    0000000a     req002.o (.rodata.str1.11700141885548915133.1)
                  0000f6b2    0000000a     diag_console.o (.rodata.str1.15004393915158247055.1)
                  0000f6bc    0000000a     diag_console.o (.rodata.str1.15947943532119924092.1)
                  0000f6c6    0000000a     diag_console.o (.rodata.str1.3251375336230076641.1)
                  0000f6d0    0000000a     diag_console.o (.rodata.str1.5171941431370459453.1)
                  0000f6da    00000009     motor_test.o (.rodata.str1.10617380224381297162.1)
                  0000f6e3    00000009     req002.o (.rodata.str1.12553014538444358850.1)
                  0000f6ec    00000009     nrf24_ptx.o (.rodata.str1.1466761408321915565.1)
                  0000f6f5    00000009     diag_console.o (.rodata.str1.16718133499535619421.1)
                  0000f6fe    00000009     diag_console.o (.rodata.str1.17197432830885351810.1)
                  0000f707    00000009     oled_ssd1306.o (.rodata.str1.18394381519249814195.1)
                  0000f710    00000009     diag_console.o (.rodata.str1.2411401244139123524.1)
                  0000f719    00000009     nrf24_ptx.o (.rodata.str1.3287502044353476605.1)
                  0000f722    00000009     req002.o (.rodata.str1.4498054223093770164.1)
                  0000f72b    00000009     motor_test.o (.rodata.str1.7683472691658088772.1)
                  0000f734    00000009     diag_console.o (.rodata.str1.854387782545475029.1)
                  0000f73d    00000009     req002.o (.rodata.str1.9783865751474204056.1)
                  0000f746    00000002     ti_msp_dl_config.o (.rodata.gLINE_I2CClockConfig)
                  0000f748    00000008     ti_msp_dl_config.o (.rodata.gMOTOR_PWMConfig)
                  0000f750    00000008     diag_console.o (.rodata.str1.1116829374954328495.1)
                  0000f758    00000008     oled_ssd1306.o (.rodata.str1.3044767245126136175.1)
                  0000f760    00000008     motor_test.o (.rodata.str1.4772308527699974066.1)
                  0000f768    00000008     motor_test.o (.rodata.str1.8645205534088111832.1)
                  0000f770    00000007     diag_console.o (.rodata.str1.11175911738739839896.1)
                  0000f777    00000007     diag_console.o (.rodata.str1.5926118724489890093.1)
                  0000f77e    00000007     diag_console.o (.rodata.str1.7767364581813029062.1)
                  0000f785    00000006     diag_console.o (.rodata.str1.1105957340841019786.1)
                  0000f78b    00000006     diag_console.o (.rodata.str1.11297099101431644167.1)
                  0000f791    00000006     req002.o (.rodata.str1.1330840565073376.1)
                  0000f797    00000006     diag_console.o (.rodata.str1.14265534512352903045.1)
                  0000f79d    00000006     oled_ssd1306.o (.rodata.str1.155559926808992207.1)
                  0000f7a3    00000006     diag_console.o (.rodata.str1.16084514406273351987.1)
                  0000f7a9    00000006     nrf24_ptx.o (.rodata.str1.17809926154172099862.1)
                  0000f7af    00000006     oled_ssd1306.o (.rodata.str1.17912449882519859512.1)
                  0000f7b5    00000006     motor_test.o (.rodata.str1.2583511979257442240.1)
                  0000f7bb    00000006     req002.o (.rodata.str1.404665452499805758.1)
                  0000f7c1    00000005     req002.o (.rodata..Lswitch.table.Req002_init)
                  0000f7c6    00000005     diag_console.o (.rodata.str1.10706949176496340975.1)
                  0000f7cb    00000005     diag_console.o (.rodata.str1.11000238090859226487.1)
                  0000f7d0    00000005     req002.o (.rodata.str1.11884172484412477609.1)
                  0000f7d5    00000005     nrf24_ptx.o (.rodata.str1.1246111486341945488.1)
                  0000f7da    00000005     oled_ssd1306.o (.rodata.str1.14073963438480896185.1)
                  0000f7df    00000005     diag_console.o (.rodata.str1.14635969394841560451.1)
                  0000f7e4    00000005     diag_console.o (.rodata.str1.15834373091208215214.1)
                  0000f7e9    00000005     diag_console.o (.rodata.str1.2661480226688204501.1)
                  0000f7ee    00000005     req002.o (.rodata.str1.4278235483893593186.1)
                  0000f7f3    00000005     diag_console.o (.rodata.str1.8182549175682356078.1)
                  0000f7f8    00000005     motor_test.o (.rodata.str1.8458586334456837306.1)
                  0000f7fd    00000005     diag_console.o (.rodata.str1.8521603489394202036.1)
                  0000f802    00000005     diag_console.o (.rodata.str1.8535165006884115289.1)
                  0000f807    00000005     diag_console.o (.rodata.str1.9239603917100908406.1)
                  0000f80c    00000004     diag_console.o (.rodata.str1.16152622102795241315.1)
                  0000f810    00000004     diag_console.o (.rodata.str1.2181998341318385279.1)
                  0000f814    00000004     oled_ssd1306.o (.rodata.str1.4552292588570905864.1)
                  0000f818    00000003     diag_console.o (.rodata.str1.16469263393576567306.1)
                  0000f81b    00000002     ti_msp_dl_config.o (.rodata.gOLED_I2CClockConfig)
                  0000f81d    00000002     ti_msp_dl_config.o (.rodata.gRADIO_SPI_clockConfig)
                  0000f81f    00000001     --HOLE-- [fill = 0]

.init_array 
*          0    00000000    00000000     UNINITIALIZED

.binit     0    00000000    00000000     

.bss       0    20200000    00000910     UNINITIALIZED
                  20200000    00000240     nrf24_ptx.o (.bss.gQueue)
                  20200240    000000c0     nrf24_ptx.o (.bss.gDiagLine)
                  20200300    000000bc     (.common:gMOTOR_PWMBackup)
                  202003bc    000000a0     (.common:gRIGHT_QEIBackup)
                  2020045c    00000084     (.common:gK230RuntimeDiag)
                  202004e0    00000080     diag_console.o (.bss.gRxBuffer)
                  20200560    00000080     k230_link.o (.bss.gRxQueue)
                  202005e0    00000078     req002.o (.bss.gStatus)
                  20200658    00000060     (.common:gEncoderSpeedShadow)
                  202006b8    00000050     diag_console.o (.bss.gCommand)
                  20200708    0000003c     k230_link.o (.bss.gStats)
                  20200744    0000003c     line_tracking.o (.bss.gStatus)
                  20200780    00000030     line_tracking.o (.bss.gShadowPid)
                  202007b0    00000030     req002.o (.bss.gSpeedBalancePi)
                  202007e0    0000002c     line_sensors.o (.bss.gSample)
                  2020080c    00000028     (.common:gRADIO_SPIBackup)
                  20200834    00000020     k230_link.o (.bss.gLatest)
                  20200854    0000001c     nrf24_ptx.o (.bss.gStats)
                  20200870    00000010     motor_test.o (.bss.gStatus)
                  20200880    0000000e     k230_link.o (.bss.gFrame)
                  2020088e    00000002     nrf24_ptx.o (.bss.gDiagLineLength)
                  20200890    00000008     app.o (.bss.gStartButton)
                  20200898    00000006     motor_driver.o (.bss.gStatus)
                  2020089e    00000002     nrf24_ptx.o (.bss.gNextMessageId)
                  202008a0    00000004     nrf24_ptx.o (.bss.gDeadline)
                  202008a4    00000004     req002.o (.bss.gDepartSinceMs)
                  202008a8    00000004     k230_link.o (.bss.gLastObservedOverflow)
                  202008ac    00000004     k230_link.o (.bss.gLastSequenceAdvanceMs)
                  202008b0    00000004     encoders.o (.bss.gLeftCount)
                  202008b4    00000004     encoders.o (.bss.gLeftInvalidTransitions)
                  202008b8    00000004     req002.o (.bss.gMarkerSinceMs)
                  202008bc    00000004     timebase.o (.bss.gMilliseconds)
                  202008c0    00000004     req002.o (.bss.gNextControlMs)
                  202008c4    00000004     line_sensors.o (.bss.gNextPollMs)
                  202008c8    00000004     k230_link.o (.bss.gQueueOverflowsFromIsr)
                  202008cc    00000004     k230_link.o (.bss.gRxBytesFromIsr)
                  202008d0    00000004     diag_console.o (.bss.gRxOverflow)
                  202008d4    00000004     encoders.o (.bss.gShadowLastSampleMs)
                  202008d8    00000004     encoders.o (.bss.gShadowNextSampleMs)
                  202008dc    00000004     encoders.o (.bss.gShadowPreviousInvalidTransitions)
                  202008e0    00000004     encoders.o (.bss.gShadowPreviousLeftCount)
                  202008e4    00000004     encoders.o (.bss.gShadowPreviousRightCount)
                  202008e8    00000004     req002.o (.bss.gTrackingFaultSinceMs)
                  202008ec    00000003     oled_ssd1306.o (.bss.gStatus)
                  202008ef    00000001     nrf24_ptx.o (.bss.gArmed)
                  202008f0    00000002     diag_console.o (.bss.gRxHead)
                  202008f2    00000002     k230_link.o (.bss.gRxHead)
                  202008f4    00000002     diag_console.o (.bss.gRxTail)
                  202008f6    00000002     k230_link.o (.bss.gRxTail)
                  202008f8    00000001     diag_console.o (.bss.gCaptureEnabled)
                  202008f9    00000001     diag_console.o (.bss.gCommandLength)
                  202008fa    00000001     req002.o (.bss.gDepartPending)
                  202008fb    00000001     nrf24_ptx.o (.bss.gDiagLineOverflow)
                  202008fc    00000001     diag_console.o (.bss.gDiscardLine)
                  202008fd    00000001     k230_link.o (.bss.gFrameIndex)
                  202008fe    00000001     k230_link.o (.bss.gHaveFrame)
                  202008ff    00000001     app.o (.bss.gLastOledReq002State)
                  20200900    00000001     k230_link.o (.bss.gLastSequence)
                  20200901    00000001     encoders.o (.bss.gLeftState)
                  20200902    00000001     req002.o (.bss.gMarkerPending)
                  20200903    00000001     line_tracking.o (.bss.gNeedsReacquire)
                  20200904    00000001     nrf24_ptx.o (.bss.gOneShotQueued)
                  20200905    00000001     nrf24_ptx.o (.bss.gQueueCount)
                  20200906    00000001     nrf24_ptx.o (.bss.gQueueHead)
                  20200907    00000001     nrf24_ptx.o (.bss.gQueueTail)
                  20200908    00000001     k230_link.o (.bss.gSequenceInitialized)
                  20200909    00000001     nrf24_ptx.o (.bss.gState)
                  2020090a    00000001     board_safety.o (.bss.gStatus.0)
                  2020090b    00000001     board_safety.o (.bss.gStatus.3)
                  2020090c    00000001     k230_link.o (.bss.gTimedOut)
                  2020090d    00000001     motor_test.o (.bss.gTimedOut)
                  2020090e    00000001     req002.o (.bss.gTrackingFaultPending)
                  2020090f    00000001     req002.o (.bss.gTrackingFaultReason)

.data      0    20200910    00000001     UNINITIALIZED
                  20200910    00000001     oled_ssd1306.o (.data.gAddress)

.stack     0    20207e00    00000200     UNINITIALIZED
                  20207e00    00000004     libc.a : boot_cortex_m.c.obj (.stack)
                  20207e04    000001fc     --HOLE--

__llvm_prf_cnts 
*          0    20200000    00000000     UNINITIALIZED

__llvm_prf_bits 
*          0    20200000    00000000     UNINITIALIZED

MODULE SUMMARY

       Module                         code    ro data   rw data
       ------                         ----    -------   -------
    .\
       ti_msp_dl_config.o             1276    54        388    
       empty.o                        388     0         132    
       startup_mspm0g350x_ticlang.o   6       192       0      
    +--+------------------------------+-------+---------+---------+
       Total:                         1670    246       520    
                                                               
    .\algorithm\
       line_tracking.o                820     32        109    
       pid.o                          462     0         0      
    +--+------------------------------+-------+---------+---------+
       Total:                         1282    32        109    
                                                               
    .\app\
       req002.o                       2568    365       188    
       motor_test.o                   340     65        17     
       app.o                          332     10        9      
    +--+------------------------------+-------+---------+---------+
       Total:                         3240    440       214    
                                                               
    .\bsp\
       board_safety.o                 348     50        2      
       timebase.o                     84      0         4      
    +--+------------------------------+-------+---------+---------+
       Total:                         432     50        6      
                                                               
    .\drivers\
       diag_console.o                 38832   2232      219    
       oled_ssd1306.o                 4546    258       4      
       nrf24_ptx.o                    2744    133       811    
       k230_link.o                    1248    256       259    
       line_sensors.o                 1324    0         48     
       encoders.o                     824     0         125    
       motor_driver.o                 760     0         6      
       i2c_diag.o                     300     0         0      
       start_button.o                 138     0         0      
    +--+------------------------------+-------+---------+---------+
       Total:                         50716   2879      1472   
                                                               
    D:/AAADiansai/CCS/mspm0_sdk_2_11_00_07/source/ti/driverlib/lib/ticlang/m0p/mspm0g1x0x_g3x0x/driverlib.a
       dl_timer.o                     372     0         0      
       dl_i2c.o                       240     0         0      
       dl_spi.o                       226     0         0      
       dl_uart.o                      138     0         0      
       dl_common.o                    10      0         0      
    +--+------------------------------+-------+---------+---------+
       Total:                         986     0         0      
                                                               
    D:\AAADiansai\CCS\ccs\tools\compiler\ti-cgt-armllvm_5.1.1.LTS\lib\armv6m-ti-none-eabi/c/libc.a
       memcpy16.S.obj                 154     0         0      
       copy_decompress_lzss.c.obj     124     0         0      
       memset16.S.obj                 98      0         0      
       autoinit.c.obj                 60      0         0      
       boot_cortex_m.c.obj            40      0         0      
       memcmp.c.obj                   32      0         0      
       copy_decompress_none.c.obj     18      0         0      
       copy_zero_init.c.obj           16      0         0      
       exit.c.obj                     6       0         0      
       pre_init.c.obj                 4       0         0      
    +--+------------------------------+-------+---------+---------+
       Total:                         552     0         0      
                                                               
    D:\AAADiansai\CCS\ccs\tools\compiler\ti-cgt-armllvm_5.1.1.LTS\lib\armv6m-ti-none-eabi/c/libsysbm.a
       hostexit.c.obj                 4       0         0      
    +--+------------------------------+-------+---------+---------+
       Total:                         4       0         0      
                                                               
    D:\AAADiansai\CCS\ccs\tools\compiler\ti-cgt-armllvm_5.1.1.LTS\lib\armv6m-ti-none-eabi/libclang_rt.builtins.a
       addsf3.S.obj                   216     0         0      
       comparesf2.S.obj               140     0         0      
       mulsf3.S.obj                   140     0         0      
       divsf3.S.obj                   130     0         0      
       aeabi_fcmp.S.obj               90      0         0      
       aeabi_uidivmod.S.obj           64      0         0      
       muldsi3.S.obj                  58      0         0      
       fixsfsi.S.obj                  56      0         0      
       floatunsisf.S.obj              40      0         0      
       aeabi_memset.S.obj             26      0         0      
       aeabi_memcpy.S.obj             8       0         0      
       aeabi_div0.c.obj               2       0         0      
    +--+------------------------------+-------+---------+---------+
       Total:                         970     0         0      
                                                               
       Stack:                         0       0         512    
       Linker Generated:              0       41        0      
    +--+------------------------------+-------+---------+---------+
       Grand Total:                   59852   3688      2833   


LINKER GENERATED COPY TABLES

__TI_cinit_table @ 0000f83c records: 2, size/record: 8, table size: 16
	.bss: load addr=0000f82c, load size=00000008 bytes, run addr=20200000, run size=00000910 bytes, compression=zero_init
	.data: load addr=0000f834, load size=00000005 bytes, run addr=20200910, run size=00000001 bytes, compression=lzss


LINKER GENERATED HANDLER TABLE

__TI_handler_table @ 0000f820 records: 3, size/record: 4, table size: 12
	index: 0, handler: __TI_decompress_lzss
	index: 1, handler: __TI_decompress_none
	index: 2, handler: __TI_zero_init


GLOBAL SYMBOLS: SORTED ALPHABETICALLY BY Name 

address   name                               
-------   ----                               
0000b7b3  ADC0_IRQHandler                    
0000b7b3  ADC1_IRQHandler                    
0000b7b3  AES_IRQHandler                     
0000da09  App_init                           
0000ca2d  App_service                        
0000ea5d  BoardSafety_buzzerPolicy           
0000ea31  BoardSafety_faultLatched           
0000df91  BoardSafety_init                   
0000e561  BoardSafety_outputsSafe            
0000d7fd  BoardSafety_service                
0000dd99  BoardSafety_stop                   
0000ea92  C$$EXIT                            
0000b7b3  CANFD0_IRQHandler                  
0000b7b3  DAC0_IRQHandler                    
0000ea49  DL_Common_delayCycles              
0000da69  DL_I2C_fillControllerTXFIFO        
0000e5c9  DL_I2C_flushControllerRXFIFO       
0000e3c5  DL_I2C_flushControllerTXFIFO       
0000e735  DL_I2C_setClockConfig              
0000dded  DL_SPI_drainRXFIFO8                
0000e27d  DL_SPI_init                        
0000e801  DL_SPI_receiveDataCheck8           
0000e999  DL_SPI_setClockConfig              
0000e81d  DL_SPI_transmitDataCheck8          
0000e9d1  DL_Timer_getCaptureCompareValue    
0000c825  DL_Timer_initFourCCPWMMode         
0000e839  DL_Timer_setCaptCompUpdateMethod   
0000e8e1  DL_Timer_setCaptureCompareOutCtl   
0000e9e1  DL_Timer_setCaptureCompareValue    
0000e855  DL_Timer_setClockConfig            
0000e115  DL_UART_init                       
0000e9ab  DL_UART_setClockConfig             
0000e5f9  DL_UART_transmitDataBlocking       
0000b7b3  DMA_IRQHandler                     
0000b7b3  Default_Handler                    
0000e15d  DiagConsole_init                   
0000dac9  DiagConsole_onUartInterrupt        
0000b7b5  DiagConsole_reportBoot             
000000c1  DiagConsole_service                
0000d8dd  Encoders_init                      
0000e401  Encoders_onLeftEncoderAInterrupt   
0000db25  Encoders_snapshot                  
0000ce8d  Encoders_speedShadowInit           
0000bc41  Encoders_speedShadowService        
0000e971  Encoders_speedShadowSnapshot       
0000b7b3  GROUP0_IRQHandler                  
0000e75d  GROUP1_IRQHandler                  
0000ea93  HOSTexit                           
0000b7b3  HardFault_Handler                  
0000b7b3  I2C0_IRQHandler                    
0000b7b3  I2C1_IRQHandler                    
0000c185  I2cDiag_scan                       
0000e595  K230Link_getStats                  
0000d1c9  K230Link_init                      
0000e8f9  K230Link_pendingBytes              
0000e1a5  K230Link_pushRxByteFromIsr         
0000a099  K230Link_service                   
0000d611  K230Link_snapshot                  
0000e871  LineSensors_init                   
0000b1cd  LineSensors_service                
0000e911  LineSensors_snapshot               
0000ea65  LineTracking_getStatus             
0000e1ed  LineTracking_init                  
0000a6dd  LineTracking_service               
0000c045  MotorDriver_driveVehicleForward    
0000dc39  MotorDriver_init                   
0000dc91  MotorDriver_outputsStopped         
0000cdc5  MotorDriver_setVehicleForwardDuties
0000e305  MotorDriver_stopAll                
0000e781  MotorTest_abort                    
0000e7a1  MotorTest_init                     
0000e629  MotorTest_onTimebaseTick           
0000e345  MotorTest_service                  
0000e88d  MotorTest_snapshot                 
0000d86d  MotorTest_start                    
0000e929  MotorTest_stateName                
0000b7b3  NMI_Handler                        
0000dfe1  Nrf24Ptx_arm                       
0000c2b1  Nrf24Ptx_captureDiagnosticChar     
0000e43d  Nrf24Ptx_disarm                    
0000de41  Nrf24Ptx_getStatus                 
0000d489  Nrf24Ptx_init                      
0000de95  Nrf24Ptx_readCoreRegisters         
0000e6b9  Nrf24Ptx_safeWhenDisarmed          
00008f61  Nrf24Ptx_service                   
0000d0a1  OledSsd1306_clear                  
0000af29  OledSsd1306_forceAllPixelsOn       
0000ac7d  OledSsd1306_forceAllPixelsOnSh1106 
00008995  OledSsd1306_showReq002Status       
00009855  OledSsd1306_showTestPattern        
0000b7b3  PendSV_Handler                     
0000e8a9  Pid_init                           
0000e9f1  Pid_reset                          
0000b611  Pid_step                           
0000b7b3  RTC_IRQHandler                     
0000d591  Req002_abort                       
0000e941  Req002_blockReasonName             
0000ea6d  Req002_getStatus                   
0000cc05  Req002_init                        
00007a69  Req002_service                     
0000e959  Req002_stateName                   
0000ea97  Reset_Handler                      
0000b7b3  SPI0_IRQHandler                    
0000b7b3  SPI1_IRQHandler                    
0000b7b3  SVC_Handler                        
0000d259  SYSCFG_DL_DIAG_UART_init           
0000c71d  SYSCFG_DL_GPIO_init                
0000d2e5  SYSCFG_DL_K230_UART_init           
0000dee9  SYSCFG_DL_LINE_I2C_init            
0000d135  SYSCFG_DL_MOTOR_PWM_init           
0000df3d  SYSCFG_DL_OLED_I2C_init            
0000e031  SYSCFG_DL_RADIO_SPI_init           
0000db81  SYSCFG_DL_RIGHT_QEI_init           
0000e659  SYSCFG_DL_SYSCTL_init              
0000e07d  SYSCFG_DL_init                     
0000d68d  SYSCFG_DL_initPower                
0000e7c1  StartButton_init                   
0000e0c9  StartButton_poll                   
0000e985  StartButton_readHardwarePressed    
0000ea53  StartButton_takePress              
0000ea01  SysTick_Handler                    
0000b7b3  TIMA0_IRQHandler                   
0000b7b3  TIMA1_IRQHandler                   
0000b7b3  TIMG0_IRQHandler                   
0000b7b3  TIMG12_IRQHandler                  
0000b7b3  TIMG6_IRQHandler                   
0000b7b3  TIMG7_IRQHandler                   
0000b7b3  TIMG8_IRQHandler                   
0000e689  Timebase_init                      
0000ea3d  Timebase_nowMs                     
0000ea11  Timebase_onSysTick                 
0000ea75  Timebase_reached                   
0000ea7d  UART0_IRQHandler                   
0000e2c1  UART1_IRQHandler                   
0000b7b3  UART2_IRQHandler                   
0000b7b3  UART3_IRQHandler                   
20208000  __STACK_END                        
00000200  __STACK_SIZE                       
00000000  __TI_ATRegion0_region_sz           
00000000  __TI_ATRegion0_src_addr            
00000000  __TI_ATRegion0_trg_addr            
00000000  __TI_ATRegion1_region_sz           
00000000  __TI_ATRegion1_src_addr            
00000000  __TI_ATRegion1_trg_addr            
00000000  __TI_ATRegion2_region_sz           
00000000  __TI_ATRegion2_src_addr            
00000000  __TI_ATRegion2_trg_addr            
0000f83c  __TI_CINIT_Base                    
0000f84c  __TI_CINIT_Limit                   
0000f84c  __TI_CINIT_Warm                    
0000f820  __TI_Handler_Table_Base            
0000f82c  __TI_Handler_Table_Limit           
0000e479  __TI_auto_init_nobinit_nopinit     
0000d709  __TI_decompress_lzss               
0000e9bd  __TI_decompress_none               
ffffffff  __TI_pprof_out_hndl                
ffffffff  __TI_prof_data_size                
ffffffff  __TI_prof_data_start               
00000000  __TI_static_base__                 
0000ea21  __TI_zero_init                     
0000ccf7  __addsf3                           
0000e529  __aeabi_f2iz                       
0000ccf7  __aeabi_fadd                       
0000dbdd  __aeabi_fcmpeq                     
0000dc13  __aeabi_fcmpge                     
0000dc25  __aeabi_fcmpgt                     
0000dc01  __aeabi_fcmple                     
0000dbef  __aeabi_fcmplt                     
0000d3e7  __aeabi_fcmpun                     
0000d50d  __aeabi_fdiv                       
0000d3fd  __aeabi_fmul                       
0000cced  __aeabi_fsub                       
0000c71b  __aeabi_idiv0                      
0000e8d3  __aeabi_memclr                     
0000e8d3  __aeabi_memclr4                    
0000e8d3  __aeabi_memclr8                    
0000ea85  __aeabi_memcpy                     
0000ea85  __aeabi_memcpy4                    
0000ea85  __aeabi_memcpy8                    
0000e8c5  __aeabi_memset                     
0000e8c5  __aeabi_memset4                    
0000e8c5  __aeabi_memset8                    
0000e70d  __aeabi_ui2f                       
0000e385  __aeabi_uidiv                      
0000e385  __aeabi_uidivmod                   
ffffffff  __binit__                          
0000d371  __cmpsf2                           
0000d50d  __divsf3                           
0000d371  __eqsf2                            
0000e529  __fixsfsi                          
0000e70d  __floatunsisf                      
0000d3ab  __gesf2                            
0000d3ab  __gtsf2                            
0000d371  __lesf2                            
0000d371  __ltsf2                            
UNDEFED   __mpu_init                         
0000e4b5  __muldsi3                          
0000d3fd  __mulsf3                           
0000d371  __nesf2                            
20207e00  __stack                            
20200000  __start___llvm_prf_bits            
20200000  __start___llvm_prf_cnts            
20200000  __stop___llvm_prf_bits             
20200000  __stop___llvm_prf_cnts             
0000cced  __subsf3                           
0000d3e7  __unordsf2                         
0000e6e5  _c_int00_noargs                    
UNDEFED   _system_post_cinit                 
0000ea9b  _system_pre_init                   
0000ea8d  abort                              
ffffffff  binit                              
20200658  gEncoderSpeedShadow                
2020045c  gK230RuntimeDiag                   
20200300  gMOTOR_PWMBackup                   
2020080c  gRADIO_SPIBackup                   
202003bc  gRIGHT_QEIBackup                   
00000000  interruptVectors                   
0000c929  main                               
0000e7e1  memcmp                             
0000d005  memcpy                             
0000d9a5  memset                             


GLOBAL SYMBOLS: SORTED BY Symbol Address 

address   name                               
-------   ----                               
00000000  __TI_ATRegion0_region_sz           
00000000  __TI_ATRegion0_src_addr            
00000000  __TI_ATRegion0_trg_addr            
00000000  __TI_ATRegion1_region_sz           
00000000  __TI_ATRegion1_src_addr            
00000000  __TI_ATRegion1_trg_addr            
00000000  __TI_ATRegion2_region_sz           
00000000  __TI_ATRegion2_src_addr            
00000000  __TI_ATRegion2_trg_addr            
00000000  __TI_static_base__                 
00000000  interruptVectors                   
000000c1  DiagConsole_service                
00000200  __STACK_SIZE                       
00007a69  Req002_service                     
00008995  OledSsd1306_showReq002Status       
00008f61  Nrf24Ptx_service                   
00009855  OledSsd1306_showTestPattern        
0000a099  K230Link_service                   
0000a6dd  LineTracking_service               
0000ac7d  OledSsd1306_forceAllPixelsOnSh1106 
0000af29  OledSsd1306_forceAllPixelsOn       
0000b1cd  LineSensors_service                
0000b611  Pid_step                           
0000b7b3  ADC0_IRQHandler                    
0000b7b3  ADC1_IRQHandler                    
0000b7b3  AES_IRQHandler                     
0000b7b3  CANFD0_IRQHandler                  
0000b7b3  DAC0_IRQHandler                    
0000b7b3  DMA_IRQHandler                     
0000b7b3  Default_Handler                    
0000b7b3  GROUP0_IRQHandler                  
0000b7b3  HardFault_Handler                  
0000b7b3  I2C0_IRQHandler                    
0000b7b3  I2C1_IRQHandler                    
0000b7b3  NMI_Handler                        
0000b7b3  PendSV_Handler                     
0000b7b3  RTC_IRQHandler                     
0000b7b3  SPI0_IRQHandler                    
0000b7b3  SPI1_IRQHandler                    
0000b7b3  SVC_Handler                        
0000b7b3  TIMA0_IRQHandler                   
0000b7b3  TIMA1_IRQHandler                   
0000b7b3  TIMG0_IRQHandler                   
0000b7b3  TIMG12_IRQHandler                  
0000b7b3  TIMG6_IRQHandler                   
0000b7b3  TIMG7_IRQHandler                   
0000b7b3  TIMG8_IRQHandler                   
0000b7b3  UART2_IRQHandler                   
0000b7b3  UART3_IRQHandler                   
0000b7b5  DiagConsole_reportBoot             
0000bc41  Encoders_speedShadowService        
0000c045  MotorDriver_driveVehicleForward    
0000c185  I2cDiag_scan                       
0000c2b1  Nrf24Ptx_captureDiagnosticChar     
0000c71b  __aeabi_idiv0                      
0000c71d  SYSCFG_DL_GPIO_init                
0000c825  DL_Timer_initFourCCPWMMode         
0000c929  main                               
0000ca2d  App_service                        
0000cc05  Req002_init                        
0000cced  __aeabi_fsub                       
0000cced  __subsf3                           
0000ccf7  __addsf3                           
0000ccf7  __aeabi_fadd                       
0000cdc5  MotorDriver_setVehicleForwardDuties
0000ce8d  Encoders_speedShadowInit           
0000d005  memcpy                             
0000d0a1  OledSsd1306_clear                  
0000d135  SYSCFG_DL_MOTOR_PWM_init           
0000d1c9  K230Link_init                      
0000d259  SYSCFG_DL_DIAG_UART_init           
0000d2e5  SYSCFG_DL_K230_UART_init           
0000d371  __cmpsf2                           
0000d371  __eqsf2                            
0000d371  __lesf2                            
0000d371  __ltsf2                            
0000d371  __nesf2                            
0000d3ab  __gesf2                            
0000d3ab  __gtsf2                            
0000d3e7  __aeabi_fcmpun                     
0000d3e7  __unordsf2                         
0000d3fd  __aeabi_fmul                       
0000d3fd  __mulsf3                           
0000d489  Nrf24Ptx_init                      
0000d50d  __aeabi_fdiv                       
0000d50d  __divsf3                           
0000d591  Req002_abort                       
0000d611  K230Link_snapshot                  
0000d68d  SYSCFG_DL_initPower                
0000d709  __TI_decompress_lzss               
0000d7fd  BoardSafety_service                
0000d86d  MotorTest_start                    
0000d8dd  Encoders_init                      
0000d9a5  memset                             
0000da09  App_init                           
0000da69  DL_I2C_fillControllerTXFIFO        
0000dac9  DiagConsole_onUartInterrupt        
0000db25  Encoders_snapshot                  
0000db81  SYSCFG_DL_RIGHT_QEI_init           
0000dbdd  __aeabi_fcmpeq                     
0000dbef  __aeabi_fcmplt                     
0000dc01  __aeabi_fcmple                     
0000dc13  __aeabi_fcmpge                     
0000dc25  __aeabi_fcmpgt                     
0000dc39  MotorDriver_init                   
0000dc91  MotorDriver_outputsStopped         
0000dd99  BoardSafety_stop                   
0000dded  DL_SPI_drainRXFIFO8                
0000de41  Nrf24Ptx_getStatus                 
0000de95  Nrf24Ptx_readCoreRegisters         
0000dee9  SYSCFG_DL_LINE_I2C_init            
0000df3d  SYSCFG_DL_OLED_I2C_init            
0000df91  BoardSafety_init                   
0000dfe1  Nrf24Ptx_arm                       
0000e031  SYSCFG_DL_RADIO_SPI_init           
0000e07d  SYSCFG_DL_init                     
0000e0c9  StartButton_poll                   
0000e115  DL_UART_init                       
0000e15d  DiagConsole_init                   
0000e1a5  K230Link_pushRxByteFromIsr         
0000e1ed  LineTracking_init                  
0000e27d  DL_SPI_init                        
0000e2c1  UART1_IRQHandler                   
0000e305  MotorDriver_stopAll                
0000e345  MotorTest_service                  
0000e385  __aeabi_uidiv                      
0000e385  __aeabi_uidivmod                   
0000e3c5  DL_I2C_flushControllerTXFIFO       
0000e401  Encoders_onLeftEncoderAInterrupt   
0000e43d  Nrf24Ptx_disarm                    
0000e479  __TI_auto_init_nobinit_nopinit     
0000e4b5  __muldsi3                          
0000e529  __aeabi_f2iz                       
0000e529  __fixsfsi                          
0000e561  BoardSafety_outputsSafe            
0000e595  K230Link_getStats                  
0000e5c9  DL_I2C_flushControllerRXFIFO       
0000e5f9  DL_UART_transmitDataBlocking       
0000e629  MotorTest_onTimebaseTick           
0000e659  SYSCFG_DL_SYSCTL_init              
0000e689  Timebase_init                      
0000e6b9  Nrf24Ptx_safeWhenDisarmed          
0000e6e5  _c_int00_noargs                    
0000e70d  __aeabi_ui2f                       
0000e70d  __floatunsisf                      
0000e735  DL_I2C_setClockConfig              
0000e75d  GROUP1_IRQHandler                  
0000e781  MotorTest_abort                    
0000e7a1  MotorTest_init                     
0000e7c1  StartButton_init                   
0000e7e1  memcmp                             
0000e801  DL_SPI_receiveDataCheck8           
0000e81d  DL_SPI_transmitDataCheck8          
0000e839  DL_Timer_setCaptCompUpdateMethod   
0000e855  DL_Timer_setClockConfig            
0000e871  LineSensors_init                   
0000e88d  MotorTest_snapshot                 
0000e8a9  Pid_init                           
0000e8c5  __aeabi_memset                     
0000e8c5  __aeabi_memset4                    
0000e8c5  __aeabi_memset8                    
0000e8d3  __aeabi_memclr                     
0000e8d3  __aeabi_memclr4                    
0000e8d3  __aeabi_memclr8                    
0000e8e1  DL_Timer_setCaptureCompareOutCtl   
0000e8f9  K230Link_pendingBytes              
0000e911  LineSensors_snapshot               
0000e929  MotorTest_stateName                
0000e941  Req002_blockReasonName             
0000e959  Req002_stateName                   
0000e971  Encoders_speedShadowSnapshot       
0000e985  StartButton_readHardwarePressed    
0000e999  DL_SPI_setClockConfig              
0000e9ab  DL_UART_setClockConfig             
0000e9bd  __TI_decompress_none               
0000e9d1  DL_Timer_getCaptureCompareValue    
0000e9e1  DL_Timer_setCaptureCompareValue    
0000e9f1  Pid_reset                          
0000ea01  SysTick_Handler                    
0000ea11  Timebase_onSysTick                 
0000ea21  __TI_zero_init                     
0000ea31  BoardSafety_faultLatched           
0000ea3d  Timebase_nowMs                     
0000ea49  DL_Common_delayCycles              
0000ea53  StartButton_takePress              
0000ea5d  BoardSafety_buzzerPolicy           
0000ea65  LineTracking_getStatus             
0000ea6d  Req002_getStatus                   
0000ea75  Timebase_reached                   
0000ea7d  UART0_IRQHandler                   
0000ea85  __aeabi_memcpy                     
0000ea85  __aeabi_memcpy4                    
0000ea85  __aeabi_memcpy8                    
0000ea8d  abort                              
0000ea92  C$$EXIT                            
0000ea93  HOSTexit                           
0000ea97  Reset_Handler                      
0000ea9b  _system_pre_init                   
0000f820  __TI_Handler_Table_Base            
0000f82c  __TI_Handler_Table_Limit           
0000f83c  __TI_CINIT_Base                    
0000f84c  __TI_CINIT_Limit                   
0000f84c  __TI_CINIT_Warm                    
20200000  __start___llvm_prf_bits            
20200000  __start___llvm_prf_cnts            
20200000  __stop___llvm_prf_bits             
20200000  __stop___llvm_prf_cnts             
20200300  gMOTOR_PWMBackup                   
202003bc  gRIGHT_QEIBackup                   
2020045c  gK230RuntimeDiag                   
20200658  gEncoderSpeedShadow                
2020080c  gRADIO_SPIBackup                   
20207e00  __stack                            
20208000  __STACK_END                        
ffffffff  __TI_pprof_out_hndl                
ffffffff  __TI_prof_data_size                
ffffffff  __TI_prof_data_start               
ffffffff  __binit__                          
ffffffff  binit                              
UNDEFED   __mpu_init                         
UNDEFED   _system_post_cinit                 

[221 symbols]
