******************************************************************************
            TI ARM Clang Linker PC v5.1.1                      
******************************************************************************
>> Linked Sat Aug  1 00:33:23 2026

OUTPUT FILE NAME:   <test1_motor_selftest.out>
ENTRY POINT SYMBOL: "_c_int00_noargs"  address: 0000be31


MEMORY CONFIGURATION

         name            origin    length      used     unused   attr    fill
----------------------  --------  ---------  --------  --------  ----  --------
  FLASH                 00000000   00020000  0000cc70  00013390  R  X
  SRAM                  20200000   00008000  0000092b  000076d5  RW X
  BCR_CONFIG            41c00000   000000ff  00000000  000000ff  R   
  BSL_CONFIG            41c00100   00000080  00000000  00000080  R   


SEGMENT ALLOCATION MAP

run origin  load origin   length   init length attrs members
----------  ----------- ---------- ----------- ----- -------
00000000    00000000    0000cc70   0000cc70    r-x
  00000000    00000000    000000c0   000000c0    r-- .intvecs
  000000c0    000000c0    0000c110   0000c110    r-x .text
  0000c1d0    0000c1d0    00000a88   00000a88    r-- .rodata
  0000cc58    0000cc58    00000018   00000018    r-- .cinit
20200000    20200000    0000072b   00000000    rw-
  20200000    20200000    0000072b   00000000    rw- .bss
20207e00    20207e00    00000200   00000000    rw-
  20207e00    20207e00    00000200   00000000    rw- .stack


SECTION ALLOCATION MAP

 output                                  attributes/
section   page    origin      length       input sections
--------  ----  ----------  ----------   ----------------
.intvecs   0    00000000    000000c0     
                  00000000    000000c0     startup_mspm0g350x_ticlang.o (.intvecs)

.text      0    000000c0    0000c110     
                  000000c0    0000213c     diag_console.o (.text.DiagConsole_service)
                  000021fc    00001948     diag_console.o (.text.reportReq002)
                  00003b44    000016fc     diag_console.o (.text.reportRadioStatus)
                  00005240    000014d8     diag_console.o (.text.reportLine)
                  00006718    00000bb8     diag_console.o (.text.reportMotorTest)
                  000072d0    00000774     diag_console.o (.text.reportStatus)
                  00007a44    0000049c     nrf24_ptx.o (.text.Nrf24Ptx_service)
                  00007ee0    00000458     diag_console.o (.text.reportRadioRegisters)
                  00008338    00000400     diag_console.o (.text.reportI2c)
                  00008738    00000328     oled_ssd1306.o (.text.OledSsd1306_showTestPattern)
                  00008a60    00000304     diag_console.o (.text.runSelfTest)
                  00008d64    000002e4     line_tracking.o (.text.LineTracking_service)
                  00009048    0000022c     line_sensors.o (.text.readRegisterBlock)
                  00009274    00000208     diag_console.o (.text.forceOledAllOn)
                  0000947c    000001a2     pid.o (.text.Pid_step)
                  0000961e    00000002     startup_mspm0g350x_ticlang.o (.text.Default_Handler)
                  00009620    0000019c     diag_console.o (.text.DiagConsole_reportBoot)
                  000097bc    00000184     nrf24_ptx.o (.text.transaction)
                  00009940    0000016c     diag_console.o (.text.writeI32)
                  00009aac    00000154     diag_console.o (.text.writeU32)
                  00009c00    00000148     diag_console.o (.text.clearOled)
                  00009d48    0000012c     i2c_diag.o (.text.I2cDiag_scan)
                  00009e74    0000011c     nrf24_ptx.o (.text.Nrf24Ptx_captureDiagnosticChar)
                  00009f90    0000011c     diag_console.o (.text.forceOledAllOnSh1106)
                  0000a0ac    0000011c     diag_console.o (.text.runOledTest)
                  0000a1c8    00000104     driverlib.a : dl_timer.o (.text.DL_Timer_initFourCCPWMMode)
                  0000a2cc    00000104     motor_driver.o (.text.MotorDriver_driveSinglePrimary)
                  0000a3d0    000000fc     oled_ssd1306.o (.text.writePageData)
                  0000a4cc    000000ec     nrf24_ptx.o (.text.command)
                  0000a5b8    000000dc     ti_msp_dl_config.o (.text.SYSCFG_DL_GPIO_init)
                  0000a694    000000d8     libclang_rt.builtins.a : addsf3.S.obj (.text)
                  0000a76c    000000b4     line_sensors.o (.text.LineSensors_service)
                  0000a820    000000b0     ti_msp_dl_config.o (.text.SYSCFG_DL_LEFT_CAPTURE_init)
                  0000a8d0    0000009a     libc.a : memcpy16.S.obj (.text:memcpy)
                  0000a96a    00000002     libclang_rt.builtins.a : aeabi_div0.c.obj (.text.__aeabi_idiv0)
                  0000a96c    00000094     ti_msp_dl_config.o (.text.SYSCFG_DL_MOTOR_PWM_init)
                  0000aa00    00000090     encoders.o (.text.Encoders_init)
                  0000aa90    0000008c     ti_msp_dl_config.o (.text.SYSCFG_DL_DIAG_UART_init)
                  0000ab1c    0000008c     libclang_rt.builtins.a : comparesf2.S.obj (.text)
                  0000aba8    0000008c                            : mulsf3.S.obj (.text)
                  0000ac34    00000088     oled_ssd1306.o (.text.OledSsd1306_clear)
                  0000acbc    00000088     oled_ssd1306.o (.text.writeCommand)
                  0000ad44    00000084     encoders.o (.text.Encoders_onLeftCaptureInterrupt)
                  0000adc8    00000084     nrf24_ptx.o (.text.Nrf24Ptx_init)
                  0000ae4c    00000082     libclang_rt.builtins.a : divsf3.S.obj (.text)
                  0000aece    00000002     --HOLE-- [fill = 0]
                  0000aed0    0000007c     ti_msp_dl_config.o (.text.SYSCFG_DL_initPower)
                  0000af4c    00000078     diag_console.o (.text.writeText)
                  0000afc4    00000074     motor_test.o (.text.MotorTest_start)
                  0000b038    00000074     req002.o (.text.Req002_service)
                  0000b0ac    00000070     board_safety.o (.text.BoardSafety_service)
                  0000b11c    00000064     nrf24_ptx.o (.text.writeRegistersAndVerify)
                  0000b180    00000062     libc.a : memset16.S.obj (.text:memset)
                  0000b1e2    0000005e     driverlib.a : dl_i2c.o (.text.DL_I2C_fillControllerTXFIFO)
                  0000b240    0000005c     diag_console.o (.text.DiagConsole_onUartInterrupt)
                  0000b29c    0000005c     encoders.o (.text.Encoders_snapshot)
                  0000b2f8    0000005c     ti_msp_dl_config.o (.text.SYSCFG_DL_RIGHT_QEI_init)
                  0000b354    0000005a     libclang_rt.builtins.a : aeabi_fcmp.S.obj (.text)
                  0000b3ae    00000002     --HOLE-- [fill = 0]
                  0000b3b0    00000058     motor_driver.o (.text.MotorDriver_outputsStopped)
                  0000b408    00000054     board_safety.o (.text.BoardSafety_stop)
                  0000b45c    00000054     driverlib.a : dl_spi.o (.text.DL_SPI_drainRXFIFO8)
                  0000b4b0    00000054     motor_driver.o (.text.MotorDriver_init)
                  0000b504    00000054     nrf24_ptx.o (.text.Nrf24Ptx_getStatus)
                  0000b558    00000054     nrf24_ptx.o (.text.Nrf24Ptx_readCoreRegisters)
                  0000b5ac    00000054     ti_msp_dl_config.o (.text.SYSCFG_DL_LINE_I2C_init)
                  0000b600    00000054     ti_msp_dl_config.o (.text.SYSCFG_DL_OLED_I2C_init)
                  0000b654    00000054     ti_msp_dl_config.o (.text.SYSCFG_DL_init)
                  0000b6a8    00000050     app.o (.text.App_service)
                  0000b6f8    00000050     board_safety.o (.text.BoardSafety_init)
                  0000b748    00000050     nrf24_ptx.o (.text.Nrf24Ptx_arm)
                  0000b798    00000050     oled_ssd1306.o (.text.OledSsd1306_forceAllPixelsOnSh1106)
                  0000b7e8    0000004c     ti_msp_dl_config.o (.text.SYSCFG_DL_RADIO_SPI_init)
                  0000b834    0000004c     start_button.o (.text.StartButton_poll)
                  0000b880    00000048     app.o (.text.App_init)
                  0000b8c8    00000048     driverlib.a : dl_uart.o (.text.DL_UART_init)
                  0000b910    00000048     diag_console.o (.text.DiagConsole_init)
                  0000b958    00000048     line_tracking.o (.text.LineTracking_init)
                  0000b9a0    00000048     nrf24_ptx.o (.text.writeAndVerify)
                  0000b9e8    00000044     driverlib.a : dl_spi.o (.text.DL_SPI_init)
                  0000ba2c    00000044     oled_ssd1306.o (.text.OledSsd1306_forceAllPixelsOn)
                  0000ba70    00000040     motor_driver.o (.text.MotorDriver_stopAll)
                  0000bab0    00000040     motor_test.o (.text.MotorTest_service)
                  0000baf0    00000040     libclang_rt.builtins.a : aeabi_uidivmod.S.obj (.text)
                  0000bb30    0000003c     driverlib.a : dl_i2c.o (.text.DL_I2C_flushControllerTXFIFO)
                  0000bb6c    0000003c     nrf24_ptx.o (.text.Nrf24Ptx_disarm)
                  0000bba8    0000003c     libc.a : autoinit.c.obj (.text:__TI_auto_init_nobinit_nopinit)
                  0000bbe4    0000003a     libclang_rt.builtins.a : muldsi3.S.obj (.text)
                  0000bc1e    00000002     --HOLE-- [fill = 0]
                  0000bc20    00000038     diag_console.o (.text.newLine)
                  0000bc58    00000038     libclang_rt.builtins.a : fixsfsi.S.obj (.text)
                  0000bc90    00000034     board_safety.o (.text.BoardSafety_outputsSafe)
                  0000bcc4    00000030     driverlib.a : dl_i2c.o (.text.DL_I2C_flushControllerRXFIFO)
                  0000bcf4    00000030                 : dl_uart.o (.text.DL_UART_transmitDataBlocking)
                  0000bd24    00000030     motor_test.o (.text.MotorTest_onTimebaseTick)
                  0000bd54    00000030     ti_msp_dl_config.o (.text.SYSCFG_DL_SYSCTL_init)
                  0000bd84    00000030     timebase.o (.text.Timebase_init)
                  0000bdb4    0000002c     nrf24_ptx.o (.text.Nrf24Ptx_safeWhenDisarmed)
                  0000bde0    00000028     driverlib.a : dl_timer.o (.text.DL_Timer_setCaptureCompareCtl)
                  0000be08    00000028     req002.o (.text.Req002_init)
                  0000be30    00000028     libc.a : boot_cortex_m.c.obj (.text:_c_int00_noargs)
                  0000be58    00000028     libclang_rt.builtins.a : floatunsisf.S.obj (.text)
                  0000be80    00000026     driverlib.a : dl_i2c.o (.text.DL_I2C_setClockConfig)
                  0000bea6    00000002     --HOLE-- [fill = 0]
                  0000bea8    00000020     motor_test.o (.text.MotorTest_abort)
                  0000bec8    00000020     motor_test.o (.text.MotorTest_init)
                  0000bee8    00000020     start_button.o (.text.StartButton_init)
                  0000bf08    00000020     libc.a : memcmp.c.obj (.text.memcmp)
                  0000bf28    0000001c     driverlib.a : dl_spi.o (.text.DL_SPI_receiveDataCheck8)
                  0000bf44    0000001c                 : dl_spi.o (.text.DL_SPI_transmitDataCheck8)
                  0000bf60    0000001c                 : dl_timer.o (.text.DL_Timer_setCaptCompUpdateMethod)
                  0000bf7c    0000001c                 : dl_timer.o (.text.DL_Timer_setClockConfig)
                  0000bf98    0000001c     line_sensors.o (.text.LineSensors_init)
                  0000bfb4    0000001c     motor_test.o (.text.MotorTest_snapshot)
                  0000bfd0    0000001c     pid.o (.text.Pid_init)
                  0000bfec    0000001a     driverlib.a : dl_timer.o (.text.DL_Timer_setCaptureCompareInput)
                  0000c006    00000002     --HOLE-- [fill = 0]
                  0000c008    0000001a     libclang_rt.builtins.a : aeabi_memset.S.obj (.text)
                  0000c022    00000002     --HOLE-- [fill = 0]
                  0000c024    00000018     driverlib.a : dl_timer.o (.text.DL_Timer_setCaptureCompareOutCtl)
                  0000c03c    00000018     line_sensors.o (.text.LineSensors_snapshot)
                  0000c054    00000018     motor_test.o (.text.MotorTest_stateName)
                  0000c06c    00000018     req002.o (.text.Req002_blockReasonName)
                  0000c084    00000018     req002.o (.text.Req002_stateName)
                  0000c09c    00000016     empty.o (.text.main)
                  0000c0b2    00000002     --HOLE-- [fill = 0]
                  0000c0b4    00000014     start_button.o (.text.StartButton_readHardwarePressed)
                  0000c0c8    00000012     driverlib.a : dl_spi.o (.text.DL_SPI_setClockConfig)
                  0000c0da    00000012                 : dl_uart.o (.text.DL_UART_setClockConfig)
                  0000c0ec    00000010                 : dl_timer.o (.text.DL_Timer_getCaptureCompareValue)
                  0000c0fc    00000010                 : dl_timer.o (.text.DL_Timer_setCaptureCompareValue)
                  0000c10c    00000010     pid.o (.text.Pid_reset)
                  0000c11c    00000010     empty.o (.text.SysTick_Handler)
                  0000c12c    00000010     timebase.o (.text.Timebase_onSysTick)
                  0000c13c    00000010     libc.a : copy_zero_init.c.obj (.text:decompress:ZI)
                  0000c14c    0000000c     board_safety.o (.text.BoardSafety_faultLatched)
                  0000c158    0000000c     line_sensors.o (.text.LineSensors_readRawBits)
                  0000c164    0000000c     timebase.o (.text.Timebase_nowMs)
                  0000c170    0000000a     driverlib.a : dl_common.o (.text.DL_Common_delayCycles)
                  0000c17a    0000000a     start_button.o (.text.StartButton_takePress)
                  0000c184    00000008     board_safety.o (.text.BoardSafety_buzzerPolicy)
                  0000c18c    00000008     line_tracking.o (.text.LineTracking_getStatus)
                  0000c194    00000008     req002.o (.text.Req002_getStatus)
                  0000c19c    00000008     empty.o (.text.TIMA1_IRQHandler)
                  0000c1a4    00000008     timebase.o (.text.Timebase_reached)
                  0000c1ac    00000008     empty.o (.text.UART0_IRQHandler)
                  0000c1b4    00000008     libclang_rt.builtins.a : aeabi_memcpy.S.obj (.text)
                  0000c1bc    00000006     libc.a : exit.c.obj (.text:abort)
                  0000c1c2    00000004     libsysbm.a : hostexit.c.obj (.text.HOSTexit)
                  0000c1c6    00000004     startup_mspm0g350x_ticlang.o (.text.Reset_Handler)
                  0000c1ca    00000004     libc.a : pre_init.c.obj (.text._system_pre_init)
                  0000c1ce    00000002     --HOLE-- [fill = 0]

.cinit     0    0000cc58    00000018     
                  0000cc58    00000008     (.cinit..bss.load) [load image, compression = zero_init]
                  0000cc60    00000004     (__TI_handler_table)
                  0000cc64    00000008     (__TI_cinit_table)
                  0000cc6c    00000004     --HOLE-- [fill = 0]

.rodata    0    0000c1d0    00000a88     
                  0000c1d0    000000f5     diag_console.o (.rodata.str1.5084688477215926447.1)
                  0000c2c5    00000063     diag_console.o (.rodata.str1.7732308573000650393.1)
                  0000c328    00000048     diag_console.o (.rodata.str1.16565755701334802317.1)
                  0000c370    00000044     diag_console.o (.rodata.str1.3465324906295085914.1)
                  0000c3b4    0000003e     diag_console.o (.rodata.str1.2437401455240083982.1)
                  0000c3f2    0000003d     diag_console.o (.rodata.str1.9757831788182070933.1)
                  0000c42f    0000003b     diag_console.o (.rodata.str1.11767802008270839024.1)
                  0000c46a    00000038     diag_console.o (.rodata.str1.8406304233448172400.1)
                  0000c4a2    00000036     diag_console.o (.rodata.str1.13263914699383415836.1)
                  0000c4d8    00000035     diag_console.o (.rodata.str1.12716740232725884172.1)
                  0000c50d    00000034     diag_console.o (.rodata.str1.9707112319961652996.1)
                  0000c541    00000032     board_safety.o (.rodata.str1.1461871966798876460.1)
                  0000c573    00000031     diag_console.o (.rodata.str1.11857783984750736754.1)
                  0000c5a4    0000002f     diag_console.o (.rodata.str1.14635969394841560451.1)
                  0000c5d3    0000002f     diag_console.o (.rodata.str1.854387782545475029.1)
                  0000c602    0000002b     diag_console.o (.rodata.str1.14138261999688132486.1)
                  0000c62d    00000028     diag_console.o (.rodata.str1.15253010768347978106.1)
                  0000c655    00000026     diag_console.o (.rodata.str1.14483158570792449085.1)
                  0000c67b    00000026     diag_console.o (.rodata.str1.6066754825680800963.1)
                  0000c6a1    00000003     ti_msp_dl_config.o (.rodata.gLEFT_CAPTUREClockConfig)
                  0000c6a4    00000024     req002.o (.rodata..Lswitch.table.Req002_stateName)
                  0000c6c8    00000023     diag_console.o (.rodata.str1.15435677839657748720.1)
                  0000c6eb    00000023     diag_console.o (.rodata.str1.15759258491055097000.1)
                  0000c70e    00000022     diag_console.o (.rodata.str1.10354475084875452907.1)
                  0000c730    00000020     line_tracking.o (.rodata.cst32)
                  0000c750    0000001f     diag_console.o (.rodata.str1.17103627226480421635.1)
                  0000c76f    0000001c     req002.o (.rodata.str1.9213031953659428922.1)
                  0000c78b    0000001a     diag_console.o (.rodata.str1.1008767523004470630.1)
                  0000c7a5    0000001a     req002.o (.rodata.str1.11801953346847374107.1)
                  0000c7bf    0000001a     diag_console.o (.rodata.str1.2111541797422310849.1)
                  0000c7d9    00000003     ti_msp_dl_config.o (.rodata.gMOTOR_PWMClockConfig)
                  0000c7dc    00000019     nrf24_ptx.o (.rodata.str1.6094559527043233380.4)
                  0000c7f5    00000019     diag_console.o (.rodata.str1.810607564276269461.1)
                  0000c80e    00000002     ti_msp_dl_config.o (.rodata.gDIAG_UARTClockConfig)
                  0000c810    00000018     nrf24_ptx.o (.rodata..Lswitch.table.Nrf24Ptx_getStatus)
                  0000c828    00000018     diag_console.o (.rodata.str1.12054636033591163897.1)
                  0000c840    00000017     diag_console.o (.rodata.str1.10706949176496340975.1)
                  0000c857    00000017     req002.o (.rodata.str1.246851255980436067.1)
                  0000c86e    00000016     diag_console.o (.rodata.str1.11870780767118024118.1)
                  0000c884    00000016     diag_console.o (.rodata.str1.12544225967345112596.1)
                  0000c89a    00000016     diag_console.o (.rodata.str1.15834373091208215214.1)
                  0000c8b0    00000014     motor_test.o (.rodata..Lswitch.table.MotorTest_stateName)
                  0000c8c4    00000014     diag_console.o (.rodata.str1.1105957340841019786.1)
                  0000c8d8    00000014     req002.o (.rodata.str1.1536853367382378965.1)
                  0000c8ec    00000014     req002.o (.rodata.str1.7316036974658646067.1)
                  0000c900    00000013     diag_console.o (.rodata.str1.7581599195524770307.1)
                  0000c913    00000011     diag_console.o (.rodata.str1.17217747830118470281.1)
                  0000c924    00000011     diag_console.o (.rodata.str1.17570078357027493973.1)
                  0000c935    00000011     diag_console.o (.rodata.str1.9305979691969886280.1)
                  0000c946    00000002     ti_msp_dl_config.o (.rodata.gLINE_I2CClockConfig)
                  0000c948    00000010     req002.o (.rodata..Lswitch.table.Req002_blockReasonName)
                  0000c958    00000010     encoders.o (.rodata.cst16)
                  0000c968    00000010     diag_console.o (.rodata.str1.15804963083468125269.1)
                  0000c978    00000010     nrf24_ptx.o (.rodata.str1.17419335730769077557.1)
                  0000c988    00000010     diag_console.o (.rodata.str1.8341931057821991107.1)
                  0000c998    0000000f     diag_console.o (.rodata.str1.15947943532119924092.1)
                  0000c9a7    0000000f     diag_console.o (.rodata.str1.3251375336230076641.1)
                  0000c9b6    0000000e     nrf24_ptx.o (.rodata.gProfile)
                  0000c9c4    0000000e     diag_console.o (.rodata.str1.10779067380086453065.1)
                  0000c9d2    0000000e     req002.o (.rodata.str1.11012809159570234960.1)
                  0000c9e0    0000000e     diag_console.o (.rodata.str1.2047669683145328269.1)
                  0000c9ee    0000000d     diag_console.o (.rodata.str1.10838375267284401125.1)
                  0000c9fb    0000000d     diag_console.o (.rodata.str1.12889734105675417804.1)
                  0000ca08    0000000d     diag_console.o (.rodata.str1.14265534512352903045.1)
                  0000ca15    0000000d     diag_console.o (.rodata.str1.15004393915158247055.1)
                  0000ca22    0000000d     diag_console.o (.rodata.str1.15307067426115469236.1)
                  0000ca2f    0000000d     diag_console.o (.rodata.str1.3586807474570239301.1)
                  0000ca3c    0000000d     diag_console.o (.rodata.str1.5171941431370459453.1)
                  0000ca49    0000000d     nrf24_ptx.o (.rodata.str1.632614121974113092.1)
                  0000ca56    0000000c     diag_console.o (.rodata.str1.10020677278003191597.1)
                  0000ca62    0000000c     req002.o (.rodata.str1.14163026172649738486.1)
                  0000ca6e    0000000c     nrf24_ptx.o (.rodata.str1.18158066330371006656.1)
                  0000ca7a    0000000c     diag_console.o (.rodata.str1.18237275900639492659.1)
                  0000ca86    0000000b     diag_console.o (.rodata.str1.10021391958218067169.1)
                  0000ca91    0000000b     diag_console.o (.rodata.str1.11175911738739839896.1)
                  0000ca9c    0000000b     req002.o (.rodata.str1.14519661726848775581.1)
                  0000caa7    0000000b     diag_console.o (.rodata.str1.15625074855538008002.1)
                  0000cab2    0000000b     diag_console.o (.rodata.str1.17854535991371942916.1)
                  0000cabd    0000000b     diag_console.o (.rodata.str1.4088845919059740246.1)
                  0000cac8    0000000b     diag_console.o (.rodata.str1.475083551094971178.1)
                  0000cad3    0000000b     diag_console.o (.rodata.str1.4753132208752387408.1)
                  0000cade    0000000b     diag_console.o (.rodata.str1.5824879526590977974.1)
                  0000cae9    0000000b     diag_console.o (.rodata.str1.719103272933316442.1)
                  0000caf4    0000000b     diag_console.o (.rodata.str1.8382040091638840980.1)
                  0000caff    00000001     --HOLE-- [fill = 0]
                  0000cb00    0000000a     ti_msp_dl_config.o (.rodata.gDIAG_UARTConfig)
                  0000cb0a    0000000a     ti_msp_dl_config.o (.rodata.gRADIO_SPI_config)
                  0000cb14    0000000a     diag_console.o (.rodata.str1.11858721499567804342.1)
                  0000cb1e    0000000a     diag_console.o (.rodata.str1.2566524860297826098.1)
                  0000cb28    0000000a     diag_console.o (.rodata.str1.8714582252565932376.1)
                  0000cb32    0000000a     diag_console.o (.rodata.str1.9009639935792097996.1)
                  0000cb3c    00000009     motor_test.o (.rodata.str1.10617380224381297162.1)
                  0000cb45    00000009     req002.o (.rodata.str1.12553014538444358850.1)
                  0000cb4e    00000009     nrf24_ptx.o (.rodata.str1.1466761408321915565.1)
                  0000cb57    00000009     diag_console.o (.rodata.str1.16718133499535619421.1)
                  0000cb60    00000009     diag_console.o (.rodata.str1.17197432830885351810.1)
                  0000cb69    00000009     diag_console.o (.rodata.str1.2181998341318385279.1)
                  0000cb72    00000009     nrf24_ptx.o (.rodata.str1.3287502044353476605.1)
                  0000cb7b    00000009     req002.o (.rodata.str1.4498054223093770164.1)
                  0000cb84    00000009     motor_test.o (.rodata.str1.7683472691658088772.1)
                  0000cb8d    00000009     diag_console.o (.rodata.str1.9201789263138429048.1)
                  0000cb96    00000009     req002.o (.rodata.str1.9783865751474204056.1)
                  0000cb9f    00000001     --HOLE-- [fill = 0]
                  0000cba0    00000008     ti_msp_dl_config.o (.rodata.gMOTOR_PWMConfig)
                  0000cba8    00000008     diag_console.o (.rodata.str1.1116829374954328495.1)
                  0000cbb0    00000008     motor_test.o (.rodata.str1.4772308527699974066.1)
                  0000cbb8    00000008     motor_test.o (.rodata.str1.8645205534088111832.1)
                  0000cbc0    00000007     diag_console.o (.rodata.str1.13160629704296733059.1)
                  0000cbc7    00000007     diag_console.o (.rodata.str1.5926118724489890093.1)
                  0000cbce    00000007     diag_console.o (.rodata.str1.7767364581813029062.1)
                  0000cbd5    00000006     diag_console.o (.rodata.str1.11297099101431644167.1)
                  0000cbdb    00000006     req002.o (.rodata.str1.1330840565073376.1)
                  0000cbe1    00000006     diag_console.o (.rodata.str1.15191501805510545095.1)
                  0000cbe7    00000006     nrf24_ptx.o (.rodata.str1.17809926154172099862.1)
                  0000cbed    00000006     diag_console.o (.rodata.str1.1837592952361879117.1)
                  0000cbf3    00000006     motor_test.o (.rodata.str1.2583511979257442240.1)
                  0000cbf9    00000006     req002.o (.rodata.str1.404665452499805758.1)
                  0000cbff    00000006     diag_console.o (.rodata.str1.6637745021058044466.1)
                  0000cc05    00000005     diag_console.o (.rodata.str1.10092175090239738319.1)
                  0000cc0a    00000005     req002.o (.rodata.str1.11884172484412477609.1)
                  0000cc0f    00000005     nrf24_ptx.o (.rodata.str1.1246111486341945488.1)
                  0000cc14    00000005     diag_console.o (.rodata.str1.15208548128666943192.1)
                  0000cc19    00000005     diag_console.o (.rodata.str1.15782460672179733745.1)
                  0000cc1e    00000005     diag_console.o (.rodata.str1.261250501884579427.1)
                  0000cc23    00000005     req002.o (.rodata.str1.4278235483893593186.1)
                  0000cc28    00000005     diag_console.o (.rodata.str1.5976961520280002565.1)
                  0000cc2d    00000005     diag_console.o (.rodata.str1.8182549175682356078.1)
                  0000cc32    00000005     motor_test.o (.rodata.str1.8458586334456837306.1)
                  0000cc37    00000005     diag_console.o (.rodata.str1.8535165006884115289.1)
                  0000cc3c    00000005     diag_console.o (.rodata.str1.8805550004262250290.1)
                  0000cc41    00000005     diag_console.o (.rodata.str1.9239603917100908406.1)
                  0000cc46    00000004     diag_console.o (.rodata.str1.13280864962473139851.1)
                  0000cc4a    00000004     diag_console.o (.rodata.str1.17463021491389519269.1)
                  0000cc4e    00000003     ti_msp_dl_config.o (.rodata.gRIGHT_QEIClockConfig)
                  0000cc51    00000003     diag_console.o (.rodata.str1.2161942484080291687.1)
                  0000cc54    00000002     ti_msp_dl_config.o (.rodata.gOLED_I2CClockConfig)
                  0000cc56    00000002     ti_msp_dl_config.o (.rodata.gRADIO_SPI_clockConfig)

.init_array 
*          0    00000000    00000000     UNINITIALIZED

.binit     0    00000000    00000000     

.bss       0    20200000    0000072b     UNINITIALIZED
                  20200000    00000240     nrf24_ptx.o (.bss.gQueue)
                  20200240    000000c0     nrf24_ptx.o (.bss.gDiagLine)
                  20200300    000000bc     (.common:gLEFT_CAPTUREBackup)
                  202003bc    000000bc     (.common:gMOTOR_PWMBackup)
                  20200478    000000a0     (.common:gRIGHT_QEIBackup)
                  20200518    00000080     diag_console.o (.bss.gRxBuffer)
                  20200598    00000050     diag_console.o (.bss.gCommand)
                  202005e8    0000003c     line_tracking.o (.bss.gStatus)
                  20200624    00000030     line_tracking.o (.bss.gShadowPid)
                  20200654    00000028     (.common:gRADIO_SPIBackup)
                  2020067c    00000024     line_sensors.o (.bss.gSample)
                  202006a0    00000020     req002.o (.bss.gStatus)
                  202006c0    0000001c     nrf24_ptx.o (.bss.gStats)
                  202006dc    00000010     motor_test.o (.bss.gStatus)
                  202006ec    00000008     app.o (.bss.gStartButton)
                  202006f4    00000006     motor_driver.o (.bss.gStatus)
                  202006fa    00000002     nrf24_ptx.o (.bss.gDiagLineLength)
                  202006fc    00000004     nrf24_ptx.o (.bss.gDeadline)
                  20200700    00000004     encoders.o (.bss.gLeftCount)
                  20200704    00000004     encoders.o (.bss.gLeftInvalidTransitions)
                  20200708    00000004     timebase.o (.bss.gMilliseconds)
                  2020070c    00000004     line_sensors.o (.bss.gNextPollMs)
                  20200710    00000004     diag_console.o (.bss.gRxOverflow)
                  20200714    00000002     nrf24_ptx.o (.bss.gNextMessageId)
                  20200716    00000002     diag_console.o (.bss.gRxHead)
                  20200718    00000002     diag_console.o (.bss.gRxTail)
                  2020071a    00000002     oled_ssd1306.o (.bss.gStatus)
                  2020071c    00000001     nrf24_ptx.o (.bss.gArmed)
                  2020071d    00000001     diag_console.o (.bss.gCaptureEnabled)
                  2020071e    00000001     diag_console.o (.bss.gCommandLength)
                  2020071f    00000001     nrf24_ptx.o (.bss.gDiagLineOverflow)
                  20200720    00000001     diag_console.o (.bss.gDiscardLine)
                  20200721    00000001     encoders.o (.bss.gLeftState)
                  20200722    00000001     line_tracking.o (.bss.gNeedsReacquire)
                  20200723    00000001     nrf24_ptx.o (.bss.gOneShotQueued)
                  20200724    00000001     nrf24_ptx.o (.bss.gQueueCount)
                  20200725    00000001     nrf24_ptx.o (.bss.gQueueHead)
                  20200726    00000001     nrf24_ptx.o (.bss.gQueueTail)
                  20200727    00000001     nrf24_ptx.o (.bss.gState)
                  20200728    00000001     board_safety.o (.bss.gStatus.0)
                  20200729    00000001     board_safety.o (.bss.gStatus.3)
                  2020072a    00000001     motor_test.o (.bss.gTimedOut)

.stack     0    20207e00    00000200     UNINITIALIZED
                  20207e00    00000004     libc.a : boot_cortex_m.c.obj (.stack)
                  20207e04    000001fc     --HOLE--

__llvm_prf_cnts 
*          0    20200000    00000000     UNINITIALIZED

__llvm_prf_bits 
*          0    20200000    00000000     UNINITIALIZED

MODULE SUMMARY

       Module                         code    ro data   rw data
       ------                         ----    -------   -------
    .\
       ti_msp_dl_config.o             1276    45        576    
       startup_mspm0g350x_ticlang.o   6       192       0      
       empty.o                        54      0         0      
    +--+------------------------------+-------+---------+---------+
       Total:                         1336    237       576    
                                                               
    .\algorithm\
       line_tracking.o                820     32        109    
       pid.o                          462     0         0      
    +--+------------------------------+-------+---------+---------+
       Total:                         1282    32        109    
                                                               
    .\app\
       req002.o                       212     255       32     
       motor_test.o                   344     65        17     
       app.o                          152     0         8      
    +--+------------------------------+-------+---------+---------+
       Total:                         708     320       57     
                                                               
    .\bsp\
       board_safety.o                 348     50        2      
       timebase.o                     84      0         4      
    +--+------------------------------+-------+---------+---------+
       Total:                         432     50        6      
                                                               
    .\drivers\
       diag_console.o                 36888   2098      219    
       nrf24_ptx.o                    2744    133       811    
       oled_ssd1306.o                 1480    0         2      
       line_sensors.o                 800     0         40     
       motor_driver.o                 496     0         6      
       encoders.o                     368     16        9      
       i2c_diag.o                     300     0         0      
       start_button.o                 138     0         0      
    +--+------------------------------+-------+---------+---------+
       Total:                         43214   2247      1087   
                                                               
    D:/AAADiansai/CCS/mspm0_sdk_2_11_00_07/source/ti/driverlib/lib/ticlang/m0p/mspm0g1x0x_g3x0x/driverlib.a
       dl_timer.o                     438     0         0      
       dl_i2c.o                       240     0         0      
       dl_spi.o                       226     0         0      
       dl_uart.o                      138     0         0      
       dl_common.o                    10      0         0      
    +--+------------------------------+-------+---------+---------+
       Total:                         1052    0         0      
                                                               
    D:\AAADiansai\CCS\ccs\tools\compiler\ti-cgt-armllvm_5.1.1.LTS\lib\armv6m-ti-none-eabi/c/libc.a
       memcpy16.S.obj                 154     0         0      
       memset16.S.obj                 98      0         0      
       autoinit.c.obj                 60      0         0      
       boot_cortex_m.c.obj            40      0         0      
       memcmp.c.obj                   32      0         0      
       copy_zero_init.c.obj           16      0         0      
       exit.c.obj                     6       0         0      
       pre_init.c.obj                 4       0         0      
    +--+------------------------------+-------+---------+---------+
       Total:                         410     0         0      
                                                               
    D:\AAADiansai\CCS\ccs\tools\compiler\ti-cgt-armllvm_5.1.1.LTS\lib\armv6m-ti-none-eabi/c/libsysbm.a
       hostexit.c.obj                 4       0         0      
    +--+------------------------------+-------+---------+---------+
       Total:                         4       0         0      
                                                               
    D:\AAADiansai\CCS\ccs\tools\compiler\ti-cgt-armllvm_5.1.1.LTS\lib\armv6m-ti-none-eabi/libclang_rt.builtins.a
       addsf3.S.obj                   216     0         0      
       comparesf2.S.obj               140     0         0      
       mulsf3.S.obj                   140     0         0      
       divsf3.S.obj                   130     0         0      
       aeabi_fcmp.S.obj               90      0         0      
       aeabi_uidivmod.S.obj           64      0         0      
       muldsi3.S.obj                  58      0         0      
       fixsfsi.S.obj                  56      0         0      
       floatunsisf.S.obj              40      0         0      
       aeabi_memset.S.obj             26      0         0      
       aeabi_memcpy.S.obj             8       0         0      
       aeabi_div0.c.obj               2       0         0      
    +--+------------------------------+-------+---------+---------+
       Total:                         970     0         0      
                                                               
       Stack:                         0       0         512    
       Linker Generated:              0       20        0      
    +--+------------------------------+-------+---------+---------+
       Grand Total:                   49408   2906      2347   


LINKER GENERATED COPY TABLES

__TI_cinit_table @ 0000cc64 records: 1, size/record: 8, table size: 8
	.bss: load addr=0000cc58, load size=00000008 bytes, run addr=20200000, run size=0000072b bytes, compression=zero_init


LINKER GENERATED HANDLER TABLE

__TI_handler_table @ 0000cc60 records: 1, size/record: 4, table size: 4
	index: 0, handler: __TI_zero_init


GLOBAL SYMBOLS: SORTED ALPHABETICALLY BY Name 

address   name                              
-------   ----                              
0000961f  ADC0_IRQHandler                   
0000961f  ADC1_IRQHandler                   
0000961f  AES_IRQHandler                    
0000b881  App_init                          
0000b6a9  App_service                       
0000c185  BoardSafety_buzzerPolicy          
0000c14d  BoardSafety_faultLatched          
0000b6f9  BoardSafety_init                  
0000bc91  BoardSafety_outputsSafe           
0000b0ad  BoardSafety_service               
0000b409  BoardSafety_stop                  
0000c1c2  C$$EXIT                           
0000961f  CANFD0_IRQHandler                 
0000961f  DAC0_IRQHandler                   
0000c171  DL_Common_delayCycles             
0000b1e3  DL_I2C_fillControllerTXFIFO       
0000bcc5  DL_I2C_flushControllerRXFIFO      
0000bb31  DL_I2C_flushControllerTXFIFO      
0000be81  DL_I2C_setClockConfig             
0000b45d  DL_SPI_drainRXFIFO8               
0000b9e9  DL_SPI_init                       
0000bf29  DL_SPI_receiveDataCheck8          
0000c0c9  DL_SPI_setClockConfig             
0000bf45  DL_SPI_transmitDataCheck8         
0000c0ed  DL_Timer_getCaptureCompareValue   
0000a1c9  DL_Timer_initFourCCPWMMode        
0000bf61  DL_Timer_setCaptCompUpdateMethod  
0000bde1  DL_Timer_setCaptureCompareCtl     
0000bfed  DL_Timer_setCaptureCompareInput   
0000c025  DL_Timer_setCaptureCompareOutCtl  
0000c0fd  DL_Timer_setCaptureCompareValue   
0000bf7d  DL_Timer_setClockConfig           
0000b8c9  DL_UART_init                      
0000c0db  DL_UART_setClockConfig            
0000bcf5  DL_UART_transmitDataBlocking      
0000961f  DMA_IRQHandler                    
0000961f  Default_Handler                   
0000b911  DiagConsole_init                  
0000b241  DiagConsole_onUartInterrupt       
00009621  DiagConsole_reportBoot            
000000c1  DiagConsole_service               
0000aa01  Encoders_init                     
0000ad45  Encoders_onLeftCaptureInterrupt   
0000b29d  Encoders_snapshot                 
0000961f  GROUP0_IRQHandler                 
0000961f  GROUP1_IRQHandler                 
0000c1c3  HOSTexit                          
0000961f  HardFault_Handler                 
0000961f  I2C0_IRQHandler                   
0000961f  I2C1_IRQHandler                   
00009d49  I2cDiag_scan                      
0000bf99  LineSensors_init                  
0000c159  LineSensors_readRawBits           
0000a76d  LineSensors_service               
0000c03d  LineSensors_snapshot              
0000c18d  LineTracking_getStatus            
0000b959  LineTracking_init                 
00008d65  LineTracking_service              
0000a2cd  MotorDriver_driveSinglePrimary    
0000b4b1  MotorDriver_init                  
0000b3b1  MotorDriver_outputsStopped        
0000ba71  MotorDriver_stopAll               
0000bea9  MotorTest_abort                   
0000bec9  MotorTest_init                    
0000bd25  MotorTest_onTimebaseTick          
0000bab1  MotorTest_service                 
0000bfb5  MotorTest_snapshot                
0000afc5  MotorTest_start                   
0000c055  MotorTest_stateName               
0000961f  NMI_Handler                       
0000b749  Nrf24Ptx_arm                      
00009e75  Nrf24Ptx_captureDiagnosticChar    
0000bb6d  Nrf24Ptx_disarm                   
0000b505  Nrf24Ptx_getStatus                
0000adc9  Nrf24Ptx_init                     
0000b559  Nrf24Ptx_readCoreRegisters        
0000bdb5  Nrf24Ptx_safeWhenDisarmed         
00007a45  Nrf24Ptx_service                  
0000ac35  OledSsd1306_clear                 
0000ba2d  OledSsd1306_forceAllPixelsOn      
0000b799  OledSsd1306_forceAllPixelsOnSh1106
00008739  OledSsd1306_showTestPattern       
0000961f  PendSV_Handler                    
0000bfd1  Pid_init                          
0000c10d  Pid_reset                         
0000947d  Pid_step                          
0000961f  RTC_IRQHandler                    
0000c06d  Req002_blockReasonName            
0000c195  Req002_getStatus                  
0000be09  Req002_init                       
0000b039  Req002_service                    
0000c085  Req002_stateName                  
0000c1c7  Reset_Handler                     
0000961f  SPI0_IRQHandler                   
0000961f  SPI1_IRQHandler                   
0000961f  SVC_Handler                       
0000aa91  SYSCFG_DL_DIAG_UART_init          
0000a5b9  SYSCFG_DL_GPIO_init               
0000a821  SYSCFG_DL_LEFT_CAPTURE_init       
0000b5ad  SYSCFG_DL_LINE_I2C_init           
0000a96d  SYSCFG_DL_MOTOR_PWM_init          
0000b601  SYSCFG_DL_OLED_I2C_init           
0000b7e9  SYSCFG_DL_RADIO_SPI_init          
0000b2f9  SYSCFG_DL_RIGHT_QEI_init          
0000bd55  SYSCFG_DL_SYSCTL_init             
0000b655  SYSCFG_DL_init                    
0000aed1  SYSCFG_DL_initPower               
0000bee9  StartButton_init                  
0000b835  StartButton_poll                  
0000c0b5  StartButton_readHardwarePressed   
0000c17b  StartButton_takePress             
0000c11d  SysTick_Handler                   
0000961f  TIMA0_IRQHandler                  
0000c19d  TIMA1_IRQHandler                  
0000961f  TIMG0_IRQHandler                  
0000961f  TIMG12_IRQHandler                 
0000961f  TIMG6_IRQHandler                  
0000961f  TIMG7_IRQHandler                  
0000961f  TIMG8_IRQHandler                  
0000bd85  Timebase_init                     
0000c165  Timebase_nowMs                    
0000c12d  Timebase_onSysTick                
0000c1a5  Timebase_reached                  
0000c1ad  UART0_IRQHandler                  
0000961f  UART1_IRQHandler                  
0000961f  UART2_IRQHandler                  
0000961f  UART3_IRQHandler                  
20208000  __STACK_END                       
00000200  __STACK_SIZE                      
00000000  __TI_ATRegion0_region_sz          
00000000  __TI_ATRegion0_src_addr           
00000000  __TI_ATRegion0_trg_addr           
00000000  __TI_ATRegion1_region_sz          
00000000  __TI_ATRegion1_src_addr           
00000000  __TI_ATRegion1_trg_addr           
00000000  __TI_ATRegion2_region_sz          
00000000  __TI_ATRegion2_src_addr           
00000000  __TI_ATRegion2_trg_addr           
0000cc64  __TI_CINIT_Base                   
0000cc6c  __TI_CINIT_Limit                  
0000cc6c  __TI_CINIT_Warm                   
0000cc60  __TI_Handler_Table_Base           
0000cc64  __TI_Handler_Table_Limit          
0000bba9  __TI_auto_init_nobinit_nopinit    
ffffffff  __TI_pprof_out_hndl               
ffffffff  __TI_prof_data_size               
ffffffff  __TI_prof_data_start              
00000000  __TI_static_base__                
0000c13d  __TI_zero_init                    
0000a69f  __addsf3                          
0000bc59  __aeabi_f2iz                      
0000a69f  __aeabi_fadd                      
0000b355  __aeabi_fcmpeq                    
0000b38b  __aeabi_fcmpge                    
0000b39d  __aeabi_fcmpgt                    
0000b379  __aeabi_fcmple                    
0000b367  __aeabi_fcmplt                    
0000ab93  __aeabi_fcmpun                    
0000ae4d  __aeabi_fdiv                      
0000aba9  __aeabi_fmul                      
0000a695  __aeabi_fsub                      
0000a96b  __aeabi_idiv0                     
0000c017  __aeabi_memclr                    
0000c017  __aeabi_memclr4                   
0000c017  __aeabi_memclr8                   
0000c1b5  __aeabi_memcpy                    
0000c1b5  __aeabi_memcpy4                   
0000c1b5  __aeabi_memcpy8                   
0000c009  __aeabi_memset                    
0000c009  __aeabi_memset4                   
0000c009  __aeabi_memset8                   
0000be59  __aeabi_ui2f                      
0000baf1  __aeabi_uidiv                     
0000baf1  __aeabi_uidivmod                  
ffffffff  __binit__                         
0000ab1d  __cmpsf2                          
0000ae4d  __divsf3                          
0000ab1d  __eqsf2                           
0000bc59  __fixsfsi                         
0000be59  __floatunsisf                     
0000ab57  __gesf2                           
0000ab57  __gtsf2                           
0000ab1d  __lesf2                           
0000ab1d  __ltsf2                           
UNDEFED   __mpu_init                        
0000bbe5  __muldsi3                         
0000aba9  __mulsf3                          
0000ab1d  __nesf2                           
20207e00  __stack                           
20200000  __start___llvm_prf_bits           
20200000  __start___llvm_prf_cnts           
20200000  __stop___llvm_prf_bits            
20200000  __stop___llvm_prf_cnts            
0000a695  __subsf3                          
0000ab93  __unordsf2                        
0000be31  _c_int00_noargs                   
UNDEFED   _system_post_cinit                
0000c1cb  _system_pre_init                  
0000c1bd  abort                             
ffffffff  binit                             
20200300  gLEFT_CAPTUREBackup               
202003bc  gMOTOR_PWMBackup                  
20200654  gRADIO_SPIBackup                  
20200478  gRIGHT_QEIBackup                  
00000000  interruptVectors                  
0000c09d  main                              
0000bf09  memcmp                            
0000a8d1  memcpy                            
0000b181  memset                            


GLOBAL SYMBOLS: SORTED BY Symbol Address 

address   name                              
-------   ----                              
00000000  __TI_ATRegion0_region_sz          
00000000  __TI_ATRegion0_src_addr           
00000000  __TI_ATRegion0_trg_addr           
00000000  __TI_ATRegion1_region_sz          
00000000  __TI_ATRegion1_src_addr           
00000000  __TI_ATRegion1_trg_addr           
00000000  __TI_ATRegion2_region_sz          
00000000  __TI_ATRegion2_src_addr           
00000000  __TI_ATRegion2_trg_addr           
00000000  __TI_static_base__                
00000000  interruptVectors                  
000000c1  DiagConsole_service               
00000200  __STACK_SIZE                      
00007a45  Nrf24Ptx_service                  
00008739  OledSsd1306_showTestPattern       
00008d65  LineTracking_service              
0000947d  Pid_step                          
0000961f  ADC0_IRQHandler                   
0000961f  ADC1_IRQHandler                   
0000961f  AES_IRQHandler                    
0000961f  CANFD0_IRQHandler                 
0000961f  DAC0_IRQHandler                   
0000961f  DMA_IRQHandler                    
0000961f  Default_Handler                   
0000961f  GROUP0_IRQHandler                 
0000961f  GROUP1_IRQHandler                 
0000961f  HardFault_Handler                 
0000961f  I2C0_IRQHandler                   
0000961f  I2C1_IRQHandler                   
0000961f  NMI_Handler                       
0000961f  PendSV_Handler                    
0000961f  RTC_IRQHandler                    
0000961f  SPI0_IRQHandler                   
0000961f  SPI1_IRQHandler                   
0000961f  SVC_Handler                       
0000961f  TIMA0_IRQHandler                  
0000961f  TIMG0_IRQHandler                  
0000961f  TIMG12_IRQHandler                 
0000961f  TIMG6_IRQHandler                  
0000961f  TIMG7_IRQHandler                  
0000961f  TIMG8_IRQHandler                  
0000961f  UART1_IRQHandler                  
0000961f  UART2_IRQHandler                  
0000961f  UART3_IRQHandler                  
00009621  DiagConsole_reportBoot            
00009d49  I2cDiag_scan                      
00009e75  Nrf24Ptx_captureDiagnosticChar    
0000a1c9  DL_Timer_initFourCCPWMMode        
0000a2cd  MotorDriver_driveSinglePrimary    
0000a5b9  SYSCFG_DL_GPIO_init               
0000a695  __aeabi_fsub                      
0000a695  __subsf3                          
0000a69f  __addsf3                          
0000a69f  __aeabi_fadd                      
0000a76d  LineSensors_service               
0000a821  SYSCFG_DL_LEFT_CAPTURE_init       
0000a8d1  memcpy                            
0000a96b  __aeabi_idiv0                     
0000a96d  SYSCFG_DL_MOTOR_PWM_init          
0000aa01  Encoders_init                     
0000aa91  SYSCFG_DL_DIAG_UART_init          
0000ab1d  __cmpsf2                          
0000ab1d  __eqsf2                           
0000ab1d  __lesf2                           
0000ab1d  __ltsf2                           
0000ab1d  __nesf2                           
0000ab57  __gesf2                           
0000ab57  __gtsf2                           
0000ab93  __aeabi_fcmpun                    
0000ab93  __unordsf2                        
0000aba9  __aeabi_fmul                      
0000aba9  __mulsf3                          
0000ac35  OledSsd1306_clear                 
0000ad45  Encoders_onLeftCaptureInterrupt   
0000adc9  Nrf24Ptx_init                     
0000ae4d  __aeabi_fdiv                      
0000ae4d  __divsf3                          
0000aed1  SYSCFG_DL_initPower               
0000afc5  MotorTest_start                   
0000b039  Req002_service                    
0000b0ad  BoardSafety_service               
0000b181  memset                            
0000b1e3  DL_I2C_fillControllerTXFIFO       
0000b241  DiagConsole_onUartInterrupt       
0000b29d  Encoders_snapshot                 
0000b2f9  SYSCFG_DL_RIGHT_QEI_init          
0000b355  __aeabi_fcmpeq                    
0000b367  __aeabi_fcmplt                    
0000b379  __aeabi_fcmple                    
0000b38b  __aeabi_fcmpge                    
0000b39d  __aeabi_fcmpgt                    
0000b3b1  MotorDriver_outputsStopped        
0000b409  BoardSafety_stop                  
0000b45d  DL_SPI_drainRXFIFO8               
0000b4b1  MotorDriver_init                  
0000b505  Nrf24Ptx_getStatus                
0000b559  Nrf24Ptx_readCoreRegisters        
0000b5ad  SYSCFG_DL_LINE_I2C_init           
0000b601  SYSCFG_DL_OLED_I2C_init           
0000b655  SYSCFG_DL_init                    
0000b6a9  App_service                       
0000b6f9  BoardSafety_init                  
0000b749  Nrf24Ptx_arm                      
0000b799  OledSsd1306_forceAllPixelsOnSh1106
0000b7e9  SYSCFG_DL_RADIO_SPI_init          
0000b835  StartButton_poll                  
0000b881  App_init                          
0000b8c9  DL_UART_init                      
0000b911  DiagConsole_init                  
0000b959  LineTracking_init                 
0000b9e9  DL_SPI_init                       
0000ba2d  OledSsd1306_forceAllPixelsOn      
0000ba71  MotorDriver_stopAll               
0000bab1  MotorTest_service                 
0000baf1  __aeabi_uidiv                     
0000baf1  __aeabi_uidivmod                  
0000bb31  DL_I2C_flushControllerTXFIFO      
0000bb6d  Nrf24Ptx_disarm                   
0000bba9  __TI_auto_init_nobinit_nopinit    
0000bbe5  __muldsi3                         
0000bc59  __aeabi_f2iz                      
0000bc59  __fixsfsi                         
0000bc91  BoardSafety_outputsSafe           
0000bcc5  DL_I2C_flushControllerRXFIFO      
0000bcf5  DL_UART_transmitDataBlocking      
0000bd25  MotorTest_onTimebaseTick          
0000bd55  SYSCFG_DL_SYSCTL_init             
0000bd85  Timebase_init                     
0000bdb5  Nrf24Ptx_safeWhenDisarmed         
0000bde1  DL_Timer_setCaptureCompareCtl     
0000be09  Req002_init                       
0000be31  _c_int00_noargs                   
0000be59  __aeabi_ui2f                      
0000be59  __floatunsisf                     
0000be81  DL_I2C_setClockConfig             
0000bea9  MotorTest_abort                   
0000bec9  MotorTest_init                    
0000bee9  StartButton_init                  
0000bf09  memcmp                            
0000bf29  DL_SPI_receiveDataCheck8          
0000bf45  DL_SPI_transmitDataCheck8         
0000bf61  DL_Timer_setCaptCompUpdateMethod  
0000bf7d  DL_Timer_setClockConfig           
0000bf99  LineSensors_init                  
0000bfb5  MotorTest_snapshot                
0000bfd1  Pid_init                          
0000bfed  DL_Timer_setCaptureCompareInput   
0000c009  __aeabi_memset                    
0000c009  __aeabi_memset4                   
0000c009  __aeabi_memset8                   
0000c017  __aeabi_memclr                    
0000c017  __aeabi_memclr4                   
0000c017  __aeabi_memclr8                   
0000c025  DL_Timer_setCaptureCompareOutCtl  
0000c03d  LineSensors_snapshot              
0000c055  MotorTest_stateName               
0000c06d  Req002_blockReasonName            
0000c085  Req002_stateName                  
0000c09d  main                              
0000c0b5  StartButton_readHardwarePressed   
0000c0c9  DL_SPI_setClockConfig             
0000c0db  DL_UART_setClockConfig            
0000c0ed  DL_Timer_getCaptureCompareValue   
0000c0fd  DL_Timer_setCaptureCompareValue   
0000c10d  Pid_reset                         
0000c11d  SysTick_Handler                   
0000c12d  Timebase_onSysTick                
0000c13d  __TI_zero_init                    
0000c14d  BoardSafety_faultLatched          
0000c159  LineSensors_readRawBits           
0000c165  Timebase_nowMs                    
0000c171  DL_Common_delayCycles             
0000c17b  StartButton_takePress             
0000c185  BoardSafety_buzzerPolicy          
0000c18d  LineTracking_getStatus            
0000c195  Req002_getStatus                  
0000c19d  TIMA1_IRQHandler                  
0000c1a5  Timebase_reached                  
0000c1ad  UART0_IRQHandler                  
0000c1b5  __aeabi_memcpy                    
0000c1b5  __aeabi_memcpy4                   
0000c1b5  __aeabi_memcpy8                   
0000c1bd  abort                             
0000c1c2  C$$EXIT                           
0000c1c3  HOSTexit                          
0000c1c7  Reset_Handler                     
0000c1cb  _system_pre_init                  
0000cc60  __TI_Handler_Table_Base           
0000cc64  __TI_CINIT_Base                   
0000cc64  __TI_Handler_Table_Limit          
0000cc6c  __TI_CINIT_Limit                  
0000cc6c  __TI_CINIT_Warm                   
20200000  __start___llvm_prf_bits           
20200000  __start___llvm_prf_cnts           
20200000  __stop___llvm_prf_bits            
20200000  __stop___llvm_prf_cnts            
20200300  gLEFT_CAPTUREBackup               
202003bc  gMOTOR_PWMBackup                  
20200478  gRIGHT_QEIBackup                  
20200654  gRADIO_SPIBackup                  
20207e00  __stack                           
20208000  __STACK_END                       
ffffffff  __TI_pprof_out_hndl               
ffffffff  __TI_prof_data_size               
ffffffff  __TI_prof_data_start              
ffffffff  __binit__                         
ffffffff  binit                             
UNDEFED   __mpu_init                        
UNDEFED   _system_post_cinit                

[209 symbols]
