******************************************************************************
            TI ARM Clang Linker PC v5.1.1                      
******************************************************************************
>> Linked Sat Aug  1 09:48:34 2026

OUTPUT FILE NAME:   <test1_motor_selftest.out>
ENTRY POINT SYMBOL: "_c_int00_noargs"  address: 0000dce5


MEMORY CONFIGURATION

         name            origin    length      used     unused   attr    fill
----------------------  --------  ---------  --------  --------  ----  --------
  FLASH                 00000000   00020000  0000ed48  000112b8  R  X
  SRAM                  20200000   00008000  000009a4  0000765c  RW X
  BCR_CONFIG            41c00000   000000ff  00000000  000000ff  R   
  BSL_CONFIG            41c00100   00000080  00000000  00000080  R   


SEGMENT ALLOCATION MAP

run origin  load origin   length   init length attrs members
----------  ----------- ---------- ----------- ----- -------
00000000    00000000    0000ed48   0000ed48    r-x
  00000000    00000000    000000c0   000000c0    r-- .intvecs
  000000c0    000000c0    0000dfd0   0000dfd0    r-x .text
  0000e090    0000e090    00000c88   00000c88    r-- .rodata
  0000ed18    0000ed18    00000030   00000030    r-- .cinit
20200000    20200000    000007a4   00000000    rw-
  20200000    20200000    000007a3   00000000    rw- .bss
  202007a3    202007a3    00000001   00000000    rw- .data
20207e00    20207e00    00000200   00000000    rw-
  20207e00    20207e00    00000200   00000000    rw- .stack


SECTION ALLOCATION MAP

 output                                  attributes/
section   page    origin      length       input sections
--------  ----  ----------  ----------   ----------------
.intvecs   0    00000000    000000c0     
                  00000000    000000c0     startup_mspm0g350x_ticlang.o (.intvecs)

.text      0    000000c0    0000dfd0     
                  000000c0    00002194     diag_console.o (.text.DiagConsole_service)
                  00002254    0000207c     diag_console.o (.text.reportReq002)
                  000042d0    000016fc     diag_console.o (.text.reportRadioStatus)
                  000059cc    000014e4     diag_console.o (.text.reportLine)
                  00006eb0    00000bb8     diag_console.o (.text.reportMotorTest)
                  00007a68    00000774     diag_console.o (.text.reportStatus)
                  000081dc    00000654     req002.o (.text.Req002_service)
                  00008830    000005cc     oled_ssd1306.o (.text.OledSsd1306_showReq002Status)
                  00008dfc    0000049c     nrf24_ptx.o (.text.Nrf24Ptx_service)
                  00009298    00000458     diag_console.o (.text.reportRadioRegisters)
                  000096f0    00000444     oled_ssd1306.o (.text.OledSsd1306_showTestPattern)
                  00009b34    00000400     diag_console.o (.text.reportI2c)
                  00009f34    00000304     diag_console.o (.text.runSelfTest)
                  0000a238    000002e4     line_tracking.o (.text.LineTracking_service)
                  0000a51c    000002bc     line_sensors.o (.text.readRegisterBlock)
                  0000a7d8    000002ac     oled_ssd1306.o (.text.OledSsd1306_forceAllPixelsOnSh1106)
                  0000aa84    000002a4     oled_ssd1306.o (.text.OledSsd1306_forceAllPixelsOn)
                  0000ad28    0000023c     line_sensors.o (.text.LineSensors_service)
                  0000af64    00000208     diag_console.o (.text.forceOledAllOn)
                  0000b16c    000001a2     pid.o (.text.Pid_step)
                  0000b30e    00000002     startup_mspm0g350x_ticlang.o (.text.Default_Handler)
                  0000b310    0000019c     diag_console.o (.text.DiagConsole_reportBoot)
                  0000b4ac    00000184     nrf24_ptx.o (.text.transaction)
                  0000b630    0000016c     diag_console.o (.text.writeI32)
                  0000b79c    00000154     diag_console.o (.text.writeU32)
                  0000b8f0    00000148     diag_console.o (.text.clearOled)
                  0000ba38    00000140     motor_driver.o (.text.MotorDriver_driveVehicleForward)
                  0000bb78    0000012c     i2c_diag.o (.text.I2cDiag_scan)
                  0000bca4    0000011c     nrf24_ptx.o (.text.Nrf24Ptx_captureDiagnosticChar)
                  0000bdc0    0000011c     diag_console.o (.text.forceOledAllOnSh1106)
                  0000bedc    0000011c     diag_console.o (.text.runOledTest)
                  0000bff8    00000116     oled_ssd1306.o (.text.writePageData)
                  0000c10e    00000002     libclang_rt.builtins.a : aeabi_div0.c.obj (.text.__aeabi_idiv0)
                  0000c110    00000104     driverlib.a : dl_timer.o (.text.DL_Timer_initFourCCPWMMode)
                  0000c214    000000ec     app.o (.text.App_service)
                  0000c300    000000ec     nrf24_ptx.o (.text.command)
                  0000c3ec    000000dc     ti_msp_dl_config.o (.text.SYSCFG_DL_GPIO_init)
                  0000c4c8    000000d8     libclang_rt.builtins.a : addsf3.S.obj (.text)
                  0000c5a0    000000c8     motor_driver.o (.text.MotorDriver_setVehicleForwardDuties)
                  0000c668    000000b8     oled_ssd1306.o (.text.writeSmall)
                  0000c720    000000b0     ti_msp_dl_config.o (.text.SYSCFG_DL_LEFT_CAPTURE_init)
                  0000c7d0    0000009a     libc.a : memcpy16.S.obj (.text:memcpy)
                  0000c86a    00000002     --HOLE-- [fill = 0]
                  0000c86c    00000094     oled_ssd1306.o (.text.OledSsd1306_clear)
                  0000c900    00000094     ti_msp_dl_config.o (.text.SYSCFG_DL_MOTOR_PWM_init)
                  0000c994    00000090     encoders.o (.text.Encoders_init)
                  0000ca24    0000008c     ti_msp_dl_config.o (.text.SYSCFG_DL_DIAG_UART_init)
                  0000cab0    0000008c     libclang_rt.builtins.a : comparesf2.S.obj (.text)
                  0000cb3c    0000008c                            : mulsf3.S.obj (.text)
                  0000cbc8    00000084     encoders.o (.text.Encoders_onLeftCaptureInterrupt)
                  0000cc4c    00000084     nrf24_ptx.o (.text.Nrf24Ptx_init)
                  0000ccd0    00000082     libclang_rt.builtins.a : divsf3.S.obj (.text)
                  0000cd52    00000002     --HOLE-- [fill = 0]
                  0000cd54    0000007c     ti_msp_dl_config.o (.text.SYSCFG_DL_initPower)
                  0000cdd0    0000007c     libc.a : copy_decompress_lzss.c.obj (.text:decompress:lzss)
                  0000ce4c    00000078     diag_console.o (.text.writeText)
                  0000cec4    00000070     board_safety.o (.text.BoardSafety_service)
                  0000cf34    00000070     motor_test.o (.text.MotorTest_start)
                  0000cfa4    00000070     req002.o (.text.Req002_init)
                  0000d014    00000064     req002.o (.text.Req002_abort)
                  0000d078    00000064     nrf24_ptx.o (.text.writeRegistersAndVerify)
                  0000d0dc    00000062     libc.a : memset16.S.obj (.text:memset)
                  0000d13e    00000002     --HOLE-- [fill = 0]
                  0000d140    00000060     app.o (.text.App_init)
                  0000d1a0    0000005e     driverlib.a : dl_i2c.o (.text.DL_I2C_fillControllerTXFIFO)
                  0000d1fe    00000002     --HOLE-- [fill = 0]
                  0000d200    0000005c     diag_console.o (.text.DiagConsole_onUartInterrupt)
                  0000d25c    0000005c     encoders.o (.text.Encoders_snapshot)
                  0000d2b8    0000005c     ti_msp_dl_config.o (.text.SYSCFG_DL_RIGHT_QEI_init)
                  0000d314    0000005a     libclang_rt.builtins.a : aeabi_fcmp.S.obj (.text)
                  0000d36e    00000002     --HOLE-- [fill = 0]
                  0000d370    00000058     motor_driver.o (.text.MotorDriver_init)
                  0000d3c8    00000058     motor_driver.o (.text.MotorDriver_outputsStopped)
                  0000d420    00000054     board_safety.o (.text.BoardSafety_stop)
                  0000d474    00000054     driverlib.a : dl_spi.o (.text.DL_SPI_drainRXFIFO8)
                  0000d4c8    00000054     nrf24_ptx.o (.text.Nrf24Ptx_getStatus)
                  0000d51c    00000054     nrf24_ptx.o (.text.Nrf24Ptx_readCoreRegisters)
                  0000d570    00000054     ti_msp_dl_config.o (.text.SYSCFG_DL_LINE_I2C_init)
                  0000d5c4    00000054     ti_msp_dl_config.o (.text.SYSCFG_DL_OLED_I2C_init)
                  0000d618    00000054     ti_msp_dl_config.o (.text.SYSCFG_DL_init)
                  0000d66c    00000050     board_safety.o (.text.BoardSafety_init)
                  0000d6bc    00000050     nrf24_ptx.o (.text.Nrf24Ptx_arm)
                  0000d70c    0000004c     ti_msp_dl_config.o (.text.SYSCFG_DL_RADIO_SPI_init)
                  0000d758    0000004c     start_button.o (.text.StartButton_poll)
                  0000d7a4    00000048     driverlib.a : dl_uart.o (.text.DL_UART_init)
                  0000d7ec    00000048     diag_console.o (.text.DiagConsole_init)
                  0000d834    00000048     line_tracking.o (.text.LineTracking_init)
                  0000d87c    00000048     nrf24_ptx.o (.text.writeAndVerify)
                  0000d8c4    00000044     driverlib.a : dl_spi.o (.text.DL_SPI_init)
                  0000d908    00000044     req002.o (.text.completeRun)
                  0000d94c    00000040     motor_driver.o (.text.MotorDriver_stopAll)
                  0000d98c    00000040     motor_test.o (.text.MotorTest_service)
                  0000d9cc    00000040     libclang_rt.builtins.a : aeabi_uidivmod.S.obj (.text)
                  0000da0c    0000003c     driverlib.a : dl_i2c.o (.text.DL_I2C_flushControllerTXFIFO)
                  0000da48    0000003c     nrf24_ptx.o (.text.Nrf24Ptx_disarm)
                  0000da84    0000003c     libc.a : autoinit.c.obj (.text:__TI_auto_init_nobinit_nopinit)
                  0000dac0    0000003a     libclang_rt.builtins.a : muldsi3.S.obj (.text)
                  0000dafa    00000002     --HOLE-- [fill = 0]
                  0000dafc    00000038     diag_console.o (.text.newLine)
                  0000db34    00000038     libclang_rt.builtins.a : fixsfsi.S.obj (.text)
                  0000db6c    00000034     board_safety.o (.text.BoardSafety_outputsSafe)
                  0000dba0    00000030     driverlib.a : dl_i2c.o (.text.DL_I2C_flushControllerRXFIFO)
                  0000dbd0    00000030                 : dl_uart.o (.text.DL_UART_transmitDataBlocking)
                  0000dc00    00000030     motor_test.o (.text.MotorTest_onTimebaseTick)
                  0000dc30    00000030     ti_msp_dl_config.o (.text.SYSCFG_DL_SYSCTL_init)
                  0000dc60    00000030     timebase.o (.text.Timebase_init)
                  0000dc90    0000002c     nrf24_ptx.o (.text.Nrf24Ptx_safeWhenDisarmed)
                  0000dcbc    00000028     driverlib.a : dl_timer.o (.text.DL_Timer_setCaptureCompareCtl)
                  0000dce4    00000028     libc.a : boot_cortex_m.c.obj (.text:_c_int00_noargs)
                  0000dd0c    00000028     libclang_rt.builtins.a : floatunsisf.S.obj (.text)
                  0000dd34    00000026     driverlib.a : dl_i2c.o (.text.DL_I2C_setClockConfig)
                  0000dd5a    00000002     --HOLE-- [fill = 0]
                  0000dd5c    00000020     motor_test.o (.text.MotorTest_abort)
                  0000dd7c    00000020     motor_test.o (.text.MotorTest_init)
                  0000dd9c    00000020     start_button.o (.text.StartButton_init)
                  0000ddbc    00000020     libc.a : memcmp.c.obj (.text.memcmp)
                  0000dddc    0000001c     driverlib.a : dl_spi.o (.text.DL_SPI_receiveDataCheck8)
                  0000ddf8    0000001c                 : dl_spi.o (.text.DL_SPI_transmitDataCheck8)
                  0000de14    0000001c                 : dl_timer.o (.text.DL_Timer_setCaptCompUpdateMethod)
                  0000de30    0000001c                 : dl_timer.o (.text.DL_Timer_setClockConfig)
                  0000de4c    0000001c     line_sensors.o (.text.LineSensors_init)
                  0000de68    0000001c     motor_test.o (.text.MotorTest_snapshot)
                  0000de84    0000001c     pid.o (.text.Pid_init)
                  0000dea0    0000001a     driverlib.a : dl_timer.o (.text.DL_Timer_setCaptureCompareInput)
                  0000deba    00000002     --HOLE-- [fill = 0]
                  0000debc    0000001a     libclang_rt.builtins.a : aeabi_memset.S.obj (.text)
                  0000ded6    00000002     --HOLE-- [fill = 0]
                  0000ded8    00000018     driverlib.a : dl_timer.o (.text.DL_Timer_setCaptureCompareOutCtl)
                  0000def0    00000018     line_sensors.o (.text.LineSensors_snapshot)
                  0000df08    00000018     motor_test.o (.text.MotorTest_stateName)
                  0000df20    00000018     req002.o (.text.Req002_blockReasonName)
                  0000df38    00000018     req002.o (.text.Req002_stateName)
                  0000df50    00000016     empty.o (.text.main)
                  0000df66    00000002     --HOLE-- [fill = 0]
                  0000df68    00000014     start_button.o (.text.StartButton_readHardwarePressed)
                  0000df7c    00000012     driverlib.a : dl_spi.o (.text.DL_SPI_setClockConfig)
                  0000df8e    00000012                 : dl_uart.o (.text.DL_UART_setClockConfig)
                  0000dfa0    00000012     libc.a : copy_decompress_none.c.obj (.text:decompress:none)
                  0000dfb2    00000002     --HOLE-- [fill = 0]
                  0000dfb4    00000010     driverlib.a : dl_timer.o (.text.DL_Timer_getCaptureCompareValue)
                  0000dfc4    00000010                 : dl_timer.o (.text.DL_Timer_setCaptureCompareValue)
                  0000dfd4    00000010     pid.o (.text.Pid_reset)
                  0000dfe4    00000010     empty.o (.text.SysTick_Handler)
                  0000dff4    00000010     timebase.o (.text.Timebase_onSysTick)
                  0000e004    00000010     libc.a : copy_zero_init.c.obj (.text:decompress:ZI)
                  0000e014    0000000c     board_safety.o (.text.BoardSafety_faultLatched)
                  0000e020    0000000c     timebase.o (.text.Timebase_nowMs)
                  0000e02c    0000000a     driverlib.a : dl_common.o (.text.DL_Common_delayCycles)
                  0000e036    0000000a     start_button.o (.text.StartButton_takePress)
                  0000e040    00000008     board_safety.o (.text.BoardSafety_buzzerPolicy)
                  0000e048    00000008     line_tracking.o (.text.LineTracking_getStatus)
                  0000e050    00000008     req002.o (.text.Req002_getStatus)
                  0000e058    00000008     empty.o (.text.TIMA1_IRQHandler)
                  0000e060    00000008     timebase.o (.text.Timebase_reached)
                  0000e068    00000008     empty.o (.text.UART0_IRQHandler)
                  0000e070    00000008     libclang_rt.builtins.a : aeabi_memcpy.S.obj (.text)
                  0000e078    00000006     libc.a : exit.c.obj (.text:abort)
                  0000e07e    00000004     libsysbm.a : hostexit.c.obj (.text.HOSTexit)
                  0000e082    00000004     startup_mspm0g350x_ticlang.o (.text.Reset_Handler)
                  0000e086    00000004     libc.a : pre_init.c.obj (.text._system_pre_init)
                  0000e08a    00000006     --HOLE-- [fill = 0]

.cinit     0    0000ed18    00000030     
                  0000ed18    0000000c     (__TI_handler_table)
                  0000ed24    00000008     (.cinit..bss.load) [load image, compression = zero_init]
                  0000ed2c    00000005     (.cinit..data.load) [load image, compression = lzss]
                  0000ed31    00000003     --HOLE-- [fill = 0]
                  0000ed34    00000010     (__TI_cinit_table)
                  0000ed44    00000004     --HOLE-- [fill = 0]

.rodata    0    0000e090    00000c88     
                  0000e090    00000105     diag_console.o (.rodata.str1.14153271371939189678.1)
                  0000e195    00000082     oled_ssd1306.o (.rodata.gLetters)
                  0000e217    00000063     diag_console.o (.rodata.str1.7732308573000650393.1)
                  0000e27a    00000048     diag_console.o (.rodata.str1.5644620926150322957.1)
                  0000e2c2    00000044     diag_console.o (.rodata.str1.8805550004262250290.1)
                  0000e306    0000003e     diag_console.o (.rodata.str1.2437401455240083982.1)
                  0000e344    0000003d     diag_console.o (.rodata.str1.10020677278003191597.1)
                  0000e381    0000003d     diag_console.o (.rodata.str1.9757831788182070933.1)
                  0000e3be    0000003b     diag_console.o (.rodata.str1.5824879526590977974.1)
                  0000e3f9    00000038     diag_console.o (.rodata.str1.15435677839657748720.1)
                  0000e431    00000036     diag_console.o (.rodata.str1.16565755701334802317.1)
                  0000e467    00000035     diag_console.o (.rodata.str1.9768974661061496881.1)
                  0000e49c    00000034     diag_console.o (.rodata.str1.1098690429273333905.1)
                  0000e4d0    00000032     oled_ssd1306.o (.rodata.gDigits)
                  0000e502    00000032     board_safety.o (.rodata.str1.1461871966798876460.1)
                  0000e534    00000031     diag_console.o (.rodata.str1.7985117199416049152.1)
                  0000e565    0000002f     diag_console.o (.rodata.str1.16351352736247536359.1)
                  0000e594    0000002f     diag_console.o (.rodata.str1.17340833469015162294.1)
                  0000e5c3    0000002b     diag_console.o (.rodata.str1.12544225967345112596.1)
                  0000e5ee    00000028     diag_console.o (.rodata.str1.8496639322861540170.1)
                  0000e616    00000026     diag_console.o (.rodata.str1.13160629704296733059.1)
                  0000e63c    00000026     diag_console.o (.rodata.str1.5503653601839616668.1)
                  0000e662    00000002     ti_msp_dl_config.o (.rodata.gDIAG_UARTClockConfig)
                  0000e664    00000024     req002.o (.rodata..Lswitch.table.Req002_blockReasonName)
                  0000e688    00000024     req002.o (.rodata..Lswitch.table.Req002_stateName)
                  0000e6ac    00000023     diag_console.o (.rodata.str1.13023684794075449413.1)
                  0000e6cf    00000023     diag_console.o (.rodata.str1.6066754825680800963.1)
                  0000e6f2    00000022     diag_console.o (.rodata.str1.5303670245239573129.1)
                  0000e714    00000020     line_tracking.o (.rodata.cst32)
                  0000e734    0000001f     diag_console.o (.rodata.str1.5976961520280002565.1)
                  0000e753    0000001c     req002.o (.rodata.str1.13275248019535299154.1)
                  0000e76f    0000001a     diag_console.o (.rodata.str1.1008767523004470630.1)
                  0000e789    0000001a     diag_console.o (.rodata.str1.2111541797422310849.1)
                  0000e7a3    0000001a     req002.o (.rodata.str1.9392822210274423405.1)
                  0000e7bd    00000019     diag_console.o (.rodata.str1.18237275900639492659.1)
                  0000e7d6    00000002     ti_msp_dl_config.o (.rodata.gLINE_I2CClockConfig)
                  0000e7d8    00000019     nrf24_ptx.o (.rodata.str1.6094559527043233380.4)
                  0000e7f1    00000019     diag_console.o (.rodata.str1.810607564276269461.1)
                  0000e80a    00000002     ti_msp_dl_config.o (.rodata.gOLED_I2CClockConfig)
                  0000e80c    00000018     nrf24_ptx.o (.rodata..Lswitch.table.Nrf24Ptx_getStatus)
                  0000e824    00000018     oled_ssd1306.o (.rodata.initializeAt.commands)
                  0000e83c    00000018     diag_console.o (.rodata.str1.8406304233448172400.1)
                  0000e854    00000017     req002.o (.rodata.str1.10230131912623405435.1)
                  0000e86b    00000017     diag_console.o (.rodata.str1.3430916125074368270.1)
                  0000e882    00000016     diag_console.o (.rodata.str1.10354475084875452907.1)
                  0000e898    00000016     diag_console.o (.rodata.str1.13280886091191530476.1)
                  0000e8ae    00000016     diag_console.o (.rodata.str1.5084688477215926447.1)
                  0000e8c4    00000015     req002.o (.rodata.str1.9213031953659428922.1)
                  0000e8d9    00000003     ti_msp_dl_config.o (.rodata.gLEFT_CAPTUREClockConfig)
                  0000e8dc    00000014     motor_test.o (.rodata..Lswitch.table.MotorTest_stateName)
                  0000e8f0    00000014     req002.o (.rodata.str1.1536853367382378965.1)
                  0000e904    00000014     req002.o (.rodata.str1.7316036974658646067.1)
                  0000e918    00000014     diag_console.o (.rodata.str1.7838710351760113446.1)
                  0000e92c    00000014     req002.o (.rodata.str1.9277730485512377852.1)
                  0000e940    00000013     diag_console.o (.rodata.str1.9050062146647658507.1)
                  0000e953    00000011     req002.o (.rodata.str1.11801953346847374107.1)
                  0000e964    00000011     diag_console.o (.rodata.str1.17217747830118470281.1)
                  0000e975    00000011     diag_console.o (.rodata.str1.17570078357027493973.1)
                  0000e986    00000011     req002.o (.rodata.str1.246851255980436067.1)
                  0000e997    00000011     diag_console.o (.rodata.str1.9305979691969886280.1)
                  0000e9a8    00000010     oled_ssd1306.o (.rodata.OledSsd1306_showReq002Status.stateText)
                  0000e9b8    00000010     encoders.o (.rodata.cst16)
                  0000e9c8    00000010     diag_console.o (.rodata.str1.11858721499567804342.1)
                  0000e9d8    00000010     diag_console.o (.rodata.str1.15804963083468125269.1)
                  0000e9e8    00000010     nrf24_ptx.o (.rodata.str1.17419335730769077557.1)
                  0000e9f8    00000010     diag_console.o (.rodata.str1.8341931057821991107.1)
                  0000ea08    00000010     diag_console.o (.rodata.str1.9009639935792097996.1)
                  0000ea18    0000000f     diag_console.o (.rodata.str1.15191501805510545095.1)
                  0000ea27    0000000f     diag_console.o (.rodata.str1.719103272933316442.1)
                  0000ea36    0000000e     nrf24_ptx.o (.rodata.gProfile)
                  0000ea44    0000000e     req002.o (.rodata.str1.11012809159570234960.1)
                  0000ea52    0000000e     diag_console.o (.rodata.str1.17463021491389519269.1)
                  0000ea60    0000000e     diag_console.o (.rodata.str1.1837592952361879117.1)
                  0000ea6e    0000000d     diag_console.o (.rodata.str1.10547048922053563066.1)
                  0000ea7b    0000000d     diag_console.o (.rodata.str1.11767802008270839024.1)
                  0000ea88    0000000d     diag_console.o (.rodata.str1.15307067426115469236.1)
                  0000ea95    0000000d     diag_console.o (.rodata.str1.15759258491055097000.1)
                  0000eaa2    0000000d     diag_console.o (.rodata.str1.17103627226480421635.1)
                  0000eaaf    0000000d     diag_console.o (.rodata.str1.3586807474570239301.1)
                  0000eabc    0000000d     nrf24_ptx.o (.rodata.str1.632614121974113092.1)
                  0000eac9    0000000d     diag_console.o (.rodata.str1.8382040091638840980.1)
                  0000ead6    0000000c     req002.o (.rodata.str1.14163026172649738486.1)
                  0000eae2    0000000c     diag_console.o (.rodata.str1.15625074855538008002.1)
                  0000eaee    0000000c     nrf24_ptx.o (.rodata.str1.18158066330371006656.1)
                  0000eafa    0000000c     diag_console.o (.rodata.str1.4753132208752387408.1)
                  0000eb06    0000000b     diag_console.o (.rodata.str1.10021391958218067169.1)
                  0000eb11    0000000b     diag_console.o (.rodata.str1.10779067380086453065.1)
                  0000eb1c    0000000b     diag_console.o (.rodata.str1.10838375267284401125.1)
                  0000eb27    0000000b     diag_console.o (.rodata.str1.12889734105675417804.1)
                  0000eb32    0000000b     req002.o (.rodata.str1.14519661726848775581.1)
                  0000eb3d    0000000b     diag_console.o (.rodata.str1.17854535991371942916.1)
                  0000eb48    0000000b     diag_console.o (.rodata.str1.2047669683145328269.1)
                  0000eb53    0000000b     diag_console.o (.rodata.str1.2566524860297826098.1)
                  0000eb5e    0000000b     diag_console.o (.rodata.str1.4088845919059740246.1)
                  0000eb69    0000000b     diag_console.o (.rodata.str1.475083551094971178.1)
                  0000eb74    0000000b     diag_console.o (.rodata.str1.8714582252565932376.1)
                  0000eb7f    0000000a     app.o (.rodata..Lswitch.table.App_service)
                  0000eb89    00000001     --HOLE-- [fill = 0]
                  0000eb8a    0000000a     ti_msp_dl_config.o (.rodata.gDIAG_UARTConfig)
                  0000eb94    0000000a     ti_msp_dl_config.o (.rodata.gRADIO_SPI_config)
                  0000eb9e    0000000a     req002.o (.rodata.str1.11700141885548915133.1)
                  0000eba8    0000000a     diag_console.o (.rodata.str1.15004393915158247055.1)
                  0000ebb2    0000000a     diag_console.o (.rodata.str1.15947943532119924092.1)
                  0000ebbc    0000000a     diag_console.o (.rodata.str1.3251375336230076641.1)
                  0000ebc6    0000000a     diag_console.o (.rodata.str1.5171941431370459453.1)
                  0000ebd0    00000009     motor_test.o (.rodata.str1.10617380224381297162.1)
                  0000ebd9    00000009     req002.o (.rodata.str1.12553014538444358850.1)
                  0000ebe2    00000009     nrf24_ptx.o (.rodata.str1.1466761408321915565.1)
                  0000ebeb    00000009     diag_console.o (.rodata.str1.16718133499535619421.1)
                  0000ebf4    00000009     diag_console.o (.rodata.str1.17197432830885351810.1)
                  0000ebfd    00000009     oled_ssd1306.o (.rodata.str1.18394381519249814195.1)
                  0000ec06    00000009     diag_console.o (.rodata.str1.2411401244139123524.1)
                  0000ec0f    00000009     nrf24_ptx.o (.rodata.str1.3287502044353476605.1)
                  0000ec18    00000009     req002.o (.rodata.str1.4498054223093770164.1)
                  0000ec21    00000009     motor_test.o (.rodata.str1.7683472691658088772.1)
                  0000ec2a    00000009     diag_console.o (.rodata.str1.854387782545475029.1)
                  0000ec33    00000009     req002.o (.rodata.str1.9783865751474204056.1)
                  0000ec3c    00000008     ti_msp_dl_config.o (.rodata.gMOTOR_PWMConfig)
                  0000ec44    00000008     diag_console.o (.rodata.str1.1116829374954328495.1)
                  0000ec4c    00000008     oled_ssd1306.o (.rodata.str1.3044767245126136175.1)
                  0000ec54    00000008     motor_test.o (.rodata.str1.4772308527699974066.1)
                  0000ec5c    00000008     motor_test.o (.rodata.str1.8645205534088111832.1)
                  0000ec64    00000007     diag_console.o (.rodata.str1.11175911738739839896.1)
                  0000ec6b    00000007     diag_console.o (.rodata.str1.5926118724489890093.1)
                  0000ec72    00000007     diag_console.o (.rodata.str1.7767364581813029062.1)
                  0000ec79    00000006     diag_console.o (.rodata.str1.1105957340841019786.1)
                  0000ec7f    00000006     diag_console.o (.rodata.str1.11297099101431644167.1)
                  0000ec85    00000006     req002.o (.rodata.str1.1330840565073376.1)
                  0000ec8b    00000006     diag_console.o (.rodata.str1.14265534512352903045.1)
                  0000ec91    00000006     oled_ssd1306.o (.rodata.str1.155559926808992207.1)
                  0000ec97    00000006     diag_console.o (.rodata.str1.16084514406273351987.1)
                  0000ec9d    00000006     nrf24_ptx.o (.rodata.str1.17809926154172099862.1)
                  0000eca3    00000006     oled_ssd1306.o (.rodata.str1.17912449882519859512.1)
                  0000eca9    00000006     motor_test.o (.rodata.str1.2583511979257442240.1)
                  0000ecaf    00000006     req002.o (.rodata.str1.404665452499805758.1)
                  0000ecb5    00000005     req002.o (.rodata..Lswitch.table.Req002_service)
                  0000ecba    00000005     diag_console.o (.rodata.str1.10706949176496340975.1)
                  0000ecbf    00000005     diag_console.o (.rodata.str1.11000238090859226487.1)
                  0000ecc4    00000005     req002.o (.rodata.str1.11884172484412477609.1)
                  0000ecc9    00000005     nrf24_ptx.o (.rodata.str1.1246111486341945488.1)
                  0000ecce    00000005     oled_ssd1306.o (.rodata.str1.14073963438480896185.1)
                  0000ecd3    00000005     diag_console.o (.rodata.str1.14635969394841560451.1)
                  0000ecd8    00000005     diag_console.o (.rodata.str1.15834373091208215214.1)
                  0000ecdd    00000005     diag_console.o (.rodata.str1.2661480226688204501.1)
                  0000ece2    00000005     req002.o (.rodata.str1.4278235483893593186.1)
                  0000ece7    00000005     diag_console.o (.rodata.str1.8182549175682356078.1)
                  0000ecec    00000005     motor_test.o (.rodata.str1.8458586334456837306.1)
                  0000ecf1    00000005     diag_console.o (.rodata.str1.8521603489394202036.1)
                  0000ecf6    00000005     diag_console.o (.rodata.str1.8535165006884115289.1)
                  0000ecfb    00000005     diag_console.o (.rodata.str1.9239603917100908406.1)
                  0000ed00    00000004     diag_console.o (.rodata.str1.16152622102795241315.1)
                  0000ed04    00000004     diag_console.o (.rodata.str1.2181998341318385279.1)
                  0000ed08    00000004     oled_ssd1306.o (.rodata.str1.4552292588570905864.1)
                  0000ed0c    00000003     ti_msp_dl_config.o (.rodata.gMOTOR_PWMClockConfig)
                  0000ed0f    00000003     ti_msp_dl_config.o (.rodata.gRIGHT_QEIClockConfig)
                  0000ed12    00000003     diag_console.o (.rodata.str1.16469263393576567306.1)
                  0000ed15    00000002     ti_msp_dl_config.o (.rodata.gRADIO_SPI_clockConfig)
                  0000ed17    00000001     --HOLE-- [fill = 0]

.init_array 
*          0    00000000    00000000     UNINITIALIZED

.binit     0    00000000    00000000     

.bss       0    20200000    000007a3     UNINITIALIZED
                  20200000    00000240     nrf24_ptx.o (.bss.gQueue)
                  20200240    000000c0     nrf24_ptx.o (.bss.gDiagLine)
                  20200300    000000bc     (.common:gLEFT_CAPTUREBackup)
                  202003bc    000000bc     (.common:gMOTOR_PWMBackup)
                  20200478    000000a0     (.common:gRIGHT_QEIBackup)
                  20200518    00000080     diag_console.o (.bss.gRxBuffer)
                  20200598    00000078     req002.o (.bss.gStatus)
                  20200610    00000050     diag_console.o (.bss.gCommand)
                  20200660    0000003c     line_tracking.o (.bss.gStatus)
                  2020069c    00000030     line_tracking.o (.bss.gShadowPid)
                  202006cc    0000002c     line_sensors.o (.bss.gSample)
                  202006f8    00000028     (.common:gRADIO_SPIBackup)
                  20200720    0000001c     nrf24_ptx.o (.bss.gStats)
                  2020073c    00000010     motor_test.o (.bss.gStatus)
                  2020074c    00000008     app.o (.bss.gStartButton)
                  20200754    00000006     motor_driver.o (.bss.gStatus)
                  2020075a    00000002     nrf24_ptx.o (.bss.gDiagLineLength)
                  2020075c    00000004     nrf24_ptx.o (.bss.gDeadline)
                  20200760    00000004     req002.o (.bss.gDepartSinceMs)
                  20200764    00000004     encoders.o (.bss.gLeftCount)
                  20200768    00000004     encoders.o (.bss.gLeftInvalidTransitions)
                  2020076c    00000004     req002.o (.bss.gLeftPulseAccumulator)
                  20200770    00000004     req002.o (.bss.gMarkerSinceMs)
                  20200774    00000004     timebase.o (.bss.gMilliseconds)
                  20200778    00000004     req002.o (.bss.gNextControlMs)
                  2020077c    00000004     line_sensors.o (.bss.gNextPollMs)
                  20200780    00000004     req002.o (.bss.gRightPulseAccumulator)
                  20200784    00000004     diag_console.o (.bss.gRxOverflow)
                  20200788    00000003     oled_ssd1306.o (.bss.gStatus)
                  2020078b    00000001     nrf24_ptx.o (.bss.gArmed)
                  2020078c    00000002     nrf24_ptx.o (.bss.gNextMessageId)
                  2020078e    00000002     diag_console.o (.bss.gRxHead)
                  20200790    00000002     diag_console.o (.bss.gRxTail)
                  20200792    00000001     diag_console.o (.bss.gCaptureEnabled)
                  20200793    00000001     diag_console.o (.bss.gCommandLength)
                  20200794    00000001     req002.o (.bss.gDepartPending)
                  20200795    00000001     nrf24_ptx.o (.bss.gDiagLineOverflow)
                  20200796    00000001     diag_console.o (.bss.gDiscardLine)
                  20200797    00000001     app.o (.bss.gLastOledReq002State)
                  20200798    00000001     encoders.o (.bss.gLeftState)
                  20200799    00000001     req002.o (.bss.gMarkerPending)
                  2020079a    00000001     line_tracking.o (.bss.gNeedsReacquire)
                  2020079b    00000001     nrf24_ptx.o (.bss.gOneShotQueued)
                  2020079c    00000001     nrf24_ptx.o (.bss.gQueueCount)
                  2020079d    00000001     nrf24_ptx.o (.bss.gQueueHead)
                  2020079e    00000001     nrf24_ptx.o (.bss.gQueueTail)
                  2020079f    00000001     nrf24_ptx.o (.bss.gState)
                  202007a0    00000001     board_safety.o (.bss.gStatus.0)
                  202007a1    00000001     board_safety.o (.bss.gStatus.3)
                  202007a2    00000001     motor_test.o (.bss.gTimedOut)

.data      0    202007a3    00000001     UNINITIALIZED
                  202007a3    00000001     oled_ssd1306.o (.data.gAddress)

.stack     0    20207e00    00000200     UNINITIALIZED
                  20207e00    00000004     libc.a : boot_cortex_m.c.obj (.stack)
                  20207e04    000001fc     --HOLE--

__llvm_prf_cnts 
*          0    20200000    00000000     UNINITIALIZED

__llvm_prf_bits 
*          0    20200000    00000000     UNINITIALIZED

MODULE SUMMARY

       Module                         code    ro data   rw data
       ------                         ----    -------   -------
    .\
       ti_msp_dl_config.o             1276    45        576    
       startup_mspm0g350x_ticlang.o   6       192       0      
       empty.o                        54      0         0      
    +--+------------------------------+-------+---------+---------+
       Total:                         1336    237       576    
                                                               
    .\algorithm\
       line_tracking.o                820     32        109    
       pid.o                          462     0         0      
    +--+------------------------------+-------+---------+---------+
       Total:                         1282    32        109    
                                                               
    .\app\
       req002.o                       1956    365       142    
       motor_test.o                   340     65        17     
       app.o                          332     10        9      
    +--+------------------------------+-------+---------+---------+
       Total:                         2628    440       168    
                                                               
    .\bsp\
       board_safety.o                 348     50        2      
       timebase.o                     84      0         4      
    +--+------------------------------+-------+---------+---------+
       Total:                         432     50        6      
                                                               
    .\drivers\
       diag_console.o                 38832   2232      219    
       oled_ssd1306.o                 4546    258       4      
       nrf24_ptx.o                    2744    133       811    
       line_sensors.o                 1324    0         48     
       motor_driver.o                 760     0         6      
       encoders.o                     368     16        9      
       i2c_diag.o                     300     0         0      
       start_button.o                 138     0         0      
    +--+------------------------------+-------+---------+---------+
       Total:                         49012   2639      1097   
                                                               
    D:/AAADiansai/CCS/mspm0_sdk_2_11_00_07/source/ti/driverlib/lib/ticlang/m0p/mspm0g1x0x_g3x0x/driverlib.a
       dl_timer.o                     438     0         0      
       dl_i2c.o                       240     0         0      
       dl_spi.o                       226     0         0      
       dl_uart.o                      138     0         0      
       dl_common.o                    10      0         0      
    +--+------------------------------+-------+---------+---------+
       Total:                         1052    0         0      
                                                               
    D:\AAADiansai\CCS\ccs\tools\compiler\ti-cgt-armllvm_5.1.1.LTS\lib\armv6m-ti-none-eabi/c/libc.a
       memcpy16.S.obj                 154     0         0      
       copy_decompress_lzss.c.obj     124     0         0      
       memset16.S.obj                 98      0         0      
       autoinit.c.obj                 60      0         0      
       boot_cortex_m.c.obj            40      0         0      
       memcmp.c.obj                   32      0         0      
       copy_decompress_none.c.obj     18      0         0      
       copy_zero_init.c.obj           16      0         0      
       exit.c.obj                     6       0         0      
       pre_init.c.obj                 4       0         0      
    +--+------------------------------+-------+---------+---------+
       Total:                         552     0         0      
                                                               
    D:\AAADiansai\CCS\ccs\tools\compiler\ti-cgt-armllvm_5.1.1.LTS\lib\armv6m-ti-none-eabi/c/libsysbm.a
       hostexit.c.obj                 4       0         0      
    +--+------------------------------+-------+---------+---------+
       Total:                         4       0         0      
                                                               
    D:\AAADiansai\CCS\ccs\tools\compiler\ti-cgt-armllvm_5.1.1.LTS\lib\armv6m-ti-none-eabi/libclang_rt.builtins.a
       addsf3.S.obj                   216     0         0      
       comparesf2.S.obj               140     0         0      
       mulsf3.S.obj                   140     0         0      
       divsf3.S.obj                   130     0         0      
       aeabi_fcmp.S.obj               90      0         0      
       aeabi_uidivmod.S.obj           64      0         0      
       muldsi3.S.obj                  58      0         0      
       fixsfsi.S.obj                  56      0         0      
       floatunsisf.S.obj              40      0         0      
       aeabi_memset.S.obj             26      0         0      
       aeabi_memcpy.S.obj             8       0         0      
       aeabi_div0.c.obj               2       0         0      
    +--+------------------------------+-------+---------+---------+
       Total:                         970     0         0      
                                                               
       Stack:                         0       0         512    
       Linker Generated:              0       41        0      
    +--+------------------------------+-------+---------+---------+
       Grand Total:                   57268   3439      2468   


LINKER GENERATED COPY TABLES

__TI_cinit_table @ 0000ed34 records: 2, size/record: 8, table size: 16
	.bss: load addr=0000ed24, load size=00000008 bytes, run addr=20200000, run size=000007a3 bytes, compression=zero_init
	.data: load addr=0000ed2c, load size=00000005 bytes, run addr=202007a3, run size=00000001 bytes, compression=lzss


LINKER GENERATED HANDLER TABLE

__TI_handler_table @ 0000ed18 records: 3, size/record: 4, table size: 12
	index: 0, handler: __TI_decompress_lzss
	index: 1, handler: __TI_decompress_none
	index: 2, handler: __TI_zero_init


GLOBAL SYMBOLS: SORTED ALPHABETICALLY BY Name 

address   name                               
-------   ----                               
0000b30f  ADC0_IRQHandler                    
0000b30f  ADC1_IRQHandler                    
0000b30f  AES_IRQHandler                     
0000d141  App_init                           
0000c215  App_service                        
0000e041  BoardSafety_buzzerPolicy           
0000e015  BoardSafety_faultLatched           
0000d66d  BoardSafety_init                   
0000db6d  BoardSafety_outputsSafe            
0000cec5  BoardSafety_service                
0000d421  BoardSafety_stop                   
0000e07e  C$$EXIT                            
0000b30f  CANFD0_IRQHandler                  
0000b30f  DAC0_IRQHandler                    
0000e02d  DL_Common_delayCycles              
0000d1a1  DL_I2C_fillControllerTXFIFO        
0000dba1  DL_I2C_flushControllerRXFIFO       
0000da0d  DL_I2C_flushControllerTXFIFO       
0000dd35  DL_I2C_setClockConfig              
0000d475  DL_SPI_drainRXFIFO8                
0000d8c5  DL_SPI_init                        
0000dddd  DL_SPI_receiveDataCheck8           
0000df7d  DL_SPI_setClockConfig              
0000ddf9  DL_SPI_transmitDataCheck8          
0000dfb5  DL_Timer_getCaptureCompareValue    
0000c111  DL_Timer_initFourCCPWMMode         
0000de15  DL_Timer_setCaptCompUpdateMethod   
0000dcbd  DL_Timer_setCaptureCompareCtl      
0000dea1  DL_Timer_setCaptureCompareInput    
0000ded9  DL_Timer_setCaptureCompareOutCtl   
0000dfc5  DL_Timer_setCaptureCompareValue    
0000de31  DL_Timer_setClockConfig            
0000d7a5  DL_UART_init                       
0000df8f  DL_UART_setClockConfig             
0000dbd1  DL_UART_transmitDataBlocking       
0000b30f  DMA_IRQHandler                     
0000b30f  Default_Handler                    
0000d7ed  DiagConsole_init                   
0000d201  DiagConsole_onUartInterrupt        
0000b311  DiagConsole_reportBoot             
000000c1  DiagConsole_service                
0000c995  Encoders_init                      
0000cbc9  Encoders_onLeftCaptureInterrupt    
0000d25d  Encoders_snapshot                  
0000b30f  GROUP0_IRQHandler                  
0000b30f  GROUP1_IRQHandler                  
0000e07f  HOSTexit                           
0000b30f  HardFault_Handler                  
0000b30f  I2C0_IRQHandler                    
0000b30f  I2C1_IRQHandler                    
0000bb79  I2cDiag_scan                       
0000de4d  LineSensors_init                   
0000ad29  LineSensors_service                
0000def1  LineSensors_snapshot               
0000e049  LineTracking_getStatus             
0000d835  LineTracking_init                  
0000a239  LineTracking_service               
0000ba39  MotorDriver_driveVehicleForward    
0000d371  MotorDriver_init                   
0000d3c9  MotorDriver_outputsStopped         
0000c5a1  MotorDriver_setVehicleForwardDuties
0000d94d  MotorDriver_stopAll                
0000dd5d  MotorTest_abort                    
0000dd7d  MotorTest_init                     
0000dc01  MotorTest_onTimebaseTick           
0000d98d  MotorTest_service                  
0000de69  MotorTest_snapshot                 
0000cf35  MotorTest_start                    
0000df09  MotorTest_stateName                
0000b30f  NMI_Handler                        
0000d6bd  Nrf24Ptx_arm                       
0000bca5  Nrf24Ptx_captureDiagnosticChar     
0000da49  Nrf24Ptx_disarm                    
0000d4c9  Nrf24Ptx_getStatus                 
0000cc4d  Nrf24Ptx_init                      
0000d51d  Nrf24Ptx_readCoreRegisters         
0000dc91  Nrf24Ptx_safeWhenDisarmed          
00008dfd  Nrf24Ptx_service                   
0000c86d  OledSsd1306_clear                  
0000aa85  OledSsd1306_forceAllPixelsOn       
0000a7d9  OledSsd1306_forceAllPixelsOnSh1106 
00008831  OledSsd1306_showReq002Status       
000096f1  OledSsd1306_showTestPattern        
0000b30f  PendSV_Handler                     
0000de85  Pid_init                           
0000dfd5  Pid_reset                          
0000b16d  Pid_step                           
0000b30f  RTC_IRQHandler                     
0000d015  Req002_abort                       
0000df21  Req002_blockReasonName             
0000e051  Req002_getStatus                   
0000cfa5  Req002_init                        
000081dd  Req002_service                     
0000df39  Req002_stateName                   
0000e083  Reset_Handler                      
0000b30f  SPI0_IRQHandler                    
0000b30f  SPI1_IRQHandler                    
0000b30f  SVC_Handler                        
0000ca25  SYSCFG_DL_DIAG_UART_init           
0000c3ed  SYSCFG_DL_GPIO_init                
0000c721  SYSCFG_DL_LEFT_CAPTURE_init        
0000d571  SYSCFG_DL_LINE_I2C_init            
0000c901  SYSCFG_DL_MOTOR_PWM_init           
0000d5c5  SYSCFG_DL_OLED_I2C_init            
0000d70d  SYSCFG_DL_RADIO_SPI_init           
0000d2b9  SYSCFG_DL_RIGHT_QEI_init           
0000dc31  SYSCFG_DL_SYSCTL_init              
0000d619  SYSCFG_DL_init                     
0000cd55  SYSCFG_DL_initPower                
0000dd9d  StartButton_init                   
0000d759  StartButton_poll                   
0000df69  StartButton_readHardwarePressed    
0000e037  StartButton_takePress              
0000dfe5  SysTick_Handler                    
0000b30f  TIMA0_IRQHandler                   
0000e059  TIMA1_IRQHandler                   
0000b30f  TIMG0_IRQHandler                   
0000b30f  TIMG12_IRQHandler                  
0000b30f  TIMG6_IRQHandler                   
0000b30f  TIMG7_IRQHandler                   
0000b30f  TIMG8_IRQHandler                   
0000dc61  Timebase_init                      
0000e021  Timebase_nowMs                     
0000dff5  Timebase_onSysTick                 
0000e061  Timebase_reached                   
0000e069  UART0_IRQHandler                   
0000b30f  UART1_IRQHandler                   
0000b30f  UART2_IRQHandler                   
0000b30f  UART3_IRQHandler                   
20208000  __STACK_END                        
00000200  __STACK_SIZE                       
00000000  __TI_ATRegion0_region_sz           
00000000  __TI_ATRegion0_src_addr            
00000000  __TI_ATRegion0_trg_addr            
00000000  __TI_ATRegion1_region_sz           
00000000  __TI_ATRegion1_src_addr            
00000000  __TI_ATRegion1_trg_addr            
00000000  __TI_ATRegion2_region_sz           
00000000  __TI_ATRegion2_src_addr            
00000000  __TI_ATRegion2_trg_addr            
0000ed34  __TI_CINIT_Base                    
0000ed44  __TI_CINIT_Limit                   
0000ed44  __TI_CINIT_Warm                    
0000ed18  __TI_Handler_Table_Base            
0000ed24  __TI_Handler_Table_Limit           
0000da85  __TI_auto_init_nobinit_nopinit     
0000cdd1  __TI_decompress_lzss               
0000dfa1  __TI_decompress_none               
ffffffff  __TI_pprof_out_hndl                
ffffffff  __TI_prof_data_size                
ffffffff  __TI_prof_data_start               
00000000  __TI_static_base__                 
0000e005  __TI_zero_init                     
0000c4d3  __addsf3                           
0000db35  __aeabi_f2iz                       
0000c4d3  __aeabi_fadd                       
0000d315  __aeabi_fcmpeq                     
0000d34b  __aeabi_fcmpge                     
0000d35d  __aeabi_fcmpgt                     
0000d339  __aeabi_fcmple                     
0000d327  __aeabi_fcmplt                     
0000cb27  __aeabi_fcmpun                     
0000ccd1  __aeabi_fdiv                       
0000cb3d  __aeabi_fmul                       
0000c4c9  __aeabi_fsub                       
0000c10f  __aeabi_idiv0                      
0000decb  __aeabi_memclr                     
0000decb  __aeabi_memclr4                    
0000decb  __aeabi_memclr8                    
0000e071  __aeabi_memcpy                     
0000e071  __aeabi_memcpy4                    
0000e071  __aeabi_memcpy8                    
0000debd  __aeabi_memset                     
0000debd  __aeabi_memset4                    
0000debd  __aeabi_memset8                    
0000dd0d  __aeabi_ui2f                       
0000d9cd  __aeabi_uidiv                      
0000d9cd  __aeabi_uidivmod                   
ffffffff  __binit__                          
0000cab1  __cmpsf2                           
0000ccd1  __divsf3                           
0000cab1  __eqsf2                            
0000db35  __fixsfsi                          
0000dd0d  __floatunsisf                      
0000caeb  __gesf2                            
0000caeb  __gtsf2                            
0000cab1  __lesf2                            
0000cab1  __ltsf2                            
UNDEFED   __mpu_init                         
0000dac1  __muldsi3                          
0000cb3d  __mulsf3                           
0000cab1  __nesf2                            
20207e00  __stack                            
20200000  __start___llvm_prf_bits            
20200000  __start___llvm_prf_cnts            
20200000  __stop___llvm_prf_bits             
20200000  __stop___llvm_prf_cnts             
0000c4c9  __subsf3                           
0000cb27  __unordsf2                         
0000dce5  _c_int00_noargs                    
UNDEFED   _system_post_cinit                 
0000e087  _system_pre_init                   
0000e079  abort                              
ffffffff  binit                              
20200300  gLEFT_CAPTUREBackup                
202003bc  gMOTOR_PWMBackup                   
202006f8  gRADIO_SPIBackup                   
20200478  gRIGHT_QEIBackup                   
00000000  interruptVectors                   
0000df51  main                               
0000ddbd  memcmp                             
0000c7d1  memcpy                             
0000d0dd  memset                             


GLOBAL SYMBOLS: SORTED BY Symbol Address 

address   name                               
-------   ----                               
00000000  __TI_ATRegion0_region_sz           
00000000  __TI_ATRegion0_src_addr            
00000000  __TI_ATRegion0_trg_addr            
00000000  __TI_ATRegion1_region_sz           
00000000  __TI_ATRegion1_src_addr            
00000000  __TI_ATRegion1_trg_addr            
00000000  __TI_ATRegion2_region_sz           
00000000  __TI_ATRegion2_src_addr            
00000000  __TI_ATRegion2_trg_addr            
00000000  __TI_static_base__                 
00000000  interruptVectors                   
000000c1  DiagConsole_service                
00000200  __STACK_SIZE                       
000081dd  Req002_service                     
00008831  OledSsd1306_showReq002Status       
00008dfd  Nrf24Ptx_service                   
000096f1  OledSsd1306_showTestPattern        
0000a239  LineTracking_service               
0000a7d9  OledSsd1306_forceAllPixelsOnSh1106 
0000aa85  OledSsd1306_forceAllPixelsOn       
0000ad29  LineSensors_service                
0000b16d  Pid_step                           
0000b30f  ADC0_IRQHandler                    
0000b30f  ADC1_IRQHandler                    
0000b30f  AES_IRQHandler                     
0000b30f  CANFD0_IRQHandler                  
0000b30f  DAC0_IRQHandler                    
0000b30f  DMA_IRQHandler                     
0000b30f  Default_Handler                    
0000b30f  GROUP0_IRQHandler                  
0000b30f  GROUP1_IRQHandler                  
0000b30f  HardFault_Handler                  
0000b30f  I2C0_IRQHandler                    
0000b30f  I2C1_IRQHandler                    
0000b30f  NMI_Handler                        
0000b30f  PendSV_Handler                     
0000b30f  RTC_IRQHandler                     
0000b30f  SPI0_IRQHandler                    
0000b30f  SPI1_IRQHandler                    
0000b30f  SVC_Handler                        
0000b30f  TIMA0_IRQHandler                   
0000b30f  TIMG0_IRQHandler                   
0000b30f  TIMG12_IRQHandler                  
0000b30f  TIMG6_IRQHandler                   
0000b30f  TIMG7_IRQHandler                   
0000b30f  TIMG8_IRQHandler                   
0000b30f  UART1_IRQHandler                   
0000b30f  UART2_IRQHandler                   
0000b30f  UART3_IRQHandler                   
0000b311  DiagConsole_reportBoot             
0000ba39  MotorDriver_driveVehicleForward    
0000bb79  I2cDiag_scan                       
0000bca5  Nrf24Ptx_captureDiagnosticChar     
0000c10f  __aeabi_idiv0                      
0000c111  DL_Timer_initFourCCPWMMode         
0000c215  App_service                        
0000c3ed  SYSCFG_DL_GPIO_init                
0000c4c9  __aeabi_fsub                       
0000c4c9  __subsf3                           
0000c4d3  __addsf3                           
0000c4d3  __aeabi_fadd                       
0000c5a1  MotorDriver_setVehicleForwardDuties
0000c721  SYSCFG_DL_LEFT_CAPTURE_init        
0000c7d1  memcpy                             
0000c86d  OledSsd1306_clear                  
0000c901  SYSCFG_DL_MOTOR_PWM_init           
0000c995  Encoders_init                      
0000ca25  SYSCFG_DL_DIAG_UART_init           
0000cab1  __cmpsf2                           
0000cab1  __eqsf2                            
0000cab1  __lesf2                            
0000cab1  __ltsf2                            
0000cab1  __nesf2                            
0000caeb  __gesf2                            
0000caeb  __gtsf2                            
0000cb27  __aeabi_fcmpun                     
0000cb27  __unordsf2                         
0000cb3d  __aeabi_fmul                       
0000cb3d  __mulsf3                           
0000cbc9  Encoders_onLeftCaptureInterrupt    
0000cc4d  Nrf24Ptx_init                      
0000ccd1  __aeabi_fdiv                       
0000ccd1  __divsf3                           
0000cd55  SYSCFG_DL_initPower                
0000cdd1  __TI_decompress_lzss               
0000cec5  BoardSafety_service                
0000cf35  MotorTest_start                    
0000cfa5  Req002_init                        
0000d015  Req002_abort                       
0000d0dd  memset                             
0000d141  App_init                           
0000d1a1  DL_I2C_fillControllerTXFIFO        
0000d201  DiagConsole_onUartInterrupt        
0000d25d  Encoders_snapshot                  
0000d2b9  SYSCFG_DL_RIGHT_QEI_init           
0000d315  __aeabi_fcmpeq                     
0000d327  __aeabi_fcmplt                     
0000d339  __aeabi_fcmple                     
0000d34b  __aeabi_fcmpge                     
0000d35d  __aeabi_fcmpgt                     
0000d371  MotorDriver_init                   
0000d3c9  MotorDriver_outputsStopped         
0000d421  BoardSafety_stop                   
0000d475  DL_SPI_drainRXFIFO8                
0000d4c9  Nrf24Ptx_getStatus                 
0000d51d  Nrf24Ptx_readCoreRegisters         
0000d571  SYSCFG_DL_LINE_I2C_init            
0000d5c5  SYSCFG_DL_OLED_I2C_init            
0000d619  SYSCFG_DL_init                     
0000d66d  BoardSafety_init                   
0000d6bd  Nrf24Ptx_arm                       
0000d70d  SYSCFG_DL_RADIO_SPI_init           
0000d759  StartButton_poll                   
0000d7a5  DL_UART_init                       
0000d7ed  DiagConsole_init                   
0000d835  LineTracking_init                  
0000d8c5  DL_SPI_init                        
0000d94d  MotorDriver_stopAll                
0000d98d  MotorTest_service                  
0000d9cd  __aeabi_uidiv                      
0000d9cd  __aeabi_uidivmod                   
0000da0d  DL_I2C_flushControllerTXFIFO       
0000da49  Nrf24Ptx_disarm                    
0000da85  __TI_auto_init_nobinit_nopinit     
0000dac1  __muldsi3                          
0000db35  __aeabi_f2iz                       
0000db35  __fixsfsi                          
0000db6d  BoardSafety_outputsSafe            
0000dba1  DL_I2C_flushControllerRXFIFO       
0000dbd1  DL_UART_transmitDataBlocking       
0000dc01  MotorTest_onTimebaseTick           
0000dc31  SYSCFG_DL_SYSCTL_init              
0000dc61  Timebase_init                      
0000dc91  Nrf24Ptx_safeWhenDisarmed          
0000dcbd  DL_Timer_setCaptureCompareCtl      
0000dce5  _c_int00_noargs                    
0000dd0d  __aeabi_ui2f                       
0000dd0d  __floatunsisf                      
0000dd35  DL_I2C_setClockConfig              
0000dd5d  MotorTest_abort                    
0000dd7d  MotorTest_init                     
0000dd9d  StartButton_init                   
0000ddbd  memcmp                             
0000dddd  DL_SPI_receiveDataCheck8           
0000ddf9  DL_SPI_transmitDataCheck8          
0000de15  DL_Timer_setCaptCompUpdateMethod   
0000de31  DL_Timer_setClockConfig            
0000de4d  LineSensors_init                   
0000de69  MotorTest_snapshot                 
0000de85  Pid_init                           
0000dea1  DL_Timer_setCaptureCompareInput    
0000debd  __aeabi_memset                     
0000debd  __aeabi_memset4                    
0000debd  __aeabi_memset8                    
0000decb  __aeabi_memclr                     
0000decb  __aeabi_memclr4                    
0000decb  __aeabi_memclr8                    
0000ded9  DL_Timer_setCaptureCompareOutCtl   
0000def1  LineSensors_snapshot               
0000df09  MotorTest_stateName                
0000df21  Req002_blockReasonName             
0000df39  Req002_stateName                   
0000df51  main                               
0000df69  StartButton_readHardwarePressed    
0000df7d  DL_SPI_setClockConfig              
0000df8f  DL_UART_setClockConfig             
0000dfa1  __TI_decompress_none               
0000dfb5  DL_Timer_getCaptureCompareValue    
0000dfc5  DL_Timer_setCaptureCompareValue    
0000dfd5  Pid_reset                          
0000dfe5  SysTick_Handler                    
0000dff5  Timebase_onSysTick                 
0000e005  __TI_zero_init                     
0000e015  BoardSafety_faultLatched           
0000e021  Timebase_nowMs                     
0000e02d  DL_Common_delayCycles              
0000e037  StartButton_takePress              
0000e041  BoardSafety_buzzerPolicy           
0000e049  LineTracking_getStatus             
0000e051  Req002_getStatus                   
0000e059  TIMA1_IRQHandler                   
0000e061  Timebase_reached                   
0000e069  UART0_IRQHandler                   
0000e071  __aeabi_memcpy                     
0000e071  __aeabi_memcpy4                    
0000e071  __aeabi_memcpy8                    
0000e079  abort                              
0000e07e  C$$EXIT                            
0000e07f  HOSTexit                           
0000e083  Reset_Handler                      
0000e087  _system_pre_init                   
0000ed18  __TI_Handler_Table_Base            
0000ed24  __TI_Handler_Table_Limit           
0000ed34  __TI_CINIT_Base                    
0000ed44  __TI_CINIT_Limit                   
0000ed44  __TI_CINIT_Warm                    
20200000  __start___llvm_prf_bits            
20200000  __start___llvm_prf_cnts            
20200000  __stop___llvm_prf_bits             
20200000  __stop___llvm_prf_cnts             
20200300  gLEFT_CAPTUREBackup                
202003bc  gMOTOR_PWMBackup                   
20200478  gRIGHT_QEIBackup                   
202006f8  gRADIO_SPIBackup                   
20207e00  __stack                            
20208000  __STACK_END                        
ffffffff  __TI_pprof_out_hndl                
ffffffff  __TI_prof_data_size                
ffffffff  __TI_prof_data_start               
ffffffff  __binit__                          
ffffffff  binit                              
UNDEFED   __mpu_init                         
UNDEFED   _system_post_cinit                 

[213 symbols]
