<?xml version="1.0" encoding="ISO-8859-1" ?>
<link_info>
   <banner>TI ARM Clang Linker PC v5.1.1.LTS</banner>
   <copyright>Copyright (c) 1996-2018 Texas Instruments Incorporated</copyright>
   <command_line>D:\AAADiansai\CCS\ccs\tools\compiler\ti-cgt-armllvm_5.1.1.LTS\bin\tiarmlnk -ID:\AAADiansai\CCS\ccs\tools\compiler\ti-cgt-armllvm_5.1.1.LTS\lib -o test1_motor_selftest.out --cg_opt_level=2 -mtest1_motor_selftest.map -iD:/AAADiansai/CCS/mspm0_sdk_2_11_00_07/source -iC:/Users/Administrator/workspace_ccstheia/test1 -iC:/Users/Administrator/workspace_ccstheia/test1/MotorSelfTest/syscfg -iD:/AAADiansai/CCS/ccs/tools/compiler/ti-cgt-armllvm_5.1.1.LTS/lib --diag_wrap=off --display_error_number --warn_sections --xml_link_info=test1_motor_selftest_linkInfo.xml --rom_model ./empty.o ./ti_msp_dl_config.o ./startup_mspm0g350x_ticlang.o ./algorithm/line_tracking.o ./algorithm/pid.o ./app/app.o ./app/motor_test.o ./app/req002.o ./bsp/board_safety.o ./bsp/timebase.o ./drivers/diag_console.o ./drivers/encoders.o ./drivers/i2c_diag.o ./drivers/k230_link.o ./drivers/line_sensors.o ./drivers/motor_driver.o ./drivers/nrf24_ptx.o ./drivers/oled_ssd1306.o ./drivers/start_button.o -l./device_linker.cmd -ldevice.cmd.genlibs -llibc.a --start-group -llibc++.a -llibc++abi.a -llibc.a -llibsys.a -llibsysbm.a -llibclang_rt.builtins.a -llibclang_rt.profile.a --end-group</command_line>
   <link_time>0x6a6cce53</link_time>
   <link_errors>0x0</link_errors>
   <output_file>C:\Users\Administrator\workspace_ccstheia\test1\MotorSelfTest\test1_motor_selftest.out</output_file>
   <entry_point>
      <name>_c_int00_noargs</name>
      <address>0xbe31</address>
   </entry_point>
   <input_file_list>
      <input_file id="fl-1">
         <path>C:\Users\Administrator\workspace_ccstheia\test1\MotorSelfTest\.\</path>
         <kind>object</kind>
         <file>empty.o</file>
         <name>empty.o</name>
      </input_file>
      <input_file id="fl-2">
         <path>C:\Users\Administrator\workspace_ccstheia\test1\MotorSelfTest\.\</path>
         <kind>object</kind>
         <file>ti_msp_dl_config.o</file>
         <name>ti_msp_dl_config.o</name>
      </input_file>
      <input_file id="fl-3">
         <path>C:\Users\Administrator\workspace_ccstheia\test1\MotorSelfTest\.\</path>
         <kind>object</kind>
         <file>startup_mspm0g350x_ticlang.o</file>
         <name>startup_mspm0g350x_ticlang.o</name>
      </input_file>
      <input_file id="fl-4">
         <path>C:\Users\Administrator\workspace_ccstheia\test1\MotorSelfTest\.\algorithm\</path>
         <kind>object</kind>
         <file>line_tracking.o</file>
         <name>line_tracking.o</name>
      </input_file>
      <input_file id="fl-5">
         <path>C:\Users\Administrator\workspace_ccstheia\test1\MotorSelfTest\.\algorithm\</path>
         <kind>object</kind>
         <file>pid.o</file>
         <name>pid.o</name>
      </input_file>
      <input_file id="fl-6">
         <path>C:\Users\Administrator\workspace_ccstheia\test1\MotorSelfTest\.\app\</path>
         <kind>object</kind>
         <file>app.o</file>
         <name>app.o</name>
      </input_file>
      <input_file id="fl-7">
         <path>C:\Users\Administrator\workspace_ccstheia\test1\MotorSelfTest\.\app\</path>
         <kind>object</kind>
         <file>motor_test.o</file>
         <name>motor_test.o</name>
      </input_file>
      <input_file id="fl-8">
         <path>C:\Users\Administrator\workspace_ccstheia\test1\MotorSelfTest\.\app\</path>
         <kind>object</kind>
         <file>req002.o</file>
         <name>req002.o</name>
      </input_file>
      <input_file id="fl-9">
         <path>C:\Users\Administrator\workspace_ccstheia\test1\MotorSelfTest\.\bsp\</path>
         <kind>object</kind>
         <file>board_safety.o</file>
         <name>board_safety.o</name>
      </input_file>
      <input_file id="fl-a">
         <path>C:\Users\Administrator\workspace_ccstheia\test1\MotorSelfTest\.\bsp\</path>
         <kind>object</kind>
         <file>timebase.o</file>
         <name>timebase.o</name>
      </input_file>
      <input_file id="fl-b">
         <path>C:\Users\Administrator\workspace_ccstheia\test1\MotorSelfTest\.\drivers\</path>
         <kind>object</kind>
         <file>diag_console.o</file>
         <name>diag_console.o</name>
      </input_file>
      <input_file id="fl-c">
         <path>C:\Users\Administrator\workspace_ccstheia\test1\MotorSelfTest\.\drivers\</path>
         <kind>object</kind>
         <file>encoders.o</file>
         <name>encoders.o</name>
      </input_file>
      <input_file id="fl-d">
         <path>C:\Users\Administrator\workspace_ccstheia\test1\MotorSelfTest\.\drivers\</path>
         <kind>object</kind>
         <file>i2c_diag.o</file>
         <name>i2c_diag.o</name>
      </input_file>
      <input_file id="fl-e">
         <path>C:\Users\Administrator\workspace_ccstheia\test1\MotorSelfTest\.\drivers\</path>
         <kind>object</kind>
         <file>k230_link.o</file>
         <name>k230_link.o</name>
      </input_file>
      <input_file id="fl-f">
         <path>C:\Users\Administrator\workspace_ccstheia\test1\MotorSelfTest\.\drivers\</path>
         <kind>object</kind>
         <file>line_sensors.o</file>
         <name>line_sensors.o</name>
      </input_file>
      <input_file id="fl-10">
         <path>C:\Users\Administrator\workspace_ccstheia\test1\MotorSelfTest\.\drivers\</path>
         <kind>object</kind>
         <file>motor_driver.o</file>
         <name>motor_driver.o</name>
      </input_file>
      <input_file id="fl-11">
         <path>C:\Users\Administrator\workspace_ccstheia\test1\MotorSelfTest\.\drivers\</path>
         <kind>object</kind>
         <file>nrf24_ptx.o</file>
         <name>nrf24_ptx.o</name>
      </input_file>
      <input_file id="fl-12">
         <path>C:\Users\Administrator\workspace_ccstheia\test1\MotorSelfTest\.\drivers\</path>
         <kind>object</kind>
         <file>oled_ssd1306.o</file>
         <name>oled_ssd1306.o</name>
      </input_file>
      <input_file id="fl-13">
         <path>C:\Users\Administrator\workspace_ccstheia\test1\MotorSelfTest\.\drivers\</path>
         <kind>object</kind>
         <file>start_button.o</file>
         <name>start_button.o</name>
      </input_file>
      <input_file id="fl-20">
         <path>C:\Users\Administrator\workspace_ccstheia\test1\MotorSelfTest\</path>
         <kind>object</kind>
         <file>&lt;internal&gt;</file>
         <name>&lt;internal&gt;</name>
      </input_file>
      <input_file id="fl-21">
         <path>D:\AAADiansai\CCS\mspm0_sdk_2_11_00_07\source\ti\driverlib\lib\ticlang\m0p\mspm0g1x0x_g3x0x\</path>
         <kind>archive</kind>
         <file>driverlib.a</file>
         <name>dl_common.o</name>
      </input_file>
      <input_file id="fl-22">
         <path>D:\AAADiansai\CCS\mspm0_sdk_2_11_00_07\source\ti\driverlib\lib\ticlang\m0p\mspm0g1x0x_g3x0x\</path>
         <kind>archive</kind>
         <file>driverlib.a</file>
         <name>dl_i2c.o</name>
      </input_file>
      <input_file id="fl-23">
         <path>D:\AAADiansai\CCS\mspm0_sdk_2_11_00_07\source\ti\driverlib\lib\ticlang\m0p\mspm0g1x0x_g3x0x\</path>
         <kind>archive</kind>
         <file>driverlib.a</file>
         <name>dl_spi.o</name>
      </input_file>
      <input_file id="fl-24">
         <path>D:\AAADiansai\CCS\mspm0_sdk_2_11_00_07\source\ti\driverlib\lib\ticlang\m0p\mspm0g1x0x_g3x0x\</path>
         <kind>archive</kind>
         <file>driverlib.a</file>
         <name>dl_timer.o</name>
      </input_file>
      <input_file id="fl-25">
         <path>D:\AAADiansai\CCS\mspm0_sdk_2_11_00_07\source\ti\driverlib\lib\ticlang\m0p\mspm0g1x0x_g3x0x\</path>
         <kind>archive</kind>
         <file>driverlib.a</file>
         <name>dl_uart.o</name>
      </input_file>
      <input_file id="fl-42">
         <path>D:\AAADiansai\CCS\ccs\tools\compiler\ti-cgt-armllvm_5.1.1.LTS\lib\armv6m-ti-none-eabi\c\</path>
         <kind>archive</kind>
         <file>libc.a</file>
         <name>memcmp.c.obj</name>
      </input_file>
      <input_file id="fl-43">
         <path>D:\AAADiansai\CCS\ccs\tools\compiler\ti-cgt-armllvm_5.1.1.LTS\lib\armv6m-ti-none-eabi\c\</path>
         <kind>archive</kind>
         <file>libc.a</file>
         <name>boot_cortex_m.c.obj</name>
      </input_file>
      <input_file id="fl-44">
         <path>D:\AAADiansai\CCS\ccs\tools\compiler\ti-cgt-armllvm_5.1.1.LTS\lib\armv6m-ti-none-eabi\c\</path>
         <kind>archive</kind>
         <file>libc.a</file>
         <name>mathacl_init.c.obj</name>
      </input_file>
      <input_file id="fl-45">
         <path>D:\AAADiansai\CCS\ccs\tools\compiler\ti-cgt-armllvm_5.1.1.LTS\lib\armv6m-ti-none-eabi\c\</path>
         <kind>archive</kind>
         <file>libc.a</file>
         <name>autoinit.c.obj</name>
      </input_file>
      <input_file id="fl-46">
         <path>D:\AAADiansai\CCS\ccs\tools\compiler\ti-cgt-armllvm_5.1.1.LTS\lib\armv6m-ti-none-eabi\c\</path>
         <kind>archive</kind>
         <file>libc.a</file>
         <name>pre_init.c.obj</name>
      </input_file>
      <input_file id="fl-47">
         <path>D:\AAADiansai\CCS\ccs\tools\compiler\ti-cgt-armllvm_5.1.1.LTS\lib\armv6m-ti-none-eabi\c\</path>
         <kind>archive</kind>
         <file>libc.a</file>
         <name>cpy_tbl.c.obj</name>
      </input_file>
      <input_file id="fl-48">
         <path>D:\AAADiansai\CCS\ccs\tools\compiler\ti-cgt-armllvm_5.1.1.LTS\lib\armv6m-ti-none-eabi\c\</path>
         <kind>archive</kind>
         <file>libc.a</file>
         <name>copy_zero_init.c.obj</name>
      </input_file>
      <input_file id="fl-49">
         <path>D:\AAADiansai\CCS\ccs\tools\compiler\ti-cgt-armllvm_5.1.1.LTS\lib\armv6m-ti-none-eabi\c\</path>
         <kind>archive</kind>
         <file>libc.a</file>
         <name>copy_decompress_none.c.obj</name>
      </input_file>
      <input_file id="fl-4a">
         <path>D:\AAADiansai\CCS\ccs\tools\compiler\ti-cgt-armllvm_5.1.1.LTS\lib\armv6m-ti-none-eabi\c\</path>
         <kind>archive</kind>
         <file>libc.a</file>
         <name>copy_decompress_lzss.c.obj</name>
      </input_file>
      <input_file id="fl-4b">
         <path>D:\AAADiansai\CCS\ccs\tools\compiler\ti-cgt-armllvm_5.1.1.LTS\lib\armv6m-ti-none-eabi\c\</path>
         <kind>archive</kind>
         <file>libc.a</file>
         <name>exit.c.obj</name>
      </input_file>
      <input_file id="fl-4c">
         <path>D:\AAADiansai\CCS\ccs\tools\compiler\ti-cgt-armllvm_5.1.1.LTS\lib\armv6m-ti-none-eabi\c\</path>
         <kind>archive</kind>
         <file>libc.a</file>
         <name>_lock.c.obj</name>
      </input_file>
      <input_file id="fl-4d">
         <path>D:\AAADiansai\CCS\ccs\tools\compiler\ti-cgt-armllvm_5.1.1.LTS\lib\armv6m-ti-none-eabi\c\</path>
         <kind>archive</kind>
         <file>libc.a</file>
         <name>args_main.c.obj</name>
      </input_file>
      <input_file id="fl-141">
         <path>D:\AAADiansai\CCS\ccs\tools\compiler\ti-cgt-armllvm_5.1.1.LTS\lib\armv6m-ti-none-eabi\c\</path>
         <kind>archive</kind>
         <file>libsysbm.a</file>
         <name>hostexit.c.obj</name>
      </input_file>
      <input_file id="fl-142">
         <path>D:\AAADiansai\CCS\ccs\tools\compiler\ti-cgt-armllvm_5.1.1.LTS\lib\armv6m-ti-none-eabi\</path>
         <kind>archive</kind>
         <file>libclang_rt.builtins.a</file>
         <name>addsf3.S.obj</name>
      </input_file>
      <input_file id="fl-143">
         <path>D:\AAADiansai\CCS\ccs\tools\compiler\ti-cgt-armllvm_5.1.1.LTS\lib\armv6m-ti-none-eabi\</path>
         <kind>archive</kind>
         <file>libclang_rt.builtins.a</file>
         <name>mulsf3.S.obj</name>
      </input_file>
      <input_file id="fl-144">
         <path>D:\AAADiansai\CCS\ccs\tools\compiler\ti-cgt-armllvm_5.1.1.LTS\lib\armv6m-ti-none-eabi\</path>
         <kind>archive</kind>
         <file>libclang_rt.builtins.a</file>
         <name>divsf3.S.obj</name>
      </input_file>
      <input_file id="fl-145">
         <path>D:\AAADiansai\CCS\ccs\tools\compiler\ti-cgt-armllvm_5.1.1.LTS\lib\armv6m-ti-none-eabi\</path>
         <kind>archive</kind>
         <file>libclang_rt.builtins.a</file>
         <name>fixsfsi.S.obj</name>
      </input_file>
      <input_file id="fl-146">
         <path>D:\AAADiansai\CCS\ccs\tools\compiler\ti-cgt-armllvm_5.1.1.LTS\lib\armv6m-ti-none-eabi\</path>
         <kind>archive</kind>
         <file>libclang_rt.builtins.a</file>
         <name>floatunsisf.S.obj</name>
      </input_file>
      <input_file id="fl-147">
         <path>D:\AAADiansai\CCS\ccs\tools\compiler\ti-cgt-armllvm_5.1.1.LTS\lib\armv6m-ti-none-eabi\</path>
         <kind>archive</kind>
         <file>libclang_rt.builtins.a</file>
         <name>aeabi_fcmp.S.obj</name>
      </input_file>
      <input_file id="fl-148">
         <path>D:\AAADiansai\CCS\ccs\tools\compiler\ti-cgt-armllvm_5.1.1.LTS\lib\armv6m-ti-none-eabi\</path>
         <kind>archive</kind>
         <file>libclang_rt.builtins.a</file>
         <name>aeabi_uidivmod.S.obj</name>
      </input_file>
      <input_file id="fl-149">
         <path>D:\AAADiansai\CCS\ccs\tools\compiler\ti-cgt-armllvm_5.1.1.LTS\lib\armv6m-ti-none-eabi\</path>
         <kind>archive</kind>
         <file>libclang_rt.builtins.a</file>
         <name>aeabi_memcpy.S.obj</name>
      </input_file>
      <input_file id="fl-14a">
         <path>D:\AAADiansai\CCS\ccs\tools\compiler\ti-cgt-armllvm_5.1.1.LTS\lib\armv6m-ti-none-eabi\</path>
         <kind>archive</kind>
         <file>libclang_rt.builtins.a</file>
         <name>aeabi_memset.S.obj</name>
      </input_file>
      <input_file id="fl-14b">
         <path>D:\AAADiansai\CCS\ccs\tools\compiler\ti-cgt-armllvm_5.1.1.LTS\lib\armv6m-ti-none-eabi\</path>
         <kind>archive</kind>
         <file>libclang_rt.builtins.a</file>
         <name>comparesf2.S.obj</name>
      </input_file>
      <input_file id="fl-14c">
         <path>D:\AAADiansai\CCS\ccs\tools\compiler\ti-cgt-armllvm_5.1.1.LTS\lib\armv6m-ti-none-eabi\</path>
         <kind>archive</kind>
         <file>libclang_rt.builtins.a</file>
         <name>muldsi3.S.obj</name>
      </input_file>
      <input_file id="fl-14d">
         <path>D:\AAADiansai\CCS\ccs\tools\compiler\ti-cgt-armllvm_5.1.1.LTS\lib\armv6m-ti-none-eabi\</path>
         <kind>archive</kind>
         <file>libclang_rt.builtins.a</file>
         <name>aeabi_div0.c.obj</name>
      </input_file>
      <input_file id="fl-14e">
         <path>D:\AAADiansai\CCS\ccs\tools\compiler\ti-cgt-armllvm_5.1.1.LTS\lib\armv6m-ti-none-eabi\c\</path>
         <kind>archive</kind>
         <file>libc.a</file>
         <name>memcpy16.S.obj</name>
      </input_file>
      <input_file id="fl-14f">
         <path>D:\AAADiansai\CCS\ccs\tools\compiler\ti-cgt-armllvm_5.1.1.LTS\lib\armv6m-ti-none-eabi\c\</path>
         <kind>archive</kind>
         <file>libc.a</file>
         <name>memset16.S.obj</name>
      </input_file>
   </input_file_list>
   <object_component_list>
      <object_component id="oc-18">
         <name>.intvecs</name>
         <load_address>0x0</load_address>
         <readonly>true</readonly>
         <run_address>0x0</run_address>
         <size>0xc0</size>
         <alignment>0x4</alignment>
         <input_file_ref idref="fl-3"/>
      </object_component>
      <object_component id="oc-129">
         <name>.text.DiagConsole_service</name>
         <load_address>0xc0</load_address>
         <readonly>true</readonly>
         <executable>true</executable>
         <run_address>0xc0</run_address>
         <size>0x213c</size>
         <alignment>0x4</alignment>
         <input_file_ref idref="fl-b"/>
      </object_component>
      <object_component id="oc-202">
         <name>.text.reportReq002</name>
         <load_address>0x21fc</load_address>
         <readonly>true</readonly>
         <executable>true</executable>
         <run_address>0x21fc</run_address>
         <size>0x1948</size>
         <alignment>0x4</alignment>
         <input_file_ref idref="fl-b"/>
      </object_component>
      <object_component id="oc-18b">
         <name>.text.reportRadioStatus</name>
         <load_address>0x3b44</load_address>
         <readonly>true</readonly>
         <executable>true</executable>
         <run_address>0x3b44</run_address>
         <size>0x16fc</size>
         <alignment>0x4</alignment>
         <input_file_ref idref="fl-b"/>
      </object_component>
      <object_component id="oc-1e6">
         <name>.text.reportLine</name>
         <load_address>0x5240</load_address>
         <readonly>true</readonly>
         <executable>true</executable>
         <run_address>0x5240</run_address>
         <size>0x14d8</size>
         <alignment>0x4</alignment>
         <input_file_ref idref="fl-b"/>
      </object_component>
      <object_component id="oc-1f6">
         <name>.text.reportMotorTest</name>
         <load_address>0x6718</load_address>
         <readonly>true</readonly>
         <executable>true</executable>
         <run_address>0x6718</run_address>
         <size>0xbb8</size>
         <alignment>0x4</alignment>
         <input_file_ref idref="fl-b"/>
      </object_component>
      <object_component id="oc-18a">
         <name>.text.reportStatus</name>
         <load_address>0x72d0</load_address>
         <readonly>true</readonly>
         <executable>true</executable>
         <run_address>0x72d0</run_address>
         <size>0x774</size>
         <alignment>0x4</alignment>
         <input_file_ref idref="fl-b"/>
      </object_component>
      <object_component id="oc-12a">
         <name>.text.Nrf24Ptx_service</name>
         <load_address>0x7a44</load_address>
         <readonly>true</readonly>
         <executable>true</executable>
         <run_address>0x7a44</run_address>
         <size>0x49c</size>
         <alignment>0x4</alignment>
         <input_file_ref idref="fl-11"/>
      </object_component>
      <object_component id="oc-1fd">
         <name>.text.reportRadioRegisters</name>
         <load_address>0x7ee0</load_address>
         <readonly>true</readonly>
         <executable>true</executable>
         <run_address>0x7ee0</run_address>
         <size>0x458</size>
         <alignment>0x4</alignment>
         <input_file_ref idref="fl-b"/>
      </object_component>
      <object_component id="oc-1f5">
         <name>.text.reportI2c</name>
         <load_address>0x8338</load_address>
         <readonly>true</readonly>
         <executable>true</executable>
         <run_address>0x8338</run_address>
         <size>0x400</size>
         <alignment>0x4</alignment>
         <input_file_ref idref="fl-b"/>
      </object_component>
      <object_component id="oc-266">
         <name>.text.OledSsd1306_showTestPattern</name>
         <load_address>0x8738</load_address>
         <readonly>true</readonly>
         <executable>true</executable>
         <run_address>0x8738</run_address>
         <size>0x328</size>
         <alignment>0x4</alignment>
         <input_file_ref idref="fl-12"/>
      </object_component>
      <object_component id="oc-206">
         <name>.text.runSelfTest</name>
         <load_address>0x8a60</load_address>
         <readonly>true</readonly>
         <executable>true</executable>
         <run_address>0x8a60</run_address>
         <size>0x304</size>
         <alignment>0x4</alignment>
         <input_file_ref idref="fl-b"/>
      </object_component>
      <object_component id="oc-124">
         <name>.text.LineTracking_service</name>
         <load_address>0x8d64</load_address>
         <readonly>true</readonly>
         <executable>true</executable>
         <run_address>0x8d64</run_address>
         <size>0x2e4</size>
         <alignment>0x4</alignment>
         <input_file_ref idref="fl-4"/>
      </object_component>
      <object_component id="oc-19b">
         <name>.text.readRegisterBlock</name>
         <load_address>0x9048</load_address>
         <readonly>true</readonly>
         <executable>true</executable>
         <run_address>0x9048</run_address>
         <size>0x22c</size>
         <alignment>0x4</alignment>
         <input_file_ref idref="fl-f"/>
      </object_component>
      <object_component id="oc-1fa">
         <name>.text.forceOledAllOn</name>
         <load_address>0x9274</load_address>
         <readonly>true</readonly>
         <executable>true</executable>
         <run_address>0x9274</run_address>
         <size>0x208</size>
         <alignment>0x4</alignment>
         <input_file_ref idref="fl-b"/>
      </object_component>
      <object_component id="oc-1b2">
         <name>.text.Pid_step</name>
         <load_address>0x947c</load_address>
         <readonly>true</readonly>
         <executable>true</executable>
         <run_address>0x947c</run_address>
         <size>0x1a2</size>
         <alignment>0x2</alignment>
         <input_file_ref idref="fl-5"/>
      </object_component>
      <object_component id="oc-33">
         <name>.text.Default_Handler</name>
         <load_address>0x961e</load_address>
         <readonly>true</readonly>
         <executable>true</executable>
         <run_address>0x961e</run_address>
         <size>0x2</size>
         <alignment>0x2</alignment>
         <input_file_ref idref="fl-3"/>
      </object_component>
      <object_component id="oc-117">
         <name>.text.DiagConsole_reportBoot</name>
         <load_address>0x9620</load_address>
         <readonly>true</readonly>
         <executable>true</executable>
         <run_address>0x9620</run_address>
         <size>0x19c</size>
         <alignment>0x4</alignment>
         <input_file_ref idref="fl-b"/>
      </object_component>
      <object_component id="oc-214">
         <name>.text.transaction</name>
         <load_address>0x97bc</load_address>
         <readonly>true</readonly>
         <executable>true</executable>
         <run_address>0x97bc</run_address>
         <size>0x184</size>
         <alignment>0x4</alignment>
         <input_file_ref idref="fl-11"/>
      </object_component>
      <object_component id="oc-1ee">
         <name>.text.writeI32</name>
         <load_address>0x9940</load_address>
         <readonly>true</readonly>
         <executable>true</executable>
         <run_address>0x9940</run_address>
         <size>0x16c</size>
         <alignment>0x4</alignment>
         <input_file_ref idref="fl-b"/>
      </object_component>
      <object_component id="oc-200">
         <name>.text.writeU32</name>
         <load_address>0x9aac</load_address>
         <readonly>true</readonly>
         <executable>true</executable>
         <run_address>0x9aac</run_address>
         <size>0x154</size>
         <alignment>0x4</alignment>
         <input_file_ref idref="fl-b"/>
      </object_component>
      <object_component id="oc-1fc">
         <name>.text.clearOled</name>
         <load_address>0x9c00</load_address>
         <readonly>true</readonly>
         <executable>true</executable>
         <run_address>0x9c00</run_address>
         <size>0x148</size>
         <alignment>0x4</alignment>
         <input_file_ref idref="fl-b"/>
      </object_component>
      <object_component id="oc-25b">
         <name>.text.I2cDiag_scan</name>
         <load_address>0x9d48</load_address>
         <readonly>true</readonly>
         <executable>true</executable>
         <run_address>0x9d48</run_address>
         <size>0x12c</size>
         <alignment>0x4</alignment>
         <input_file_ref idref="fl-d"/>
      </object_component>
      <object_component id="oc-189">
         <name>.text.Nrf24Ptx_captureDiagnosticChar</name>
         <load_address>0x9e74</load_address>
         <readonly>true</readonly>
         <executable>true</executable>
         <run_address>0x9e74</run_address>
         <size>0x11c</size>
         <alignment>0x4</alignment>
         <input_file_ref idref="fl-11"/>
      </object_component>
      <object_component id="oc-1fb">
         <name>.text.forceOledAllOnSh1106</name>
         <load_address>0x9f90</load_address>
         <readonly>true</readonly>
         <executable>true</executable>
         <run_address>0x9f90</run_address>
         <size>0x11c</size>
         <alignment>0x4</alignment>
         <input_file_ref idref="fl-b"/>
      </object_component>
      <object_component id="oc-1f9">
         <name>.text.runOledTest</name>
         <load_address>0xa0ac</load_address>
         <readonly>true</readonly>
         <executable>true</executable>
         <run_address>0xa0ac</run_address>
         <size>0x11c</size>
         <alignment>0x4</alignment>
         <input_file_ref idref="fl-b"/>
      </object_component>
      <object_component id="oc-14d">
         <name>.text.DL_Timer_initFourCCPWMMode</name>
         <load_address>0xa1c8</load_address>
         <readonly>true</readonly>
         <executable>true</executable>
         <run_address>0xa1c8</run_address>
         <size>0x104</size>
         <alignment>0x4</alignment>
         <input_file_ref idref="fl-24"/>
      </object_component>
      <object_component id="oc-265">
         <name>.text.MotorDriver_driveSinglePrimary</name>
         <load_address>0xa2cc</load_address>
         <readonly>true</readonly>
         <executable>true</executable>
         <run_address>0xa2cc</run_address>
         <size>0x104</size>
         <alignment>0x4</alignment>
         <input_file_ref idref="fl-10"/>
      </object_component>
      <object_component id="oc-292">
         <name>.text.writePageData</name>
         <load_address>0xa3d0</load_address>
         <readonly>true</readonly>
         <executable>true</executable>
         <run_address>0xa3d0</run_address>
         <size>0xfc</size>
         <alignment>0x4</alignment>
         <input_file_ref idref="fl-12"/>
      </object_component>
      <object_component id="oc-215">
         <name>.text.command</name>
         <load_address>0xa4cc</load_address>
         <readonly>true</readonly>
         <executable>true</executable>
         <run_address>0xa4cc</run_address>
         <size>0xec</size>
         <alignment>0x4</alignment>
         <input_file_ref idref="fl-11"/>
      </object_component>
      <object_component id="oc-eb">
         <name>.text.SYSCFG_DL_GPIO_init</name>
         <load_address>0xa5b8</load_address>
         <readonly>true</readonly>
         <executable>true</executable>
         <run_address>0xa5b8</run_address>
         <size>0xdc</size>
         <alignment>0x4</alignment>
         <input_file_ref idref="fl-2"/>
      </object_component>
      <object_component id="oc-1a5">
         <name>.text</name>
         <load_address>0xa694</load_address>
         <readonly>true</readonly>
         <executable>true</executable>
         <run_address>0xa694</run_address>
         <size>0xd8</size>
         <alignment>0x4</alignment>
         <input_file_ref idref="fl-142"/>
      </object_component>
      <object_component id="oc-123">
         <name>.text.LineSensors_service</name>
         <load_address>0xa76c</load_address>
         <readonly>true</readonly>
         <executable>true</executable>
         <run_address>0xa76c</run_address>
         <size>0xb4</size>
         <alignment>0x4</alignment>
         <input_file_ref idref="fl-f"/>
      </object_component>
      <object_component id="oc-ef">
         <name>.text.SYSCFG_DL_LEFT_CAPTURE_init</name>
         <load_address>0xa820</load_address>
         <readonly>true</readonly>
         <executable>true</executable>
         <run_address>0xa820</run_address>
         <size>0xb0</size>
         <alignment>0x4</alignment>
         <input_file_ref idref="fl-2"/>
      </object_component>
      <object_component id="oc-ae">
         <name>.text:memcpy</name>
         <load_address>0xa8d0</load_address>
         <readonly>true</readonly>
         <executable>true</executable>
         <run_address>0xa8d0</run_address>
         <size>0x9a</size>
         <alignment>0x1</alignment>
         <input_file_ref idref="fl-14e"/>
      </object_component>
      <object_component id="oc-254">
         <name>.text.__aeabi_idiv0</name>
         <load_address>0xa96a</load_address>
         <readonly>true</readonly>
         <executable>true</executable>
         <run_address>0xa96a</run_address>
         <size>0x2</size>
         <alignment>0x2</alignment>
         <input_file_ref idref="fl-14d"/>
      </object_component>
      <object_component id="oc-ed">
         <name>.text.SYSCFG_DL_MOTOR_PWM_init</name>
         <load_address>0xa96c</load_address>
         <readonly>true</readonly>
         <executable>true</executable>
         <run_address>0xa96c</run_address>
         <size>0x94</size>
         <alignment>0x4</alignment>
         <input_file_ref idref="fl-2"/>
      </object_component>
      <object_component id="oc-110">
         <name>.text.Encoders_init</name>
         <load_address>0xaa00</load_address>
         <readonly>true</readonly>
         <executable>true</executable>
         <run_address>0xaa00</run_address>
         <size>0x90</size>
         <alignment>0x4</alignment>
         <input_file_ref idref="fl-c"/>
      </object_component>
      <object_component id="oc-f2">
         <name>.text.SYSCFG_DL_DIAG_UART_init</name>
         <load_address>0xaa90</load_address>
         <readonly>true</readonly>
         <executable>true</executable>
         <run_address>0xaa90</run_address>
         <size>0x8c</size>
         <alignment>0x4</alignment>
         <input_file_ref idref="fl-2"/>
      </object_component>
      <object_component id="oc-24a">
         <name>.text</name>
         <load_address>0xab1c</load_address>
         <readonly>true</readonly>
         <executable>true</executable>
         <run_address>0xab1c</run_address>
         <size>0x8c</size>
         <alignment>0x4</alignment>
         <input_file_ref idref="fl-14b"/>
      </object_component>
      <object_component id="oc-1a9">
         <name>.text</name>
         <load_address>0xaba8</load_address>
         <readonly>true</readonly>
         <executable>true</executable>
         <run_address>0xaba8</run_address>
         <size>0x8c</size>
         <alignment>0x4</alignment>
         <input_file_ref idref="fl-143"/>
      </object_component>
      <object_component id="oc-273">
         <name>.text.OledSsd1306_clear</name>
         <load_address>0xac34</load_address>
         <readonly>true</readonly>
         <executable>true</executable>
         <run_address>0xac34</run_address>
         <size>0x88</size>
         <alignment>0x4</alignment>
         <input_file_ref idref="fl-12"/>
      </object_component>
      <object_component id="oc-291">
         <name>.text.writeCommand</name>
         <load_address>0xacbc</load_address>
         <readonly>true</readonly>
         <executable>true</executable>
         <run_address>0xacbc</run_address>
         <size>0x88</size>
         <alignment>0x4</alignment>
         <input_file_ref idref="fl-12"/>
      </object_component>
      <object_component id="oc-71">
         <name>.text.Encoders_onLeftCaptureInterrupt</name>
         <load_address>0xad44</load_address>
         <readonly>true</readonly>
         <executable>true</executable>
         <run_address>0xad44</run_address>
         <size>0x84</size>
         <alignment>0x4</alignment>
         <input_file_ref idref="fl-c"/>
      </object_component>
      <object_component id="oc-118">
         <name>.text.Nrf24Ptx_init</name>
         <load_address>0xadc8</load_address>
         <readonly>true</readonly>
         <executable>true</executable>
         <run_address>0xadc8</run_address>
         <size>0x84</size>
         <alignment>0x4</alignment>
         <input_file_ref idref="fl-11"/>
      </object_component>
      <object_component id="oc-1a1">
         <name>.text</name>
         <load_address>0xae4c</load_address>
         <readonly>true</readonly>
         <executable>true</executable>
         <run_address>0xae4c</run_address>
         <size>0x82</size>
         <alignment>0x4</alignment>
         <input_file_ref idref="fl-144"/>
      </object_component>
      <object_component id="oc-e9">
         <name>.text.SYSCFG_DL_initPower</name>
         <load_address>0xaed0</load_address>
         <readonly>true</readonly>
         <executable>true</executable>
         <run_address>0xaed0</run_address>
         <size>0x7c</size>
         <alignment>0x4</alignment>
         <input_file_ref idref="fl-2"/>
      </object_component>
      <object_component id="oc-1f8">
         <name>.text.writeText</name>
         <load_address>0xaf4c</load_address>
         <readonly>true</readonly>
         <executable>true</executable>
         <run_address>0xaf4c</run_address>
         <size>0x78</size>
         <alignment>0x4</alignment>
         <input_file_ref idref="fl-b"/>
      </object_component>
      <object_component id="oc-1f7">
         <name>.text.MotorTest_start</name>
         <load_address>0xafc4</load_address>
         <readonly>true</readonly>
         <executable>true</executable>
         <run_address>0xafc4</run_address>
         <size>0x74</size>
         <alignment>0x4</alignment>
         <input_file_ref idref="fl-7"/>
      </object_component>
      <object_component id="oc-127">
         <name>.text.Req002_service</name>
         <load_address>0xb038</load_address>
         <readonly>true</readonly>
         <executable>true</executable>
         <run_address>0xb038</run_address>
         <size>0x74</size>
         <alignment>0x4</alignment>
         <input_file_ref idref="fl-8"/>
      </object_component>
      <object_component id="oc-120">
         <name>.text.BoardSafety_service</name>
         <load_address>0xb0ac</load_address>
         <readonly>true</readonly>
         <executable>true</executable>
         <run_address>0xb0ac</run_address>
         <size>0x70</size>
         <alignment>0x4</alignment>
         <input_file_ref idref="fl-9"/>
      </object_component>
      <object_component id="oc-216">
         <name>.text.writeRegistersAndVerify</name>
         <load_address>0xb11c</load_address>
         <readonly>true</readonly>
         <executable>true</executable>
         <run_address>0xb11c</run_address>
         <size>0x64</size>
         <alignment>0x4</alignment>
         <input_file_ref idref="fl-11"/>
      </object_component>
      <object_component id="oc-e8">
         <name>.text:memset</name>
         <load_address>0xb180</load_address>
         <readonly>true</readonly>
         <executable>true</executable>
         <run_address>0xb180</run_address>
         <size>0x62</size>
         <alignment>0x1</alignment>
         <input_file_ref idref="fl-14f"/>
      </object_component>
      <object_component id="oc-241">
         <name>.text.DL_I2C_fillControllerTXFIFO</name>
         <load_address>0xb1e2</load_address>
         <readonly>true</readonly>
         <executable>true</executable>
         <run_address>0xb1e2</run_address>
         <size>0x5e</size>
         <alignment>0x2</alignment>
         <input_file_ref idref="fl-22"/>
      </object_component>
      <object_component id="oc-6b">
         <name>.text.DiagConsole_onUartInterrupt</name>
         <load_address>0xb240</load_address>
         <readonly>true</readonly>
         <executable>true</executable>
         <run_address>0xb240</run_address>
         <size>0x5c</size>
         <alignment>0x4</alignment>
         <input_file_ref idref="fl-b"/>
      </object_component>
      <object_component id="oc-1e7">
         <name>.text.Encoders_snapshot</name>
         <load_address>0xb29c</load_address>
         <readonly>true</readonly>
         <executable>true</executable>
         <run_address>0xb29c</run_address>
         <size>0x5c</size>
         <alignment>0x4</alignment>
         <input_file_ref idref="fl-c"/>
      </object_component>
      <object_component id="oc-ee">
         <name>.text.SYSCFG_DL_RIGHT_QEI_init</name>
         <load_address>0xb2f8</load_address>
         <readonly>true</readonly>
         <executable>true</executable>
         <run_address>0xb2f8</run_address>
         <size>0x5c</size>
         <alignment>0x4</alignment>
         <input_file_ref idref="fl-2"/>
      </object_component>
      <object_component id="oc-1ad">
         <name>.text</name>
         <load_address>0xb354</load_address>
         <readonly>true</readonly>
         <executable>true</executable>
         <run_address>0xb354</run_address>
         <size>0x5a</size>
         <alignment>0x4</alignment>
         <input_file_ref idref="fl-147"/>
      </object_component>
      <object_component id="oc-dd">
         <name>.text.MotorDriver_outputsStopped</name>
         <load_address>0xb3b0</load_address>
         <readonly>true</readonly>
         <executable>true</executable>
         <run_address>0xb3b0</run_address>
         <size>0x58</size>
         <alignment>0x4</alignment>
         <input_file_ref idref="fl-10"/>
      </object_component>
      <object_component id="oc-93">
         <name>.text.BoardSafety_stop</name>
         <load_address>0xb408</load_address>
         <readonly>true</readonly>
         <executable>true</executable>
         <run_address>0xb408</run_address>
         <size>0x54</size>
         <alignment>0x4</alignment>
         <input_file_ref idref="fl-9"/>
      </object_component>
      <object_component id="oc-27e">
         <name>.text.DL_SPI_drainRXFIFO8</name>
         <load_address>0xb45c</load_address>
         <readonly>true</readonly>
         <executable>true</executable>
         <run_address>0xb45c</run_address>
         <size>0x54</size>
         <alignment>0x4</alignment>
         <input_file_ref idref="fl-23"/>
      </object_component>
      <object_component id="oc-fa">
         <name>.text.MotorDriver_init</name>
         <load_address>0xb4b0</load_address>
         <readonly>true</readonly>
         <executable>true</executable>
         <run_address>0xb4b0</run_address>
         <size>0x54</size>
         <alignment>0x4</alignment>
         <input_file_ref idref="fl-10"/>
      </object_component>
      <object_component id="oc-234">
         <name>.text.Nrf24Ptx_getStatus</name>
         <load_address>0xb504</load_address>
         <readonly>true</readonly>
         <executable>true</executable>
         <run_address>0xb504</run_address>
         <size>0x54</size>
         <alignment>0x4</alignment>
         <input_file_ref idref="fl-11"/>
      </object_component>
      <object_component id="oc-275">
         <name>.text.Nrf24Ptx_readCoreRegisters</name>
         <load_address>0xb558</load_address>
         <readonly>true</readonly>
         <executable>true</executable>
         <run_address>0xb558</run_address>
         <size>0x54</size>
         <alignment>0x2</alignment>
         <input_file_ref idref="fl-11"/>
      </object_component>
      <object_component id="oc-f0">
         <name>.text.SYSCFG_DL_LINE_I2C_init</name>
         <load_address>0xb5ac</load_address>
         <readonly>true</readonly>
         <executable>true</executable>
         <run_address>0xb5ac</run_address>
         <size>0x54</size>
         <alignment>0x4</alignment>
         <input_file_ref idref="fl-2"/>
      </object_component>
      <object_component id="oc-f1">
         <name>.text.SYSCFG_DL_OLED_I2C_init</name>
         <load_address>0xb600</load_address>
         <readonly>true</readonly>
         <executable>true</executable>
         <run_address>0xb600</run_address>
         <size>0x54</size>
         <alignment>0x4</alignment>
         <input_file_ref idref="fl-2"/>
      </object_component>
      <object_component id="oc-b3">
         <name>.text.SYSCFG_DL_init</name>
         <load_address>0xb654</load_address>
         <readonly>true</readonly>
         <executable>true</executable>
         <run_address>0xb654</run_address>
         <size>0x54</size>
         <alignment>0x4</alignment>
         <input_file_ref idref="fl-2"/>
      </object_component>
      <object_component id="oc-be">
         <name>.text.App_service</name>
         <load_address>0xb6a8</load_address>
         <readonly>true</readonly>
         <executable>true</executable>
         <run_address>0xb6a8</run_address>
         <size>0x50</size>
         <alignment>0x4</alignment>
         <input_file_ref idref="fl-6"/>
      </object_component>
      <object_component id="oc-fb">
         <name>.text.BoardSafety_init</name>
         <load_address>0xb6f8</load_address>
         <readonly>true</readonly>
         <executable>true</executable>
         <run_address>0xb6f8</run_address>
         <size>0x50</size>
         <alignment>0x4</alignment>
         <input_file_ref idref="fl-9"/>
      </object_component>
      <object_component id="oc-1fe">
         <name>.text.Nrf24Ptx_arm</name>
         <load_address>0xb748</load_address>
         <readonly>true</readonly>
         <executable>true</executable>
         <run_address>0xb748</run_address>
         <size>0x50</size>
         <alignment>0x4</alignment>
         <input_file_ref idref="fl-11"/>
      </object_component>
      <object_component id="oc-271">
         <name>.text.OledSsd1306_forceAllPixelsOnSh1106</name>
         <load_address>0xb798</load_address>
         <readonly>true</readonly>
         <executable>true</executable>
         <run_address>0xb798</run_address>
         <size>0x50</size>
         <alignment>0x4</alignment>
         <input_file_ref idref="fl-12"/>
      </object_component>
      <object_component id="oc-f3">
         <name>.text.SYSCFG_DL_RADIO_SPI_init</name>
         <load_address>0xb7e8</load_address>
         <readonly>true</readonly>
         <executable>true</executable>
         <run_address>0xb7e8</run_address>
         <size>0x4c</size>
         <alignment>0x4</alignment>
         <input_file_ref idref="fl-2"/>
      </object_component>
      <object_component id="oc-122">
         <name>.text.StartButton_poll</name>
         <load_address>0xb834</load_address>
         <readonly>true</readonly>
         <executable>true</executable>
         <run_address>0xb834</run_address>
         <size>0x4c</size>
         <alignment>0x4</alignment>
         <input_file_ref idref="fl-13"/>
      </object_component>
      <object_component id="oc-b8">
         <name>.text.App_init</name>
         <load_address>0xb880</load_address>
         <readonly>true</readonly>
         <executable>true</executable>
         <run_address>0xb880</run_address>
         <size>0x48</size>
         <alignment>0x4</alignment>
         <input_file_ref idref="fl-6"/>
      </object_component>
      <object_component id="oc-164">
         <name>.text.DL_UART_init</name>
         <load_address>0xb8c8</load_address>
         <readonly>true</readonly>
         <executable>true</executable>
         <run_address>0xb8c8</run_address>
         <size>0x48</size>
         <alignment>0x4</alignment>
         <input_file_ref idref="fl-25"/>
      </object_component>
      <object_component id="oc-116">
         <name>.text.DiagConsole_init</name>
         <load_address>0xb910</load_address>
         <readonly>true</readonly>
         <executable>true</executable>
         <run_address>0xb910</run_address>
         <size>0x48</size>
         <alignment>0x4</alignment>
         <input_file_ref idref="fl-b"/>
      </object_component>
      <object_component id="oc-10a">
         <name>.text.LineTracking_init</name>
         <load_address>0xb958</load_address>
         <readonly>true</readonly>
         <executable>true</executable>
         <run_address>0xb958</run_address>
         <size>0x48</size>
         <alignment>0x4</alignment>
         <input_file_ref idref="fl-4"/>
      </object_component>
      <object_component id="oc-217">
         <name>.text.writeAndVerify</name>
         <load_address>0xb9a0</load_address>
         <readonly>true</readonly>
         <executable>true</executable>
         <run_address>0xb9a0</run_address>
         <size>0x48</size>
         <alignment>0x2</alignment>
         <input_file_ref idref="fl-11"/>
      </object_component>
      <object_component id="oc-16d">
         <name>.text.DL_SPI_init</name>
         <load_address>0xb9e8</load_address>
         <readonly>true</readonly>
         <executable>true</executable>
         <run_address>0xb9e8</run_address>
         <size>0x44</size>
         <alignment>0x4</alignment>
         <input_file_ref idref="fl-23"/>
      </object_component>
      <object_component id="oc-26f">
         <name>.text.OledSsd1306_forceAllPixelsOn</name>
         <load_address>0xba2c</load_address>
         <readonly>true</readonly>
         <executable>true</executable>
         <run_address>0xba2c</run_address>
         <size>0x44</size>
         <alignment>0x4</alignment>
         <input_file_ref idref="fl-12"/>
      </object_component>
      <object_component id="oc-d8">
         <name>.text.MotorDriver_stopAll</name>
         <load_address>0xba70</load_address>
         <readonly>true</readonly>
         <executable>true</executable>
         <run_address>0xba70</run_address>
         <size>0x40</size>
         <alignment>0x4</alignment>
         <input_file_ref idref="fl-10"/>
      </object_component>
      <object_component id="oc-121">
         <name>.text.MotorTest_service</name>
         <load_address>0xbab0</load_address>
         <readonly>true</readonly>
         <executable>true</executable>
         <run_address>0xbab0</run_address>
         <size>0x40</size>
         <alignment>0x4</alignment>
         <input_file_ref idref="fl-7"/>
      </object_component>
      <object_component id="oc-1e8">
         <name>.text</name>
         <load_address>0xbaf0</load_address>
         <readonly>true</readonly>
         <executable>true</executable>
         <run_address>0xbaf0</run_address>
         <size>0x40</size>
         <alignment>0x4</alignment>
         <input_file_ref idref="fl-148"/>
      </object_component>
      <object_component id="oc-23f">
         <name>.text.DL_I2C_flushControllerTXFIFO</name>
         <load_address>0xbb30</load_address>
         <readonly>true</readonly>
         <executable>true</executable>
         <run_address>0xbb30</run_address>
         <size>0x3c</size>
         <alignment>0x4</alignment>
         <input_file_ref idref="fl-22"/>
      </object_component>
      <object_component id="oc-1ff">
         <name>.text.Nrf24Ptx_disarm</name>
         <load_address>0xbb6c</load_address>
         <readonly>true</readonly>
         <executable>true</executable>
         <run_address>0xbb6c</run_address>
         <size>0x3c</size>
         <alignment>0x4</alignment>
         <input_file_ref idref="fl-11"/>
      </object_component>
      <object_component id="oc-c6">
         <name>.text:__TI_auto_init_nobinit_nopinit</name>
         <load_address>0xbba8</load_address>
         <readonly>true</readonly>
         <executable>true</executable>
         <run_address>0xbba8</run_address>
         <size>0x3c</size>
         <alignment>0x4</alignment>
         <input_file_ref idref="fl-45"/>
      </object_component>
      <object_component id="oc-245">
         <name>.text</name>
         <load_address>0xbbe4</load_address>
         <readonly>true</readonly>
         <executable>true</executable>
         <run_address>0xbbe4</run_address>
         <size>0x3a</size>
         <alignment>0x4</alignment>
         <input_file_ref idref="fl-14c"/>
      </object_component>
      <object_component id="oc-201">
         <name>.text.newLine</name>
         <load_address>0xbc20</load_address>
         <readonly>true</readonly>
         <executable>true</executable>
         <run_address>0xbc20</run_address>
         <size>0x38</size>
         <alignment>0x4</alignment>
         <input_file_ref idref="fl-b"/>
      </object_component>
      <object_component id="oc-1f0">
         <name>.text</name>
         <load_address>0xbc58</load_address>
         <readonly>true</readonly>
         <executable>true</executable>
         <run_address>0xbc58</run_address>
         <size>0x38</size>
         <alignment>0x4</alignment>
         <input_file_ref idref="fl-145"/>
      </object_component>
      <object_component id="oc-204">
         <name>.text.BoardSafety_outputsSafe</name>
         <load_address>0xbc90</load_address>
         <readonly>true</readonly>
         <executable>true</executable>
         <run_address>0xbc90</run_address>
         <size>0x34</size>
         <alignment>0x4</alignment>
         <input_file_ref idref="fl-9"/>
      </object_component>
      <object_component id="oc-240">
         <name>.text.DL_I2C_flushControllerRXFIFO</name>
         <load_address>0xbcc4</load_address>
         <readonly>true</readonly>
         <executable>true</executable>
         <run_address>0xbcc4</run_address>
         <size>0x30</size>
         <alignment>0x4</alignment>
         <input_file_ref idref="fl-22"/>
      </object_component>
      <object_component id="oc-188">
         <name>.text.DL_UART_transmitDataBlocking</name>
         <load_address>0xbcf4</load_address>
         <readonly>true</readonly>
         <executable>true</executable>
         <run_address>0xbcf4</run_address>
         <size>0x30</size>
         <alignment>0x4</alignment>
         <input_file_ref idref="fl-25"/>
      </object_component>
      <object_component id="oc-63">
         <name>.text.MotorTest_onTimebaseTick</name>
         <load_address>0xbd24</load_address>
         <readonly>true</readonly>
         <executable>true</executable>
         <run_address>0xbd24</run_address>
         <size>0x30</size>
         <alignment>0x4</alignment>
         <input_file_ref idref="fl-7"/>
      </object_component>
      <object_component id="oc-ec">
         <name>.text.SYSCFG_DL_SYSCTL_init</name>
         <load_address>0xbd54</load_address>
         <readonly>true</readonly>
         <executable>true</executable>
         <run_address>0xbd54</run_address>
         <size>0x30</size>
         <alignment>0x4</alignment>
         <input_file_ref idref="fl-2"/>
      </object_component>
      <object_component id="oc-fc">
         <name>.text.Timebase_init</name>
         <load_address>0xbd84</load_address>
         <readonly>true</readonly>
         <executable>true</executable>
         <run_address>0xbd84</run_address>
         <size>0x30</size>
         <alignment>0x4</alignment>
         <input_file_ref idref="fl-a"/>
      </object_component>
      <object_component id="oc-205">
         <name>.text.Nrf24Ptx_safeWhenDisarmed</name>
         <load_address>0xbdb4</load_address>
         <readonly>true</readonly>
         <executable>true</executable>
         <run_address>0xbdb4</run_address>
         <size>0x2c</size>
         <alignment>0x4</alignment>
         <input_file_ref idref="fl-11"/>
      </object_component>
      <object_component id="oc-153">
         <name>.text.DL_Timer_setCaptureCompareCtl</name>
         <load_address>0xbde0</load_address>
         <readonly>true</readonly>
         <executable>true</executable>
         <run_address>0xbde0</run_address>
         <size>0x28</size>
         <alignment>0x4</alignment>
         <input_file_ref idref="fl-24"/>
      </object_component>
      <object_component id="oc-111">
         <name>.text.Req002_init</name>
         <load_address>0xbe08</load_address>
         <readonly>true</readonly>
         <executable>true</executable>
         <run_address>0xbe08</run_address>
         <size>0x28</size>
         <alignment>0x4</alignment>
         <input_file_ref idref="fl-8"/>
      </object_component>
      <object_component id="oc-56">
         <name>.text:_c_int00_noargs</name>
         <load_address>0xbe30</load_address>
         <readonly>true</readonly>
         <executable>true</executable>
         <run_address>0xbe30</run_address>
         <size>0x28</size>
         <alignment>0x4</alignment>
         <input_file_ref idref="fl-43"/>
      </object_component>
      <object_component id="oc-19d">
         <name>.text</name>
         <load_address>0xbe58</load_address>
         <readonly>true</readonly>
         <executable>true</executable>
         <run_address>0xbe58</run_address>
         <size>0x28</size>
         <alignment>0x4</alignment>
         <input_file_ref idref="fl-146"/>
      </object_component>
      <object_component id="oc-156">
         <name>.text.DL_I2C_setClockConfig</name>
         <load_address>0xbe80</load_address>
         <readonly>true</readonly>
         <executable>true</executable>
         <run_address>0xbe80</run_address>
         <size>0x26</size>
         <alignment>0x2</alignment>
         <input_file_ref idref="fl-22"/>
      </object_component>
      <object_component id="oc-203">
         <name>.text.MotorTest_abort</name>
         <load_address>0xbea8</load_address>
         <readonly>true</readonly>
         <executable>true</executable>
         <run_address>0xbea8</run_address>
         <size>0x20</size>
         <alignment>0x4</alignment>
         <input_file_ref idref="fl-7"/>
      </object_component>
      <object_component id="oc-fd">
         <name>.text.MotorTest_init</name>
         <load_address>0xbec8</load_address>
         <readonly>true</readonly>
         <executable>true</executable>
         <run_address>0xbec8</run_address>
         <size>0x20</size>
         <alignment>0x4</alignment>
         <input_file_ref idref="fl-7"/>
      </object_component>
      <object_component id="oc-fe">
         <name>.text.StartButton_init</name>
         <load_address>0xbee8</load_address>
         <readonly>true</readonly>
         <executable>true</executable>
         <run_address>0xbee8</run_address>
         <size>0x20</size>
         <alignment>0x4</alignment>
         <input_file_ref idref="fl-13"/>
      </object_component>
      <object_component id="oc-1b4">
         <name>.text.memcmp</name>
         <load_address>0xbf08</load_address>
         <readonly>true</readonly>
         <executable>true</executable>
         <run_address>0xbf08</run_address>
         <size>0x20</size>
         <alignment>0x2</alignment>
         <input_file_ref idref="fl-42"/>
      </object_component>
      <object_component id="oc-280">
         <name>.text.DL_SPI_receiveDataCheck8</name>
         <load_address>0xbf28</load_address>
         <readonly>true</readonly>
         <executable>true</executable>
         <run_address>0xbf28</run_address>
         <size>0x1c</size>
         <alignment>0x4</alignment>
         <input_file_ref idref="fl-23"/>
      </object_component>
      <object_component id="oc-27f">
         <name>.text.DL_SPI_transmitDataCheck8</name>
         <load_address>0xbf44</load_address>
         <readonly>true</readonly>
         <executable>true</executable>
         <run_address>0xbf44</run_address>
         <size>0x1c</size>
         <alignment>0x4</alignment>
         <input_file_ref idref="fl-23"/>
      </object_component>
      <object_component id="oc-14f">
         <name>.text.DL_Timer_setCaptCompUpdateMethod</name>
         <load_address>0xbf60</load_address>
         <readonly>true</readonly>
         <executable>true</executable>
         <run_address>0xbf60</run_address>
         <size>0x1c</size>
         <alignment>0x4</alignment>
         <input_file_ref idref="fl-24"/>
      </object_component>
      <object_component id="oc-14c">
         <name>.text.DL_Timer_setClockConfig</name>
         <load_address>0xbf7c</load_address>
         <readonly>true</readonly>
         <executable>true</executable>
         <run_address>0xbf7c</run_address>
         <size>0x1c</size>
         <alignment>0x4</alignment>
         <input_file_ref idref="fl-24"/>
      </object_component>
      <object_component id="oc-104">
         <name>.text.LineSensors_init</name>
         <load_address>0xbf98</load_address>
         <readonly>true</readonly>
         <executable>true</executable>
         <run_address>0xbf98</run_address>
         <size>0x1c</size>
         <alignment>0x4</alignment>
         <input_file_ref idref="fl-f"/>
      </object_component>
      <object_component id="oc-261">
         <name>.text.MotorTest_snapshot</name>
         <load_address>0xbfb4</load_address>
         <readonly>true</readonly>
         <executable>true</executable>
         <run_address>0xbfb4</run_address>
         <size>0x1c</size>
         <alignment>0x4</alignment>
         <input_file_ref idref="fl-7"/>
      </object_component>
      <object_component id="oc-176">
         <name>.text.Pid_init</name>
         <load_address>0xbfd0</load_address>
         <readonly>true</readonly>
         <executable>true</executable>
         <run_address>0xbfd0</run_address>
         <size>0x1c</size>
         <alignment>0x2</alignment>
         <input_file_ref idref="fl-5"/>
      </object_component>
      <object_component id="oc-154">
         <name>.text.DL_Timer_setCaptureCompareInput</name>
         <load_address>0xbfec</load_address>
         <readonly>true</readonly>
         <executable>true</executable>
         <run_address>0xbfec</run_address>
         <size>0x1a</size>
         <alignment>0x2</alignment>
         <input_file_ref idref="fl-24"/>
      </object_component>
      <object_component id="oc-7b">
         <name>.text</name>
         <load_address>0xc008</load_address>
         <readonly>true</readonly>
         <executable>true</executable>
         <run_address>0xc008</run_address>
         <size>0x1a</size>
         <alignment>0x4</alignment>
         <input_file_ref idref="fl-14a"/>
      </object_component>
      <object_component id="oc-14e">
         <name>.text.DL_Timer_setCaptureCompareOutCtl</name>
         <load_address>0xc024</load_address>
         <readonly>true</readonly>
         <executable>true</executable>
         <run_address>0xc024</run_address>
         <size>0x18</size>
         <alignment>0x4</alignment>
         <input_file_ref idref="fl-24"/>
      </object_component>
      <object_component id="oc-19c">
         <name>.text.LineSensors_snapshot</name>
         <load_address>0xc03c</load_address>
         <readonly>true</readonly>
         <executable>true</executable>
         <run_address>0xc03c</run_address>
         <size>0x18</size>
         <alignment>0x4</alignment>
         <input_file_ref idref="fl-f"/>
      </object_component>
      <object_component id="oc-262">
         <name>.text.MotorTest_stateName</name>
         <load_address>0xc054</load_address>
         <readonly>true</readonly>
         <executable>true</executable>
         <run_address>0xc054</run_address>
         <size>0x18</size>
         <alignment>0x4</alignment>
         <input_file_ref idref="fl-7"/>
      </object_component>
      <object_component id="oc-278">
         <name>.text.Req002_blockReasonName</name>
         <load_address>0xc06c</load_address>
         <readonly>true</readonly>
         <executable>true</executable>
         <run_address>0xc06c</run_address>
         <size>0x18</size>
         <alignment>0x4</alignment>
         <input_file_ref idref="fl-8"/>
      </object_component>
      <object_component id="oc-23b">
         <name>.text.Req002_stateName</name>
         <load_address>0xc084</load_address>
         <readonly>true</readonly>
         <executable>true</executable>
         <run_address>0xc084</run_address>
         <size>0x18</size>
         <alignment>0x4</alignment>
         <input_file_ref idref="fl-8"/>
      </object_component>
      <object_component id="oc-83">
         <name>.text.main</name>
         <load_address>0xc09c</load_address>
         <readonly>true</readonly>
         <executable>true</executable>
         <run_address>0xc09c</run_address>
         <size>0x16</size>
         <alignment>0x2</alignment>
         <input_file_ref idref="fl-1"/>
      </object_component>
      <object_component id="oc-1f4">
         <name>.text.StartButton_readHardwarePressed</name>
         <load_address>0xc0b4</load_address>
         <readonly>true</readonly>
         <executable>true</executable>
         <run_address>0xc0b4</run_address>
         <size>0x14</size>
         <alignment>0x4</alignment>
         <input_file_ref idref="fl-13"/>
      </object_component>
      <object_component id="oc-167">
         <name>.text.DL_SPI_setClockConfig</name>
         <load_address>0xc0c8</load_address>
         <readonly>true</readonly>
         <executable>true</executable>
         <run_address>0xc0c8</run_address>
         <size>0x12</size>
         <alignment>0x2</alignment>
         <input_file_ref idref="fl-23"/>
      </object_component>
      <object_component id="oc-15e">
         <name>.text.DL_UART_setClockConfig</name>
         <load_address>0xc0da</load_address>
         <readonly>true</readonly>
         <executable>true</executable>
         <run_address>0xc0da</run_address>
         <size>0x12</size>
         <alignment>0x2</alignment>
         <input_file_ref idref="fl-25"/>
      </object_component>
      <object_component id="oc-146">
         <name>.text.DL_Timer_getCaptureCompareValue</name>
         <load_address>0xc0ec</load_address>
         <readonly>true</readonly>
         <executable>true</executable>
         <run_address>0xc0ec</run_address>
         <size>0x10</size>
         <alignment>0x4</alignment>
         <input_file_ref idref="fl-24"/>
      </object_component>
      <object_component id="oc-13c">
         <name>.text.DL_Timer_setCaptureCompareValue</name>
         <load_address>0xc0fc</load_address>
         <readonly>true</readonly>
         <executable>true</executable>
         <run_address>0xc0fc</run_address>
         <size>0x10</size>
         <alignment>0x4</alignment>
         <input_file_ref idref="fl-24"/>
      </object_component>
      <object_component id="oc-1b1">
         <name>.text.Pid_reset</name>
         <load_address>0xc10c</load_address>
         <readonly>true</readonly>
         <executable>true</executable>
         <run_address>0xc10c</run_address>
         <size>0x10</size>
         <alignment>0x2</alignment>
         <input_file_ref idref="fl-5"/>
      </object_component>
      <object_component id="oc-34">
         <name>.text.SysTick_Handler</name>
         <load_address>0xc11c</load_address>
         <readonly>true</readonly>
         <executable>true</executable>
         <run_address>0xc11c</run_address>
         <size>0x10</size>
         <alignment>0x2</alignment>
         <input_file_ref idref="fl-1"/>
      </object_component>
      <object_component id="oc-5d">
         <name>.text.Timebase_onSysTick</name>
         <load_address>0xc12c</load_address>
         <readonly>true</readonly>
         <executable>true</executable>
         <run_address>0xc12c</run_address>
         <size>0x10</size>
         <alignment>0x4</alignment>
         <input_file_ref idref="fl-a"/>
      </object_component>
      <object_component id="oc-53">
         <name>.text:decompress:ZI</name>
         <load_address>0xc13c</load_address>
         <readonly>true</readonly>
         <executable>true</executable>
         <run_address>0xc13c</run_address>
         <size>0x10</size>
         <alignment>0x2</alignment>
         <input_file_ref idref="fl-48"/>
      </object_component>
      <object_component id="oc-19a">
         <name>.text.BoardSafety_faultLatched</name>
         <load_address>0xc14c</load_address>
         <readonly>true</readonly>
         <executable>true</executable>
         <run_address>0xc14c</run_address>
         <size>0xc</size>
         <alignment>0x4</alignment>
         <input_file_ref idref="fl-9"/>
      </object_component>
      <object_component id="oc-126">
         <name>.text.LineSensors_readRawBits</name>
         <load_address>0xc158</load_address>
         <readonly>true</readonly>
         <executable>true</executable>
         <run_address>0xc158</run_address>
         <size>0xc</size>
         <alignment>0x4</alignment>
         <input_file_ref idref="fl-f"/>
      </object_component>
      <object_component id="oc-62">
         <name>.text.Timebase_nowMs</name>
         <load_address>0xc164</load_address>
         <readonly>true</readonly>
         <executable>true</executable>
         <run_address>0xc164</run_address>
         <size>0xc</size>
         <alignment>0x4</alignment>
         <input_file_ref idref="fl-a"/>
      </object_component>
      <object_component id="oc-148">
         <name>.text.DL_Common_delayCycles</name>
         <load_address>0xc170</load_address>
         <readonly>true</readonly>
         <executable>true</executable>
         <run_address>0xc170</run_address>
         <size>0xa</size>
         <alignment>0x2</alignment>
         <input_file_ref idref="fl-21"/>
      </object_component>
      <object_component id="oc-125">
         <name>.text.StartButton_takePress</name>
         <load_address>0xc17a</load_address>
         <readonly>true</readonly>
         <executable>true</executable>
         <run_address>0xc17a</run_address>
         <size>0xa</size>
         <alignment>0x2</alignment>
         <input_file_ref idref="fl-13"/>
      </object_component>
      <object_component id="oc-236">
         <name>.text.BoardSafety_buzzerPolicy</name>
         <load_address>0xc184</load_address>
         <readonly>true</readonly>
         <executable>true</executable>
         <run_address>0xc184</run_address>
         <size>0x8</size>
         <alignment>0x4</alignment>
         <input_file_ref idref="fl-9"/>
      </object_component>
      <object_component id="oc-1ef">
         <name>.text.LineTracking_getStatus</name>
         <load_address>0xc18c</load_address>
         <readonly>true</readonly>
         <executable>true</executable>
         <run_address>0xc18c</run_address>
         <size>0x8</size>
         <alignment>0x4</alignment>
         <input_file_ref idref="fl-4"/>
      </object_component>
      <object_component id="oc-235">
         <name>.text.Req002_getStatus</name>
         <load_address>0xc194</load_address>
         <readonly>true</readonly>
         <executable>true</executable>
         <run_address>0xc194</run_address>
         <size>0x8</size>
         <alignment>0x4</alignment>
         <input_file_ref idref="fl-8"/>
      </object_component>
      <object_component id="oc-3a">
         <name>.text.TIMA1_IRQHandler</name>
         <load_address>0xc19c</load_address>
         <readonly>true</readonly>
         <executable>true</executable>
         <run_address>0xc19c</run_address>
         <size>0x8</size>
         <alignment>0x2</alignment>
         <input_file_ref idref="fl-1"/>
      </object_component>
      <object_component id="oc-92">
         <name>.text.Timebase_reached</name>
         <load_address>0xc1a4</load_address>
         <readonly>true</readonly>
         <executable>true</executable>
         <run_address>0xc1a4</run_address>
         <size>0x8</size>
         <alignment>0x2</alignment>
         <input_file_ref idref="fl-a"/>
      </object_component>
      <object_component id="oc-39">
         <name>.text.UART0_IRQHandler</name>
         <load_address>0xc1ac</load_address>
         <readonly>true</readonly>
         <executable>true</executable>
         <run_address>0xc1ac</run_address>
         <size>0x8</size>
         <alignment>0x2</alignment>
         <input_file_ref idref="fl-1"/>
      </object_component>
      <object_component id="oc-46">
         <name>.text</name>
         <load_address>0xc1b4</load_address>
         <readonly>true</readonly>
         <executable>true</executable>
         <run_address>0xc1b4</run_address>
         <size>0x8</size>
         <alignment>0x4</alignment>
         <input_file_ref idref="fl-149"/>
      </object_component>
      <object_component id="oc-bf">
         <name>.text:abort</name>
         <load_address>0xc1bc</load_address>
         <readonly>true</readonly>
         <executable>true</executable>
         <run_address>0xc1bc</run_address>
         <size>0x6</size>
         <alignment>0x2</alignment>
         <input_file_ref idref="fl-4b"/>
      </object_component>
      <object_component id="oc-12c">
         <name>.text.HOSTexit</name>
         <load_address>0xc1c2</load_address>
         <readonly>true</readonly>
         <executable>true</executable>
         <run_address>0xc1c2</run_address>
         <size>0x4</size>
         <alignment>0x2</alignment>
         <input_file_ref idref="fl-141"/>
      </object_component>
      <object_component id="oc-2f">
         <name>.text.Reset_Handler</name>
         <load_address>0xc1c6</load_address>
         <readonly>true</readonly>
         <executable>true</executable>
         <run_address>0xc1c6</run_address>
         <size>0x4</size>
         <alignment>0x2</alignment>
         <input_file_ref idref="fl-3"/>
      </object_component>
      <object_component id="oc-7f">
         <name>.text._system_pre_init</name>
         <load_address>0xc1ca</load_address>
         <readonly>true</readonly>
         <executable>true</executable>
         <run_address>0xc1ca</run_address>
         <size>0x4</size>
         <alignment>0x2</alignment>
         <input_file_ref idref="fl-46"/>
      </object_component>
      <object_component id="oc-2f1">
         <name>.cinit..bss.load</name>
         <load_address>0xcc58</load_address>
         <readonly>true</readonly>
         <run_address>0xcc58</run_address>
         <size>0x8</size>
         <alignment>0x4</alignment>
      </object_component>
      <object_component id="oc-2ef">
         <name>__TI_handler_table</name>
         <load_address>0xcc60</load_address>
         <readonly>true</readonly>
         <run_address>0xcc60</run_address>
         <size>0x4</size>
         <alignment>0x4</alignment>
      </object_component>
      <object_component id="oc-2f0">
         <name>__TI_cinit_table</name>
         <load_address>0xcc64</load_address>
         <readonly>true</readonly>
         <run_address>0xcc64</run_address>
         <size>0x8</size>
         <alignment>0x4</alignment>
      </object_component>
      <object_component id="oc-1e5">
         <name>.rodata.str1.5084688477215926447.1</name>
         <load_address>0xc1d0</load_address>
         <readonly>true</readonly>
         <run_address>0xc1d0</run_address>
         <size>0xf5</size>
         <alignment>0x1</alignment>
         <input_file_ref idref="fl-b"/>
      </object_component>
      <object_component id="oc-18c">
         <name>.rodata.str1.7732308573000650393.1</name>
         <load_address>0xc2c5</load_address>
         <readonly>true</readonly>
         <run_address>0xc2c5</run_address>
         <size>0x63</size>
         <alignment>0x1</alignment>
         <input_file_ref idref="fl-b"/>
      </object_component>
      <object_component id="oc-272">
         <name>.rodata.str1.16565755701334802317.1</name>
         <load_address>0xc328</load_address>
         <readonly>true</readonly>
         <run_address>0xc328</run_address>
         <size>0x48</size>
         <alignment>0x1</alignment>
         <input_file_ref idref="fl-b"/>
      </object_component>
      <object_component id="oc-253">
         <name>.rodata.str1.3465324906295085914.1</name>
         <load_address>0xc370</load_address>
         <readonly>true</readonly>
         <run_address>0xc370</run_address>
         <size>0x44</size>
         <alignment>0x1</alignment>
         <input_file_ref idref="fl-b"/>
      </object_component>
      <object_component id="oc-20f">
         <name>.rodata.str1.2437401455240083982.1</name>
         <load_address>0xc3b4</load_address>
         <readonly>true</readonly>
         <run_address>0xc3b4</run_address>
         <size>0x3e</size>
         <alignment>0x1</alignment>
         <input_file_ref idref="fl-b"/>
      </object_component>
      <object_component id="oc-211">
         <name>.rodata.str1.9757831788182070933.1</name>
         <load_address>0xc3f2</load_address>
         <readonly>true</readonly>
         <run_address>0xc3f2</run_address>
         <size>0x3d</size>
         <alignment>0x1</alignment>
         <input_file_ref idref="fl-b"/>
      </object_component>
      <object_component id="oc-20d">
         <name>.rodata.str1.11767802008270839024.1</name>
         <load_address>0xc42f</load_address>
         <readonly>true</readonly>
         <run_address>0xc42f</run_address>
         <size>0x3b</size>
         <alignment>0x1</alignment>
         <input_file_ref idref="fl-b"/>
      </object_component>
      <object_component id="oc-239">
         <name>.rodata.str1.8406304233448172400.1</name>
         <load_address>0xc46a</load_address>
         <readonly>true</readonly>
         <run_address>0xc46a</run_address>
         <size>0x38</size>
         <alignment>0x1</alignment>
         <input_file_ref idref="fl-b"/>
      </object_component>
      <object_component id="oc-26c">
         <name>.rodata.str1.13263914699383415836.1</name>
         <load_address>0xc4a2</load_address>
         <readonly>true</readonly>
         <run_address>0xc4a2</run_address>
         <size>0x36</size>
         <alignment>0x1</alignment>
         <input_file_ref idref="fl-b"/>
      </object_component>
      <object_component id="oc-27c">
         <name>.rodata.str1.12716740232725884172.1</name>
         <load_address>0xc4d8</load_address>
         <readonly>true</readonly>
         <run_address>0xc4d8</run_address>
         <size>0x35</size>
         <alignment>0x1</alignment>
         <input_file_ref idref="fl-b"/>
      </object_component>
      <object_component id="oc-213">
         <name>.rodata.str1.9707112319961652996.1</name>
         <load_address>0xc50d</load_address>
         <readonly>true</readonly>
         <run_address>0xc50d</run_address>
         <size>0x34</size>
         <alignment>0x1</alignment>
         <input_file_ref idref="fl-b"/>
      </object_component>
      <object_component id="oc-283">
         <name>.rodata.str1.1461871966798876460.1</name>
         <load_address>0xc541</load_address>
         <readonly>true</readonly>
         <run_address>0xc541</run_address>
         <size>0x32</size>
         <alignment>0x1</alignment>
         <input_file_ref idref="fl-9"/>
      </object_component>
      <object_component id="oc-23d">
         <name>.rodata.str1.11857783984750736754.1</name>
         <load_address>0xc573</load_address>
         <readonly>true</readonly>
         <run_address>0xc573</run_address>
         <size>0x31</size>
         <alignment>0x1</alignment>
         <input_file_ref idref="fl-b"/>
      </object_component>
      <object_component id="oc-238">
         <name>.rodata.str1.14635969394841560451.1</name>
         <load_address>0xc5a4</load_address>
         <readonly>true</readonly>
         <run_address>0xc5a4</run_address>
         <size>0x2f</size>
         <alignment>0x1</alignment>
         <input_file_ref idref="fl-b"/>
      </object_component>
      <object_component id="oc-277">
         <name>.rodata.str1.854387782545475029.1</name>
         <load_address>0xc5d3</load_address>
         <readonly>true</readonly>
         <run_address>0xc5d3</run_address>
         <size>0x2f</size>
         <alignment>0x1</alignment>
         <input_file_ref idref="fl-b"/>
      </object_component>
      <object_component id="oc-270">
         <name>.rodata.str1.14138261999688132486.1</name>
         <load_address>0xc602</load_address>
         <readonly>true</readonly>
         <run_address>0xc602</run_address>
         <size>0x2b</size>
         <alignment>0x1</alignment>
         <input_file_ref idref="fl-b"/>
      </object_component>
      <object_component id="oc-23e">
         <name>.rodata.str1.15253010768347978106.1</name>
         <load_address>0xc62d</load_address>
         <readonly>true</readonly>
         <run_address>0xc62d</run_address>
         <size>0x28</size>
         <alignment>0x1</alignment>
         <input_file_ref idref="fl-b"/>
      </object_component>
      <object_component id="oc-237">
         <name>.rodata.str1.14483158570792449085.1</name>
         <load_address>0xc655</load_address>
         <readonly>true</readonly>
         <run_address>0xc655</run_address>
         <size>0x26</size>
         <alignment>0x1</alignment>
         <input_file_ref idref="fl-b"/>
      </object_component>
      <object_component id="oc-20c">
         <name>.rodata.str1.6066754825680800963.1</name>
         <load_address>0xc67b</load_address>
         <readonly>true</readonly>
         <run_address>0xc67b</run_address>
         <size>0x26</size>
         <alignment>0x1</alignment>
         <input_file_ref idref="fl-b"/>
      </object_component>
      <object_component id="oc-155">
         <name>.rodata.gLEFT_CAPTUREClockConfig</name>
         <load_address>0xc6a1</load_address>
         <readonly>true</readonly>
         <run_address>0xc6a1</run_address>
         <size>0x3</size>
         <alignment>0x1</alignment>
         <input_file_ref idref="fl-2"/>
      </object_component>
      <object_component id="oc-285">
         <name>.rodata..Lswitch.table.Req002_stateName</name>
         <load_address>0xc6a4</load_address>
         <readonly>true</readonly>
         <run_address>0xc6a4</run_address>
         <size>0x24</size>
         <alignment>0x4</alignment>
         <input_file_ref idref="fl-8"/>
      </object_component>
      <object_component id="oc-23c">
         <name>.rodata.str1.15435677839657748720.1</name>
         <load_address>0xc6c8</load_address>
         <readonly>true</readonly>
         <run_address>0xc6c8</run_address>
         <size>0x23</size>
         <alignment>0x1</alignment>
         <input_file_ref idref="fl-b"/>
      </object_component>
      <object_component id="oc-20e">
         <name>.rodata.str1.15759258491055097000.1</name>
         <load_address>0xc6eb</load_address>
         <readonly>true</readonly>
         <run_address>0xc6eb</run_address>
         <size>0x23</size>
         <alignment>0x1</alignment>
         <input_file_ref idref="fl-b"/>
      </object_component>
      <object_component id="oc-274">
         <name>.rodata.str1.10354475084875452907.1</name>
         <load_address>0xc70e</load_address>
         <readonly>true</readonly>
         <run_address>0xc70e</run_address>
         <size>0x22</size>
         <alignment>0x1</alignment>
         <input_file_ref idref="fl-b"/>
      </object_component>
      <object_component id="oc-17c">
         <name>.rodata.cst32</name>
         <load_address>0xc730</load_address>
         <readonly>true</readonly>
         <run_address>0xc730</run_address>
         <size>0x20</size>
         <alignment>0x4</alignment>
         <input_file_ref idref="fl-4"/>
      </object_component>
      <object_component id="oc-20b">
         <name>.rodata.str1.17103627226480421635.1</name>
         <load_address>0xc750</load_address>
         <readonly>true</readonly>
         <run_address>0xc750</run_address>
         <size>0x1f</size>
         <alignment>0x1</alignment>
         <input_file_ref idref="fl-b"/>
      </object_component>
      <object_component id="oc-2af">
         <name>.rodata.str1.9213031953659428922.1</name>
         <load_address>0xc76f</load_address>
         <readonly>true</readonly>
         <run_address>0xc76f</run_address>
         <size>0x1c</size>
         <alignment>0x1</alignment>
         <input_file_ref idref="fl-8"/>
      </object_component>
      <object_component id="oc-210">
         <name>.rodata.str1.1008767523004470630.1</name>
         <load_address>0xc78b</load_address>
         <readonly>true</readonly>
         <run_address>0xc78b</run_address>
         <size>0x1a</size>
         <alignment>0x1</alignment>
         <input_file_ref idref="fl-b"/>
      </object_component>
      <object_component id="oc-296">
         <name>.rodata.str1.11801953346847374107.1</name>
         <load_address>0xc7a5</load_address>
         <readonly>true</readonly>
         <run_address>0xc7a5</run_address>
[...]
         <object_component_ref idref="oc-23b"/>
      </symbol>
      <symbol id="sm-14d">
         <name>Req002_blockReasonName</name>
         <value>0xc06d</value>
         <object_component_ref idref="oc-278"/>
      </symbol>
      <symbol id="sm-16c">
         <name>BoardSafety_init</name>
         <value>0xb6f9</value>
         <object_component_ref idref="oc-fb"/>
      </symbol>
      <symbol id="sm-16d">
         <name>BoardSafety_stop</name>
         <value>0xb409</value>
         <object_component_ref idref="oc-93"/>
      </symbol>
      <symbol id="sm-16e">
         <name>BoardSafety_service</name>
         <value>0xb0ad</value>
         <object_component_ref idref="oc-120"/>
      </symbol>
      <symbol id="sm-16f">
         <name>BoardSafety_outputsSafe</name>
         <value>0xbc91</value>
         <object_component_ref idref="oc-204"/>
      </symbol>
      <symbol id="sm-170">
         <name>BoardSafety_faultLatched</name>
         <value>0xc14d</value>
         <object_component_ref idref="oc-19a"/>
      </symbol>
      <symbol id="sm-171">
         <name>BoardSafety_buzzerPolicy</name>
         <value>0xc185</value>
         <object_component_ref idref="oc-236"/>
      </symbol>
      <symbol id="sm-186">
         <name>Timebase_init</name>
         <value>0xbd85</value>
         <object_component_ref idref="oc-fc"/>
      </symbol>
      <symbol id="sm-187">
         <name>Timebase_nowMs</name>
         <value>0xc165</value>
         <object_component_ref idref="oc-62"/>
      </symbol>
      <symbol id="sm-188">
         <name>Timebase_reached</name>
         <value>0xc1a5</value>
         <object_component_ref idref="oc-92"/>
      </symbol>
      <symbol id="sm-189">
         <name>Timebase_onSysTick</name>
         <value>0xc12d</value>
         <object_component_ref idref="oc-5d"/>
      </symbol>
      <symbol id="sm-31e">
         <name>DiagConsole_init</name>
         <value>0xb911</value>
         <object_component_ref idref="oc-116"/>
      </symbol>
      <symbol id="sm-31f">
         <name>DiagConsole_service</name>
         <value>0xc1</value>
         <object_component_ref idref="oc-129"/>
      </symbol>
      <symbol id="sm-320">
         <name>DiagConsole_reportBoot</name>
         <value>0x9621</value>
         <object_component_ref idref="oc-117"/>
      </symbol>
      <symbol id="sm-321">
         <name>DiagConsole_onUartInterrupt</name>
         <value>0xb241</value>
         <object_component_ref idref="oc-6b"/>
      </symbol>
      <symbol id="sm-33a">
         <name>Encoders_init</name>
         <value>0xaa01</value>
         <object_component_ref idref="oc-110"/>
      </symbol>
      <symbol id="sm-33b">
         <name>Encoders_snapshot</name>
         <value>0xb29d</value>
         <object_component_ref idref="oc-1e7"/>
      </symbol>
      <symbol id="sm-33c">
         <name>Encoders_onLeftCaptureInterrupt</name>
         <value>0xad45</value>
         <object_component_ref idref="oc-71"/>
      </symbol>
      <symbol id="sm-347">
         <name>I2cDiag_scan</name>
         <value>0x9d49</value>
         <object_component_ref idref="oc-25b"/>
      </symbol>
      <symbol id="sm-364">
         <name>LineSensors_init</name>
         <value>0xbf99</value>
         <object_component_ref idref="oc-104"/>
      </symbol>
      <symbol id="sm-365">
         <name>LineSensors_service</name>
         <value>0xa76d</value>
         <object_component_ref idref="oc-123"/>
      </symbol>
      <symbol id="sm-366">
         <name>LineSensors_snapshot</name>
         <value>0xc03d</value>
         <object_component_ref idref="oc-19c"/>
      </symbol>
      <symbol id="sm-367">
         <name>LineSensors_readRawBits</name>
         <value>0xc159</value>
         <object_component_ref idref="oc-126"/>
      </symbol>
      <symbol id="sm-37d">
         <name>MotorDriver_stopAll</name>
         <value>0xba71</value>
         <object_component_ref idref="oc-d8"/>
      </symbol>
      <symbol id="sm-37e">
         <name>MotorDriver_init</name>
         <value>0xb4b1</value>
         <object_component_ref idref="oc-fa"/>
      </symbol>
      <symbol id="sm-37f">
         <name>MotorDriver_driveSinglePrimary</name>
         <value>0xa2cd</value>
         <object_component_ref idref="oc-265"/>
      </symbol>
      <symbol id="sm-380">
         <name>MotorDriver_outputsStopped</name>
         <value>0xb3b1</value>
         <object_component_ref idref="oc-dd"/>
      </symbol>
      <symbol id="sm-3d8">
         <name>Nrf24Ptx_init</name>
         <value>0xadc9</value>
         <object_component_ref idref="oc-118"/>
      </symbol>
      <symbol id="sm-3d9">
         <name>Nrf24Ptx_arm</name>
         <value>0xb749</value>
         <object_component_ref idref="oc-1fe"/>
      </symbol>
      <symbol id="sm-3da">
         <name>Nrf24Ptx_disarm</name>
         <value>0xbb6d</value>
         <object_component_ref idref="oc-1ff"/>
      </symbol>
      <symbol id="sm-3db">
         <name>Nrf24Ptx_captureDiagnosticChar</name>
         <value>0x9e75</value>
         <object_component_ref idref="oc-189"/>
      </symbol>
      <symbol id="sm-3dc">
         <name>Nrf24Ptx_service</name>
         <value>0x7a45</value>
         <object_component_ref idref="oc-12a"/>
      </symbol>
      <symbol id="sm-3dd">
         <name>Nrf24Ptx_getStatus</name>
         <value>0xb505</value>
         <object_component_ref idref="oc-234"/>
      </symbol>
      <symbol id="sm-3de">
         <name>Nrf24Ptx_readCoreRegisters</name>
         <value>0xb559</value>
         <object_component_ref idref="oc-275"/>
      </symbol>
      <symbol id="sm-3df">
         <name>Nrf24Ptx_safeWhenDisarmed</name>
         <value>0xbdb5</value>
         <object_component_ref idref="oc-205"/>
      </symbol>
      <symbol id="sm-3fd">
         <name>OledSsd1306_showTestPattern</name>
         <value>0x8739</value>
         <object_component_ref idref="oc-266"/>
      </symbol>
      <symbol id="sm-3fe">
         <name>OledSsd1306_forceAllPixelsOn</name>
         <value>0xba2d</value>
         <object_component_ref idref="oc-26f"/>
      </symbol>
      <symbol id="sm-3ff">
         <name>OledSsd1306_forceAllPixelsOnSh1106</name>
         <value>0xb799</value>
         <object_component_ref idref="oc-271"/>
      </symbol>
      <symbol id="sm-400">
         <name>OledSsd1306_clear</name>
         <value>0xac35</value>
         <object_component_ref idref="oc-273"/>
      </symbol>
      <symbol id="sm-413">
         <name>StartButton_readHardwarePressed</name>
         <value>0xc0b5</value>
         <object_component_ref idref="oc-1f4"/>
      </symbol>
      <symbol id="sm-414">
         <name>StartButton_init</name>
         <value>0xbee9</value>
         <object_component_ref idref="oc-fe"/>
      </symbol>
      <symbol id="sm-415">
         <name>StartButton_poll</name>
         <value>0xb835</value>
         <object_component_ref idref="oc-122"/>
      </symbol>
      <symbol id="sm-416">
         <name>StartButton_takePress</name>
         <value>0xc17b</value>
         <object_component_ref idref="oc-125"/>
      </symbol>
      <symbol id="sm-417">
         <name>__TI_ATRegion0_src_addr</name>
         <value>0x0</value>
      </symbol>
      <symbol id="sm-418">
         <name>__TI_ATRegion0_trg_addr</name>
         <value>0x0</value>
      </symbol>
      <symbol id="sm-419">
         <name>__TI_ATRegion0_region_sz</name>
         <value>0x0</value>
      </symbol>
      <symbol id="sm-41a">
         <name>__TI_ATRegion1_src_addr</name>
         <value>0x0</value>
      </symbol>
      <symbol id="sm-41b">
         <name>__TI_ATRegion1_trg_addr</name>
         <value>0x0</value>
      </symbol>
      <symbol id="sm-41c">
         <name>__TI_ATRegion1_region_sz</name>
         <value>0x0</value>
      </symbol>
      <symbol id="sm-41d">
         <name>__TI_ATRegion2_src_addr</name>
         <value>0x0</value>
      </symbol>
      <symbol id="sm-41e">
         <name>__TI_ATRegion2_trg_addr</name>
         <value>0x0</value>
      </symbol>
      <symbol id="sm-41f">
         <name>__TI_ATRegion2_region_sz</name>
         <value>0x0</value>
      </symbol>
      <symbol id="sm-428">
         <name>DL_Common_delayCycles</name>
         <value>0xc171</value>
         <object_component_ref idref="oc-148"/>
      </symbol>
      <symbol id="sm-43a">
         <name>DL_I2C_setClockConfig</name>
         <value>0xbe81</value>
         <object_component_ref idref="oc-156"/>
      </symbol>
      <symbol id="sm-43b">
         <name>DL_I2C_fillControllerTXFIFO</name>
         <value>0xb1e3</value>
         <object_component_ref idref="oc-241"/>
      </symbol>
      <symbol id="sm-43c">
         <name>DL_I2C_flushControllerTXFIFO</name>
         <value>0xbb31</value>
         <object_component_ref idref="oc-23f"/>
      </symbol>
      <symbol id="sm-43d">
         <name>DL_I2C_flushControllerRXFIFO</name>
         <value>0xbcc5</value>
         <object_component_ref idref="oc-240"/>
      </symbol>
      <symbol id="sm-453">
         <name>DL_SPI_init</name>
         <value>0xb9e9</value>
         <object_component_ref idref="oc-16d"/>
      </symbol>
      <symbol id="sm-454">
         <name>DL_SPI_setClockConfig</name>
         <value>0xc0c9</value>
         <object_component_ref idref="oc-167"/>
      </symbol>
      <symbol id="sm-455">
         <name>DL_SPI_receiveDataCheck8</name>
         <value>0xbf29</value>
         <object_component_ref idref="oc-280"/>
      </symbol>
      <symbol id="sm-456">
         <name>DL_SPI_transmitDataCheck8</name>
         <value>0xbf45</value>
         <object_component_ref idref="oc-27f"/>
      </symbol>
      <symbol id="sm-457">
         <name>DL_SPI_drainRXFIFO8</name>
         <value>0xb45d</value>
         <object_component_ref idref="oc-27e"/>
      </symbol>
      <symbol id="sm-476">
         <name>DL_Timer_setClockConfig</name>
         <value>0xbf7d</value>
         <object_component_ref idref="oc-14c"/>
      </symbol>
      <symbol id="sm-477">
         <name>DL_Timer_setCaptureCompareValue</name>
         <value>0xc0fd</value>
         <object_component_ref idref="oc-13c"/>
      </symbol>
      <symbol id="sm-478">
         <name>DL_Timer_setCaptureCompareCtl</name>
         <value>0xbde1</value>
         <object_component_ref idref="oc-153"/>
      </symbol>
      <symbol id="sm-479">
         <name>DL_Timer_setCaptureCompareInput</name>
         <value>0xbfed</value>
         <object_component_ref idref="oc-154"/>
      </symbol>
      <symbol id="sm-47a">
         <name>DL_Timer_getCaptureCompareValue</name>
         <value>0xc0ed</value>
         <object_component_ref idref="oc-146"/>
      </symbol>
      <symbol id="sm-47b">
         <name>DL_Timer_setCaptCompUpdateMethod</name>
         <value>0xbf61</value>
         <object_component_ref idref="oc-14f"/>
      </symbol>
      <symbol id="sm-47c">
         <name>DL_Timer_setCaptureCompareOutCtl</name>
         <value>0xc025</value>
         <object_component_ref idref="oc-14e"/>
      </symbol>
      <symbol id="sm-47d">
         <name>DL_Timer_initFourCCPWMMode</name>
         <value>0xa1c9</value>
         <object_component_ref idref="oc-14d"/>
      </symbol>
      <symbol id="sm-48d">
         <name>DL_UART_init</name>
         <value>0xb8c9</value>
         <object_component_ref idref="oc-164"/>
      </symbol>
      <symbol id="sm-48e">
         <name>DL_UART_setClockConfig</name>
         <value>0xc0db</value>
         <object_component_ref idref="oc-15e"/>
      </symbol>
      <symbol id="sm-48f">
         <name>DL_UART_transmitDataBlocking</name>
         <value>0xbcf5</value>
         <object_component_ref idref="oc-188"/>
      </symbol>
      <symbol id="sm-498">
         <name>memcmp</name>
         <value>0xbf09</value>
         <object_component_ref idref="oc-1b4"/>
      </symbol>
      <symbol id="sm-4a3">
         <name>_c_int00_noargs</name>
         <value>0xbe31</value>
         <object_component_ref idref="oc-56"/>
      </symbol>
      <symbol id="sm-4a4">
         <name>__stack</name>
         <value>0x20207e00</value>
         <object_component_ref idref="oc-1a"/>
      </symbol>
      <symbol id="sm-4b0">
         <name>__TI_auto_init_nobinit_nopinit</name>
         <value>0xbba9</value>
         <object_component_ref idref="oc-c6"/>
      </symbol>
      <symbol id="sm-4b8">
         <name>_system_pre_init</name>
         <value>0xc1cb</value>
         <object_component_ref idref="oc-7f"/>
      </symbol>
      <symbol id="sm-4c3">
         <name>__TI_zero_init</name>
         <value>0xc13d</value>
         <object_component_ref idref="oc-53"/>
      </symbol>
      <symbol id="sm-4cf">
         <name>abort</name>
         <value>0xc1bd</value>
         <object_component_ref idref="oc-bf"/>
      </symbol>
      <symbol id="sm-4d9">
         <name>HOSTexit</name>
         <value>0xc1c3</value>
         <object_component_ref idref="oc-12c"/>
      </symbol>
      <symbol id="sm-4da">
         <name>C$$EXIT</name>
         <value>0xc1c2</value>
         <object_component_ref idref="oc-12c"/>
      </symbol>
      <symbol id="sm-4e0">
         <name>__aeabi_fadd</name>
         <value>0xa69f</value>
         <object_component_ref idref="oc-1a5"/>
      </symbol>
      <symbol id="sm-4e1">
         <name>__addsf3</name>
         <value>0xa69f</value>
         <object_component_ref idref="oc-1a5"/>
      </symbol>
      <symbol id="sm-4e2">
         <name>__aeabi_fsub</name>
         <value>0xa695</value>
         <object_component_ref idref="oc-1a5"/>
      </symbol>
      <symbol id="sm-4e3">
         <name>__subsf3</name>
         <value>0xa695</value>
         <object_component_ref idref="oc-1a5"/>
      </symbol>
      <symbol id="sm-4e9">
         <name>__aeabi_fmul</name>
         <value>0xaba9</value>
         <object_component_ref idref="oc-1a9"/>
      </symbol>
      <symbol id="sm-4ea">
         <name>__mulsf3</name>
         <value>0xaba9</value>
         <object_component_ref idref="oc-1a9"/>
      </symbol>
      <symbol id="sm-4f0">
         <name>__aeabi_fdiv</name>
         <value>0xae4d</value>
         <object_component_ref idref="oc-1a1"/>
      </symbol>
      <symbol id="sm-4f1">
         <name>__divsf3</name>
         <value>0xae4d</value>
         <object_component_ref idref="oc-1a1"/>
      </symbol>
      <symbol id="sm-4f7">
         <name>__aeabi_f2iz</name>
         <value>0xbc59</value>
         <object_component_ref idref="oc-1f0"/>
      </symbol>
      <symbol id="sm-4f8">
         <name>__fixsfsi</name>
         <value>0xbc59</value>
         <object_component_ref idref="oc-1f0"/>
      </symbol>
      <symbol id="sm-4fe">
         <name>__aeabi_ui2f</name>
         <value>0xbe59</value>
         <object_component_ref idref="oc-19d"/>
      </symbol>
      <symbol id="sm-4ff">
         <name>__floatunsisf</name>
         <value>0xbe59</value>
         <object_component_ref idref="oc-19d"/>
      </symbol>
      <symbol id="sm-505">
         <name>__aeabi_fcmpeq</name>
         <value>0xb355</value>
         <object_component_ref idref="oc-1ad"/>
      </symbol>
      <symbol id="sm-506">
         <name>__aeabi_fcmplt</name>
         <value>0xb367</value>
         <object_component_ref idref="oc-1ad"/>
      </symbol>
      <symbol id="sm-507">
         <name>__aeabi_fcmple</name>
         <value>0xb379</value>
         <object_component_ref idref="oc-1ad"/>
      </symbol>
      <symbol id="sm-508">
         <name>__aeabi_fcmpge</name>
         <value>0xb38b</value>
         <object_component_ref idref="oc-1ad"/>
      </symbol>
      <symbol id="sm-509">
         <name>__aeabi_fcmpgt</name>
         <value>0xb39d</value>
         <object_component_ref idref="oc-1ad"/>
      </symbol>
      <symbol id="sm-50f">
         <name>__aeabi_uidiv</name>
         <value>0xbaf1</value>
         <object_component_ref idref="oc-1e8"/>
      </symbol>
      <symbol id="sm-510">
         <name>__aeabi_uidivmod</name>
         <value>0xbaf1</value>
         <object_component_ref idref="oc-1e8"/>
      </symbol>
      <symbol id="sm-516">
         <name>__aeabi_memcpy</name>
         <value>0xc1b5</value>
         <object_component_ref idref="oc-46"/>
      </symbol>
      <symbol id="sm-517">
         <name>__aeabi_memcpy4</name>
         <value>0xc1b5</value>
         <object_component_ref idref="oc-46"/>
      </symbol>
      <symbol id="sm-518">
         <name>__aeabi_memcpy8</name>
         <value>0xc1b5</value>
         <object_component_ref idref="oc-46"/>
      </symbol>
      <symbol id="sm-51e">
         <name>__aeabi_memset</name>
         <value>0xc009</value>
         <object_component_ref idref="oc-7b"/>
      </symbol>
      <symbol id="sm-51f">
         <name>__aeabi_memset4</name>
         <value>0xc009</value>
         <object_component_ref idref="oc-7b"/>
      </symbol>
      <symbol id="sm-520">
         <name>__aeabi_memset8</name>
         <value>0xc009</value>
         <object_component_ref idref="oc-7b"/>
      </symbol>
      <symbol id="sm-521">
         <name>__aeabi_memclr</name>
         <value>0xc017</value>
         <object_component_ref idref="oc-7b"/>
      </symbol>
      <symbol id="sm-522">
         <name>__aeabi_memclr4</name>
         <value>0xc017</value>
         <object_component_ref idref="oc-7b"/>
      </symbol>
      <symbol id="sm-523">
         <name>__aeabi_memclr8</name>
         <value>0xc017</value>
         <object_component_ref idref="oc-7b"/>
      </symbol>
      <symbol id="sm-529">
         <name>__eqsf2</name>
         <value>0xab1d</value>
         <object_component_ref idref="oc-24a"/>
      </symbol>
      <symbol id="sm-52a">
         <name>__lesf2</name>
         <value>0xab1d</value>
         <object_component_ref idref="oc-24a"/>
      </symbol>
      <symbol id="sm-52b">
         <name>__ltsf2</name>
         <value>0xab1d</value>
         <object_component_ref idref="oc-24a"/>
      </symbol>
      <symbol id="sm-52c">
         <name>__nesf2</name>
         <value>0xab1d</value>
         <object_component_ref idref="oc-24a"/>
      </symbol>
      <symbol id="sm-52d">
         <name>__cmpsf2</name>
         <value>0xab1d</value>
         <object_component_ref idref="oc-24a"/>
      </symbol>
      <symbol id="sm-52e">
         <name>__gtsf2</name>
         <value>0xab57</value>
         <object_component_ref idref="oc-24a"/>
      </symbol>
      <symbol id="sm-52f">
         <name>__gesf2</name>
         <value>0xab57</value>
         <object_component_ref idref="oc-24a"/>
      </symbol>
      <symbol id="sm-530">
         <name>__unordsf2</name>
         <value>0xab93</value>
         <object_component_ref idref="oc-24a"/>
      </symbol>
      <symbol id="sm-531">
         <name>__aeabi_fcmpun</name>
         <value>0xab93</value>
         <object_component_ref idref="oc-24a"/>
      </symbol>
      <symbol id="sm-537">
         <name>__muldsi3</name>
         <value>0xbbe5</value>
         <object_component_ref idref="oc-245"/>
      </symbol>
      <symbol id="sm-541">
         <name>__aeabi_idiv0</name>
         <value>0xa96b</value>
         <object_component_ref idref="oc-254"/>
      </symbol>
      <symbol id="sm-55a">
         <name>memcpy</name>
         <value>0xa8d1</value>
         <object_component_ref idref="oc-ae"/>
      </symbol>
      <symbol id="sm-569">
         <name>memset</name>
         <value>0xb181</value>
         <object_component_ref idref="oc-e8"/>
      </symbol>
      <symbol id="sm-56a">
         <name>__TI_static_base__</name>
         <value>0x0</value>
      </symbol>
      <symbol id="sm-56c">
         <name>__mpu_init</name>
         <value>0x0</value>
      </symbol>
      <symbol id="sm-56d">
         <name>_system_post_cinit</name>
         <value>0x0</value>
      </symbol>
   </symbol_table>
   <title>Link successful</title>
</link_info>
