******************************************************************************
            TI ARM Clang Linker PC v5.1.1                      
******************************************************************************
>> Linked Sun Aug  2 01:35:22 2026

OUTPUT FILE NAME:   <test1_motor_selftest.out>
ENTRY POINT SYMBOL: "_c_int00_noargs"  address: 000100b5


MEMORY CONFIGURATION

         name            origin    length      used     unused   attr    fill
----------------------  --------  ---------  --------  --------  ----  --------
  FLASH                 00000000   00020000  00011298  0000ed68  R  X
  SRAM                  20200000   00008000  00000b72  0000748e  RW X
  BCR_CONFIG            41c00000   000000ff  00000000  000000ff  R   
  BSL_CONFIG            41c00100   00000080  00000000  00000080  R   


SEGMENT ALLOCATION MAP

run origin  load origin   length   init length attrs members
----------  ----------- ---------- ----------- ----- -------
00000000    00000000    00010498   00010498    r-x
  00000000    00000000    000000c0   000000c0    r-- .intvecs
  000000c0    000000c0    000103d8   000103d8    r-x .text
000104a0    000104a0    00000e00   00000e00    r--
  000104a0    000104a0    00000dd0   00000dd0    r-- .rodata
  00011270    00011270    00000030   00000030    r-- .cinit
20200000    20200000    00000972   00000000    rw-
  20200000    20200000    00000971   00000000    rw- .bss
  20200971    20200971    00000001   00000000    rw- .data
20207e00    20207e00    00000200   00000000    rw-
  20207e00    20207e00    00000200   00000000    rw- .stack


SECTION ALLOCATION MAP

 output                                  attributes/
section   page    origin      length       input sections
--------  ----  ----------  ----------   ----------------
.intvecs   0    00000000    000000c0     
                  00000000    000000c0     startup_mspm0g350x_ticlang.o (.intvecs)

.text      0    000000c0    000103d8     
                  000000c0    0000324c     diag_console.o (.text.reportReq002)
                  0000330c    00002194     diag_console.o (.text.DiagConsole_service)
                  000054a0    000016fc     diag_console.o (.text.reportRadioStatus)
                  00006b9c    000014e4     diag_console.o (.text.reportLine)
                  00008080    00000cdc     req002.o (.text.Req002_service)
                  00008d5c    00000bb8     diag_console.o (.text.reportMotorTest)
                  00009914    00000774     diag_console.o (.text.reportStatus)
                  0000a088    000005cc     oled_ssd1306.o (.text.OledSsd1306_showReq002Status)
                  0000a654    0000049c     nrf24_ptx.o (.text.Nrf24Ptx_service)
                  0000aaf0    00000458     diag_console.o (.text.reportRadioRegisters)
                  0000af48    00000444     oled_ssd1306.o (.text.OledSsd1306_showTestPattern)
                  0000b38c    00000400     diag_console.o (.text.reportI2c)
                  0000b78c    00000340     k230_link.o (.text.K230Link_service)
                  0000bacc    00000304     diag_console.o (.text.runSelfTest)
                  0000bdd0    000002e4     line_tracking.o (.text.LineTracking_service)
                  0000c0b4    000002bc     line_sensors.o (.text.readRegisterBlock)
                  0000c370    000002ac     oled_ssd1306.o (.text.OledSsd1306_forceAllPixelsOnSh1106)
                  0000c61c    000002a4     oled_ssd1306.o (.text.OledSsd1306_forceAllPixelsOn)
                  0000c8c0    0000023c     line_sensors.o (.text.LineSensors_service)
                  0000cafc    00000208     diag_console.o (.text.forceOledAllOn)
                  0000cd04    000001a2     pid.o (.text.Pid_step)
                  0000cea6    00000002     startup_mspm0g350x_ticlang.o (.text.Default_Handler)
                  0000cea8    0000019c     diag_console.o (.text.DiagConsole_reportBoot)
                  0000d044    00000184     nrf24_ptx.o (.text.transaction)
                  0000d1c8    0000016c     diag_console.o (.text.writeI32)
                  0000d334    00000168     encoders.o (.text.Encoders_speedShadowService)
                  0000d49c    00000160     req002.o (.text.Req002_init)
                  0000d5fc    00000154     diag_console.o (.text.writeU32)
                  0000d750    00000148     diag_console.o (.text.clearOled)
                  0000d898    0000012c     i2c_diag.o (.text.I2cDiag_scan)
                  0000d9c4    0000012c     motor_driver.o (.text.MotorDriver_driveVehicleForward)
                  0000daf0    0000011c     nrf24_ptx.o (.text.Nrf24Ptx_captureDiagnosticChar)
                  0000dc0c    0000011c     diag_console.o (.text.forceOledAllOnSh1106)
                  0000dd28    0000011c     diag_console.o (.text.runOledTest)
                  0000de44    00000116     oled_ssd1306.o (.text.writePageData)
                  0000df5a    00000002     libclang_rt.builtins.a : aeabi_div0.c.obj (.text.__aeabi_idiv0)
                  0000df5c    00000108     ti_msp_dl_config.o (.text.SYSCFG_DL_GPIO_init)
                  0000e064    00000104     driverlib.a : dl_timer.o (.text.DL_Timer_initFourCCPWMMode)
                  0000e168    00000104     empty.o (.text.main)
                  0000e26c    000000f0     req002.o (.text.Req002_abort)
                  0000e35c    000000ec     app.o (.text.App_service)
                  0000e448    000000ec     nrf24_ptx.o (.text.command)
                  0000e534    000000d8     libclang_rt.builtins.a : addsf3.S.obj (.text)
                  0000e60c    000000c4     req002.o (.text.stopWithFault)
                  0000e6d0    000000c0     encoders.o (.text.Encoders_speedShadowInit)
                  0000e790    000000b8     oled_ssd1306.o (.text.writeSmall)
                  0000e848    0000009c     motor_driver.o (.text.MotorDriver_setVehicleForwardDuties)
                  0000e8e4    0000009c     req002.o (.text.applyTrackingRecovery)
                  0000e980    0000009a     libc.a : memcpy16.S.obj (.text:memcpy)
                  0000ea1a    00000002     --HOLE-- [fill = 0]
                  0000ea1c    00000098     req002.o (.text.applySharpRightTurn)
                  0000eab4    00000094     oled_ssd1306.o (.text.OledSsd1306_clear)
                  0000eb48    00000094     ti_msp_dl_config.o (.text.SYSCFG_DL_MOTOR_PWM_init)
                  0000ebdc    00000090     k230_link.o (.text.K230Link_init)
                  0000ec6c    0000008c     ti_msp_dl_config.o (.text.SYSCFG_DL_DIAG_UART_init)
                  0000ecf8    0000008c     ti_msp_dl_config.o (.text.SYSCFG_DL_K230_UART_init)
                  0000ed84    0000008c     libclang_rt.builtins.a : comparesf2.S.obj (.text)
                  0000ee10    0000008c                            : mulsf3.S.obj (.text)
                  0000ee9c    00000084     nrf24_ptx.o (.text.Nrf24Ptx_init)
                  0000ef20    00000082     libclang_rt.builtins.a : divsf3.S.obj (.text)
                  0000efa2    00000002     --HOLE-- [fill = 0]
                  0000efa4    0000007c     k230_link.o (.text.K230Link_snapshot)
                  0000f020    0000007c     ti_msp_dl_config.o (.text.SYSCFG_DL_initPower)
                  0000f09c    0000007c     libc.a : copy_decompress_lzss.c.obj (.text:decompress:lzss)
                  0000f118    00000078     diag_console.o (.text.writeText)
                  0000f190    00000070     board_safety.o (.text.BoardSafety_service)
                  0000f200    00000070     motor_test.o (.text.MotorTest_start)
                  0000f270    00000064     encoders.o (.text.Encoders_init)
                  0000f2d4    00000064     motor_driver.o (.text.MotorDriver_outputsStopped)
                  0000f338    00000064     nrf24_ptx.o (.text.writeRegistersAndVerify)
                  0000f39c    00000062     libc.a : memset16.S.obj (.text:memset)
                  0000f3fe    00000002     --HOLE-- [fill = 0]
                  0000f400    00000060     app.o (.text.App_init)
                  0000f460    0000005e     driverlib.a : dl_i2c.o (.text.DL_I2C_fillControllerTXFIFO)
                  0000f4be    00000002     --HOLE-- [fill = 0]
                  0000f4c0    0000005c     diag_console.o (.text.DiagConsole_onUartInterrupt)
                  0000f51c    0000005c     encoders.o (.text.Encoders_snapshot)
                  0000f578    0000005c     motor_driver.o (.text.MotorDriver_init)
                  0000f5d4    0000005c     ti_msp_dl_config.o (.text.SYSCFG_DL_RIGHT_QEI_init)
                  0000f630    0000005c     req002.o (.text.speedBalanceReset)
                  0000f68c    0000005a     libclang_rt.builtins.a : aeabi_fcmp.S.obj (.text)
                  0000f6e6    00000002     --HOLE-- [fill = 0]
                  0000f6e8    00000054     board_safety.o (.text.BoardSafety_stop)
                  0000f73c    00000054     driverlib.a : dl_spi.o (.text.DL_SPI_drainRXFIFO8)
                  0000f790    00000054     nrf24_ptx.o (.text.Nrf24Ptx_getStatus)
                  0000f7e4    00000054     nrf24_ptx.o (.text.Nrf24Ptx_readCoreRegisters)
                  0000f838    00000054     ti_msp_dl_config.o (.text.SYSCFG_DL_LINE_I2C_init)
                  0000f88c    00000054     ti_msp_dl_config.o (.text.SYSCFG_DL_OLED_I2C_init)
                  0000f8e0    00000050     board_safety.o (.text.BoardSafety_init)
                  0000f930    00000050     nrf24_ptx.o (.text.Nrf24Ptx_arm)
                  0000f980    0000004c     ti_msp_dl_config.o (.text.SYSCFG_DL_RADIO_SPI_init)
                  0000f9cc    0000004c     ti_msp_dl_config.o (.text.SYSCFG_DL_init)
                  0000fa18    0000004c     start_button.o (.text.StartButton_poll)
                  0000fa64    00000048     driverlib.a : dl_uart.o (.text.DL_UART_init)
                  0000faac    00000048     diag_console.o (.text.DiagConsole_init)
                  0000faf4    00000048     k230_link.o (.text.K230Link_pushRxByteFromIsr)
                  0000fb3c    00000048     line_tracking.o (.text.LineTracking_init)
                  0000fb84    00000048     nrf24_ptx.o (.text.writeAndVerify)
                  0000fbcc    00000044     driverlib.a : dl_spi.o (.text.DL_SPI_init)
                  0000fc10    00000044     empty.o (.text.UART1_IRQHandler)
                  0000fc54    00000040     motor_driver.o (.text.MotorDriver_prepareBrakeAll)
                  0000fc94    00000040     motor_driver.o (.text.MotorDriver_releaseBrakeAll)
                  0000fcd4    00000040     motor_driver.o (.text.MotorDriver_stopAll)
                  0000fd14    00000040     motor_test.o (.text.MotorTest_service)
                  0000fd54    00000040     libclang_rt.builtins.a : aeabi_uidivmod.S.obj (.text)
                  0000fd94    0000003c     driverlib.a : dl_i2c.o (.text.DL_I2C_flushControllerTXFIFO)
                  0000fdd0    0000003c     encoders.o (.text.Encoders_onLeftEncoderAInterrupt)
                  0000fe0c    0000003c     nrf24_ptx.o (.text.Nrf24Ptx_disarm)
                  0000fe48    0000003c     libc.a : autoinit.c.obj (.text:__TI_auto_init_nobinit_nopinit)
                  0000fe84    0000003a     libclang_rt.builtins.a : muldsi3.S.obj (.text)
                  0000febe    00000002     --HOLE-- [fill = 0]
                  0000fec0    00000038     diag_console.o (.text.newLine)
                  0000fef8    00000038     libclang_rt.builtins.a : fixsfsi.S.obj (.text)
                  0000ff30    00000034     board_safety.o (.text.BoardSafety_outputsSafe)
                  0000ff64    00000034     k230_link.o (.text.K230Link_getStats)
                  0000ff98    00000030     driverlib.a : dl_i2c.o (.text.DL_I2C_flushControllerRXFIFO)
                  0000ffc8    00000030                 : dl_uart.o (.text.DL_UART_transmitDataBlocking)
                  0000fff8    00000030     motor_test.o (.text.MotorTest_onTimebaseTick)
                  00010028    00000030     ti_msp_dl_config.o (.text.SYSCFG_DL_SYSCTL_init)
                  00010058    00000030     timebase.o (.text.Timebase_init)
                  00010088    0000002c     nrf24_ptx.o (.text.Nrf24Ptx_safeWhenDisarmed)
                  000100b4    00000028     libc.a : boot_cortex_m.c.obj (.text:_c_int00_noargs)
                  000100dc    00000028     libclang_rt.builtins.a : floatunsisf.S.obj (.text)
                  00010104    00000026     driverlib.a : dl_i2c.o (.text.DL_I2C_setClockConfig)
                  0001012a    00000002     --HOLE-- [fill = 0]
                  0001012c    00000024     empty.o (.text.GROUP1_IRQHandler)
                  00010150    00000024     motor_driver.o (.text.MotorDriver_engageBrakeAll)
                  00010174    00000020     motor_test.o (.text.MotorTest_abort)
                  00010194    00000020     motor_test.o (.text.MotorTest_init)
                  000101b4    00000020     start_button.o (.text.StartButton_init)
                  000101d4    00000020     libc.a : memcmp.c.obj (.text.memcmp)
                  000101f4    0000001c     driverlib.a : dl_spi.o (.text.DL_SPI_receiveDataCheck8)
                  00010210    0000001c                 : dl_spi.o (.text.DL_SPI_transmitDataCheck8)
                  0001022c    0000001c                 : dl_timer.o (.text.DL_Timer_setCaptCompUpdateMethod)
                  00010248    0000001c                 : dl_timer.o (.text.DL_Timer_setClockConfig)
                  00010264    0000001c     line_sensors.o (.text.LineSensors_init)
                  00010280    0000001c     motor_test.o (.text.MotorTest_snapshot)
                  0001029c    0000001c     pid.o (.text.Pid_init)
                  000102b8    0000001a     libclang_rt.builtins.a : aeabi_memset.S.obj (.text)
                  000102d2    00000002     --HOLE-- [fill = 0]
                  000102d4    00000018     driverlib.a : dl_timer.o (.text.DL_Timer_setCaptureCompareOutCtl)
                  000102ec    00000018     k230_link.o (.text.K230Link_pendingBytes)
                  00010304    00000018     line_sensors.o (.text.LineSensors_snapshot)
                  0001031c    00000018     motor_test.o (.text.MotorTest_stateName)
                  00010334    00000018     req002.o (.text.Req002_blockReasonName)
                  0001034c    00000018     req002.o (.text.Req002_stateName)
                  00010364    00000014     encoders.o (.text.Encoders_speedShadowSnapshot)
                  00010378    00000014     start_button.o (.text.StartButton_readHardwarePressed)
                  0001038c    00000012     driverlib.a : dl_spi.o (.text.DL_SPI_setClockConfig)
                  0001039e    00000012                 : dl_uart.o (.text.DL_UART_setClockConfig)
                  000103b0    00000012     libc.a : copy_decompress_none.c.obj (.text:decompress:none)
                  000103c2    00000002     --HOLE-- [fill = 0]
                  000103c4    00000010     driverlib.a : dl_timer.o (.text.DL_Timer_getCaptureCompareValue)
                  000103d4    00000010                 : dl_timer.o (.text.DL_Timer_setCaptureCompareValue)
                  000103e4    00000010     pid.o (.text.Pid_reset)
                  000103f4    00000010     empty.o (.text.SysTick_Handler)
                  00010404    00000010     timebase.o (.text.Timebase_onSysTick)
                  00010414    00000010     libc.a : copy_zero_init.c.obj (.text:decompress:ZI)
                  00010424    0000000c     board_safety.o (.text.BoardSafety_faultLatched)
                  00010430    0000000c     timebase.o (.text.Timebase_nowMs)
                  0001043c    0000000a     driverlib.a : dl_common.o (.text.DL_Common_delayCycles)
                  00010446    0000000a     start_button.o (.text.StartButton_takePress)
                  00010450    00000008     board_safety.o (.text.BoardSafety_buzzerPolicy)
                  00010458    00000008     line_tracking.o (.text.LineTracking_getStatus)
                  00010460    00000008     req002.o (.text.Req002_getStatus)
                  00010468    00000008     timebase.o (.text.Timebase_reached)
                  00010470    00000008     empty.o (.text.UART0_IRQHandler)
                  00010478    00000008     libclang_rt.builtins.a : aeabi_memcpy.S.obj (.text)
                  00010480    00000006     libc.a : exit.c.obj (.text:abort)
                  00010486    00000004     libsysbm.a : hostexit.c.obj (.text.HOSTexit)
                  0001048a    00000004     startup_mspm0g350x_ticlang.o (.text.Reset_Handler)
                  0001048e    00000004     libc.a : pre_init.c.obj (.text._system_pre_init)
                  00010492    00000006     --HOLE-- [fill = 0]

.cinit     0    00011270    00000030     
                  00011270    0000000c     (__TI_handler_table)
                  0001127c    00000008     (.cinit..bss.load) [load image, compression = zero_init]
                  00011284    00000005     (.cinit..data.load) [load image, compression = lzss]
                  00011289    00000003     --HOLE-- [fill = 0]
                  0001128c    00000010     (__TI_cinit_table)
                  0001129c    00000004     --HOLE-- [fill = 0]

.rodata    0    000104a0    00000dd0     
                  000104a0    00000105     diag_console.o (.rodata.str1.14153271371939189678.1)
                  000105a5    0000000b     diag_console.o (.rodata.str1.10021391958218067169.1)
                  000105b0    00000100     k230_link.o (.rodata..L.crctable)
                  000106b0    00000082     oled_ssd1306.o (.rodata.gLetters)
                  00010732    00000063     diag_console.o (.rodata.str1.7732308573000650393.1)
                  00010795    00000048     diag_console.o (.rodata.str1.5644620926150322957.1)
                  000107dd    00000044     diag_console.o (.rodata.str1.8805550004262250290.1)
                  00010821    0000003e     diag_console.o (.rodata.str1.2437401455240083982.1)
                  0001085f    0000003d     diag_console.o (.rodata.str1.10020677278003191597.1)
                  0001089c    0000003d     diag_console.o (.rodata.str1.9757831788182070933.1)
                  000108d9    0000003b     diag_console.o (.rodata.str1.5824879526590977974.1)
                  00010914    00000038     diag_console.o (.rodata.str1.8089184110561347353.1)
                  0001094c    00000036     diag_console.o (.rodata.str1.16565755701334802317.1)
                  00010982    00000035     diag_console.o (.rodata.str1.3430916125074368270.1)
                  000109b7    00000034     diag_console.o (.rodata.str1.1098690429273333905.1)
                  000109eb    00000032     oled_ssd1306.o (.rodata.gDigits)
                  00010a1d    00000032     board_safety.o (.rodata.str1.1461871966798876460.1)
                  00010a4f    00000031     diag_console.o (.rodata.str1.242449607627197691.1)
                  00010a80    0000002f     diag_console.o (.rodata.str1.13023684794075449413.1)
                  00010aaf    0000002f     diag_console.o (.rodata.str1.16351352736247536359.1)
                  00010ade    0000002b     diag_console.o (.rodata.str1.12544225967345112596.1)
                  00010b09    00000003     ti_msp_dl_config.o (.rodata.gMOTOR_PWMClockConfig)
                  00010b0c    00000028     req002.o (.rodata..Lswitch.table.Req002_blockReasonName)
                  00010b34    00000028     diag_console.o (.rodata.str1.10752303080941050339.1)
                  00010b5c    00000026     diag_console.o (.rodata.str1.13160629704296733059.1)
                  00010b82    00000026     diag_console.o (.rodata.str1.15253010768347978106.1)
                  00010ba8    00000024     req002.o (.rodata..Lswitch.table.Req002_stateName)
                  00010bcc    00000023     diag_console.o (.rodata.str1.12847583180881552206.1)
                  00010bef    00000023     diag_console.o (.rodata.str1.6066754825680800963.1)
                  00010c12    00000022     diag_console.o (.rodata.str1.5303670245239573129.1)
                  00010c34    00000020     line_tracking.o (.rodata.cst32)
                  00010c54    0000001f     diag_console.o (.rodata.str1.5976961520280002565.1)
                  00010c73    0000001c     req002.o (.rodata.str1.13275248019535299154.1)
                  00010c8f    0000001a     diag_console.o (.rodata.str1.1008767523004470630.1)
                  00010ca9    0000001a     diag_console.o (.rodata.str1.2111541797422310849.1)
                  00010cc3    0000001a     req002.o (.rodata.str1.9392822210274423405.1)
                  00010cdd    00000019     req002.o (.rodata.str1.10004817023067202127.1)
                  00010cf6    00000019     diag_console.o (.rodata.str1.12716740232725884172.1)
                  00010d0f    00000019     diag_console.o (.rodata.str1.15208548128666943192.1)
                  00010d28    00000019     diag_console.o (.rodata.str1.18237275900639492659.1)
                  00010d41    00000003     ti_msp_dl_config.o (.rodata.gRIGHT_QEIClockConfig)
                  00010d44    00000019     nrf24_ptx.o (.rodata.str1.6094559527043233380.4)
                  00010d5d    00000019     diag_console.o (.rodata.str1.810607564276269461.1)
                  00010d76    00000002     ti_msp_dl_config.o (.rodata.gDIAG_UARTClockConfig)
                  00010d78    00000018     nrf24_ptx.o (.rodata..Lswitch.table.Nrf24Ptx_getStatus)
                  00010d90    00000018     oled_ssd1306.o (.rodata.initializeAt.commands)
                  00010da8    00000018     diag_console.o (.rodata.str1.5503653601839616668.1)
                  00010dc0    00000017     req002.o (.rodata.str1.10230131912623405435.1)
                  00010dd7    00000017     diag_console.o (.rodata.str1.6166010252237908199.1)
                  00010dee    00000016     diag_console.o (.rodata.str1.10354475084875452907.1)
                  00010e04    00000016     diag_console.o (.rodata.str1.13280886091191530476.1)
                  00010e1a    00000016     diag_console.o (.rodata.str1.5084688477215926447.1)
                  00010e30    00000015     req002.o (.rodata.str1.9213031953659428922.1)
                  00010e45    00000003     diag_console.o (.rodata.str1.16469263393576567306.1)
                  00010e48    00000014     motor_test.o (.rodata..Lswitch.table.MotorTest_stateName)
                  00010e5c    00000014     req002.o (.rodata.str1.1536853367382378965.1)
                  00010e70    00000014     req002.o (.rodata.str1.7316036974658646067.1)
                  00010e84    00000014     diag_console.o (.rodata.str1.7838710351760113446.1)
                  00010e98    00000014     req002.o (.rodata.str1.9277730485512377852.1)
                  00010eac    00000013     diag_console.o (.rodata.str1.19967443403481861.1)
                  00010ebf    00000011     req002.o (.rodata.str1.11801953346847374107.1)
                  00010ed0    00000011     diag_console.o (.rodata.str1.17217747830118470281.1)
                  00010ee1    00000011     diag_console.o (.rodata.str1.17570078357027493973.1)
                  00010ef2    00000011     req002.o (.rodata.str1.246851255980436067.1)
                  00010f03    00000011     diag_console.o (.rodata.str1.9305979691969886280.1)
                  00010f14    00000010     oled_ssd1306.o (.rodata.OledSsd1306_showReq002Status.stateText)
                  00010f24    00000010     diag_console.o (.rodata.str1.11858721499567804342.1)
                  00010f34    00000010     diag_console.o (.rodata.str1.15804963083468125269.1)
                  00010f44    00000010     nrf24_ptx.o (.rodata.str1.17419335730769077557.1)
                  00010f54    00000010     diag_console.o (.rodata.str1.8341931057821991107.1)
                  00010f64    00000010     diag_console.o (.rodata.str1.9009639935792097996.1)
                  00010f74    0000000f     diag_console.o (.rodata.str1.15191501805510545095.1)
                  00010f83    0000000f     diag_console.o (.rodata.str1.719103272933316442.1)
                  00010f92    0000000e     nrf24_ptx.o (.rodata.gProfile)
                  00010fa0    0000000e     req002.o (.rodata.str1.11012809159570234960.1)
                  00010fae    0000000e     diag_console.o (.rodata.str1.17463021491389519269.1)
                  00010fbc    0000000e     diag_console.o (.rodata.str1.1837592952361879117.1)
                  00010fca    0000000d     diag_console.o (.rodata.str1.10547048922053563066.1)
                  00010fd7    0000000d     diag_console.o (.rodata.str1.11767802008270839024.1)
                  00010fe4    0000000d     diag_console.o (.rodata.str1.15307067426115469236.1)
                  00010ff1    0000000d     diag_console.o (.rodata.str1.15759258491055097000.1)
                  00010ffe    0000000d     diag_console.o (.rodata.str1.17103627226480421635.1)
                  0001100b    0000000d     diag_console.o (.rodata.str1.3586807474570239301.1)
                  00011018    0000000d     nrf24_ptx.o (.rodata.str1.632614121974113092.1)
                  00011025    0000000d     diag_console.o (.rodata.str1.8382040091638840980.1)
                  00011032    0000000c     req002.o (.rodata.str1.14163026172649738486.1)
                  0001103e    0000000c     diag_console.o (.rodata.str1.15625074855538008002.1)
                  0001104a    0000000c     nrf24_ptx.o (.rodata.str1.18158066330371006656.1)
                  00011056    0000000c     diag_console.o (.rodata.str1.4753132208752387408.1)
                  00011062    0000000b     diag_console.o (.rodata.str1.10779067380086453065.1)
                  0001106d    0000000b     diag_console.o (.rodata.str1.10838375267284401125.1)
                  00011078    0000000b     diag_console.o (.rodata.str1.12889734105675417804.1)
                  00011083    0000000b     req002.o (.rodata.str1.14519661726848775581.1)
                  0001108e    0000000b     diag_console.o (.rodata.str1.17854535991371942916.1)
                  00011099    0000000b     diag_console.o (.rodata.str1.2047669683145328269.1)
                  000110a4    0000000b     diag_console.o (.rodata.str1.2566524860297826098.1)
                  000110af    0000000b     diag_console.o (.rodata.str1.4088845919059740246.1)
                  000110ba    0000000b     diag_console.o (.rodata.str1.475083551094971178.1)
                  000110c5    0000000b     diag_console.o (.rodata.str1.8714582252565932376.1)
                  000110d0    0000000a     app.o (.rodata..Lswitch.table.App_service)
                  000110da    0000000a     ti_msp_dl_config.o (.rodata.gDIAG_UARTConfig)
                  000110e4    0000000a     ti_msp_dl_config.o (.rodata.gK230_UARTConfig)
                  000110ee    0000000a     ti_msp_dl_config.o (.rodata.gRADIO_SPI_config)
                  000110f8    0000000a     req002.o (.rodata.str1.11700141885548915133.1)
                  00011102    0000000a     diag_console.o (.rodata.str1.15004393915158247055.1)
                  0001110c    0000000a     diag_console.o (.rodata.str1.15947943532119924092.1)
                  00011116    0000000a     diag_console.o (.rodata.str1.3251375336230076641.1)
                  00011120    0000000a     diag_console.o (.rodata.str1.5171941431370459453.1)
                  0001112a    00000009     motor_test.o (.rodata.str1.10617380224381297162.1)
                  00011133    00000009     req002.o (.rodata.str1.12553014538444358850.1)
                  0001113c    00000009     nrf24_ptx.o (.rodata.str1.1466761408321915565.1)
                  00011145    00000009     diag_console.o (.rodata.str1.16718133499535619421.1)
                  0001114e    00000009     diag_console.o (.rodata.str1.17197432830885351810.1)
                  00011157    00000009     oled_ssd1306.o (.rodata.str1.18394381519249814195.1)
                  00011160    00000009     diag_console.o (.rodata.str1.2411401244139123524.1)
                  00011169    00000009     nrf24_ptx.o (.rodata.str1.3287502044353476605.1)
                  00011172    00000009     req002.o (.rodata.str1.4498054223093770164.1)
                  0001117b    00000009     motor_test.o (.rodata.str1.7683472691658088772.1)
                  00011184    00000009     diag_console.o (.rodata.str1.854387782545475029.1)
                  0001118d    00000009     req002.o (.rodata.str1.9783865751474204056.1)
                  00011196    00000002     ti_msp_dl_config.o (.rodata.gK230_UARTClockConfig)
                  00011198    00000008     ti_msp_dl_config.o (.rodata.gMOTOR_PWMConfig)
                  000111a0    00000008     diag_console.o (.rodata.str1.1116829374954328495.1)
                  000111a8    00000008     oled_ssd1306.o (.rodata.str1.3044767245126136175.1)
                  000111b0    00000008     motor_test.o (.rodata.str1.4772308527699974066.1)
                  000111b8    00000008     motor_test.o (.rodata.str1.8645205534088111832.1)
                  000111c0    00000007     diag_console.o (.rodata.str1.11175911738739839896.1)
                  000111c7    00000007     diag_console.o (.rodata.str1.5926118724489890093.1)
                  000111ce    00000007     diag_console.o (.rodata.str1.7767364581813029062.1)
                  000111d5    00000006     diag_console.o (.rodata.str1.1105957340841019786.1)
                  000111db    00000006     diag_console.o (.rodata.str1.11297099101431644167.1)
                  000111e1    00000006     req002.o (.rodata.str1.1330840565073376.1)
                  000111e7    00000006     diag_console.o (.rodata.str1.14265534512352903045.1)
                  000111ed    00000006     oled_ssd1306.o (.rodata.str1.155559926808992207.1)
                  000111f3    00000006     diag_console.o (.rodata.str1.16084514406273351987.1)
                  000111f9    00000006     nrf24_ptx.o (.rodata.str1.17809926154172099862.1)
                  000111ff    00000006     oled_ssd1306.o (.rodata.str1.17912449882519859512.1)
                  00011205    00000006     motor_test.o (.rodata.str1.2583511979257442240.1)
                  0001120b    00000006     req002.o (.rodata.str1.404665452499805758.1)
                  00011211    00000005     req002.o (.rodata..Lswitch.table.Req002_service)
                  00011216    00000005     diag_console.o (.rodata.str1.11000238090859226487.1)
                  0001121b    00000005     req002.o (.rodata.str1.11884172484412477609.1)
                  00011220    00000005     nrf24_ptx.o (.rodata.str1.1246111486341945488.1)
                  00011225    00000005     oled_ssd1306.o (.rodata.str1.14073963438480896185.1)
                  0001122a    00000005     diag_console.o (.rodata.str1.15435677839657748720.1)
                  0001122f    00000005     diag_console.o (.rodata.str1.15834373091208215214.1)
                  00011234    00000005     diag_console.o (.rodata.str1.17340833469015162294.1)
                  00011239    00000005     diag_console.o (.rodata.str1.2661480226688204501.1)
                  0001123e    00000005     req002.o (.rodata.str1.4278235483893593186.1)
                  00011243    00000005     diag_console.o (.rodata.str1.8182549175682356078.1)
                  00011248    00000005     motor_test.o (.rodata.str1.8458586334456837306.1)
                  0001124d    00000005     diag_console.o (.rodata.str1.8521603489394202036.1)
                  00011252    00000005     diag_console.o (.rodata.str1.8535165006884115289.1)
                  00011257    00000005     diag_console.o (.rodata.str1.9239603917100908406.1)
                  0001125c    00000004     diag_console.o (.rodata.str1.16152622102795241315.1)
                  00011260    00000004     diag_console.o (.rodata.str1.2181998341318385279.1)
                  00011264    00000004     oled_ssd1306.o (.rodata.str1.4552292588570905864.1)
                  00011268    00000002     ti_msp_dl_config.o (.rodata.gLINE_I2CClockConfig)
                  0001126a    00000002     ti_msp_dl_config.o (.rodata.gOLED_I2CClockConfig)
                  0001126c    00000002     ti_msp_dl_config.o (.rodata.gRADIO_SPI_clockConfig)
                  0001126e    00000002     --HOLE-- [fill = 0]

.init_array 
*          0    00000000    00000000     UNINITIALIZED

.binit     0    00000000    00000000     

.bss       0    20200000    00000971     UNINITIALIZED
                  20200000    00000240     nrf24_ptx.o (.bss.gQueue)
                  20200240    000000c0     nrf24_ptx.o (.bss.gDiagLine)
                  20200300    000000bc     (.common:gMOTOR_PWMBackup)
                  202003bc    000000a0     (.common:gRIGHT_QEIBackup)
                  2020045c    0000008c     req002.o (.bss.gStatus)
                  202004e8    00000084     (.common:gK230RuntimeDiag)
                  2020056c    00000080     diag_console.o (.bss.gRxBuffer)
                  202005ec    00000080     k230_link.o (.bss.gRxQueue)
                  2020066c    00000060     (.common:gEncoderSpeedShadow)
                  202006cc    00000050     diag_console.o (.bss.gCommand)
                  2020071c    0000003c     k230_link.o (.bss.gStats)
                  20200758    0000003c     line_tracking.o (.bss.gStatus)
                  20200794    00000030     line_tracking.o (.bss.gShadowPid)
                  202007c4    00000030     req002.o (.bss.gSpeedBalancePi)
                  202007f4    00000030     req002.o (.bss.gTurnLeftPi)
                  20200824    0000002c     line_sensors.o (.bss.gSample)
                  20200850    00000028     (.common:gRADIO_SPIBackup)
                  20200878    00000020     k230_link.o (.bss.gLatest)
                  20200898    0000001c     nrf24_ptx.o (.bss.gStats)
                  202008b4    00000010     motor_test.o (.bss.gStatus)
                  202008c4    0000000e     k230_link.o (.bss.gFrame)
                  202008d2    00000002     nrf24_ptx.o (.bss.gDiagLineLength)
                  202008d4    00000008     app.o (.bss.gStartButton)
                  202008dc    00000004     nrf24_ptx.o (.bss.gDeadline)
                  202008e0    00000008     motor_driver.o (.bss.gStatus)
                  202008e8    00000004     req002.o (.bss.gDepartSinceMs)
                  202008ec    00000004     req002.o (.bss.gEncoderFeedbackMissingSinceMs)
                  202008f0    00000004     k230_link.o (.bss.gLastObservedOverflow)
                  202008f4    00000004     k230_link.o (.bss.gLastSequenceAdvanceMs)
                  202008f8    00000004     encoders.o (.bss.gLeftCount)
                  202008fc    00000004     encoders.o (.bss.gLeftInvalidTransitions)
                  20200900    00000004     req002.o (.bss.gMarkerSinceMs)
                  20200904    00000004     timebase.o (.bss.gMilliseconds)
                  20200908    00000004     req002.o (.bss.gNextControlMs)
                  2020090c    00000004     line_sensors.o (.bss.gNextPollMs)
                  20200910    00000004     k230_link.o (.bss.gQueueOverflowsFromIsr)
                  20200914    00000004     k230_link.o (.bss.gRxBytesFromIsr)
                  20200918    00000004     diag_console.o (.bss.gRxOverflow)
                  2020091c    00000004     encoders.o (.bss.gShadowLastSampleMs)
                  20200920    00000004     encoders.o (.bss.gShadowNextSampleMs)
                  20200924    00000004     encoders.o (.bss.gShadowPreviousInvalidTransitions)
                  20200928    00000004     encoders.o (.bss.gShadowPreviousLeftCount)
                  2020092c    00000004     encoders.o (.bss.gShadowPreviousRightCount)
                  20200930    00000004     req002.o (.bss.gSharpRightTurnPendingSinceMs)
                  20200934    00000004     req002.o (.bss.gSharpRightTurnStartMs)
                  20200938    00000004     req002.o (.bss.gSpeedBalanceSampleCount)
                  2020093c    00000004     req002.o (.bss.gSpeedBalanceTrimPermille)
                  20200940    00000004     req002.o (.bss.gTrackingFaultSinceMs)
                  20200944    00000003     oled_ssd1306.o (.bss.gStatus)
                  20200947    00000001     nrf24_ptx.o (.bss.gArmed)
                  20200948    00000002     nrf24_ptx.o (.bss.gNextMessageId)
                  2020094a    00000002     diag_console.o (.bss.gRxHead)
                  2020094c    00000002     k230_link.o (.bss.gRxHead)
                  2020094e    00000002     diag_console.o (.bss.gRxTail)
                  20200950    00000002     k230_link.o (.bss.gRxTail)
                  20200952    00000001     diag_console.o (.bss.gCaptureEnabled)
                  20200953    00000001     diag_console.o (.bss.gCommandLength)
                  20200954    00000001     req002.o (.bss.gDepartPending)
                  20200955    00000001     nrf24_ptx.o (.bss.gDiagLineOverflow)
                  20200956    00000001     diag_console.o (.bss.gDiscardLine)
                  20200957    00000001     req002.o (.bss.gEncoderFeedbackFaulted)
                  20200958    00000001     req002.o (.bss.gEncoderFeedbackMissing)
                  20200959    00000001     req002.o (.bss.gFinishBrakeEngaged)
                  2020095a    00000001     k230_link.o (.bss.gFrameIndex)
                  2020095b    00000001     k230_link.o (.bss.gHaveFrame)
                  2020095c    00000001     app.o (.bss.gLastOledReq002State)
                  2020095d    00000001     k230_link.o (.bss.gLastSequence)
                  2020095e    00000001     encoders.o (.bss.gLeftState)
                  2020095f    00000001     req002.o (.bss.gMarkerPending)
                  20200960    00000001     line_tracking.o (.bss.gNeedsReacquire)
                  20200961    00000001     nrf24_ptx.o (.bss.gOneShotQueued)
                  20200962    00000001     nrf24_ptx.o (.bss.gQueueCount)
                  20200963    00000001     nrf24_ptx.o (.bss.gQueueHead)
                  20200964    00000001     nrf24_ptx.o (.bss.gQueueTail)
                  20200965    00000001     k230_link.o (.bss.gSequenceInitialized)
                  20200966    00000001     req002.o (.bss.gSharpRightTurnActive)
                  20200967    00000001     req002.o (.bss.gSharpRightTurnLatched)
                  20200968    00000001     req002.o (.bss.gSharpRightTurnPending)
                  20200969    00000001     req002.o (.bss.gSpeedBalanceMode)
                  2020096a    00000001     nrf24_ptx.o (.bss.gState)
                  2020096b    00000001     board_safety.o (.bss.gStatus.0)
                  2020096c    00000001     board_safety.o (.bss.gStatus.3)
                  2020096d    00000001     k230_link.o (.bss.gTimedOut)
                  2020096e    00000001     motor_test.o (.bss.gTimedOut)
                  2020096f    00000001     req002.o (.bss.gTrackingFaultPending)
                  20200970    00000001     req002.o (.bss.gTrackingFaultReason)

.data      0    20200971    00000001     UNINITIALIZED
                  20200971    00000001     oled_ssd1306.o (.data.gAddress)

.stack     0    20207e00    00000200     UNINITIALIZED
                  20207e00    00000004     libc.a : boot_cortex_m.c.obj (.stack)
                  20207e04    000001fc     --HOLE--

__llvm_prf_cnts 
*          0    20200000    00000000     UNINITIALIZED

__llvm_prf_bits 
*          0    20200000    00000000     UNINITIALIZED

MODULE SUMMARY

       Module                         code    ro data   rw data
       ------                         ----    -------   -------
    .\
       ti_msp_dl_config.o             1276    54        388    
       empty.o                        388     0         132    
       startup_mspm0g350x_ticlang.o   6       192       0      
    +--+------------------------------+-------+---------+---------+
       Total:                         1670    246       520    
                                                               
    .\algorithm\
       line_tracking.o                820     32        109    
       pid.o                          462     0         0      
    +--+------------------------------+-------+---------+---------+
       Total:                         1282    32        109    
                                                               
    .\app\
       req002.o                       4536    394       283    
       motor_test.o                   340     65        17     
       app.o                          332     10        9      
    +--+------------------------------+-------+---------+---------+
       Total:                         5208    469       309    
                                                               
    .\bsp\
       board_safety.o                 348     50        2      
       timebase.o                     84      0         4      
    +--+------------------------------+-------+---------+---------+
       Total:                         432     50        6      
                                                               
    .\drivers\
       diag_console.o                 43392   2282      219    
       oled_ssd1306.o                 4546    258       4      
       nrf24_ptx.o                    2744    133       811    
       k230_link.o                    1248    256       259    
       line_sensors.o                 1324    0         48     
       encoders.o                     824     0         125    
       motor_driver.o                 876     0         8      
       i2c_diag.o                     300     0         0      
       start_button.o                 138     0         0      
    +--+------------------------------+-------+---------+---------+
       Total:                         55392   2929      1474   
                                                               
    D:/AAADiansai/CCS/mspm0_sdk_2_11_00_07/source/ti/driverlib/lib/ticlang/m0p/mspm0g1x0x_g3x0x/driverlib.a
       dl_timer.o                     372     0         0      
       dl_i2c.o                       240     0         0      
       dl_spi.o                       226     0         0      
       dl_uart.o                      138     0         0      
       dl_common.o                    10      0         0      
    +--+------------------------------+-------+---------+---------+
       Total:                         986     0         0      
                                                               
    D:\AAADiansai\CCS\ccs\tools\compiler\ti-cgt-armllvm_5.1.1.LTS\lib\armv6m-ti-none-eabi/c/libc.a
       memcpy16.S.obj                 154     0         0      
       copy_decompress_lzss.c.obj     124     0         0      
       memset16.S.obj                 98      0         0      
       autoinit.c.obj                 60      0         0      
       boot_cortex_m.c.obj            40      0         0      
       memcmp.c.obj                   32      0         0      
       copy_decompress_none.c.obj     18      0         0      
       copy_zero_init.c.obj           16      0         0      
       exit.c.obj                     6       0         0      
       pre_init.c.obj                 4       0         0      
    +--+------------------------------+-------+---------+---------+
       Total:                         552     0         0      
                                                               
    D:\AAADiansai\CCS\ccs\tools\compiler\ti-cgt-armllvm_5.1.1.LTS\lib\armv6m-ti-none-eabi/c/libsysbm.a
       hostexit.c.obj                 4       0         0      
    +--+------------------------------+-------+---------+---------+
       Total:                         4       0         0      
                                                               
    D:\AAADiansai\CCS\ccs\tools\compiler\ti-cgt-armllvm_5.1.1.LTS\lib\armv6m-ti-none-eabi/libclang_rt.builtins.a
       addsf3.S.obj                   216     0         0      
       comparesf2.S.obj               140     0         0      
       mulsf3.S.obj                   140     0         0      
       divsf3.S.obj                   130     0         0      
       aeabi_fcmp.S.obj               90      0         0      
       aeabi_uidivmod.S.obj           64      0         0      
       muldsi3.S.obj                  58      0         0      
       fixsfsi.S.obj                  56      0         0      
       floatunsisf.S.obj              40      0         0      
       aeabi_memset.S.obj             26      0         0      
       aeabi_memcpy.S.obj             8       0         0      
       aeabi_div0.c.obj               2       0         0      
    +--+------------------------------+-------+---------+---------+
       Total:                         970     0         0      
                                                               
       Stack:                         0       0         512    
       Linker Generated:              0       41        0      
    +--+------------------------------+-------+---------+---------+
       Grand Total:                   66496   3767      2930   


LINKER GENERATED COPY TABLES

__TI_cinit_table @ 0001128c records: 2, size/record: 8, table size: 16
	.bss: load addr=0001127c, load size=00000008 bytes, run addr=20200000, run size=00000971 bytes, compression=zero_init
	.data: load addr=00011284, load size=00000005 bytes, run addr=20200971, run size=00000001 bytes, compression=lzss


LINKER GENERATED HANDLER TABLE

__TI_handler_table @ 00011270 records: 3, size/record: 4, table size: 12
	index: 0, handler: __TI_decompress_lzss
	index: 1, handler: __TI_decompress_none
	index: 2, handler: __TI_zero_init


GLOBAL SYMBOLS: SORTED ALPHABETICALLY BY Name 

address   name                               
-------   ----                               
0000cea7  ADC0_IRQHandler                    
0000cea7  ADC1_IRQHandler                    
0000cea7  AES_IRQHandler                     
0000f401  App_init                           
0000e35d  App_service                        
00010451  BoardSafety_buzzerPolicy           
00010425  BoardSafety_faultLatched           
0000f8e1  BoardSafety_init                   
0000ff31  BoardSafety_outputsSafe            
0000f191  BoardSafety_service                
0000f6e9  BoardSafety_stop                   
00010486  C$$EXIT                            
0000cea7  CANFD0_IRQHandler                  
0000cea7  DAC0_IRQHandler                    
0001043d  DL_Common_delayCycles              
0000f461  DL_I2C_fillControllerTXFIFO        
0000ff99  DL_I2C_flushControllerRXFIFO       
0000fd95  DL_I2C_flushControllerTXFIFO       
00010105  DL_I2C_setClockConfig              
0000f73d  DL_SPI_drainRXFIFO8                
0000fbcd  DL_SPI_init                        
000101f5  DL_SPI_receiveDataCheck8           
0001038d  DL_SPI_setClockConfig              
00010211  DL_SPI_transmitDataCheck8          
000103c5  DL_Timer_getCaptureCompareValue    
0000e065  DL_Timer_initFourCCPWMMode         
0001022d  DL_Timer_setCaptCompUpdateMethod   
000102d5  DL_Timer_setCaptureCompareOutCtl   
000103d5  DL_Timer_setCaptureCompareValue    
00010249  DL_Timer_setClockConfig            
0000fa65  DL_UART_init                       
0001039f  DL_UART_setClockConfig             
0000ffc9  DL_UART_transmitDataBlocking       
0000cea7  DMA_IRQHandler                     
0000cea7  Default_Handler                    
0000faad  DiagConsole_init                   
0000f4c1  DiagConsole_onUartInterrupt        
0000cea9  DiagConsole_reportBoot             
0000330d  DiagConsole_service                
0000f271  Encoders_init                      
0000fdd1  Encoders_onLeftEncoderAInterrupt   
0000f51d  Encoders_snapshot                  
0000e6d1  Encoders_speedShadowInit           
0000d335  Encoders_speedShadowService        
00010365  Encoders_speedShadowSnapshot       
0000cea7  GROUP0_IRQHandler                  
0001012d  GROUP1_IRQHandler                  
00010487  HOSTexit                           
0000cea7  HardFault_Handler                  
0000cea7  I2C0_IRQHandler                    
0000cea7  I2C1_IRQHandler                    
0000d899  I2cDiag_scan                       
0000ff65  K230Link_getStats                  
0000ebdd  K230Link_init                      
000102ed  K230Link_pendingBytes              
0000faf5  K230Link_pushRxByteFromIsr         
0000b78d  K230Link_service                   
0000efa5  K230Link_snapshot                  
00010265  LineSensors_init                   
0000c8c1  LineSensors_service                
00010305  LineSensors_snapshot               
00010459  LineTracking_getStatus             
0000fb3d  LineTracking_init                  
0000bdd1  LineTracking_service               
0000d9c5  MotorDriver_driveVehicleForward    
00010151  MotorDriver_engageBrakeAll         
0000f579  MotorDriver_init                   
0000f2d5  MotorDriver_outputsStopped         
0000fc55  MotorDriver_prepareBrakeAll        
0000fc95  MotorDriver_releaseBrakeAll        
0000e849  MotorDriver_setVehicleForwardDuties
0000fcd5  MotorDriver_stopAll                
00010175  MotorTest_abort                    
00010195  MotorTest_init                     
0000fff9  MotorTest_onTimebaseTick           
0000fd15  MotorTest_service                  
00010281  MotorTest_snapshot                 
0000f201  MotorTest_start                    
0001031d  MotorTest_stateName                
0000cea7  NMI_Handler                        
0000f931  Nrf24Ptx_arm                       
0000daf1  Nrf24Ptx_captureDiagnosticChar     
0000fe0d  Nrf24Ptx_disarm                    
0000f791  Nrf24Ptx_getStatus                 
0000ee9d  Nrf24Ptx_init                      
0000f7e5  Nrf24Ptx_readCoreRegisters         
00010089  Nrf24Ptx_safeWhenDisarmed          
0000a655  Nrf24Ptx_service                   
0000eab5  OledSsd1306_clear                  
0000c61d  OledSsd1306_forceAllPixelsOn       
0000c371  OledSsd1306_forceAllPixelsOnSh1106 
0000a089  OledSsd1306_showReq002Status       
0000af49  OledSsd1306_showTestPattern        
0000cea7  PendSV_Handler                     
0001029d  Pid_init                           
000103e5  Pid_reset                          
0000cd05  Pid_step                           
0000cea7  RTC_IRQHandler                     
0000e26d  Req002_abort                       
00010335  Req002_blockReasonName             
00010461  Req002_getStatus                   
0000d49d  Req002_init                        
00008081  Req002_service                     
0001034d  Req002_stateName                   
0001048b  Reset_Handler                      
0000cea7  SPI0_IRQHandler                    
0000cea7  SPI1_IRQHandler                    
0000cea7  SVC_Handler                        
0000ec6d  SYSCFG_DL_DIAG_UART_init           
0000df5d  SYSCFG_DL_GPIO_init                
0000ecf9  SYSCFG_DL_K230_UART_init           
0000f839  SYSCFG_DL_LINE_I2C_init            
0000eb49  SYSCFG_DL_MOTOR_PWM_init           
0000f88d  SYSCFG_DL_OLED_I2C_init            
0000f981  SYSCFG_DL_RADIO_SPI_init           
0000f5d5  SYSCFG_DL_RIGHT_QEI_init           
00010029  SYSCFG_DL_SYSCTL_init              
0000f9cd  SYSCFG_DL_init                     
0000f021  SYSCFG_DL_initPower                
000101b5  StartButton_init                   
0000fa19  StartButton_poll                   
00010379  StartButton_readHardwarePressed    
00010447  StartButton_takePress              
000103f5  SysTick_Handler                    
0000cea7  TIMA0_IRQHandler                   
0000cea7  TIMA1_IRQHandler                   
0000cea7  TIMG0_IRQHandler                   
0000cea7  TIMG12_IRQHandler                  
0000cea7  TIMG6_IRQHandler                   
0000cea7  TIMG7_IRQHandler                   
0000cea7  TIMG8_IRQHandler                   
00010059  Timebase_init                      
00010431  Timebase_nowMs                     
00010405  Timebase_onSysTick                 
00010469  Timebase_reached                   
00010471  UART0_IRQHandler                   
0000fc11  UART1_IRQHandler                   
0000cea7  UART2_IRQHandler                   
0000cea7  UART3_IRQHandler                   
20208000  __STACK_END                        
00000200  __STACK_SIZE                       
00000000  __TI_ATRegion0_region_sz           
00000000  __TI_ATRegion0_src_addr            
00000000  __TI_ATRegion0_trg_addr            
00000000  __TI_ATRegion1_region_sz           
00000000  __TI_ATRegion1_src_addr            
00000000  __TI_ATRegion1_trg_addr            
00000000  __TI_ATRegion2_region_sz           
00000000  __TI_ATRegion2_src_addr            
00000000  __TI_ATRegion2_trg_addr            
0001128c  __TI_CINIT_Base                    
0001129c  __TI_CINIT_Limit                   
0001129c  __TI_CINIT_Warm                    
00011270  __TI_Handler_Table_Base            
0001127c  __TI_Handler_Table_Limit           
0000fe49  __TI_auto_init_nobinit_nopinit     
0000f09d  __TI_decompress_lzss               
000103b1  __TI_decompress_none               
ffffffff  __TI_pprof_out_hndl                
ffffffff  __TI_prof_data_size                
ffffffff  __TI_prof_data_start               
00000000  __TI_static_base__                 
00010415  __TI_zero_init                     
0000e53f  __addsf3                           
0000fef9  __aeabi_f2iz                       
0000e53f  __aeabi_fadd                       
0000f68d  __aeabi_fcmpeq                     
0000f6c3  __aeabi_fcmpge                     
0000f6d5  __aeabi_fcmpgt                     
0000f6b1  __aeabi_fcmple                     
0000f69f  __aeabi_fcmplt                     
0000edfb  __aeabi_fcmpun                     
0000ef21  __aeabi_fdiv                       
0000ee11  __aeabi_fmul                       
0000e535  __aeabi_fsub                       
0000df5b  __aeabi_idiv0                      
000102c7  __aeabi_memclr                     
000102c7  __aeabi_memclr4                    
000102c7  __aeabi_memclr8                    
00010479  __aeabi_memcpy                     
00010479  __aeabi_memcpy4                    
00010479  __aeabi_memcpy8                    
000102b9  __aeabi_memset                     
000102b9  __aeabi_memset4                    
000102b9  __aeabi_memset8                    
000100dd  __aeabi_ui2f                       
0000fd55  __aeabi_uidiv                      
0000fd55  __aeabi_uidivmod                   
ffffffff  __binit__                          
0000ed85  __cmpsf2                           
0000ef21  __divsf3                           
0000ed85  __eqsf2                            
0000fef9  __fixsfsi                          
000100dd  __floatunsisf                      
0000edbf  __gesf2                            
0000edbf  __gtsf2                            
0000ed85  __lesf2                            
0000ed85  __ltsf2                            
UNDEFED   __mpu_init                         
0000fe85  __muldsi3                          
0000ee11  __mulsf3                           
0000ed85  __nesf2                            
20207e00  __stack                            
20200000  __start___llvm_prf_bits            
20200000  __start___llvm_prf_cnts            
20200000  __stop___llvm_prf_bits             
20200000  __stop___llvm_prf_cnts             
0000e535  __subsf3                           
0000edfb  __unordsf2                         
000100b5  _c_int00_noargs                    
UNDEFED   _system_post_cinit                 
0001048f  _system_pre_init                   
00010481  abort                              
ffffffff  binit                              
2020066c  gEncoderSpeedShadow                
202004e8  gK230RuntimeDiag                   
20200300  gMOTOR_PWMBackup                   
20200850  gRADIO_SPIBackup                   
202003bc  gRIGHT_QEIBackup                   
00000000  interruptVectors                   
0000e169  main                               
000101d5  memcmp                             
0000e981  memcpy                             
0000f39d  memset                             


GLOBAL SYMBOLS: SORTED BY Symbol Address 

address   name                               
-------   ----                               
00000000  __TI_ATRegion0_region_sz           
00000000  __TI_ATRegion0_src_addr            
00000000  __TI_ATRegion0_trg_addr            
00000000  __TI_ATRegion1_region_sz           
00000000  __TI_ATRegion1_src_addr            
00000000  __TI_ATRegion1_trg_addr            
00000000  __TI_ATRegion2_region_sz           
00000000  __TI_ATRegion2_src_addr            
00000000  __TI_ATRegion2_trg_addr            
00000000  __TI_static_base__                 
00000000  interruptVectors                   
00000200  __STACK_SIZE                       
0000330d  DiagConsole_service                
00008081  Req002_service                     
0000a089  OledSsd1306_showReq002Status       
0000a655  Nrf24Ptx_service                   
0000af49  OledSsd1306_showTestPattern        
0000b78d  K230Link_service                   
0000bdd1  LineTracking_service               
0000c371  OledSsd1306_forceAllPixelsOnSh1106 
0000c61d  OledSsd1306_forceAllPixelsOn       
0000c8c1  LineSensors_service                
0000cd05  Pid_step                           
0000cea7  ADC0_IRQHandler                    
0000cea7  ADC1_IRQHandler                    
0000cea7  AES_IRQHandler                     
0000cea7  CANFD0_IRQHandler                  
0000cea7  DAC0_IRQHandler                    
0000cea7  DMA_IRQHandler                     
0000cea7  Default_Handler                    
0000cea7  GROUP0_IRQHandler                  
0000cea7  HardFault_Handler                  
0000cea7  I2C0_IRQHandler                    
0000cea7  I2C1_IRQHandler                    
0000cea7  NMI_Handler                        
0000cea7  PendSV_Handler                     
0000cea7  RTC_IRQHandler                     
0000cea7  SPI0_IRQHandler                    
0000cea7  SPI1_IRQHandler                    
0000cea7  SVC_Handler                        
0000cea7  TIMA0_IRQHandler                   
0000cea7  TIMA1_IRQHandler                   
0000cea7  TIMG0_IRQHandler                   
0000cea7  TIMG12_IRQHandler                  
0000cea7  TIMG6_IRQHandler                   
0000cea7  TIMG7_IRQHandler                   
0000cea7  TIMG8_IRQHandler                   
0000cea7  UART2_IRQHandler                   
0000cea7  UART3_IRQHandler                   
0000cea9  DiagConsole_reportBoot             
0000d335  Encoders_speedShadowService        
0000d49d  Req002_init                        
0000d899  I2cDiag_scan                       
0000d9c5  MotorDriver_driveVehicleForward    
0000daf1  Nrf24Ptx_captureDiagnosticChar     
0000df5b  __aeabi_idiv0                      
0000df5d  SYSCFG_DL_GPIO_init                
0000e065  DL_Timer_initFourCCPWMMode         
0000e169  main                               
0000e26d  Req002_abort                       
0000e35d  App_service                        
0000e535  __aeabi_fsub                       
0000e535  __subsf3                           
0000e53f  __addsf3                           
0000e53f  __aeabi_fadd                       
0000e6d1  Encoders_speedShadowInit           
0000e849  MotorDriver_setVehicleForwardDuties
0000e981  memcpy                             
0000eab5  OledSsd1306_clear                  
0000eb49  SYSCFG_DL_MOTOR_PWM_init           
0000ebdd  K230Link_init                      
0000ec6d  SYSCFG_DL_DIAG_UART_init           
0000ecf9  SYSCFG_DL_K230_UART_init           
0000ed85  __cmpsf2                           
0000ed85  __eqsf2                            
0000ed85  __lesf2                            
0000ed85  __ltsf2                            
0000ed85  __nesf2                            
0000edbf  __gesf2                            
0000edbf  __gtsf2                            
0000edfb  __aeabi_fcmpun                     
0000edfb  __unordsf2                         
0000ee11  __aeabi_fmul                       
0000ee11  __mulsf3                           
0000ee9d  Nrf24Ptx_init                      
0000ef21  __aeabi_fdiv                       
0000ef21  __divsf3                           
0000efa5  K230Link_snapshot                  
0000f021  SYSCFG_DL_initPower                
0000f09d  __TI_decompress_lzss               
0000f191  BoardSafety_service                
0000f201  MotorTest_start                    
0000f271  Encoders_init                      
0000f2d5  MotorDriver_outputsStopped         
0000f39d  memset                             
0000f401  App_init                           
0000f461  DL_I2C_fillControllerTXFIFO        
0000f4c1  DiagConsole_onUartInterrupt        
0000f51d  Encoders_snapshot                  
0000f579  MotorDriver_init                   
0000f5d5  SYSCFG_DL_RIGHT_QEI_init           
0000f68d  __aeabi_fcmpeq                     
0000f69f  __aeabi_fcmplt                     
0000f6b1  __aeabi_fcmple                     
0000f6c3  __aeabi_fcmpge                     
0000f6d5  __aeabi_fcmpgt                     
0000f6e9  BoardSafety_stop                   
0000f73d  DL_SPI_drainRXFIFO8                
0000f791  Nrf24Ptx_getStatus                 
0000f7e5  Nrf24Ptx_readCoreRegisters         
0000f839  SYSCFG_DL_LINE_I2C_init            
0000f88d  SYSCFG_DL_OLED_I2C_init            
0000f8e1  BoardSafety_init                   
0000f931  Nrf24Ptx_arm                       
0000f981  SYSCFG_DL_RADIO_SPI_init           
0000f9cd  SYSCFG_DL_init                     
0000fa19  StartButton_poll                   
0000fa65  DL_UART_init                       
0000faad  DiagConsole_init                   
0000faf5  K230Link_pushRxByteFromIsr         
0000fb3d  LineTracking_init                  
0000fbcd  DL_SPI_init                        
0000fc11  UART1_IRQHandler                   
0000fc55  MotorDriver_prepareBrakeAll        
0000fc95  MotorDriver_releaseBrakeAll        
0000fcd5  MotorDriver_stopAll                
0000fd15  MotorTest_service                  
0000fd55  __aeabi_uidiv                      
0000fd55  __aeabi_uidivmod                   
0000fd95  DL_I2C_flushControllerTXFIFO       
0000fdd1  Encoders_onLeftEncoderAInterrupt   
0000fe0d  Nrf24Ptx_disarm                    
0000fe49  __TI_auto_init_nobinit_nopinit     
0000fe85  __muldsi3                          
0000fef9  __aeabi_f2iz                       
0000fef9  __fixsfsi                          
0000ff31  BoardSafety_outputsSafe            
0000ff65  K230Link_getStats                  
0000ff99  DL_I2C_flushControllerRXFIFO       
0000ffc9  DL_UART_transmitDataBlocking       
0000fff9  MotorTest_onTimebaseTick           
00010029  SYSCFG_DL_SYSCTL_init              
00010059  Timebase_init                      
00010089  Nrf24Ptx_safeWhenDisarmed          
000100b5  _c_int00_noargs                    
000100dd  __aeabi_ui2f                       
000100dd  __floatunsisf                      
00010105  DL_I2C_setClockConfig              
0001012d  GROUP1_IRQHandler                  
00010151  MotorDriver_engageBrakeAll         
00010175  MotorTest_abort                    
00010195  MotorTest_init                     
000101b5  StartButton_init                   
000101d5  memcmp                             
000101f5  DL_SPI_receiveDataCheck8           
00010211  DL_SPI_transmitDataCheck8          
0001022d  DL_Timer_setCaptCompUpdateMethod   
00010249  DL_Timer_setClockConfig            
00010265  LineSensors_init                   
00010281  MotorTest_snapshot                 
0001029d  Pid_init                           
000102b9  __aeabi_memset                     
000102b9  __aeabi_memset4                    
000102b9  __aeabi_memset8                    
000102c7  __aeabi_memclr                     
000102c7  __aeabi_memclr4                    
000102c7  __aeabi_memclr8                    
000102d5  DL_Timer_setCaptureCompareOutCtl   
000102ed  K230Link_pendingBytes              
00010305  LineSensors_snapshot               
0001031d  MotorTest_stateName                
00010335  Req002_blockReasonName             
0001034d  Req002_stateName                   
00010365  Encoders_speedShadowSnapshot       
00010379  StartButton_readHardwarePressed    
0001038d  DL_SPI_setClockConfig              
0001039f  DL_UART_setClockConfig             
000103b1  __TI_decompress_none               
000103c5  DL_Timer_getCaptureCompareValue    
000103d5  DL_Timer_setCaptureCompareValue    
000103e5  Pid_reset                          
000103f5  SysTick_Handler                    
00010405  Timebase_onSysTick                 
00010415  __TI_zero_init                     
00010425  BoardSafety_faultLatched           
00010431  Timebase_nowMs                     
0001043d  DL_Common_delayCycles              
00010447  StartButton_takePress              
00010451  BoardSafety_buzzerPolicy           
00010459  LineTracking_getStatus             
00010461  Req002_getStatus                   
00010469  Timebase_reached                   
00010471  UART0_IRQHandler                   
00010479  __aeabi_memcpy                     
00010479  __aeabi_memcpy4                    
00010479  __aeabi_memcpy8                    
00010481  abort                              
00010486  C$$EXIT                            
00010487  HOSTexit                           
0001048b  Reset_Handler                      
0001048f  _system_pre_init                   
00011270  __TI_Handler_Table_Base            
0001127c  __TI_Handler_Table_Limit           
0001128c  __TI_CINIT_Base                    
0001129c  __TI_CINIT_Limit                   
0001129c  __TI_CINIT_Warm                    
20200000  __start___llvm_prf_bits            
20200000  __start___llvm_prf_cnts            
20200000  __stop___llvm_prf_bits             
20200000  __stop___llvm_prf_cnts             
20200300  gMOTOR_PWMBackup                   
202003bc  gRIGHT_QEIBackup                   
202004e8  gK230RuntimeDiag                   
2020066c  gEncoderSpeedShadow                
20200850  gRADIO_SPIBackup                   
20207e00  __stack                            
20208000  __STACK_END                        
ffffffff  __TI_pprof_out_hndl                
ffffffff  __TI_prof_data_size                
ffffffff  __TI_prof_data_start               
ffffffff  __binit__                          
ffffffff  binit                              
UNDEFED   __mpu_init                         
UNDEFED   _system_post_cinit                 

[224 symbols]
