<?xml version="1.0" encoding="ISO-8859-1" ?>
<link_info>
   <banner>TI ARM Clang Linker PC v5.1.1.LTS</banner>
   <copyright>Copyright (c) 1996-2018 Texas Instruments Incorporated</copyright>
   <command_line>D:\AAADiansai\CCS\ccs\tools\compiler\ti-cgt-armllvm_5.1.1.LTS\bin\tiarmlnk -ID:\AAADiansai\CCS\ccs\tools\compiler\ti-cgt-armllvm_5.1.1.LTS\lib -o test1_motor_selftest.out --cg_opt_level=2 -mtest1_motor_selftest.map -iD:/AAADiansai/CCS/mspm0_sdk_2_11_00_07/source -iC:/Users/Administrator/workspace_ccstheia/test1_2.2_recovered -iC:/Users/Administrator/workspace_ccstheia/test1_2.2_recovered/MotorSelfTest/syscfg -iD:/AAADiansai/CCS/ccs/tools/compiler/ti-cgt-armllvm_5.1.1.LTS/lib --diag_wrap=off --display_error_number --warn_sections --xml_link_info=test1_motor_selftest_linkInfo.xml --rom_model ./empty.o ./ti_msp_dl_config.o ./startup_mspm0g350x_ticlang.o ./algorithm/line_tracking.o ./algorithm/pid.o ./app/app.o ./app/motor_test.o ./app/req002.o ./bsp/board_safety.o ./bsp/timebase.o ./drivers/diag_console.o ./drivers/encoders.o ./drivers/i2c_diag.o ./drivers/k230_link.o ./drivers/line_sensors.o ./drivers/motor_driver.o ./drivers/nrf24_ptx.o ./drivers/oled_ssd1306.o ./drivers/start_button.o -l./device_linker.cmd -ldevice.cmd.genlibs -llibc.a --start-group -llibc++.a -llibc++abi.a -llibc.a -llibsys.a -llibsysbm.a -llibclang_rt.builtins.a -llibclang_rt.profile.a --end-group</command_line>
   <link_time>0x6a6d63f3</link_time>
   <link_errors>0x0</link_errors>
   <output_file>C:\Users\Administrator\workspace_ccstheia\test1_2.2_recovered\MotorSelfTest\test1_motor_selftest.out</output_file>
   <entry_point>
      <name>_c_int00_noargs</name>
      <address>0xdd09</address>
   </entry_point>
   <input_file_list>
      <input_file id="fl-1">
         <path>C:\Users\Administrator\workspace_ccstheia\test1_2.2_recovered\MotorSelfTest\.\</path>
         <kind>object</kind>
         <file>empty.o</file>
         <name>empty.o</name>
      </input_file>
      <input_file id="fl-2">
         <path>C:\Users\Administrator\workspace_ccstheia\test1_2.2_recovered\MotorSelfTest\.\</path>
         <kind>object</kind>
         <file>ti_msp_dl_config.o</file>
         <name>ti_msp_dl_config.o</name>
      </input_file>
      <input_file id="fl-3">
         <path>C:\Users\Administrator\workspace_ccstheia\test1_2.2_recovered\MotorSelfTest\.\</path>
         <kind>object</kind>
         <file>startup_mspm0g350x_ticlang.o</file>
         <name>startup_mspm0g350x_ticlang.o</name>
      </input_file>
      <input_file id="fl-4">
         <path>C:\Users\Administrator\workspace_ccstheia\test1_2.2_recovered\MotorSelfTest\.\algorithm\</path>
         <kind>object</kind>
         <file>line_tracking.o</file>
         <name>line_tracking.o</name>
      </input_file>
      <input_file id="fl-5">
         <path>C:\Users\Administrator\workspace_ccstheia\test1_2.2_recovered\MotorSelfTest\.\algorithm\</path>
         <kind>object</kind>
         <file>pid.o</file>
         <name>pid.o</name>
      </input_file>
      <input_file id="fl-6">
         <path>C:\Users\Administrator\workspace_ccstheia\test1_2.2_recovered\MotorSelfTest\.\app\</path>
         <kind>object</kind>
         <file>app.o</file>
         <name>app.o</name>
      </input_file>
      <input_file id="fl-7">
         <path>C:\Users\Administrator\workspace_ccstheia\test1_2.2_recovered\MotorSelfTest\.\app\</path>
         <kind>object</kind>
         <file>motor_test.o</file>
         <name>motor_test.o</name>
      </input_file>
      <input_file id="fl-8">
         <path>C:\Users\Administrator\workspace_ccstheia\test1_2.2_recovered\MotorSelfTest\.\app\</path>
         <kind>object</kind>
         <file>req002.o</file>
         <name>req002.o</name>
      </input_file>
      <input_file id="fl-9">
         <path>C:\Users\Administrator\workspace_ccstheia\test1_2.2_recovered\MotorSelfTest\.\bsp\</path>
         <kind>object</kind>
         <file>board_safety.o</file>
         <name>board_safety.o</name>
      </input_file>
      <input_file id="fl-a">
         <path>C:\Users\Administrator\workspace_ccstheia\test1_2.2_recovered\MotorSelfTest\.\bsp\</path>
         <kind>object</kind>
         <file>timebase.o</file>
         <name>timebase.o</name>
      </input_file>
      <input_file id="fl-b">
         <path>C:\Users\Administrator\workspace_ccstheia\test1_2.2_recovered\MotorSelfTest\.\drivers\</path>
         <kind>object</kind>
         <file>diag_console.o</file>
         <name>diag_console.o</name>
      </input_file>
      <input_file id="fl-c">
         <path>C:\Users\Administrator\workspace_ccstheia\test1_2.2_recovered\MotorSelfTest\.\drivers\</path>
         <kind>object</kind>
         <file>encoders.o</file>
         <name>encoders.o</name>
      </input_file>
      <input_file id="fl-d">
         <path>C:\Users\Administrator\workspace_ccstheia\test1_2.2_recovered\MotorSelfTest\.\drivers\</path>
         <kind>object</kind>
         <file>i2c_diag.o</file>
         <name>i2c_diag.o</name>
      </input_file>
      <input_file id="fl-e">
         <path>C:\Users\Administrator\workspace_ccstheia\test1_2.2_recovered\MotorSelfTest\.\drivers\</path>
         <kind>object</kind>
         <file>k230_link.o</file>
         <name>k230_link.o</name>
      </input_file>
      <input_file id="fl-f">
         <path>C:\Users\Administrator\workspace_ccstheia\test1_2.2_recovered\MotorSelfTest\.\drivers\</path>
         <kind>object</kind>
         <file>line_sensors.o</file>
         <name>line_sensors.o</name>
      </input_file>
      <input_file id="fl-10">
         <path>C:\Users\Administrator\workspace_ccstheia\test1_2.2_recovered\MotorSelfTest\.\drivers\</path>
         <kind>object</kind>
         <file>motor_driver.o</file>
         <name>motor_driver.o</name>
      </input_file>
      <input_file id="fl-11">
         <path>C:\Users\Administrator\workspace_ccstheia\test1_2.2_recovered\MotorSelfTest\.\drivers\</path>
         <kind>object</kind>
         <file>nrf24_ptx.o</file>
         <name>nrf24_ptx.o</name>
      </input_file>
      <input_file id="fl-12">
         <path>C:\Users\Administrator\workspace_ccstheia\test1_2.2_recovered\MotorSelfTest\.\drivers\</path>
         <kind>object</kind>
         <file>oled_ssd1306.o</file>
         <name>oled_ssd1306.o</name>
      </input_file>
      <input_file id="fl-13">
         <path>C:\Users\Administrator\workspace_ccstheia\test1_2.2_recovered\MotorSelfTest\.\drivers\</path>
         <kind>object</kind>
         <file>start_button.o</file>
         <name>start_button.o</name>
      </input_file>
      <input_file id="fl-20">
         <path>C:\Users\Administrator\workspace_ccstheia\test1_2.2_recovered\MotorSelfTest\</path>
         <kind>object</kind>
         <file>&lt;internal&gt;</file>
         <name>&lt;internal&gt;</name>
      </input_file>
      <input_file id="fl-21">
         <path>D:\AAADiansai\CCS\mspm0_sdk_2_11_00_07\source\ti\driverlib\lib\ticlang\m0p\mspm0g1x0x_g3x0x\</path>
         <kind>archive</kind>
         <file>driverlib.a</file>
         <name>dl_common.o</name>
      </input_file>
      <input_file id="fl-22">
         <path>D:\AAADiansai\CCS\mspm0_sdk_2_11_00_07\source\ti\driverlib\lib\ticlang\m0p\mspm0g1x0x_g3x0x\</path>
         <kind>archive</kind>
         <file>driverlib.a</file>
         <name>dl_i2c.o</name>
      </input_file>
      <input_file id="fl-23">
         <path>D:\AAADiansai\CCS\mspm0_sdk_2_11_00_07\source\ti\driverlib\lib\ticlang\m0p\mspm0g1x0x_g3x0x\</path>
         <kind>archive</kind>
         <file>driverlib.a</file>
         <name>dl_spi.o</name>
      </input_file>
      <input_file id="fl-24">
         <path>D:\AAADiansai\CCS\mspm0_sdk_2_11_00_07\source\ti\driverlib\lib\ticlang\m0p\mspm0g1x0x_g3x0x\</path>
         <kind>archive</kind>
         <file>driverlib.a</file>
         <name>dl_timer.o</name>
      </input_file>
      <input_file id="fl-25">
         <path>D:\AAADiansai\CCS\mspm0_sdk_2_11_00_07\source\ti\driverlib\lib\ticlang\m0p\mspm0g1x0x_g3x0x\</path>
         <kind>archive</kind>
         <file>driverlib.a</file>
         <name>dl_uart.o</name>
      </input_file>
      <input_file id="fl-42">
         <path>D:\AAADiansai\CCS\ccs\tools\compiler\ti-cgt-armllvm_5.1.1.LTS\lib\armv6m-ti-none-eabi\c\</path>
         <kind>archive</kind>
         <file>libc.a</file>
         <name>memcmp.c.obj</name>
      </input_file>
      <input_file id="fl-43">
         <path>D:\AAADiansai\CCS\ccs\tools\compiler\ti-cgt-armllvm_5.1.1.LTS\lib\armv6m-ti-none-eabi\c\</path>
         <kind>archive</kind>
         <file>libc.a</file>
         <name>boot_cortex_m.c.obj</name>
      </input_file>
      <input_file id="fl-44">
         <path>D:\AAADiansai\CCS\ccs\tools\compiler\ti-cgt-armllvm_5.1.1.LTS\lib\armv6m-ti-none-eabi\c\</path>
         <kind>archive</kind>
         <file>libc.a</file>
         <name>mathacl_init.c.obj</name>
      </input_file>
      <input_file id="fl-45">
         <path>D:\AAADiansai\CCS\ccs\tools\compiler\ti-cgt-armllvm_5.1.1.LTS\lib\armv6m-ti-none-eabi\c\</path>
         <kind>archive</kind>
         <file>libc.a</file>
         <name>autoinit.c.obj</name>
      </input_file>
      <input_file id="fl-46">
         <path>D:\AAADiansai\CCS\ccs\tools\compiler\ti-cgt-armllvm_5.1.1.LTS\lib\armv6m-ti-none-eabi\c\</path>
         <kind>archive</kind>
         <file>libc.a</file>
         <name>pre_init.c.obj</name>
      </input_file>
      <input_file id="fl-47">
         <path>D:\AAADiansai\CCS\ccs\tools\compiler\ti-cgt-armllvm_5.1.1.LTS\lib\armv6m-ti-none-eabi\c\</path>
         <kind>archive</kind>
         <file>libc.a</file>
         <name>cpy_tbl.c.obj</name>
      </input_file>
      <input_file id="fl-48">
         <path>D:\AAADiansai\CCS\ccs\tools\compiler\ti-cgt-armllvm_5.1.1.LTS\lib\armv6m-ti-none-eabi\c\</path>
         <kind>archive</kind>
         <file>libc.a</file>
         <name>copy_zero_init.c.obj</name>
      </input_file>
      <input_file id="fl-49">
         <path>D:\AAADiansai\CCS\ccs\tools\compiler\ti-cgt-armllvm_5.1.1.LTS\lib\armv6m-ti-none-eabi\c\</path>
         <kind>archive</kind>
         <file>libc.a</file>
         <name>copy_decompress_none.c.obj</name>
      </input_file>
      <input_file id="fl-4a">
         <path>D:\AAADiansai\CCS\ccs\tools\compiler\ti-cgt-armllvm_5.1.1.LTS\lib\armv6m-ti-none-eabi\c\</path>
         <kind>archive</kind>
         <file>libc.a</file>
         <name>copy_decompress_lzss.c.obj</name>
      </input_file>
      <input_file id="fl-4b">
         <path>D:\AAADiansai\CCS\ccs\tools\compiler\ti-cgt-armllvm_5.1.1.LTS\lib\armv6m-ti-none-eabi\c\</path>
         <kind>archive</kind>
         <file>libc.a</file>
         <name>exit.c.obj</name>
      </input_file>
      <input_file id="fl-4c">
         <path>D:\AAADiansai\CCS\ccs\tools\compiler\ti-cgt-armllvm_5.1.1.LTS\lib\armv6m-ti-none-eabi\c\</path>
         <kind>archive</kind>
         <file>libc.a</file>
         <name>_lock.c.obj</name>
      </input_file>
      <input_file id="fl-4d">
         <path>D:\AAADiansai\CCS\ccs\tools\compiler\ti-cgt-armllvm_5.1.1.LTS\lib\armv6m-ti-none-eabi\c\</path>
         <kind>archive</kind>
         <file>libc.a</file>
         <name>args_main.c.obj</name>
      </input_file>
      <input_file id="fl-141">
         <path>D:\AAADiansai\CCS\ccs\tools\compiler\ti-cgt-armllvm_5.1.1.LTS\lib\armv6m-ti-none-eabi\c\</path>
         <kind>archive</kind>
         <file>libsysbm.a</file>
         <name>hostexit.c.obj</name>
      </input_file>
      <input_file id="fl-142">
         <path>D:\AAADiansai\CCS\ccs\tools\compiler\ti-cgt-armllvm_5.1.1.LTS\lib\armv6m-ti-none-eabi\</path>
         <kind>archive</kind>
         <file>libclang_rt.builtins.a</file>
         <name>addsf3.S.obj</name>
      </input_file>
      <input_file id="fl-143">
         <path>D:\AAADiansai\CCS\ccs\tools\compiler\ti-cgt-armllvm_5.1.1.LTS\lib\armv6m-ti-none-eabi\</path>
         <kind>archive</kind>
         <file>libclang_rt.builtins.a</file>
         <name>mulsf3.S.obj</name>
      </input_file>
      <input_file id="fl-144">
         <path>D:\AAADiansai\CCS\ccs\tools\compiler\ti-cgt-armllvm_5.1.1.LTS\lib\armv6m-ti-none-eabi\</path>
         <kind>archive</kind>
         <file>libclang_rt.builtins.a</file>
         <name>divsf3.S.obj</name>
      </input_file>
      <input_file id="fl-145">
         <path>D:\AAADiansai\CCS\ccs\tools\compiler\ti-cgt-armllvm_5.1.1.LTS\lib\armv6m-ti-none-eabi\</path>
         <kind>archive</kind>
         <file>libclang_rt.builtins.a</file>
         <name>fixsfsi.S.obj</name>
      </input_file>
      <input_file id="fl-146">
         <path>D:\AAADiansai\CCS\ccs\tools\compiler\ti-cgt-armllvm_5.1.1.LTS\lib\armv6m-ti-none-eabi\</path>
         <kind>archive</kind>
         <file>libclang_rt.builtins.a</file>
         <name>floatunsisf.S.obj</name>
      </input_file>
      <input_file id="fl-147">
         <path>D:\AAADiansai\CCS\ccs\tools\compiler\ti-cgt-armllvm_5.1.1.LTS\lib\armv6m-ti-none-eabi\</path>
         <kind>archive</kind>
         <file>libclang_rt.builtins.a</file>
         <name>aeabi_fcmp.S.obj</name>
      </input_file>
      <input_file id="fl-148">
         <path>D:\AAADiansai\CCS\ccs\tools\compiler\ti-cgt-armllvm_5.1.1.LTS\lib\armv6m-ti-none-eabi\</path>
         <kind>archive</kind>
         <file>libclang_rt.builtins.a</file>
         <name>aeabi_uidivmod.S.obj</name>
      </input_file>
      <input_file id="fl-149">
         <path>D:\AAADiansai\CCS\ccs\tools\compiler\ti-cgt-armllvm_5.1.1.LTS\lib\armv6m-ti-none-eabi\</path>
         <kind>archive</kind>
         <file>libclang_rt.builtins.a</file>
         <name>aeabi_memcpy.S.obj</name>
      </input_file>
      <input_file id="fl-14a">
         <path>D:\AAADiansai\CCS\ccs\tools\compiler\ti-cgt-armllvm_5.1.1.LTS\lib\armv6m-ti-none-eabi\</path>
         <kind>archive</kind>
         <file>libclang_rt.builtins.a</file>
         <name>aeabi_memset.S.obj</name>
      </input_file>
      <input_file id="fl-14b">
         <path>D:\AAADiansai\CCS\ccs\tools\compiler\ti-cgt-armllvm_5.1.1.LTS\lib\armv6m-ti-none-eabi\</path>
         <kind>archive</kind>
         <file>libclang_rt.builtins.a</file>
         <name>comparesf2.S.obj</name>
      </input_file>
      <input_file id="fl-14c">
         <path>D:\AAADiansai\CCS\ccs\tools\compiler\ti-cgt-armllvm_5.1.1.LTS\lib\armv6m-ti-none-eabi\</path>
         <kind>archive</kind>
         <file>libclang_rt.builtins.a</file>
         <name>muldsi3.S.obj</name>
      </input_file>
      <input_file id="fl-14d">
         <path>D:\AAADiansai\CCS\ccs\tools\compiler\ti-cgt-armllvm_5.1.1.LTS\lib\armv6m-ti-none-eabi\</path>
         <kind>archive</kind>
         <file>libclang_rt.builtins.a</file>
         <name>aeabi_div0.c.obj</name>
      </input_file>
      <input_file id="fl-14e">
         <path>D:\AAADiansai\CCS\ccs\tools\compiler\ti-cgt-armllvm_5.1.1.LTS\lib\armv6m-ti-none-eabi\c\</path>
         <kind>archive</kind>
         <file>libc.a</file>
         <name>memcpy16.S.obj</name>
      </input_file>
      <input_file id="fl-14f">
         <path>D:\AAADiansai\CCS\ccs\tools\compiler\ti-cgt-armllvm_5.1.1.LTS\lib\armv6m-ti-none-eabi\c\</path>
         <kind>archive</kind>
         <file>libc.a</file>
         <name>memset16.S.obj</name>
      </input_file>
   </input_file_list>
   <object_component_list>
      <object_component id="oc-18">
         <name>.intvecs</name>
         <load_address>0x0</load_address>
         <readonly>true</readonly>
         <run_address>0x0</run_address>
         <size>0xc0</size>
         <alignment>0x4</alignment>
         <input_file_ref idref="fl-3"/>
      </object_component>
      <object_component id="oc-132">
         <name>.text.DiagConsole_service</name>
         <load_address>0xc0</load_address>
         <readonly>true</readonly>
         <executable>true</executable>
         <run_address>0xc0</run_address>
         <size>0x2194</size>
         <alignment>0x4</alignment>
         <input_file_ref idref="fl-b"/>
      </object_component>
      <object_component id="oc-222">
         <name>.text.reportReq002</name>
         <load_address>0x2254</load_address>
         <readonly>true</readonly>
         <executable>true</executable>
         <run_address>0x2254</run_address>
         <size>0x207c</size>
         <alignment>0x4</alignment>
         <input_file_ref idref="fl-b"/>
      </object_component>
      <object_component id="oc-1a7">
         <name>.text.reportRadioStatus</name>
         <load_address>0x42d0</load_address>
         <readonly>true</readonly>
         <executable>true</executable>
         <run_address>0x42d0</run_address>
         <size>0x16fc</size>
         <alignment>0x4</alignment>
         <input_file_ref idref="fl-b"/>
      </object_component>
      <object_component id="oc-20f">
         <name>.text.reportLine</name>
         <load_address>0x59cc</load_address>
         <readonly>true</readonly>
         <executable>true</executable>
         <run_address>0x59cc</run_address>
         <size>0x14e4</size>
         <alignment>0x4</alignment>
         <input_file_ref idref="fl-b"/>
      </object_component>
      <object_component id="oc-216">
         <name>.text.reportMotorTest</name>
         <load_address>0x6eb0</load_address>
         <readonly>true</readonly>
         <executable>true</executable>
         <run_address>0x6eb0</run_address>
         <size>0xbb8</size>
         <alignment>0x4</alignment>
         <input_file_ref idref="fl-b"/>
      </object_component>
      <object_component id="oc-1a6">
         <name>.text.reportStatus</name>
         <load_address>0x7a68</load_address>
         <readonly>true</readonly>
         <executable>true</executable>
         <run_address>0x7a68</run_address>
         <size>0x774</size>
         <alignment>0x4</alignment>
         <input_file_ref idref="fl-b"/>
      </object_component>
      <object_component id="oc-131">
         <name>.text.Req002_service</name>
         <load_address>0x81dc</load_address>
         <readonly>true</readonly>
         <executable>true</executable>
         <run_address>0x81dc</run_address>
         <size>0x698</size>
         <alignment>0x4</alignment>
         <input_file_ref idref="fl-8"/>
      </object_component>
      <object_component id="oc-118">
         <name>.text.OledSsd1306_showReq002Status</name>
         <load_address>0x8874</load_address>
         <readonly>true</readonly>
         <executable>true</executable>
         <run_address>0x8874</run_address>
         <size>0x5cc</size>
         <alignment>0x4</alignment>
         <input_file_ref idref="fl-12"/>
      </object_component>
      <object_component id="oc-133">
         <name>.text.Nrf24Ptx_service</name>
         <load_address>0x8e40</load_address>
         <readonly>true</readonly>
         <executable>true</executable>
         <run_address>0x8e40</run_address>
         <size>0x49c</size>
         <alignment>0x4</alignment>
         <input_file_ref idref="fl-11"/>
      </object_component>
      <object_component id="oc-21d">
         <name>.text.reportRadioRegisters</name>
         <load_address>0x92dc</load_address>
         <readonly>true</readonly>
         <executable>true</executable>
         <run_address>0x92dc</run_address>
         <size>0x458</size>
         <alignment>0x4</alignment>
         <input_file_ref idref="fl-b"/>
      </object_component>
      <object_component id="oc-28a">
         <name>.text.OledSsd1306_showTestPattern</name>
         <load_address>0x9734</load_address>
         <readonly>true</readonly>
         <executable>true</executable>
         <run_address>0x9734</run_address>
         <size>0x444</size>
         <alignment>0x4</alignment>
         <input_file_ref idref="fl-12"/>
      </object_component>
      <object_component id="oc-215">
         <name>.text.reportI2c</name>
         <load_address>0x9b78</load_address>
         <readonly>true</readonly>
         <executable>true</executable>
         <run_address>0x9b78</run_address>
         <size>0x400</size>
         <alignment>0x4</alignment>
         <input_file_ref idref="fl-b"/>
      </object_component>
      <object_component id="oc-227">
         <name>.text.runSelfTest</name>
         <load_address>0x9f78</load_address>
         <readonly>true</readonly>
         <executable>true</executable>
         <run_address>0x9f78</run_address>
         <size>0x304</size>
         <alignment>0x4</alignment>
         <input_file_ref idref="fl-b"/>
      </object_component>
      <object_component id="oc-12d">
         <name>.text.LineTracking_service</name>
         <load_address>0xa27c</load_address>
         <readonly>true</readonly>
         <executable>true</executable>
         <run_address>0xa27c</run_address>
         <size>0x2e4</size>
         <alignment>0x4</alignment>
         <input_file_ref idref="fl-4"/>
      </object_component>
      <object_component id="oc-1b7">
         <name>.text.readRegisterBlock</name>
         <load_address>0xa560</load_address>
         <readonly>true</readonly>
         <executable>true</executable>
         <run_address>0xa560</run_address>
         <size>0x2bc</size>
         <alignment>0x4</alignment>
         <input_file_ref idref="fl-f"/>
      </object_component>
      <object_component id="oc-290">
         <name>.text.OledSsd1306_forceAllPixelsOnSh1106</name>
         <load_address>0xa81c</load_address>
         <readonly>true</readonly>
         <executable>true</executable>
         <run_address>0xa81c</run_address>
         <size>0x2ac</size>
         <alignment>0x4</alignment>
         <input_file_ref idref="fl-12"/>
      </object_component>
      <object_component id="oc-28e">
         <name>.text.OledSsd1306_forceAllPixelsOn</name>
         <load_address>0xaac8</load_address>
         <readonly>true</readonly>
         <executable>true</executable>
         <run_address>0xaac8</run_address>
         <size>0x2a4</size>
         <alignment>0x4</alignment>
         <input_file_ref idref="fl-12"/>
      </object_component>
      <object_component id="oc-12c">
         <name>.text.LineSensors_service</name>
         <load_address>0xad6c</load_address>
         <readonly>true</readonly>
         <executable>true</executable>
         <run_address>0xad6c</run_address>
         <size>0x23c</size>
         <alignment>0x4</alignment>
         <input_file_ref idref="fl-f"/>
      </object_component>
      <object_component id="oc-21a">
         <name>.text.forceOledAllOn</name>
         <load_address>0xafa8</load_address>
         <readonly>true</readonly>
         <executable>true</executable>
         <run_address>0xafa8</run_address>
         <size>0x208</size>
         <alignment>0x4</alignment>
         <input_file_ref idref="fl-b"/>
      </object_component>
      <object_component id="oc-1cf">
         <name>.text.Pid_step</name>
         <load_address>0xb1b0</load_address>
         <readonly>true</readonly>
         <executable>true</executable>
         <run_address>0xb1b0</run_address>
         <size>0x1a2</size>
         <alignment>0x2</alignment>
         <input_file_ref idref="fl-5"/>
      </object_component>
      <object_component id="oc-33">
         <name>.text.Default_Handler</name>
         <load_address>0xb352</load_address>
         <readonly>true</readonly>
         <executable>true</executable>
         <run_address>0xb352</run_address>
         <size>0x2</size>
         <alignment>0x2</alignment>
         <input_file_ref idref="fl-3"/>
      </object_component>
      <object_component id="oc-11f">
         <name>.text.DiagConsole_reportBoot</name>
         <load_address>0xb354</load_address>
         <readonly>true</readonly>
         <executable>true</executable>
         <run_address>0xb354</run_address>
         <size>0x19c</size>
         <alignment>0x4</alignment>
         <input_file_ref idref="fl-b"/>
      </object_component>
      <object_component id="oc-237">
         <name>.text.transaction</name>
         <load_address>0xb4f0</load_address>
         <readonly>true</readonly>
         <executable>true</executable>
         <run_address>0xb4f0</run_address>
         <size>0x184</size>
         <alignment>0x4</alignment>
         <input_file_ref idref="fl-11"/>
      </object_component>
      <object_component id="oc-213">
         <name>.text.writeI32</name>
         <load_address>0xb674</load_address>
         <readonly>true</readonly>
         <executable>true</executable>
         <run_address>0xb674</run_address>
         <size>0x16c</size>
         <alignment>0x4</alignment>
         <input_file_ref idref="fl-b"/>
      </object_component>
      <object_component id="oc-220">
         <name>.text.writeU32</name>
         <load_address>0xb7e0</load_address>
         <readonly>true</readonly>
         <executable>true</executable>
         <run_address>0xb7e0</run_address>
         <size>0x154</size>
         <alignment>0x4</alignment>
         <input_file_ref idref="fl-b"/>
      </object_component>
      <object_component id="oc-21c">
         <name>.text.clearOled</name>
         <load_address>0xb934</load_address>
         <readonly>true</readonly>
         <executable>true</executable>
         <run_address>0xb934</run_address>
         <size>0x148</size>
         <alignment>0x4</alignment>
         <input_file_ref idref="fl-b"/>
      </object_component>
      <object_component id="oc-289">
         <name>.text.MotorDriver_driveVehicleForward</name>
         <load_address>0xba7c</load_address>
         <readonly>true</readonly>
         <executable>true</executable>
         <run_address>0xba7c</run_address>
         <size>0x140</size>
         <alignment>0x4</alignment>
         <input_file_ref idref="fl-10"/>
      </object_component>
      <object_component id="oc-27f">
         <name>.text.I2cDiag_scan</name>
         <load_address>0xbbbc</load_address>
         <readonly>true</readonly>
         <executable>true</executable>
         <run_address>0xbbbc</run_address>
         <size>0x12c</size>
         <alignment>0x4</alignment>
         <input_file_ref idref="fl-d"/>
      </object_component>
      <object_component id="oc-1a5">
         <name>.text.Nrf24Ptx_captureDiagnosticChar</name>
         <load_address>0xbce8</load_address>
         <readonly>true</readonly>
         <executable>true</executable>
         <run_address>0xbce8</run_address>
         <size>0x11c</size>
         <alignment>0x4</alignment>
         <input_file_ref idref="fl-11"/>
      </object_component>
      <object_component id="oc-21b">
         <name>.text.forceOledAllOnSh1106</name>
         <load_address>0xbe04</load_address>
         <readonly>true</readonly>
         <executable>true</executable>
         <run_address>0xbe04</run_address>
         <size>0x11c</size>
         <alignment>0x4</alignment>
         <input_file_ref idref="fl-b"/>
      </object_component>
      <object_component id="oc-219">
         <name>.text.runOledTest</name>
         <load_address>0xbf20</load_address>
         <readonly>true</readonly>
         <executable>true</executable>
         <run_address>0xbf20</run_address>
         <size>0x11c</size>
         <alignment>0x4</alignment>
         <input_file_ref idref="fl-b"/>
      </object_component>
      <object_component id="oc-19a">
         <name>.text.writePageData</name>
         <load_address>0xc03c</load_address>
         <readonly>true</readonly>
         <executable>true</executable>
         <run_address>0xc03c</run_address>
         <size>0x116</size>
         <alignment>0x2</alignment>
         <input_file_ref idref="fl-12"/>
      </object_component>
      <object_component id="oc-256">
         <name>.text.__aeabi_idiv0</name>
         <load_address>0xc152</load_address>
         <readonly>true</readonly>
         <executable>true</executable>
         <run_address>0xc152</run_address>
         <size>0x2</size>
         <alignment>0x2</alignment>
         <input_file_ref idref="fl-14d"/>
      </object_component>
      <object_component id="oc-157">
         <name>.text.DL_Timer_initFourCCPWMMode</name>
         <load_address>0xc154</load_address>
         <readonly>true</readonly>
         <executable>true</executable>
         <run_address>0xc154</run_address>
         <size>0x104</size>
         <alignment>0x4</alignment>
         <input_file_ref idref="fl-24"/>
      </object_component>
      <object_component id="oc-be">
         <name>.text.App_service</name>
         <load_address>0xc258</load_address>
         <readonly>true</readonly>
         <executable>true</executable>
         <run_address>0xc258</run_address>
         <size>0xec</size>
         <alignment>0x4</alignment>
         <input_file_ref idref="fl-6"/>
      </object_component>
      <object_component id="oc-238">
         <name>.text.command</name>
         <load_address>0xc344</load_address>
         <readonly>true</readonly>
         <executable>true</executable>
         <run_address>0xc344</run_address>
         <size>0xec</size>
         <alignment>0x4</alignment>
         <input_file_ref idref="fl-11"/>
      </object_component>
      <object_component id="oc-eb">
         <name>.text.SYSCFG_DL_GPIO_init</name>
         <load_address>0xc430</load_address>
         <readonly>true</readonly>
         <executable>true</executable>
         <run_address>0xc430</run_address>
         <size>0xdc</size>
         <alignment>0x4</alignment>
         <input_file_ref idref="fl-2"/>
      </object_component>
      <object_component id="oc-1c2">
         <name>.text</name>
         <load_address>0xc50c</load_address>
         <readonly>true</readonly>
         <executable>true</executable>
         <run_address>0xc50c</run_address>
         <size>0xd8</size>
         <alignment>0x4</alignment>
         <input_file_ref idref="fl-142"/>
      </object_component>
      <object_component id="oc-1d6">
         <name>.text.MotorDriver_setVehicleForwardDuties</name>
         <load_address>0xc5e4</load_address>
         <readonly>true</readonly>
         <executable>true</executable>
         <run_address>0xc5e4</run_address>
         <size>0xc8</size>
         <alignment>0x4</alignment>
         <input_file_ref idref="fl-10"/>
      </object_component>
      <object_component id="oc-195">
         <name>.text.writeSmall</name>
         <load_address>0xc6ac</load_address>
         <readonly>true</readonly>
         <executable>true</executable>
         <run_address>0xc6ac</run_address>
         <size>0xb8</size>
         <alignment>0x4</alignment>
         <input_file_ref idref="fl-12"/>
      </object_component>
      <object_component id="oc-ef">
         <name>.text.SYSCFG_DL_LEFT_CAPTURE_init</name>
         <load_address>0xc764</load_address>
         <readonly>true</readonly>
         <executable>true</executable>
         <run_address>0xc764</run_address>
         <size>0xb0</size>
         <alignment>0x4</alignment>
         <input_file_ref idref="fl-2"/>
      </object_component>
      <object_component id="oc-ae">
         <name>.text:memcpy</name>
         <load_address>0xc814</load_address>
         <readonly>true</readonly>
         <executable>true</executable>
         <run_address>0xc814</run_address>
         <size>0x9a</size>
         <alignment>0x1</alignment>
         <input_file_ref idref="fl-14e"/>
      </object_component>
      <object_component id="oc-292">
         <name>.text.OledSsd1306_clear</name>
         <load_address>0xc8b0</load_address>
         <readonly>true</readonly>
         <executable>true</executable>
         <run_address>0xc8b0</run_address>
         <size>0x94</size>
         <alignment>0x4</alignment>
         <input_file_ref idref="fl-12"/>
      </object_component>
      <object_component id="oc-ed">
         <name>.text.SYSCFG_DL_MOTOR_PWM_init</name>
         <load_address>0xc944</load_address>
         <readonly>true</readonly>
         <executable>true</executable>
         <run_address>0xc944</run_address>
         <size>0x94</size>
         <alignment>0x4</alignment>
         <input_file_ref idref="fl-2"/>
      </object_component>
      <object_component id="oc-110">
         <name>.text.Encoders_init</name>
         <load_address>0xc9d8</load_address>
         <readonly>true</readonly>
         <executable>true</executable>
         <run_address>0xc9d8</run_address>
         <size>0x90</size>
         <alignment>0x4</alignment>
         <input_file_ref idref="fl-c"/>
      </object_component>
      <object_component id="oc-f2">
         <name>.text.SYSCFG_DL_DIAG_UART_init</name>
         <load_address>0xca68</load_address>
         <readonly>true</readonly>
         <executable>true</executable>
         <run_address>0xca68</run_address>
         <size>0x8c</size>
         <alignment>0x4</alignment>
         <input_file_ref idref="fl-2"/>
      </object_component>
      <object_component id="oc-274">
         <name>.text</name>
         <load_address>0xcaf4</load_address>
         <readonly>true</readonly>
         <executable>true</executable>
         <run_address>0xcaf4</run_address>
         <size>0x8c</size>
         <alignment>0x4</alignment>
         <input_file_ref idref="fl-14b"/>
      </object_component>
      <object_component id="oc-1c6">
         <name>.text</name>
         <load_address>0xcb80</load_address>
         <readonly>true</readonly>
         <executable>true</executable>
         <run_address>0xcb80</run_address>
         <size>0x8c</size>
         <alignment>0x4</alignment>
         <input_file_ref idref="fl-143"/>
      </object_component>
      <object_component id="oc-71">
         <name>.text.Encoders_onLeftCaptureInterrupt</name>
         <load_address>0xcc0c</load_address>
         <readonly>true</readonly>
         <executable>true</executable>
         <run_address>0xcc0c</run_address>
         <size>0x84</size>
         <alignment>0x4</alignment>
         <input_file_ref idref="fl-c"/>
      </object_component>
      <object_component id="oc-120">
         <name>.text.Nrf24Ptx_init</name>
         <load_address>0xcc90</load_address>
         <readonly>true</readonly>
         <executable>true</executable>
         <run_address>0xcc90</run_address>
         <size>0x84</size>
         <alignment>0x4</alignment>
         <input_file_ref idref="fl-11"/>
      </object_component>
      <object_component id="oc-1be">
         <name>.text</name>
         <load_address>0xcd14</load_address>
         <readonly>true</readonly>
         <executable>true</executable>
         <run_address>0xcd14</run_address>
         <size>0x82</size>
         <alignment>0x4</alignment>
         <input_file_ref idref="fl-144"/>
      </object_component>
      <object_component id="oc-e9">
         <name>.text.SYSCFG_DL_initPower</name>
         <load_address>0xcd98</load_address>
         <readonly>true</readonly>
         <executable>true</executable>
         <run_address>0xcd98</run_address>
         <size>0x7c</size>
         <alignment>0x4</alignment>
         <input_file_ref idref="fl-2"/>
      </object_component>
      <object_component id="oc-1c">
         <name>.text:decompress:lzss</name>
         <load_address>0xce14</load_address>
         <readonly>true</readonly>
         <executable>true</executable>
         <run_address>0xce14</run_address>
         <size>0x7c</size>
         <alignment>0x4</alignment>
         <input_file_ref idref="fl-4a"/>
      </object_component>
      <object_component id="oc-218">
         <name>.text.writeText</name>
         <load_address>0xce90</load_address>
         <readonly>true</readonly>
         <executable>true</executable>
         <run_address>0xce90</run_address>
         <size>0x78</size>
         <alignment>0x4</alignment>
         <input_file_ref idref="fl-b"/>
      </object_component>
      <object_component id="oc-129">
         <name>.text.BoardSafety_service</name>
         <load_address>0xcf08</load_address>
         <readonly>true</readonly>
         <executable>true</executable>
         <run_address>0xcf08</run_address>
         <size>0x70</size>
         <alignment>0x4</alignment>
         <input_file_ref idref="fl-9"/>
      </object_component>
      <object_component id="oc-217">
         <name>.text.MotorTest_start</name>
         <load_address>0xcf78</load_address>
         <readonly>true</readonly>
         <executable>true</executable>
         <run_address>0xcf78</run_address>
         <size>0x70</size>
         <alignment>0x4</alignment>
         <input_file_ref idref="fl-7"/>
      </object_component>
      <object_component id="oc-239">
         <name>.text.writeRegistersAndVerify</name>
         <load_address>0xcfe8</load_address>
         <readonly>true</readonly>
         <executable>true</executable>
         <run_address>0xcfe8</run_address>
         <size>0x64</size>
         <alignment>0x4</alignment>
         <input_file_ref idref="fl-11"/>
      </object_component>
      <object_component id="oc-e8">
         <name>.text:memset</name>
         <load_address>0xd04c</load_address>
         <readonly>true</readonly>
         <executable>true</executable>
         <run_address>0xd04c</run_address>
         <size>0x62</size>
         <alignment>0x1</alignment>
         <input_file_ref idref="fl-14f"/>
      </object_component>
      <object_component id="oc-b8">
         <name>.text.App_init</name>
         <load_address>0xd0b0</load_address>
         <readonly>true</readonly>
         <executable>true</executable>
         <run_address>0xd0b0</run_address>
         <size>0x60</size>
         <alignment>0x4</alignment>
         <input_file_ref idref="fl-6"/>
      </object_component>
      <object_component id="oc-111">
         <name>.text.Req002_init</name>
         <load_address>0xd110</load_address>
         <readonly>true</readonly>
         <executable>true</executable>
         <run_address>0xd110</run_address>
         <size>0x60</size>
         <alignment>0x4</alignment>
         <input_file_ref idref="fl-8"/>
      </object_component>
      <object_component id="oc-25c">
         <name>.text.DL_I2C_fillControllerTXFIFO</name>
         <load_address>0xd170</load_address>
         <readonly>true</readonly>
         <executable>true</executable>
         <run_address>0xd170</run_address>
         <size>0x5e</size>
         <alignment>0x2</alignment>
         <input_file_ref idref="fl-22"/>
      </object_component>
      <object_component id="oc-6b">
         <name>.text.DiagConsole_onUartInterrupt</name>
         <load_address>0xd1d0</load_address>
         <readonly>true</readonly>
         <executable>true</executable>
         <run_address>0xd1d0</run_address>
         <size>0x5c</size>
         <alignment>0x4</alignment>
         <input_file_ref idref="fl-b"/>
      </object_component>
      <object_component id="oc-210">
         <name>.text.Encoders_snapshot</name>
         <load_address>0xd22c</load_address>
         <readonly>true</readonly>
         <executable>true</executable>
         <run_address>0xd22c</run_address>
         <size>0x5c</size>
         <alignment>0x4</alignment>
         <input_file_ref idref="fl-c"/>
      </object_component>
      <object_component id="oc-ee">
         <name>.text.SYSCFG_DL_RIGHT_QEI_init</name>
         <load_address>0xd288</load_address>
         <readonly>true</readonly>
         <executable>true</executable>
         <run_address>0xd288</run_address>
         <size>0x5c</size>
         <alignment>0x4</alignment>
         <input_file_ref idref="fl-2"/>
      </object_component>
      <object_component id="oc-1ca">
         <name>.text</name>
         <load_address>0xd2e4</load_address>
         <readonly>true</readonly>
         <executable>true</executable>
         <run_address>0xd2e4</run_address>
         <size>0x5a</size>
         <alignment>0x4</alignment>
         <input_file_ref idref="fl-147"/>
      </object_component>
      <object_component id="oc-fa">
         <name>.text.MotorDriver_init</name>
         <load_address>0xd340</load_address>
         <readonly>true</readonly>
         <executable>true</executable>
         <run_address>0xd340</run_address>
         <size>0x58</size>
         <alignment>0x4</alignment>
         <input_file_ref idref="fl-10"/>
      </object_component>
      <object_component id="oc-dd">
         <name>.text.MotorDriver_outputsStopped</name>
         <load_address>0xd398</load_address>
         <readonly>true</readonly>
         <executable>true</executable>
         <run_address>0xd398</run_address>
         <size>0x58</size>
         <alignment>0x4</alignment>
         <input_file_ref idref="fl-10"/>
      </object_component>
      <object_component id="oc-93">
         <name>.text.BoardSafety_stop</name>
         <load_address>0xd3f0</load_address>
         <readonly>true</readonly>
         <executable>true</executable>
         <run_address>0xd3f0</run_address>
         <size>0x54</size>
         <alignment>0x4</alignment>
         <input_file_ref idref="fl-9"/>
      </object_component>
      <object_component id="oc-29d">
         <name>.text.DL_SPI_drainRXFIFO8</name>
         <load_address>0xd444</load_address>
         <readonly>true</readonly>
         <executable>true</executable>
         <run_address>0xd444</run_address>
         <size>0x54</size>
         <alignment>0x4</alignment>
         <input_file_ref idref="fl-23"/>
      </object_component>
      <object_component id="oc-262">
         <name>.text.Nrf24Ptx_getStatus</name>
         <load_address>0xd498</load_address>
         <readonly>true</readonly>
         <executable>true</executable>
         <run_address>0xd498</run_address>
         <size>0x54</size>
         <alignment>0x4</alignment>
         <input_file_ref idref="fl-11"/>
      </object_component>
      <object_component id="oc-294">
         <name>.text.Nrf24Ptx_readCoreRegisters</name>
         <load_address>0xd4ec</load_address>
         <readonly>true</readonly>
         <executable>true</executable>
         <run_address>0xd4ec</run_address>
         <size>0x54</size>
         <alignment>0x2</alignment>
         <input_file_ref idref="fl-11"/>
      </object_component>
      <object_component id="oc-224">
         <name>.text.Req002_abort</name>
         <load_address>0xd540</load_address>
         <readonly>true</readonly>
         <executable>true</executable>
         <run_address>0xd540</run_address>
         <size>0x54</size>
         <alignment>0x4</alignment>
         <input_file_ref idref="fl-8"/>
      </object_component>
      <object_component id="oc-f0">
         <name>.text.SYSCFG_DL_LINE_I2C_init</name>
         <load_address>0xd594</load_address>
         <readonly>true</readonly>
         <executable>true</executable>
         <run_address>0xd594</run_address>
         <size>0x54</size>
         <alignment>0x4</alignment>
         <input_file_ref idref="fl-2"/>
      </object_component>
      <object_component id="oc-f1">
         <name>.text.SYSCFG_DL_OLED_I2C_init</name>
         <load_address>0xd5e8</load_address>
         <readonly>true</readonly>
         <executable>true</executable>
         <run_address>0xd5e8</run_address>
         <size>0x54</size>
         <alignment>0x4</alignment>
         <input_file_ref idref="fl-2"/>
      </object_component>
      <object_component id="oc-b3">
         <name>.text.SYSCFG_DL_init</name>
         <load_address>0xd63c</load_address>
         <readonly>true</readonly>
         <executable>true</executable>
         <run_address>0xd63c</run_address>
         <size>0x54</size>
         <alignment>0x4</alignment>
         <input_file_ref idref="fl-2"/>
      </object_component>
      <object_component id="oc-fb">
         <name>.text.BoardSafety_init</name>
         <load_address>0xd690</load_address>
         <readonly>true</readonly>
         <executable>true</executable>
         <run_address>0xd690</run_address>
         <size>0x50</size>
         <alignment>0x4</alignment>
         <input_file_ref idref="fl-9"/>
      </object_component>
      <object_component id="oc-21e">
         <name>.text.Nrf24Ptx_arm</name>
         <load_address>0xd6e0</load_address>
         <readonly>true</readonly>
         <executable>true</executable>
         <run_address>0xd6e0</run_address>
         <size>0x50</size>
         <alignment>0x4</alignment>
         <input_file_ref idref="fl-11"/>
      </object_component>
      <object_component id="oc-f3">
         <name>.text.SYSCFG_DL_RADIO_SPI_init</name>
         <load_address>0xd730</load_address>
         <readonly>true</readonly>
         <executable>true</executable>
         <run_address>0xd730</run_address>
         <size>0x4c</size>
         <alignment>0x4</alignment>
         <input_file_ref idref="fl-2"/>
      </object_component>
      <object_component id="oc-12b">
         <name>.text.StartButton_poll</name>
         <load_address>0xd77c</load_address>
         <readonly>true</readonly>
         <executable>true</executable>
         <run_address>0xd77c</run_address>
         <size>0x4c</size>
         <alignment>0x4</alignment>
         <input_file_ref idref="fl-13"/>
      </object_component>
      <object_component id="oc-16e">
         <name>.text.DL_UART_init</name>
         <load_address>0xd7c8</load_address>
         <readonly>true</readonly>
         <executable>true</executable>
         <run_address>0xd7c8</run_address>
         <size>0x48</size>
         <alignment>0x4</alignment>
         <input_file_ref idref="fl-25"/>
      </object_component>
      <object_component id="oc-11e">
         <name>.text.DiagConsole_init</name>
         <load_address>0xd810</load_address>
         <readonly>true</readonly>
         <executable>true</executable>
         <run_address>0xd810</run_address>
         <size>0x48</size>
         <alignment>0x4</alignment>
         <input_file_ref idref="fl-b"/>
      </object_component>
      <object_component id="oc-10a">
         <name>.text.LineTracking_init</name>
         <load_address>0xd858</load_address>
         <readonly>true</readonly>
         <executable>true</executable>
         <run_address>0xd858</run_address>
         <size>0x48</size>
         <alignment>0x4</alignment>
         <input_file_ref idref="fl-4"/>
      </object_component>
      <object_component id="oc-23a">
         <name>.text.writeAndVerify</name>
         <load_address>0xd8a0</load_address>
         <readonly>true</readonly>
         <executable>true</executable>
         <run_address>0xd8a0</run_address>
         <size>0x48</size>
         <alignment>0x2</alignment>
         <input_file_ref idref="fl-11"/>
      </object_component>
      <object_component id="oc-177">
         <name>.text.DL_SPI_init</name>
         <load_address>0xd8e8</load_address>
         <readonly>true</readonly>
         <executable>true</executable>
         <run_address>0xd8e8</run_address>
         <size>0x44</size>
         <alignment>0x4</alignment>
         <input_file_ref idref="fl-23"/>
      </object_component>
      <object_component id="oc-1d0">
         <name>.text.completeRun</name>
         <load_address>0xd92c</load_address>
         <readonly>true</readonly>
         <executable>true</executable>
         <run_address>0xd92c</run_address>
         <size>0x44</size>
         <alignment>0x4</alignment>
         <input_file_ref idref="fl-8"/>
      </object_component>
      <object_component id="oc-d8">
         <name>.text.MotorDriver_stopAll</name>
         <load_address>0xd970</load_address>
         <readonly>true</readonly>
         <executable>true</executable>
         <run_address>0xd970</run_address>
         <size>0x40</size>
         <alignment>0x4</alignment>
         <input_file_ref idref="fl-10"/>
      </object_component>
      <object_component id="oc-12a">
         <name>.text.MotorTest_service</name>
         <load_address>0xd9b0</load_address>
         <readonly>true</readonly>
         <executable>true</executable>
         <run_address>0xd9b0</run_address>
         <size>0x40</size>
         <alignment>0x4</alignment>
         <input_file_ref idref="fl-7"/>
      </object_component>
      <object_component id="oc-191">
         <name>.text</name>
         <load_address>0xd9f0</load_address>
         <readonly>true</readonly>
         <executable>true</executable>
         <run_address>0xd9f0</run_address>
         <size>0x40</size>
         <alignment>0x4</alignment>
         <input_file_ref idref="fl-148"/>
      </object_component>
      <object_component id="oc-1b8">
         <name>.text.DL_I2C_flushControllerTXFIFO</name>
         <load_address>0xda30</load_address>
         <readonly>true</readonly>
         <executable>true</executable>
         <run_address>0xda30</run_address>
         <size>0x3c</size>
         <alignment>0x4</alignment>
         <input_file_ref idref="fl-22"/>
      </object_component>
      <object_component id="oc-21f">
         <name>.text.Nrf24Ptx_disarm</name>
         <load_address>0xda6c</load_address>
         <readonly>true</readonly>
         <executable>true</executable>
         <run_address>0xda6c</run_address>
         <size>0x3c</size>
         <alignment>0x4</alignment>
         <input_file_ref idref="fl-11"/>
      </object_component>
      <object_component id="oc-c6">
         <name>.text:__TI_auto_init_nobinit_nopinit</name>
         <load_address>0xdaa8</load_address>
         <readonly>true</readonly>
         <executable>true</executable>
         <run_address>0xdaa8</run_address>
         <size>0x3c</size>
         <alignment>0x4</alignment>
         <input_file_ref idref="fl-45"/>
      </object_component>
      <object_component id="oc-26f">
         <name>.text</name>
         <load_address>0xdae4</load_address>
         <readonly>true</readonly>
         <executable>true</executable>
         <run_address>0xdae4</run_address>
         <size>0x3a</size>
         <alignment>0x4</alignment>
         <input_file_ref idref="fl-14c"/>
      </object_component>
      <object_component id="oc-221">
         <name>.text.newLine</name>
         <load_address>0xdb20</load_address>
         <readonly>true</readonly>
         <executable>true</executable>
         <run_address>0xdb20</run_address>
         <size>0x38</size>
         <alignment>0x4</alignment>
         <input_file_ref idref="fl-b"/>
      </object_component>
      <object_component id="oc-1d2">
         <name>.text</name>
         <load_address>0xdb58</load_address>
         <readonly>true</readonly>
         <executable>true</executable>
         <run_address>0xdb58</run_address>
         <size>0x38</size>
         <alignment>0x4</alignment>
         <input_file_ref idref="fl-145"/>
      </object_component>
      <object_component id="oc-225">
         <name>.text.BoardSafety_outputsSafe</name>
         <load_address>0xdb90</load_address>
         <readonly>true</readonly>
         <executable>true</executable>
         <run_address>0xdb90</run_address>
         <size>0x34</size>
         <alignment>0x4</alignment>
         <input_file_ref idref="fl-9"/>
      </object_component>
      <object_component id="oc-1b9">
         <name>.text.DL_I2C_flushControllerRXFIFO</name>
         <load_address>0xdbc4</load_address>
         <readonly>true</readonly>
         <executable>true</executable>
         <run_address>0xdbc4</run_address>
         <size>0x30</size>
         <alignment>0x4</alignment>
         <input_file_ref idref="fl-22"/>
      </object_component>
      <object_component id="oc-1a4">
         <name>.text.DL_UART_transmitDataBlocking</name>
         <load_address>0xdbf4</load_address>
         <readonly>true</readonly>
         <executable>true</executable>
         <run_address>0xdbf4</run_address>
         <size>0x30</size>
         <alignment>0x4</alignment>
         <input_file_ref idref="fl-25"/>
      </object_component>
      <object_component id="oc-63">
         <name>.text.MotorTest_onTimebaseTick</name>
         <load_address>0xdc24</load_address>
         <readonly>true</readonly>
         <executable>true</executable>
         <run_address>0xdc24</run_address>
         <size>0x30</size>
         <alignment>0x4</alignment>
         <input_file_ref idref="fl-7"/>
      </object_component>
      <object_component id="oc-ec">
         <name>.text.SYSCFG_DL_SYSCTL_init</name>
         <load_address>0xdc54</load_address>
         <readonly>true</readonly>
         <executable>true</executable>
         <run_address>0xdc54</run_address>
         <size>0x30</size>
         <alignment>0x4</alignment>
         <input_file_ref idref="fl-2"/>
      </object_component>
      <object_component id="oc-fc">
         <name>.text.Timebase_init</name>
         <load_address>0xdc84</load_address>
         <readonly>true</readonly>
         <executable>true</executable>
         <run_address>0xdc84</run_address>
         <size>0x30</size>
         <alignment>0x4</alignment>
         <input_file_ref idref="fl-a"/>
      </object_component>
      <object_component id="oc-226">
         <name>.text.Nrf24Ptx_safeWhenDisarmed</name>
         <load_address>0xdcb4</load_address>
         <readonly>true</readonly>
         <executable>true</executable>
         <run_address>0xdcb4</run_address>
         <size>0x2c</size>
         <alignment>0x4</alignment>
         <input_file_ref idref="fl-11"/>
      </object_component>
      <object_component id="oc-15d">
         <name>.text.DL_Timer_setCaptureCompareCtl</name>
         <load_address>0xdce0</load_address>
         <readonly>true</readonly>
         <executable>true</executable>
         <run_address>0xdce0</run_address>
         <size>0x28</size>
         <alignment>0x4</alignment>
         <input_file_ref idref="fl-24"/>
      </object_component>
      <object_component id="oc-56">
         <name>.text:_c_int00_noargs</name>
         <load_address>0xdd08</load_address>
         <readonly>true</readonly>
         <executable>true</executable>
         <run_address>0xdd08</run_address>
         <size>0x28</size>
         <alignment>0x4</alignment>
         <input_file_ref idref="fl-43"/>
      </object_component>
      <object_component id="oc-1ba">
         <name>.text</name>
         <load_address>0xdd30</load_address>
         <readonly>true</readonly>
         <executable>true</executable>
         <run_address>0xdd30</run_address>
         <size>0x28</size>
         <alignment>0x4</alignment>
         <input_file_ref idref="fl-146"/>
      </object_component>
      <object_component id="oc-160">
         <name>.text.DL_I2C_setClockConfig</name>
         <load_address>0xdd58</load_address>
         <readonly>true</readonly>
         <executable>true</executable>
         <run_address>0xdd58</run_address>
         <size>0x26</size>
         <alignment>0x2</alignment>
         <input_file_ref idref="fl-22"/>
      </object_component>
      <object_component id="oc-223">
         <name>.text.MotorTest_abort</name>
         <load_address>0xdd80</load_address>
         <readonly>true</readonly>
         <executable>true</executable>
         <run_address>0xdd80</run_address>
         <size>0x20</size>
         <alignment>0x4</alignment>
         <input_file_ref idref="fl-7"/>
      </object_component>
      <object_component id="oc-fd">
         <name>.text.MotorTest_init</name>
         <load_address>0xdda0</load_address>
         <readonly>true</readonly>
         <executable>true</executable>
         <run_address>0xdda0</run_address>
         <size>0x20</size>
         <alignment>0x4</alignment>
         <input_file_ref idref="fl-7"/>
      </object_component>
      <object_component id="oc-fe">
         <name>.text.StartButton_init</name>
         <load_address>0xddc0</load_address>
         <readonly>true</readonly>
         <executable>true</executable>
         <run_address>0xddc0</run_address>
         <size>0x20</size>
         <alignment>0x4</alignment>
         <input_file_ref idref="fl-13"/>
      </object_component>
      <object_component id="oc-1db">
         <name>.text.memcmp</name>
         <load_address>0xdde0</load_address>
         <readonly>true</readonly>
         <executable>true</executable>
         <run_address>0xdde0</run_address>
         <size>0x20</size>
         <alignment>0x2</alignment>
         <input_file_ref idref="fl-42"/>
      </object_component>
      <object_component id="oc-29f">
         <name>.text.DL_SPI_receiveDataCheck8</name>
         <load_address>0xde00</load_address>
         <readonly>true</readonly>
         <executable>true</executable>
         <run_address>0xde00</run_address>
         <size>0x1c</size>
         <alignment>0x4</alignment>
         <input_file_ref idref="fl-23"/>
      </object_component>
      <object_component id="oc-29e">
         <name>.text.DL_SPI_transmitDataCheck8</name>
         <load_address>0xde1c</load_address>
         <readonly>true</readonly>
         <executable>true</executable>
         <run_address>0xde1c</run_address>
         <size>0x1c</size>
         <alignment>0x4</alignment>
         <input_file_ref idref="fl-23"/>
      </object_component>
      <object_component id="oc-159">
         <name>.text.DL_Timer_setCaptCompUpdateMethod</name>
         <load_address>0xde38</load_address>
         <readonly>true</readonly>
         <executable>true</executable>
         <run_address>0xde38</run_address>
         <size>0x1c</size>
         <alignment>0x4</alignment>
         <input_file_ref idref="fl-24"/>
      </object_component>
      <object_component id="oc-156">
         <name>.text.DL_Timer_setClockConfig</name>
         <load_address>0xde54</load_address>
         <readonly>true</readonly>
         <executable>true</executable>
         <run_address>0xde54</run_address>
         <size>0x1c</size>
         <alignment>0x4</alignment>
         <input_file_ref idref="fl-24"/>
      </object_component>
      <object_component id="oc-104">
         <name>.text.LineSensors_init</name>
         <load_address>0xde70</load_address>
         <readonly>true</readonly>
         <executable>true</executable>
         <run_address>0xde70</run_address>
         <size>0x1c</size>
         <alignment>0x4</alignment>
         <input_file_ref idref="fl-f"/>
      </object_component>
      <object_component id="oc-285">
         <name>.text.MotorTest_snapshot</name>
         <load_address>0xde8c</load_address>
         <readonly>true</readonly>
         <executable>true</executable>
         <run_address>0xde8c</run_address>
         <size>0x1c</size>
         <alignment>0x4</alignment>
         <input_file_ref idref="fl-7"/>
      </object_component>
      <object_component id="oc-180">
         <name>.text.Pid_init</name>
         <load_address>0xdea8</load_address>
         <readonly>true</readonly>
         <executable>true</executable>
         <run_address>0xdea8</run_address>
         <size>0x1c</size>
         <alignment>0x2</alignment>
         <input_file_ref idref="fl-5"/>
      </object_component>
      <object_component id="oc-15e">
         <name>.text.DL_Timer_setCaptureCompareInput</name>
         <load_address>0xdec4</load_address>
         <readonly>true</readonly>
         <executable>true</executable>
         <run_address>0xdec4</run_address>
         <size>0x1a</size>
         <alignment>0x2</alignment>
         <input_file_ref idref="fl-24"/>
      </object_component>
      <object_component id="oc-7b">
         <name>.text</name>
         <load_address>0xdee0</load_address>
         <readonly>true</readonly>
         <executable>true</executable>
         <run_address>0xdee0</run_address>
         <size>0x1a</size>
         <alignment>0x4</alignment>
         <input_file_ref idref="fl-14a"/>
      </object_component>
      <object_component id="oc-158">
         <name>.text.DL_Timer_setCaptureCompareOutCtl</name>
         <load_address>0xdefc</load_address>
         <readonly>true</readonly>
         <executable>true</executable>
         <run_address>0xdefc</run_address>
         <size>0x18</size>
         <alignment>0x4</alignment>
         <input_file_ref idref="fl-24"/>
      </object_component>
      <object_component id="oc-12e">
         <name>.text.LineSensors_snapshot</name>
         <load_address>0xdf14</load_address>
         <readonly>true</readonly>
         <executable>true</executable>
         <run_address>0xdf14</run_address>
         <size>0x18</size>
         <alignment>0x4</alignment>
         <input_file_ref idref="fl-f"/>
      </object_component>
      <object_component id="oc-286">
         <name>.text.MotorTest_stateName</name>
         <load_address>0xdf2c</load_address>
         <readonly>true</readonly>
         <executable>true</executable>
         <run_address>0xdf2c</run_address>
         <size>0x18</size>
         <alignment>0x4</alignment>
         <input_file_ref idref="fl-7"/>
      </object_component>
      <object_component id="oc-297">
         <name>.text.Req002_blockReasonName</name>
         <load_address>0xdf44</load_address>
         <readonly>true</readonly>
         <executable>true</executable>
         <run_address>0xdf44</run_address>
         <size>0x18</size>
         <alignment>0x4</alignment>
         <input_file_ref idref="fl-8"/>
      </object_component>
      <object_component id="oc-268">
         <name>.text.Req002_stateName</name>
         <load_address>0xdf5c</load_address>
         <readonly>true</readonly>
         <executable>true</executable>
         <run_address>0xdf5c</run_address>
         <size>0x18</size>
         <alignment>0x4</alignment>
         <input_file_ref idref="fl-8"/>
      </object_component>
      <object_component id="oc-83">
         <name>.text.main</name>
         <load_address>0xdf74</load_address>
         <readonly>true</readonly>
         <executable>true</executable>
         <run_address>0xdf74</run_address>
         <size>0x16</size>
         <alignment>0x2</alignment>
         <input_file_ref idref="fl-1"/>
      </object_component>
      <object_component id="oc-214">
         <name>.text.StartButton_readHardwarePressed</name>
         <load_address>0xdf8c</load_address>
         <readonly>true</readonly>
         <executable>true</executable>
         <run_address>0xdf8c</run_address>
         <size>0x14</size>
         <alignment>0x4</alignment>
         <input_file_ref idref="fl-13"/>
      </object_component>
      <object_component id="oc-171">
         <name>.text.DL_SPI_setClockConfig</name>
         <load_address>0xdfa0</load_address>
         <readonly>true</readonly>
         <executable>true</executable>
         <run_address>0xdfa0</run_address>
         <size>0x12</size>
         <alignment>0x2</alignment>
         <input_file_ref idref="fl-23"/>
      </object_component>
      <object_component id="oc-168">
         <name>.text.DL_UART_setClockConfig</name>
         <load_address>0xdfb2</load_address>
         <readonly>true</readonly>
         <executable>true</executable>
         <run_address>0xdfb2</run_address>
         <size>0x12</size>
         <alignment>0x2</alignment>
         <input_file_ref idref="fl-25"/>
      </object_component>
      <object_component id="oc-20">
         <name>.text:decompress:none</name>
         <load_address>0xdfc4</load_address>
         <readonly>true</readonly>
         <executable>true</executable>
         <run_address>0xdfc4</run_address>
         <size>0x12</size>
         <alignment>0x2</alignment>
         <input_file_ref idref="fl-49"/>
      </object_component>
      <object_component id="oc-150">
         <name>.text.DL_Timer_getCaptureCompareValue</name>
         <load_address>0xdfd8</load_address>
         <readonly>true</readonly>
         <executable>true</executable>
         <run_address>0xdfd8</run_address>
         <size>0x10</size>
         <alignment>0x4</alignment>
         <input_file_ref idref="fl-24"/>
      </object_component>
      <object_component id="oc-146">
         <name>.text.DL_Timer_setCaptureCompareValue</name>
         <load_address>0xdfe8</load_address>
         <readonly>true</readonly>
         <executable>true</executable>
         <run_address>0xdfe8</run_address>
         <size>0x10</size>
         <alignment>0x4</alignment>
         <input_file_ref idref="fl-24"/>
      </object_component>
      <object_component id="oc-1ce">
         <name>.text.Pid_reset</name>
         <load_address>0xdff8</load_address>
         <readonly>true</readonly>
         <executable>true</executable>
         <run_address>0xdff8</run_address>
         <size>0x10</size>
         <alignment>0x2</alignment>
         <input_file_ref idref="fl-5"/>
      </object_component>
      <object_component id="oc-34">
         <name>.text.SysTick_Handler</name>
         <load_address>0xe008</load_address>
         <readonly>true</readonly>
         <executable>true</executable>
         <run_address>0xe008</run_address>
         <size>0x10</size>
         <alignment>0x2</alignment>
         <input_file_ref idref="fl-1"/>
      </object_component>
      <object_component id="oc-5d">
         <name>.text.Timebase_onSysTick</name>
         <load_address>0xe018</load_address>
         <readonly>true</readonly>
         <executable>true</executable>
         <run_address>0xe018</run_address>
         <size>0x10</size>
         <alignment>0x4</alignment>
         <input_file_ref idref="fl-a"/>
      </object_component>
      <object_component id="oc-53">
         <name>.text:decompress:ZI</name>
         <load_address>0xe028</load_address>
         <readonly>true</readonly>
         <executable>true</executable>
         <run_address>0xe028</run_address>
         <size>0x10</size>
         <alignment>0x2</alignment>
         <input_file_ref idref="fl-48"/>
      </object_component>
      <object_component id="oc-1b6">
         <name>.text.BoardSafety_faultLatched</name>
         <load_address>0xe038</load_address>
         <readonly>true</readonly>
         <executable>true</executable>
         <run_address>0xe038</run_address>
         <size>0xc</size>
         <alignment>0x4</alignment>
         <input_file_ref idref="fl-9"/>
      </object_component>
      <object_component id="oc-62">
         <name>.text.Timebase_nowMs</name>
         <load_address>0xe044</load_address>
         <readonly>true</readonly>
         <executable>true</executable>
         <run_address>0xe044</run_address>
         <size>0xc</size>
         <alignment>0x4</alignment>
         <input_file_ref idref="fl-a"/>
      </object_component>
      <object_component id="oc-152">
         <name>.text.DL_Common_delayCycles</name>
         <load_address>0xe050</load_address>
         <readonly>true</readonly>
         <executable>true</executable>
         <run_address>0xe050</run_address>
         <size>0xa</size>
         <alignment>0x2</alignment>
         <input_file_ref idref="fl-21"/>
      </object_component>
      <object_component id="oc-130">
         <name>.text.StartButton_takePress</name>
         <load_address>0xe05a</load_address>
         <readonly>true</readonly>
         <executable>true</executable>
         <run_address>0xe05a</run_address>
         <size>0xa</size>
         <alignment>0x2</alignment>
         <input_file_ref idref="fl-13"/>
      </object_component>
      <object_component id="oc-263">
         <name>.text.BoardSafety_buzzerPolicy</name>
         <load_address>0xe064</load_address>
         <readonly>true</readonly>
         <executable>true</executable>
         <run_address>0xe064</run_address>
         <size>0x8</size>
         <alignment>0x4</alignment>
         <input_file_ref idref="fl-9"/>
      </object_component>
      <object_component id="oc-12f">
         <name>.text.LineTracking_getStatus</name>
         <load_address>0xe06c</load_address>
         <readonly>true</readonly>
         <executable>true</executable>
         <run_address>0xe06c</run_address>
         <size>0x8</size>
         <alignment>0x4</alignment>
         <input_file_ref idref="fl-4"/>
      </object_component>
      <object_component id="oc-117">
         <name>.text.Req002_getStatus</name>
         <load_address>0xe074</load_address>
         <readonly>true</readonly>
         <executable>true</executable>
         <run_address>0xe074</run_address>
         <size>0x8</size>
         <alignment>0x4</alignment>
         <input_file_ref idref="fl-8"/>
      </object_component>
      <object_component id="oc-3a">
         <name>.text.TIMA1_IRQHandler</name>
         <load_address>0xe07c</load_address>
         <readonly>true</readonly>
         <executable>true</executable>
         <run_address>0xe07c</run_address>
         <size>0x8</size>
         <alignment>0x2</alignment>
         <input_file_ref idref="fl-1"/>
      </object_component>
      <object_component id="oc-92">
         <name>.text.Timebase_reached</name>
         <load_address>0xe084</load_address>
         <readonly>true</readonly>
         <executable>true</executable>
         <run_address>0xe084</run_address>
         <size>0x8</size>
         <alignment>0x2</alignment>
         <input_file_ref idref="fl-a"/>
      </object_component>
      <object_component id="oc-39">
         <name>.text.UART0_IRQHandler</name>
         <load_address>0xe08c</load_address>
         <readonly>true</readonly>
         <executable>true</executable>
         <run_address>0xe08c</run_address>
         <size>0x8</size>
         <alignment>0x2</alignment>
         <input_file_ref idref="fl-1"/>
      </object_component>
      <object_component id="oc-46">
         <name>.text</name>
         <load_address>0xe094</load_address>
         <readonly>true</readonly>
         <executable>true</executable>
         <run_address>0xe094</run_address>
         <size>0x8</size>
         <alignment>0x4</alignment>
         <input_file_ref idref="fl-149"/>
      </object_component>
      <object_component id="oc-bf">
         <name>.text:abort</name>
         <load_address>0xe09c</load_address>
         <readonly>true</readonly>
         <executable>true</executable>
         <run_address>0xe09c</run_address>
         <size>0x6</size>
         <alignment>0x2</alignment>
         <input_file_ref idref="fl-4b"/>
      </object_component>
      <object_component id="oc-136">
         <name>.text.HOSTexit</name>
         <load_address>0xe0a2</load_address>
         <readonly>true</readonly>
         <executable>true</executable>
         <run_address>0xe0a2</run_address>
         <size>0x4</size>
         <alignment>0x2</alignment>
         <input_file_ref idref="fl-141"/>
      </object_component>
      <object_component id="oc-2f">
         <name>.text.Reset_Handler</name>
         <load_address>0xe0a6</load_address>
         <readonly>true</readonly>
         <executable>true</executable>
         <run_address>0xe0a6</run_address>
         <size>0x4</size>
         <alignment>0x2</alignment>
         <input_file_ref idref="fl-3"/>
      </object_component>
      <object_component id="oc-7f">
         <name>.text._system_pre_init</name>
         <load_address>0xe0aa</load_address>
         <readonly>true</readonly>
         <executable>true</executable>
         <run_address>0xe0aa</run_address>
         <size>0x4</size>
         <alignment>0x2</alignment>
         <input_file_ref idref="fl-46"/>
      </object_component>
      <object_component id="oc-30e">
         <name>__TI_handler_table</name>
         <load_address>0xed38</load_address>
         <readonly>true</readonly>
         <run_address>0xed38</run_address>
         <size>0xc</size>
         <alignment>0x4</alignment>
      </object_component>
      <object_component id="oc-311">
         <name>.cinit..bss.load</name>
         <load_address>0xed44</load_address>
         <readonly>true</readonly>
         <run_address>0xed44</run_address>
         <size>0x8</size>
         <alignment>0x4</alignment>
      </object_component>
      <object_component id="oc-310">
         <name>.cinit..data.load</name>
         <load_address>0xed4c</load_address>
         <readonly>true</readonly>
         <run_address>0xed4c</run_address>
         <size>0x5</size>
         <alignment>0x1</alignment>
      </object_component>
      <object_component id="oc-30f">
         <name>__TI_cinit_table</name>
         <load_address>0xed54</load_address>
         <readonly>true</readonly>
         <run_address>0xed54</run_address>
         <size>0x10</size>
         <alignment>0x4</alignment>
      </object_component>
      <object_component id="oc-20e">
         <name>.rodata.str1.14153271371939189678.1</name>
         <load_address>0xe0b0</load_address>
         <readonly>true</readonly>
         <run_address>0xe0b0</run_address>
         <size>0x105</size>
         <alignment>0x1</alignment>
         <input_file_ref idref="fl-b"/>
      </object_component>
      <object_component id="oc-19e">
         <name>.rodata.gLetters</name>
         <load_address>0xe1b5</load_address>
         <readonly>true</readonly>
         <run_address>0xe1b5</run_address>
         <size>0x82</size>
         <alignment>0x1</alignment>
         <input_file_ref idref="fl-12"/>
      </object_component>
      <object_component id="oc-1a8">
         <name>.rodata.str1.7732308573000650393.1</name>
         <load_address>0xe237</load_address>
         <readonly>true</readonly>
         <run_address>0xe237</run_address>
         <size>0x63</size>
         <alignment>0x1</alignment>
         <input_file_ref idref="fl-b"/>
      </object_component>
      <object_component id="oc-291">
         <name>.rodata.str1.5644620926150322957.1</name>
         <load_address>0xe29a</load_address>
         <readonly>true</readonly>
         <run_address>0xe29a</run_address>
         <size>0x48</size>
         <alignment>0x1</alignment>
         <input_file_ref idref="fl-b"/>
      </object_component>
      <object_component id="oc-27e">
         <name>.rodata.str1.8805550004262250290.1</name>
         <load_address>0xe2e2</load_address>
         <readonly>true</readonly>
         <run_address>0xe2e2</run_address>
         <size>0x44</size>
         <alignment>0x1</alignment>
         <input_file_ref idref="fl-b"/>
      </object_component>
      <object_component id="oc-232">
         <name>.rodata.str1.2437401455240083982.1</name>
         <load_address>0xe326</load_address>
         <readonly>true</readonly>
         <run_address>0xe326</run_address>
         <size>0x3e</size>
         <alignment>0x1</alignment>
         <input_file_ref idref="fl-b"/>
      </object_component>
      <object_component id="oc-230">
         <name>.rodata.str1.10020677278003191597.1</name>
         <load_address>0xe364</load_address>
         <readonly>true</readonly>
         <run_address>0xe364</run_address>
         <size>0x3d</size>
         <alignment>0x1</alignment>
         <input_file_ref idref="fl-b"/>
      </object_component>
      <object_component id="oc-234">
         <name>.rodata.str1.9757831788182070933.1</name>
         <load_address>0xe3a1</load_address>
         <readonly>true</readonly>
         <run_address>0xe3a1</run_address>
         <size>0x3d</size>
         <alignment>0x1</alignment>
         <input_file_ref idref="fl-b"/>
      </object_component>
      <object_component id="oc-22e">
         <name>.rodata.str1.5824879526590977974.1</name>
         <load_address>0xe3de</load_address>
         <readonly>true</readonly>
         <run_address>0xe3de</run_address>
         <size>0x3b</size>
         <alignment>0x1</alignment>
         <input_file_ref idref="fl-b"/>
      </object_component>
      <object_component id="oc-266">
         <name>.rodata.str1.15435677839657748720.1</name>
         <load_address>0xe419</load_address>
         <readonly>true</readonly>
         <run_address>0xe419</run_address>
         <size>0x38</size>
         <alignment>0x1</alignment>
         <input_file_ref idref="fl-b"/>
      </object_component>
      <object_component id="oc-28b">
         <name>.rodata.str1.16565755701334802317.1</name>
         <load_address>0xe451</load_address>
         <readonly>true</readonly>
         <run_address>0xe451</run_address>
         <size>0x36</size>
         <alignment>0x1</alignment>
         <input_file_ref idref="fl-b"/>
      </object_component>
      <object_component id="oc-29b">
         <name>.rodata.str1.9768974661061496881.1</name>
         <load_address>0xe487</load_address>
         <readonly>true</readonly>
         <run_address>0xe487</run_address>
         <size>0x35</size>
         <alignment>0x1</alignment>
         <input_file_ref idref="fl-b"/>
      </object_component>
      <object_component id="oc-236">
         <name>.rodata.str1.1098690429273333905.1</name>
         <load_address>0xe4bc</load_address>
         <readonly>true</readonly>
         <run_address>0xe4bc</run_address>
         <size>0x34</size>
         <alignment>0x1</alignment>
         <input_file_ref idref="fl-b"/>
      </object_component>
      <object_component id="oc-19d">
         <name>.rodata.gDigits</name>
         <load_address>0xe4f0</load_address>
         <readonly>true</readonly>
         <run_address>0xe4f0</run_address>
         <size>0x32</size>
         <alignment>0x1</alignment>
         <input_file_ref idref="fl-12"/>
      </object_component>
      <object_component id="oc-2a5">
         <name>.rodata.str1.1461871966798876460.1</name>
         <load_address>0xe522</load_address>
         <readonly>true</readonly>
         <run_address>0xe522</run_address>
         <size>0x32</size>
         <alignment>0x1</alignment>
         <input_file_ref idref="fl-9"/>
      </object_component>
      <object_component id="oc-26a">
         <name>.rodata.str1.7985117199416049152.1</name>
         <load_address>0xe554</load_address>
         <readonly>true</readonly>
         <run_address>0xe554</run_address>
         <size>0x31</size>
         <alignment>0x1</alignment>
         <input_file_ref idref="fl-b"/>
      </object_component>
      <object_component id="oc-296">
         <name>.rodata.str1.16351352736247536359.1</name>
         <load_address>0xe585</load_address>
         <readonly>true</readonly>
         <run_address>0xe585</run_address>
         <size>0x2f</size>
         <alignment>0x1</alignment>
         <input_file_ref idref="fl-b"/>
      </object_component>
      <object_component id="oc-265">
         <name>.rodata.str1.17340833469015162294.1</name>
         <load_address>0xe5b4</load_address>
         <readonly>true</readonly>
         <run_address>0xe5b4</run_address>
         <size>0x2f</size>
         <alignment>0x1</alignment>
         <input_file_ref idref="fl-b"/>
      </object_component>
      <object_component id="oc-28f">
         <name>.rodata.str1.12544225967345112596.1</name>
         <load_address>0xe5e3</load_address>
         <readonly>true</readonly>
         <run_address>0xe5e3</run_address>
         <size>0x2b</size>
         <alignment>0x1</alignment>
         <input_file_ref idref="fl-b"/>
      </object_component>
      <object_component id="oc-26b">
         <name>.rodata.str1.8496639322861540170.1</name>
         <load_address>0xe60e</load_address>
         <readonly>true</readonly>
         <run_address>0xe60e</run_address>
         <size>0x28</size>
         <alignment>0x1</alignment>
         <input_file_ref idref="fl-b"/>
      </object_component>
      <object_component id="oc-22d">
         <name>.rodata.str1.13160629704296733059.1</name>
         <load_address>0xe636</load_address>
         <readonly>true</readonly>
         <run_address>0xe636</run_address>
         <size>0x26</size>
         <alignment>0x1</alignment>
         <input_file_ref idref="fl-b"/>
      </object_component>
      <object_component id="oc-264">
         <name>.rodata.str1.5503653601839616668.1</name>
         <load_address>0xe65c</load_address>
         <readonly>true</readonly>
[...]
      </symbol>
      <symbol id="sm-18d">
         <name>BoardSafety_service</name>
         <value>0xcf09</value>
         <object_component_ref idref="oc-129"/>
      </symbol>
      <symbol id="sm-18e">
         <name>BoardSafety_outputsSafe</name>
         <value>0xdb91</value>
         <object_component_ref idref="oc-225"/>
      </symbol>
      <symbol id="sm-18f">
         <name>BoardSafety_faultLatched</name>
         <value>0xe039</value>
         <object_component_ref idref="oc-1b6"/>
      </symbol>
      <symbol id="sm-190">
         <name>BoardSafety_buzzerPolicy</name>
         <value>0xe065</value>
         <object_component_ref idref="oc-263"/>
      </symbol>
      <symbol id="sm-1a5">
         <name>Timebase_init</name>
         <value>0xdc85</value>
         <object_component_ref idref="oc-fc"/>
      </symbol>
      <symbol id="sm-1a6">
         <name>Timebase_nowMs</name>
         <value>0xe045</value>
         <object_component_ref idref="oc-62"/>
      </symbol>
      <symbol id="sm-1a7">
         <name>Timebase_reached</name>
         <value>0xe085</value>
         <object_component_ref idref="oc-92"/>
      </symbol>
      <symbol id="sm-1a8">
         <name>Timebase_onSysTick</name>
         <value>0xe019</value>
         <object_component_ref idref="oc-5d"/>
      </symbol>
      <symbol id="sm-345">
         <name>DiagConsole_init</name>
         <value>0xd811</value>
         <object_component_ref idref="oc-11e"/>
      </symbol>
      <symbol id="sm-346">
         <name>DiagConsole_service</name>
         <value>0xc1</value>
         <object_component_ref idref="oc-132"/>
      </symbol>
      <symbol id="sm-347">
         <name>DiagConsole_reportBoot</name>
         <value>0xb355</value>
         <object_component_ref idref="oc-11f"/>
      </symbol>
      <symbol id="sm-348">
         <name>DiagConsole_onUartInterrupt</name>
         <value>0xd1d1</value>
         <object_component_ref idref="oc-6b"/>
      </symbol>
      <symbol id="sm-361">
         <name>Encoders_init</name>
         <value>0xc9d9</value>
         <object_component_ref idref="oc-110"/>
      </symbol>
      <symbol id="sm-362">
         <name>Encoders_snapshot</name>
         <value>0xd22d</value>
         <object_component_ref idref="oc-210"/>
      </symbol>
      <symbol id="sm-363">
         <name>Encoders_onLeftCaptureInterrupt</name>
         <value>0xcc0d</value>
         <object_component_ref idref="oc-71"/>
      </symbol>
      <symbol id="sm-36e">
         <name>I2cDiag_scan</name>
         <value>0xbbbd</value>
         <object_component_ref idref="oc-27f"/>
      </symbol>
      <symbol id="sm-388">
         <name>LineSensors_init</name>
         <value>0xde71</value>
         <object_component_ref idref="oc-104"/>
      </symbol>
      <symbol id="sm-389">
         <name>LineSensors_service</name>
         <value>0xad6d</value>
         <object_component_ref idref="oc-12c"/>
      </symbol>
      <symbol id="sm-38a">
         <name>LineSensors_snapshot</name>
         <value>0xdf15</value>
         <object_component_ref idref="oc-12e"/>
      </symbol>
      <symbol id="sm-3a3">
         <name>MotorDriver_stopAll</name>
         <value>0xd971</value>
         <object_component_ref idref="oc-d8"/>
      </symbol>
      <symbol id="sm-3a4">
         <name>MotorDriver_init</name>
         <value>0xd341</value>
         <object_component_ref idref="oc-fa"/>
      </symbol>
      <symbol id="sm-3a5">
         <name>MotorDriver_outputsStopped</name>
         <value>0xd399</value>
         <object_component_ref idref="oc-dd"/>
      </symbol>
      <symbol id="sm-3a6">
         <name>MotorDriver_setVehicleForwardDuties</name>
         <value>0xc5e5</value>
         <object_component_ref idref="oc-1d6"/>
      </symbol>
      <symbol id="sm-3a7">
         <name>MotorDriver_driveVehicleForward</name>
         <value>0xba7d</value>
         <object_component_ref idref="oc-289"/>
      </symbol>
      <symbol id="sm-3ff">
         <name>Nrf24Ptx_init</name>
         <value>0xcc91</value>
         <object_component_ref idref="oc-120"/>
      </symbol>
      <symbol id="sm-400">
         <name>Nrf24Ptx_arm</name>
         <value>0xd6e1</value>
         <object_component_ref idref="oc-21e"/>
      </symbol>
      <symbol id="sm-401">
         <name>Nrf24Ptx_disarm</name>
         <value>0xda6d</value>
         <object_component_ref idref="oc-21f"/>
      </symbol>
      <symbol id="sm-402">
         <name>Nrf24Ptx_captureDiagnosticChar</name>
         <value>0xbce9</value>
         <object_component_ref idref="oc-1a5"/>
      </symbol>
      <symbol id="sm-403">
         <name>Nrf24Ptx_service</name>
         <value>0x8e41</value>
         <object_component_ref idref="oc-133"/>
      </symbol>
      <symbol id="sm-404">
         <name>Nrf24Ptx_getStatus</name>
         <value>0xd499</value>
         <object_component_ref idref="oc-262"/>
      </symbol>
      <symbol id="sm-405">
         <name>Nrf24Ptx_readCoreRegisters</name>
         <value>0xd4ed</value>
         <object_component_ref idref="oc-294"/>
      </symbol>
      <symbol id="sm-406">
         <name>Nrf24Ptx_safeWhenDisarmed</name>
         <value>0xdcb5</value>
         <object_component_ref idref="oc-226"/>
      </symbol>
      <symbol id="sm-43a">
         <name>OledSsd1306_showTestPattern</name>
         <value>0x9735</value>
         <object_component_ref idref="oc-28a"/>
      </symbol>
      <symbol id="sm-43b">
         <name>OledSsd1306_forceAllPixelsOn</name>
         <value>0xaac9</value>
         <object_component_ref idref="oc-28e"/>
      </symbol>
      <symbol id="sm-43c">
         <name>OledSsd1306_forceAllPixelsOnSh1106</name>
         <value>0xa81d</value>
         <object_component_ref idref="oc-290"/>
      </symbol>
      <symbol id="sm-43d">
         <name>OledSsd1306_showReq002Status</name>
         <value>0x8875</value>
         <object_component_ref idref="oc-118"/>
      </symbol>
      <symbol id="sm-43e">
         <name>OledSsd1306_clear</name>
         <value>0xc8b1</value>
         <object_component_ref idref="oc-292"/>
      </symbol>
      <symbol id="sm-451">
         <name>StartButton_readHardwarePressed</name>
         <value>0xdf8d</value>
         <object_component_ref idref="oc-214"/>
      </symbol>
      <symbol id="sm-452">
         <name>StartButton_init</name>
         <value>0xddc1</value>
         <object_component_ref idref="oc-fe"/>
      </symbol>
      <symbol id="sm-453">
         <name>StartButton_poll</name>
         <value>0xd77d</value>
         <object_component_ref idref="oc-12b"/>
      </symbol>
      <symbol id="sm-454">
         <name>StartButton_takePress</name>
         <value>0xe05b</value>
         <object_component_ref idref="oc-130"/>
      </symbol>
      <symbol id="sm-455">
         <name>__TI_ATRegion0_src_addr</name>
         <value>0x0</value>
      </symbol>
      <symbol id="sm-456">
         <name>__TI_ATRegion0_trg_addr</name>
         <value>0x0</value>
      </symbol>
      <symbol id="sm-457">
         <name>__TI_ATRegion0_region_sz</name>
         <value>0x0</value>
      </symbol>
      <symbol id="sm-458">
         <name>__TI_ATRegion1_src_addr</name>
         <value>0x0</value>
      </symbol>
      <symbol id="sm-459">
         <name>__TI_ATRegion1_trg_addr</name>
         <value>0x0</value>
      </symbol>
      <symbol id="sm-45a">
         <name>__TI_ATRegion1_region_sz</name>
         <value>0x0</value>
      </symbol>
      <symbol id="sm-45b">
         <name>__TI_ATRegion2_src_addr</name>
         <value>0x0</value>
      </symbol>
      <symbol id="sm-45c">
         <name>__TI_ATRegion2_trg_addr</name>
         <value>0x0</value>
      </symbol>
      <symbol id="sm-45d">
         <name>__TI_ATRegion2_region_sz</name>
         <value>0x0</value>
      </symbol>
      <symbol id="sm-466">
         <name>DL_Common_delayCycles</name>
         <value>0xe051</value>
         <object_component_ref idref="oc-152"/>
      </symbol>
      <symbol id="sm-478">
         <name>DL_I2C_setClockConfig</name>
         <value>0xdd59</value>
         <object_component_ref idref="oc-160"/>
      </symbol>
      <symbol id="sm-479">
         <name>DL_I2C_fillControllerTXFIFO</name>
         <value>0xd171</value>
         <object_component_ref idref="oc-25c"/>
      </symbol>
      <symbol id="sm-47a">
         <name>DL_I2C_flushControllerTXFIFO</name>
         <value>0xda31</value>
         <object_component_ref idref="oc-1b8"/>
      </symbol>
      <symbol id="sm-47b">
         <name>DL_I2C_flushControllerRXFIFO</name>
         <value>0xdbc5</value>
         <object_component_ref idref="oc-1b9"/>
      </symbol>
      <symbol id="sm-491">
         <name>DL_SPI_init</name>
         <value>0xd8e9</value>
         <object_component_ref idref="oc-177"/>
      </symbol>
      <symbol id="sm-492">
         <name>DL_SPI_setClockConfig</name>
         <value>0xdfa1</value>
         <object_component_ref idref="oc-171"/>
      </symbol>
      <symbol id="sm-493">
         <name>DL_SPI_receiveDataCheck8</name>
         <value>0xde01</value>
         <object_component_ref idref="oc-29f"/>
      </symbol>
      <symbol id="sm-494">
         <name>DL_SPI_transmitDataCheck8</name>
         <value>0xde1d</value>
         <object_component_ref idref="oc-29e"/>
      </symbol>
      <symbol id="sm-495">
         <name>DL_SPI_drainRXFIFO8</name>
         <value>0xd445</value>
         <object_component_ref idref="oc-29d"/>
      </symbol>
      <symbol id="sm-4b4">
         <name>DL_Timer_setClockConfig</name>
         <value>0xde55</value>
         <object_component_ref idref="oc-156"/>
      </symbol>
      <symbol id="sm-4b5">
         <name>DL_Timer_setCaptureCompareValue</name>
         <value>0xdfe9</value>
         <object_component_ref idref="oc-146"/>
      </symbol>
      <symbol id="sm-4b6">
         <name>DL_Timer_setCaptureCompareCtl</name>
         <value>0xdce1</value>
         <object_component_ref idref="oc-15d"/>
      </symbol>
      <symbol id="sm-4b7">
         <name>DL_Timer_setCaptureCompareInput</name>
         <value>0xdec5</value>
         <object_component_ref idref="oc-15e"/>
      </symbol>
      <symbol id="sm-4b8">
         <name>DL_Timer_getCaptureCompareValue</name>
         <value>0xdfd9</value>
         <object_component_ref idref="oc-150"/>
      </symbol>
      <symbol id="sm-4b9">
         <name>DL_Timer_setCaptCompUpdateMethod</name>
         <value>0xde39</value>
         <object_component_ref idref="oc-159"/>
      </symbol>
      <symbol id="sm-4ba">
         <name>DL_Timer_setCaptureCompareOutCtl</name>
         <value>0xdefd</value>
         <object_component_ref idref="oc-158"/>
      </symbol>
      <symbol id="sm-4bb">
         <name>DL_Timer_initFourCCPWMMode</name>
         <value>0xc155</value>
         <object_component_ref idref="oc-157"/>
      </symbol>
      <symbol id="sm-4cb">
         <name>DL_UART_init</name>
         <value>0xd7c9</value>
         <object_component_ref idref="oc-16e"/>
      </symbol>
      <symbol id="sm-4cc">
         <name>DL_UART_setClockConfig</name>
         <value>0xdfb3</value>
         <object_component_ref idref="oc-168"/>
      </symbol>
      <symbol id="sm-4cd">
         <name>DL_UART_transmitDataBlocking</name>
         <value>0xdbf5</value>
         <object_component_ref idref="oc-1a4"/>
      </symbol>
      <symbol id="sm-4d6">
         <name>memcmp</name>
         <value>0xdde1</value>
         <object_component_ref idref="oc-1db"/>
      </symbol>
      <symbol id="sm-4e1">
         <name>_c_int00_noargs</name>
         <value>0xdd09</value>
         <object_component_ref idref="oc-56"/>
      </symbol>
      <symbol id="sm-4e2">
         <name>__stack</name>
         <value>0x20207e00</value>
         <object_component_ref idref="oc-1a"/>
      </symbol>
      <symbol id="sm-4ee">
         <name>__TI_auto_init_nobinit_nopinit</name>
         <value>0xdaa9</value>
         <object_component_ref idref="oc-c6"/>
      </symbol>
      <symbol id="sm-4f6">
         <name>_system_pre_init</name>
         <value>0xe0ab</value>
         <object_component_ref idref="oc-7f"/>
      </symbol>
      <symbol id="sm-501">
         <name>__TI_zero_init</name>
         <value>0xe029</value>
         <object_component_ref idref="oc-53"/>
      </symbol>
      <symbol id="sm-50a">
         <name>__TI_decompress_none</name>
         <value>0xdfc5</value>
         <object_component_ref idref="oc-20"/>
      </symbol>
      <symbol id="sm-515">
         <name>__TI_decompress_lzss</name>
         <value>0xce15</value>
         <object_component_ref idref="oc-1c"/>
      </symbol>
      <symbol id="sm-51f">
         <name>abort</name>
         <value>0xe09d</value>
         <object_component_ref idref="oc-bf"/>
      </symbol>
      <symbol id="sm-529">
         <name>HOSTexit</name>
         <value>0xe0a3</value>
         <object_component_ref idref="oc-136"/>
      </symbol>
      <symbol id="sm-52a">
         <name>C$$EXIT</name>
         <value>0xe0a2</value>
         <object_component_ref idref="oc-136"/>
      </symbol>
      <symbol id="sm-530">
         <name>__aeabi_fadd</name>
         <value>0xc517</value>
         <object_component_ref idref="oc-1c2"/>
      </symbol>
      <symbol id="sm-531">
         <name>__addsf3</name>
         <value>0xc517</value>
         <object_component_ref idref="oc-1c2"/>
      </symbol>
      <symbol id="sm-532">
         <name>__aeabi_fsub</name>
         <value>0xc50d</value>
         <object_component_ref idref="oc-1c2"/>
      </symbol>
      <symbol id="sm-533">
         <name>__subsf3</name>
         <value>0xc50d</value>
         <object_component_ref idref="oc-1c2"/>
      </symbol>
      <symbol id="sm-539">
         <name>__aeabi_fmul</name>
         <value>0xcb81</value>
         <object_component_ref idref="oc-1c6"/>
      </symbol>
      <symbol id="sm-53a">
         <name>__mulsf3</name>
         <value>0xcb81</value>
         <object_component_ref idref="oc-1c6"/>
      </symbol>
      <symbol id="sm-540">
         <name>__aeabi_fdiv</name>
         <value>0xcd15</value>
         <object_component_ref idref="oc-1be"/>
      </symbol>
      <symbol id="sm-541">
         <name>__divsf3</name>
         <value>0xcd15</value>
         <object_component_ref idref="oc-1be"/>
      </symbol>
      <symbol id="sm-547">
         <name>__aeabi_f2iz</name>
         <value>0xdb59</value>
         <object_component_ref idref="oc-1d2"/>
      </symbol>
      <symbol id="sm-548">
         <name>__fixsfsi</name>
         <value>0xdb59</value>
         <object_component_ref idref="oc-1d2"/>
      </symbol>
      <symbol id="sm-54e">
         <name>__aeabi_ui2f</name>
         <value>0xdd31</value>
         <object_component_ref idref="oc-1ba"/>
      </symbol>
      <symbol id="sm-54f">
         <name>__floatunsisf</name>
         <value>0xdd31</value>
         <object_component_ref idref="oc-1ba"/>
      </symbol>
      <symbol id="sm-555">
         <name>__aeabi_fcmpeq</name>
         <value>0xd2e5</value>
         <object_component_ref idref="oc-1ca"/>
      </symbol>
      <symbol id="sm-556">
         <name>__aeabi_fcmplt</name>
         <value>0xd2f7</value>
         <object_component_ref idref="oc-1ca"/>
      </symbol>
      <symbol id="sm-557">
         <name>__aeabi_fcmple</name>
         <value>0xd309</value>
         <object_component_ref idref="oc-1ca"/>
      </symbol>
      <symbol id="sm-558">
         <name>__aeabi_fcmpge</name>
         <value>0xd31b</value>
         <object_component_ref idref="oc-1ca"/>
      </symbol>
      <symbol id="sm-559">
         <name>__aeabi_fcmpgt</name>
         <value>0xd32d</value>
         <object_component_ref idref="oc-1ca"/>
      </symbol>
      <symbol id="sm-55f">
         <name>__aeabi_uidiv</name>
         <value>0xd9f1</value>
         <object_component_ref idref="oc-191"/>
      </symbol>
      <symbol id="sm-560">
         <name>__aeabi_uidivmod</name>
         <value>0xd9f1</value>
         <object_component_ref idref="oc-191"/>
      </symbol>
      <symbol id="sm-566">
         <name>__aeabi_memcpy</name>
         <value>0xe095</value>
         <object_component_ref idref="oc-46"/>
      </symbol>
      <symbol id="sm-567">
         <name>__aeabi_memcpy4</name>
         <value>0xe095</value>
         <object_component_ref idref="oc-46"/>
      </symbol>
      <symbol id="sm-568">
         <name>__aeabi_memcpy8</name>
         <value>0xe095</value>
         <object_component_ref idref="oc-46"/>
      </symbol>
      <symbol id="sm-56e">
         <name>__aeabi_memset</name>
         <value>0xdee1</value>
         <object_component_ref idref="oc-7b"/>
      </symbol>
      <symbol id="sm-56f">
         <name>__aeabi_memset4</name>
         <value>0xdee1</value>
         <object_component_ref idref="oc-7b"/>
      </symbol>
      <symbol id="sm-570">
         <name>__aeabi_memset8</name>
         <value>0xdee1</value>
         <object_component_ref idref="oc-7b"/>
      </symbol>
      <symbol id="sm-571">
         <name>__aeabi_memclr</name>
         <value>0xdeef</value>
         <object_component_ref idref="oc-7b"/>
      </symbol>
      <symbol id="sm-572">
         <name>__aeabi_memclr4</name>
         <value>0xdeef</value>
         <object_component_ref idref="oc-7b"/>
      </symbol>
      <symbol id="sm-573">
         <name>__aeabi_memclr8</name>
         <value>0xdeef</value>
         <object_component_ref idref="oc-7b"/>
      </symbol>
      <symbol id="sm-579">
         <name>__eqsf2</name>
         <value>0xcaf5</value>
         <object_component_ref idref="oc-274"/>
      </symbol>
      <symbol id="sm-57a">
         <name>__lesf2</name>
         <value>0xcaf5</value>
         <object_component_ref idref="oc-274"/>
      </symbol>
      <symbol id="sm-57b">
         <name>__ltsf2</name>
         <value>0xcaf5</value>
         <object_component_ref idref="oc-274"/>
      </symbol>
      <symbol id="sm-57c">
         <name>__nesf2</name>
         <value>0xcaf5</value>
         <object_component_ref idref="oc-274"/>
      </symbol>
      <symbol id="sm-57d">
         <name>__cmpsf2</name>
         <value>0xcaf5</value>
         <object_component_ref idref="oc-274"/>
      </symbol>
      <symbol id="sm-57e">
         <name>__gtsf2</name>
         <value>0xcb2f</value>
         <object_component_ref idref="oc-274"/>
      </symbol>
      <symbol id="sm-57f">
         <name>__gesf2</name>
         <value>0xcb2f</value>
         <object_component_ref idref="oc-274"/>
      </symbol>
      <symbol id="sm-580">
         <name>__unordsf2</name>
         <value>0xcb6b</value>
         <object_component_ref idref="oc-274"/>
      </symbol>
      <symbol id="sm-581">
         <name>__aeabi_fcmpun</name>
         <value>0xcb6b</value>
         <object_component_ref idref="oc-274"/>
      </symbol>
      <symbol id="sm-587">
         <name>__muldsi3</name>
         <value>0xdae5</value>
         <object_component_ref idref="oc-26f"/>
      </symbol>
      <symbol id="sm-591">
         <name>__aeabi_idiv0</name>
         <value>0xc153</value>
         <object_component_ref idref="oc-256"/>
      </symbol>
      <symbol id="sm-5aa">
         <name>memcpy</name>
         <value>0xc815</value>
         <object_component_ref idref="oc-ae"/>
      </symbol>
      <symbol id="sm-5b9">
         <name>memset</name>
         <value>0xd04d</value>
         <object_component_ref idref="oc-e8"/>
      </symbol>
      <symbol id="sm-5ba">
         <name>__TI_static_base__</name>
         <value>0x0</value>
      </symbol>
      <symbol id="sm-5bd">
         <name>__mpu_init</name>
         <value>0x0</value>
      </symbol>
      <symbol id="sm-5be">
         <name>_system_post_cinit</name>
         <value>0x0</value>
      </symbol>
   </symbol_table>
   <title>Link successful</title>
</link_info>
