******************************************************************************
            TI ARM Clang Linker PC v5.1.1                      
******************************************************************************
>> Linked Sat Aug  1 22:10:01 2026

OUTPUT FILE NAME:   <test1_motor_selftest.out>
ENTRY POINT SYMBOL: "_c_int00_noargs"  address: 0000fc5d


MEMORY CONFIGURATION

         name            origin    length      used     unused   attr    fill
----------------------  --------  ---------  --------  --------  ----  --------
  FLASH                 00000000   00020000  00010e18  0000f1e8  R  X
  SRAM                  20200000   00008000  00000b64  0000749c  RW X
  BCR_CONFIG            41c00000   000000ff  00000000  000000ff  R   
  BSL_CONFIG            41c00100   00000080  00000000  00000080  R   


SEGMENT ALLOCATION MAP

run origin  load origin   length   init length attrs members
----------  ----------- ---------- ----------- ----- -------
00000000    00000000    00010018   00010018    r-x
  00000000    00000000    000000c0   000000c0    r-- .intvecs
  000000c0    000000c0    0000ff58   0000ff58    r-x .text
00010020    00010020    00000e00   00000e00    r--
  00010020    00010020    00000dd0   00000dd0    r-- .rodata
  00010df0    00010df0    00000030   00000030    r-- .cinit
20200000    20200000    00000964   00000000    rw-
  20200000    20200000    00000963   00000000    rw- .bss
  20200963    20200963    00000001   00000000    rw- .data
20207e00    20207e00    00000200   00000000    rw-
  20207e00    20207e00    00000200   00000000    rw- .stack


SECTION ALLOCATION MAP

 output                                  attributes/
section   page    origin      length       input sections
--------  ----  ----------  ----------   ----------------
.intvecs   0    00000000    000000c0     
                  00000000    000000c0     startup_mspm0g350x_ticlang.o (.intvecs)

.text      0    000000c0    0000ff58     
                  000000c0    0000324c     diag_console.o (.text.reportReq002)
                  0000330c    00002194     diag_console.o (.text.DiagConsole_service)
                  000054a0    000016fc     diag_console.o (.text.reportRadioStatus)
                  00006b9c    000014e4     diag_console.o (.text.reportLine)
                  00008080    00000bb8     diag_console.o (.text.reportMotorTest)
                  00008c38    00000a90     req002.o (.text.Req002_service)
                  000096c8    00000774     diag_console.o (.text.reportStatus)
                  00009e3c    000005cc     oled_ssd1306.o (.text.OledSsd1306_showReq002Status)
                  0000a408    0000049c     nrf24_ptx.o (.text.Nrf24Ptx_service)
                  0000a8a4    00000458     diag_console.o (.text.reportRadioRegisters)
                  0000acfc    00000444     oled_ssd1306.o (.text.OledSsd1306_showTestPattern)
                  0000b140    00000400     diag_console.o (.text.reportI2c)
                  0000b540    00000340     k230_link.o (.text.K230Link_service)
                  0000b880    00000304     diag_console.o (.text.runSelfTest)
                  0000bb84    000002e4     line_tracking.o (.text.LineTracking_service)
                  0000be68    000002bc     line_sensors.o (.text.readRegisterBlock)
                  0000c124    000002ac     oled_ssd1306.o (.text.OledSsd1306_forceAllPixelsOnSh1106)
                  0000c3d0    000002a4     oled_ssd1306.o (.text.OledSsd1306_forceAllPixelsOn)
                  0000c674    0000023c     line_sensors.o (.text.LineSensors_service)
                  0000c8b0    00000208     diag_console.o (.text.forceOledAllOn)
                  0000cab8    000001a2     pid.o (.text.Pid_step)
                  0000cc5a    00000002     startup_mspm0g350x_ticlang.o (.text.Default_Handler)
                  0000cc5c    0000019c     diag_console.o (.text.DiagConsole_reportBoot)
                  0000cdf8    00000184     nrf24_ptx.o (.text.transaction)
                  0000cf7c    0000016c     diag_console.o (.text.writeI32)
                  0000d0e8    00000168     encoders.o (.text.Encoders_speedShadowService)
                  0000d250    00000154     diag_console.o (.text.writeU32)
                  0000d3a4    00000148     diag_console.o (.text.clearOled)
                  0000d4ec    00000140     motor_driver.o (.text.MotorDriver_driveVehicleForward)
                  0000d62c    00000130     req002.o (.text.Req002_init)
                  0000d75c    0000012c     i2c_diag.o (.text.I2cDiag_scan)
                  0000d888    0000011c     nrf24_ptx.o (.text.Nrf24Ptx_captureDiagnosticChar)
                  0000d9a4    0000011c     diag_console.o (.text.forceOledAllOnSh1106)
                  0000dac0    0000011c     diag_console.o (.text.runOledTest)
                  0000dbdc    00000116     oled_ssd1306.o (.text.writePageData)
                  0000dcf2    00000002     libclang_rt.builtins.a : aeabi_div0.c.obj (.text.__aeabi_idiv0)
                  0000dcf4    00000108     ti_msp_dl_config.o (.text.SYSCFG_DL_GPIO_init)
                  0000ddfc    00000104     driverlib.a : dl_timer.o (.text.DL_Timer_initFourCCPWMMode)
                  0000df00    00000104     empty.o (.text.main)
                  0000e004    000000ec     app.o (.text.App_service)
                  0000e0f0    000000ec     nrf24_ptx.o (.text.command)
                  0000e1dc    000000d8     libclang_rt.builtins.a : addsf3.S.obj (.text)
                  0000e2b4    000000c0     encoders.o (.text.Encoders_speedShadowInit)
                  0000e374    000000c0     req002.o (.text.Req002_abort)
                  0000e434    000000b8     oled_ssd1306.o (.text.writeSmall)
                  0000e4ec    0000009a     libc.a : memcpy16.S.obj (.text:memcpy)
                  0000e586    00000002     --HOLE-- [fill = 0]
                  0000e588    00000098     req002.o (.text.completeRun)
                  0000e620    00000094     motor_driver.o (.text.MotorDriver_setVehicleForwardDuties)
                  0000e6b4    00000094     oled_ssd1306.o (.text.OledSsd1306_clear)
                  0000e748    00000094     ti_msp_dl_config.o (.text.SYSCFG_DL_MOTOR_PWM_init)
                  0000e7dc    00000094     req002.o (.text.stopWithFault)
                  0000e870    00000090     k230_link.o (.text.K230Link_init)
                  0000e900    0000008c     ti_msp_dl_config.o (.text.SYSCFG_DL_DIAG_UART_init)
                  0000e98c    0000008c     ti_msp_dl_config.o (.text.SYSCFG_DL_K230_UART_init)
                  0000ea18    0000008c     libclang_rt.builtins.a : comparesf2.S.obj (.text)
                  0000eaa4    0000008c                            : mulsf3.S.obj (.text)
                  0000eb30    00000084     nrf24_ptx.o (.text.Nrf24Ptx_init)
                  0000ebb4    00000082     libclang_rt.builtins.a : divsf3.S.obj (.text)
                  0000ec36    00000002     --HOLE-- [fill = 0]
                  0000ec38    0000007c     k230_link.o (.text.K230Link_snapshot)
                  0000ecb4    0000007c     ti_msp_dl_config.o (.text.SYSCFG_DL_initPower)
                  0000ed30    0000007c     libc.a : copy_decompress_lzss.c.obj (.text:decompress:lzss)
                  0000edac    00000078     diag_console.o (.text.writeText)
                  0000ee24    00000070     board_safety.o (.text.BoardSafety_service)
                  0000ee94    00000070     motor_test.o (.text.MotorTest_start)
                  0000ef04    00000064     encoders.o (.text.Encoders_init)
                  0000ef68    00000064     nrf24_ptx.o (.text.writeRegistersAndVerify)
                  0000efcc    00000062     libc.a : memset16.S.obj (.text:memset)
                  0000f02e    00000002     --HOLE-- [fill = 0]
                  0000f030    00000060     app.o (.text.App_init)
                  0000f090    0000005e     driverlib.a : dl_i2c.o (.text.DL_I2C_fillControllerTXFIFO)
                  0000f0ee    00000002     --HOLE-- [fill = 0]
                  0000f0f0    0000005c     diag_console.o (.text.DiagConsole_onUartInterrupt)
                  0000f14c    0000005c     encoders.o (.text.Encoders_snapshot)
                  0000f1a8    0000005c     ti_msp_dl_config.o (.text.SYSCFG_DL_RIGHT_QEI_init)
                  0000f204    0000005a     libclang_rt.builtins.a : aeabi_fcmp.S.obj (.text)
                  0000f25e    00000002     --HOLE-- [fill = 0]
                  0000f260    00000058     motor_driver.o (.text.MotorDriver_init)
                  0000f2b8    00000058     motor_driver.o (.text.MotorDriver_outputsStopped)
                  0000f310    00000054     board_safety.o (.text.BoardSafety_stop)
                  0000f364    00000054     driverlib.a : dl_spi.o (.text.DL_SPI_drainRXFIFO8)
                  0000f3b8    00000054     nrf24_ptx.o (.text.Nrf24Ptx_getStatus)
                  0000f40c    00000054     nrf24_ptx.o (.text.Nrf24Ptx_readCoreRegisters)
                  0000f460    00000054     ti_msp_dl_config.o (.text.SYSCFG_DL_LINE_I2C_init)
                  0000f4b4    00000054     ti_msp_dl_config.o (.text.SYSCFG_DL_OLED_I2C_init)
                  0000f508    00000050     board_safety.o (.text.BoardSafety_init)
                  0000f558    00000050     nrf24_ptx.o (.text.Nrf24Ptx_arm)
                  0000f5a8    0000004c     ti_msp_dl_config.o (.text.SYSCFG_DL_RADIO_SPI_init)
                  0000f5f4    0000004c     ti_msp_dl_config.o (.text.SYSCFG_DL_init)
                  0000f640    0000004c     start_button.o (.text.StartButton_poll)
                  0000f68c    00000048     driverlib.a : dl_uart.o (.text.DL_UART_init)
                  0000f6d4    00000048     diag_console.o (.text.DiagConsole_init)
                  0000f71c    00000048     k230_link.o (.text.K230Link_pushRxByteFromIsr)
                  0000f764    00000048     line_tracking.o (.text.LineTracking_init)
                  0000f7ac    00000048     nrf24_ptx.o (.text.writeAndVerify)
                  0000f7f4    00000044     driverlib.a : dl_spi.o (.text.DL_SPI_init)
                  0000f838    00000044     empty.o (.text.UART1_IRQHandler)
                  0000f87c    00000040     motor_driver.o (.text.MotorDriver_stopAll)
                  0000f8bc    00000040     motor_test.o (.text.MotorTest_service)
                  0000f8fc    00000040     libclang_rt.builtins.a : aeabi_uidivmod.S.obj (.text)
                  0000f93c    0000003c     driverlib.a : dl_i2c.o (.text.DL_I2C_flushControllerTXFIFO)
                  0000f978    0000003c     encoders.o (.text.Encoders_onLeftEncoderAInterrupt)
                  0000f9b4    0000003c     nrf24_ptx.o (.text.Nrf24Ptx_disarm)
                  0000f9f0    0000003c     libc.a : autoinit.c.obj (.text:__TI_auto_init_nobinit_nopinit)
                  0000fa2c    0000003a     libclang_rt.builtins.a : muldsi3.S.obj (.text)
                  0000fa66    00000002     --HOLE-- [fill = 0]
                  0000fa68    00000038     diag_console.o (.text.newLine)
                  0000faa0    00000038     libclang_rt.builtins.a : fixsfsi.S.obj (.text)
                  0000fad8    00000034     board_safety.o (.text.BoardSafety_outputsSafe)
                  0000fb0c    00000034     k230_link.o (.text.K230Link_getStats)
                  0000fb40    00000030     driverlib.a : dl_i2c.o (.text.DL_I2C_flushControllerRXFIFO)
                  0000fb70    00000030                 : dl_uart.o (.text.DL_UART_transmitDataBlocking)
                  0000fba0    00000030     motor_test.o (.text.MotorTest_onTimebaseTick)
                  0000fbd0    00000030     ti_msp_dl_config.o (.text.SYSCFG_DL_SYSCTL_init)
                  0000fc00    00000030     timebase.o (.text.Timebase_init)
                  0000fc30    0000002c     nrf24_ptx.o (.text.Nrf24Ptx_safeWhenDisarmed)
                  0000fc5c    00000028     libc.a : boot_cortex_m.c.obj (.text:_c_int00_noargs)
                  0000fc84    00000028     libclang_rt.builtins.a : floatunsisf.S.obj (.text)
                  0000fcac    00000026     driverlib.a : dl_i2c.o (.text.DL_I2C_setClockConfig)
                  0000fcd2    00000002     --HOLE-- [fill = 0]
                  0000fcd4    00000024     empty.o (.text.GROUP1_IRQHandler)
                  0000fcf8    00000020     motor_test.o (.text.MotorTest_abort)
                  0000fd18    00000020     motor_test.o (.text.MotorTest_init)
                  0000fd38    00000020     start_button.o (.text.StartButton_init)
                  0000fd58    00000020     libc.a : memcmp.c.obj (.text.memcmp)
                  0000fd78    0000001c     driverlib.a : dl_spi.o (.text.DL_SPI_receiveDataCheck8)
                  0000fd94    0000001c                 : dl_spi.o (.text.DL_SPI_transmitDataCheck8)
                  0000fdb0    0000001c                 : dl_timer.o (.text.DL_Timer_setCaptCompUpdateMethod)
                  0000fdcc    0000001c                 : dl_timer.o (.text.DL_Timer_setClockConfig)
                  0000fde8    0000001c     line_sensors.o (.text.LineSensors_init)
                  0000fe04    0000001c     motor_test.o (.text.MotorTest_snapshot)
                  0000fe20    0000001c     pid.o (.text.Pid_init)
                  0000fe3c    0000001a     libclang_rt.builtins.a : aeabi_memset.S.obj (.text)
                  0000fe56    00000002     --HOLE-- [fill = 0]
                  0000fe58    00000018     driverlib.a : dl_timer.o (.text.DL_Timer_setCaptureCompareOutCtl)
                  0000fe70    00000018     k230_link.o (.text.K230Link_pendingBytes)
                  0000fe88    00000018     line_sensors.o (.text.LineSensors_snapshot)
                  0000fea0    00000018     motor_test.o (.text.MotorTest_stateName)
                  0000feb8    00000018     req002.o (.text.Req002_blockReasonName)
                  0000fed0    00000018     req002.o (.text.Req002_stateName)
                  0000fee8    00000014     encoders.o (.text.Encoders_speedShadowSnapshot)
                  0000fefc    00000014     start_button.o (.text.StartButton_readHardwarePressed)
                  0000ff10    00000012     driverlib.a : dl_spi.o (.text.DL_SPI_setClockConfig)
                  0000ff22    00000012                 : dl_uart.o (.text.DL_UART_setClockConfig)
                  0000ff34    00000012     libc.a : copy_decompress_none.c.obj (.text:decompress:none)
                  0000ff46    00000002     --HOLE-- [fill = 0]
                  0000ff48    00000010     driverlib.a : dl_timer.o (.text.DL_Timer_getCaptureCompareValue)
                  0000ff58    00000010                 : dl_timer.o (.text.DL_Timer_setCaptureCompareValue)
                  0000ff68    00000010     pid.o (.text.Pid_reset)
                  0000ff78    00000010     empty.o (.text.SysTick_Handler)
                  0000ff88    00000010     timebase.o (.text.Timebase_onSysTick)
                  0000ff98    00000010     libc.a : copy_zero_init.c.obj (.text:decompress:ZI)
                  0000ffa8    0000000c     board_safety.o (.text.BoardSafety_faultLatched)
                  0000ffb4    0000000c     timebase.o (.text.Timebase_nowMs)
                  0000ffc0    0000000a     driverlib.a : dl_common.o (.text.DL_Common_delayCycles)
                  0000ffca    0000000a     start_button.o (.text.StartButton_takePress)
                  0000ffd4    00000008     board_safety.o (.text.BoardSafety_buzzerPolicy)
                  0000ffdc    00000008     line_tracking.o (.text.LineTracking_getStatus)
                  0000ffe4    00000008     req002.o (.text.Req002_getStatus)
                  0000ffec    00000008     timebase.o (.text.Timebase_reached)
                  0000fff4    00000008     empty.o (.text.UART0_IRQHandler)
                  0000fffc    00000008     libclang_rt.builtins.a : aeabi_memcpy.S.obj (.text)
                  00010004    00000006     libc.a : exit.c.obj (.text:abort)
                  0001000a    00000004     libsysbm.a : hostexit.c.obj (.text.HOSTexit)
                  0001000e    00000004     startup_mspm0g350x_ticlang.o (.text.Reset_Handler)
                  00010012    00000004     libc.a : pre_init.c.obj (.text._system_pre_init)
                  00010016    00000002     --HOLE-- [fill = 0]

.cinit     0    00010df0    00000030     
                  00010df0    0000000c     (__TI_handler_table)
                  00010dfc    00000008     (.cinit..bss.load) [load image, compression = zero_init]
                  00010e04    00000005     (.cinit..data.load) [load image, compression = lzss]
                  00010e09    00000003     --HOLE-- [fill = 0]
                  00010e0c    00000010     (__TI_cinit_table)
                  00010e1c    00000004     --HOLE-- [fill = 0]

.rodata    0    00010020    00000dd0     
                  00010020    00000105     diag_console.o (.rodata.str1.14153271371939189678.1)
                  00010125    0000000b     diag_console.o (.rodata.str1.10021391958218067169.1)
                  00010130    00000100     k230_link.o (.rodata..L.crctable)
                  00010230    00000082     oled_ssd1306.o (.rodata.gLetters)
                  000102b2    00000063     diag_console.o (.rodata.str1.7732308573000650393.1)
                  00010315    00000048     diag_console.o (.rodata.str1.5644620926150322957.1)
                  0001035d    00000044     diag_console.o (.rodata.str1.8805550004262250290.1)
                  000103a1    0000003e     diag_console.o (.rodata.str1.2437401455240083982.1)
                  000103df    0000003d     diag_console.o (.rodata.str1.10020677278003191597.1)
                  0001041c    0000003d     diag_console.o (.rodata.str1.9757831788182070933.1)
                  00010459    0000003b     diag_console.o (.rodata.str1.5824879526590977974.1)
                  00010494    00000038     diag_console.o (.rodata.str1.8089184110561347353.1)
                  000104cc    00000036     diag_console.o (.rodata.str1.16565755701334802317.1)
                  00010502    00000035     diag_console.o (.rodata.str1.3430916125074368270.1)
                  00010537    00000034     diag_console.o (.rodata.str1.1098690429273333905.1)
                  0001056b    00000032     oled_ssd1306.o (.rodata.gDigits)
                  0001059d    00000032     board_safety.o (.rodata.str1.1461871966798876460.1)
                  000105cf    00000031     diag_console.o (.rodata.str1.242449607627197691.1)
                  00010600    0000002f     diag_console.o (.rodata.str1.13023684794075449413.1)
                  0001062f    0000002f     diag_console.o (.rodata.str1.16351352736247536359.1)
                  0001065e    0000002b     diag_console.o (.rodata.str1.12544225967345112596.1)
                  00010689    00000003     ti_msp_dl_config.o (.rodata.gMOTOR_PWMClockConfig)
                  0001068c    00000028     req002.o (.rodata..Lswitch.table.Req002_blockReasonName)
                  000106b4    00000028     diag_console.o (.rodata.str1.10752303080941050339.1)
                  000106dc    00000026     diag_console.o (.rodata.str1.13160629704296733059.1)
                  00010702    00000026     diag_console.o (.rodata.str1.15253010768347978106.1)
                  00010728    00000024     req002.o (.rodata..Lswitch.table.Req002_stateName)
                  0001074c    00000023     diag_console.o (.rodata.str1.12847583180881552206.1)
                  0001076f    00000023     diag_console.o (.rodata.str1.6066754825680800963.1)
                  00010792    00000022     diag_console.o (.rodata.str1.5303670245239573129.1)
                  000107b4    00000020     line_tracking.o (.rodata.cst32)
                  000107d4    0000001f     diag_console.o (.rodata.str1.5976961520280002565.1)
                  000107f3    0000001c     req002.o (.rodata.str1.13275248019535299154.1)
                  0001080f    0000001a     diag_console.o (.rodata.str1.1008767523004470630.1)
                  00010829    0000001a     diag_console.o (.rodata.str1.2111541797422310849.1)
                  00010843    0000001a     req002.o (.rodata.str1.9392822210274423405.1)
                  0001085d    00000019     req002.o (.rodata.str1.10004817023067202127.1)
                  00010876    00000019     diag_console.o (.rodata.str1.12716740232725884172.1)
                  0001088f    00000019     diag_console.o (.rodata.str1.15208548128666943192.1)
                  000108a8    00000019     diag_console.o (.rodata.str1.18237275900639492659.1)
                  000108c1    00000003     ti_msp_dl_config.o (.rodata.gRIGHT_QEIClockConfig)
                  000108c4    00000019     nrf24_ptx.o (.rodata.str1.6094559527043233380.4)
                  000108dd    00000019     diag_console.o (.rodata.str1.810607564276269461.1)
                  000108f6    00000002     ti_msp_dl_config.o (.rodata.gDIAG_UARTClockConfig)
                  000108f8    00000018     nrf24_ptx.o (.rodata..Lswitch.table.Nrf24Ptx_getStatus)
                  00010910    00000018     oled_ssd1306.o (.rodata.initializeAt.commands)
                  00010928    00000018     diag_console.o (.rodata.str1.5503653601839616668.1)
                  00010940    00000017     req002.o (.rodata.str1.10230131912623405435.1)
                  00010957    00000017     diag_console.o (.rodata.str1.6166010252237908199.1)
                  0001096e    00000016     diag_console.o (.rodata.str1.10354475084875452907.1)
                  00010984    00000016     diag_console.o (.rodata.str1.13280886091191530476.1)
                  0001099a    00000016     diag_console.o (.rodata.str1.5084688477215926447.1)
                  000109b0    00000015     req002.o (.rodata.str1.9213031953659428922.1)
                  000109c5    00000003     diag_console.o (.rodata.str1.16469263393576567306.1)
                  000109c8    00000014     motor_test.o (.rodata..Lswitch.table.MotorTest_stateName)
                  000109dc    00000014     req002.o (.rodata.str1.1536853367382378965.1)
                  000109f0    00000014     req002.o (.rodata.str1.7316036974658646067.1)
                  00010a04    00000014     diag_console.o (.rodata.str1.7838710351760113446.1)
                  00010a18    00000014     req002.o (.rodata.str1.9277730485512377852.1)
                  00010a2c    00000013     diag_console.o (.rodata.str1.19967443403481861.1)
                  00010a3f    00000011     req002.o (.rodata.str1.11801953346847374107.1)
                  00010a50    00000011     diag_console.o (.rodata.str1.17217747830118470281.1)
                  00010a61    00000011     diag_console.o (.rodata.str1.17570078357027493973.1)
                  00010a72    00000011     req002.o (.rodata.str1.246851255980436067.1)
                  00010a83    00000011     diag_console.o (.rodata.str1.9305979691969886280.1)
                  00010a94    00000010     oled_ssd1306.o (.rodata.OledSsd1306_showReq002Status.stateText)
                  00010aa4    00000010     diag_console.o (.rodata.str1.11858721499567804342.1)
                  00010ab4    00000010     diag_console.o (.rodata.str1.15804963083468125269.1)
                  00010ac4    00000010     nrf24_ptx.o (.rodata.str1.17419335730769077557.1)
                  00010ad4    00000010     diag_console.o (.rodata.str1.8341931057821991107.1)
                  00010ae4    00000010     diag_console.o (.rodata.str1.9009639935792097996.1)
                  00010af4    0000000f     diag_console.o (.rodata.str1.15191501805510545095.1)
                  00010b03    0000000f     diag_console.o (.rodata.str1.719103272933316442.1)
                  00010b12    0000000e     nrf24_ptx.o (.rodata.gProfile)
                  00010b20    0000000e     req002.o (.rodata.str1.11012809159570234960.1)
                  00010b2e    0000000e     diag_console.o (.rodata.str1.17463021491389519269.1)
                  00010b3c    0000000e     diag_console.o (.rodata.str1.1837592952361879117.1)
                  00010b4a    0000000d     diag_console.o (.rodata.str1.10547048922053563066.1)
                  00010b57    0000000d     diag_console.o (.rodata.str1.11767802008270839024.1)
                  00010b64    0000000d     diag_console.o (.rodata.str1.15307067426115469236.1)
                  00010b71    0000000d     diag_console.o (.rodata.str1.15759258491055097000.1)
                  00010b7e    0000000d     diag_console.o (.rodata.str1.17103627226480421635.1)
                  00010b8b    0000000d     diag_console.o (.rodata.str1.3586807474570239301.1)
                  00010b98    0000000d     nrf24_ptx.o (.rodata.str1.632614121974113092.1)
                  00010ba5    0000000d     diag_console.o (.rodata.str1.8382040091638840980.1)
                  00010bb2    0000000c     req002.o (.rodata.str1.14163026172649738486.1)
                  00010bbe    0000000c     diag_console.o (.rodata.str1.15625074855538008002.1)
                  00010bca    0000000c     nrf24_ptx.o (.rodata.str1.18158066330371006656.1)
                  00010bd6    0000000c     diag_console.o (.rodata.str1.4753132208752387408.1)
                  00010be2    0000000b     diag_console.o (.rodata.str1.10779067380086453065.1)
                  00010bed    0000000b     diag_console.o (.rodata.str1.10838375267284401125.1)
                  00010bf8    0000000b     diag_console.o (.rodata.str1.12889734105675417804.1)
                  00010c03    0000000b     req002.o (.rodata.str1.14519661726848775581.1)
                  00010c0e    0000000b     diag_console.o (.rodata.str1.17854535991371942916.1)
                  00010c19    0000000b     diag_console.o (.rodata.str1.2047669683145328269.1)
                  00010c24    0000000b     diag_console.o (.rodata.str1.2566524860297826098.1)
                  00010c2f    0000000b     diag_console.o (.rodata.str1.4088845919059740246.1)
                  00010c3a    0000000b     diag_console.o (.rodata.str1.475083551094971178.1)
                  00010c45    0000000b     diag_console.o (.rodata.str1.8714582252565932376.1)
                  00010c50    0000000a     app.o (.rodata..Lswitch.table.App_service)
                  00010c5a    0000000a     ti_msp_dl_config.o (.rodata.gDIAG_UARTConfig)
                  00010c64    0000000a     ti_msp_dl_config.o (.rodata.gK230_UARTConfig)
                  00010c6e    0000000a     ti_msp_dl_config.o (.rodata.gRADIO_SPI_config)
                  00010c78    0000000a     req002.o (.rodata.str1.11700141885548915133.1)
                  00010c82    0000000a     diag_console.o (.rodata.str1.15004393915158247055.1)
                  00010c8c    0000000a     diag_console.o (.rodata.str1.15947943532119924092.1)
                  00010c96    0000000a     diag_console.o (.rodata.str1.3251375336230076641.1)
                  00010ca0    0000000a     diag_console.o (.rodata.str1.5171941431370459453.1)
                  00010caa    00000009     motor_test.o (.rodata.str1.10617380224381297162.1)
                  00010cb3    00000009     req002.o (.rodata.str1.12553014538444358850.1)
                  00010cbc    00000009     nrf24_ptx.o (.rodata.str1.1466761408321915565.1)
                  00010cc5    00000009     diag_console.o (.rodata.str1.16718133499535619421.1)
                  00010cce    00000009     diag_console.o (.rodata.str1.17197432830885351810.1)
                  00010cd7    00000009     oled_ssd1306.o (.rodata.str1.18394381519249814195.1)
                  00010ce0    00000009     diag_console.o (.rodata.str1.2411401244139123524.1)
                  00010ce9    00000009     nrf24_ptx.o (.rodata.str1.3287502044353476605.1)
                  00010cf2    00000009     req002.o (.rodata.str1.4498054223093770164.1)
                  00010cfb    00000009     motor_test.o (.rodata.str1.7683472691658088772.1)
                  00010d04    00000009     diag_console.o (.rodata.str1.854387782545475029.1)
                  00010d0d    00000009     req002.o (.rodata.str1.9783865751474204056.1)
                  00010d16    00000002     ti_msp_dl_config.o (.rodata.gK230_UARTClockConfig)
                  00010d18    00000008     ti_msp_dl_config.o (.rodata.gMOTOR_PWMConfig)
                  00010d20    00000008     diag_console.o (.rodata.str1.1116829374954328495.1)
                  00010d28    00000008     oled_ssd1306.o (.rodata.str1.3044767245126136175.1)
                  00010d30    00000008     motor_test.o (.rodata.str1.4772308527699974066.1)
                  00010d38    00000008     motor_test.o (.rodata.str1.8645205534088111832.1)
                  00010d40    00000007     diag_console.o (.rodata.str1.11175911738739839896.1)
                  00010d47    00000007     diag_console.o (.rodata.str1.5926118724489890093.1)
                  00010d4e    00000007     diag_console.o (.rodata.str1.7767364581813029062.1)
                  00010d55    00000006     diag_console.o (.rodata.str1.1105957340841019786.1)
                  00010d5b    00000006     diag_console.o (.rodata.str1.11297099101431644167.1)
                  00010d61    00000006     req002.o (.rodata.str1.1330840565073376.1)
                  00010d67    00000006     diag_console.o (.rodata.str1.14265534512352903045.1)
                  00010d6d    00000006     oled_ssd1306.o (.rodata.str1.155559926808992207.1)
                  00010d73    00000006     diag_console.o (.rodata.str1.16084514406273351987.1)
                  00010d79    00000006     nrf24_ptx.o (.rodata.str1.17809926154172099862.1)
                  00010d7f    00000006     oled_ssd1306.o (.rodata.str1.17912449882519859512.1)
                  00010d85    00000006     motor_test.o (.rodata.str1.2583511979257442240.1)
                  00010d8b    00000006     req002.o (.rodata.str1.404665452499805758.1)
                  00010d91    00000005     req002.o (.rodata..Lswitch.table.Req002_init)
                  00010d96    00000005     diag_console.o (.rodata.str1.11000238090859226487.1)
                  00010d9b    00000005     req002.o (.rodata.str1.11884172484412477609.1)
                  00010da0    00000005     nrf24_ptx.o (.rodata.str1.1246111486341945488.1)
                  00010da5    00000005     oled_ssd1306.o (.rodata.str1.14073963438480896185.1)
                  00010daa    00000005     diag_console.o (.rodata.str1.15435677839657748720.1)
                  00010daf    00000005     diag_console.o (.rodata.str1.15834373091208215214.1)
                  00010db4    00000005     diag_console.o (.rodata.str1.17340833469015162294.1)
                  00010db9    00000005     diag_console.o (.rodata.str1.2661480226688204501.1)
                  00010dbe    00000005     req002.o (.rodata.str1.4278235483893593186.1)
                  00010dc3    00000005     diag_console.o (.rodata.str1.8182549175682356078.1)
                  00010dc8    00000005     motor_test.o (.rodata.str1.8458586334456837306.1)
                  00010dcd    00000005     diag_console.o (.rodata.str1.8521603489394202036.1)
                  00010dd2    00000005     diag_console.o (.rodata.str1.8535165006884115289.1)
                  00010dd7    00000005     diag_console.o (.rodata.str1.9239603917100908406.1)
                  00010ddc    00000004     diag_console.o (.rodata.str1.16152622102795241315.1)
                  00010de0    00000004     diag_console.o (.rodata.str1.2181998341318385279.1)
                  00010de4    00000004     oled_ssd1306.o (.rodata.str1.4552292588570905864.1)
                  00010de8    00000002     ti_msp_dl_config.o (.rodata.gLINE_I2CClockConfig)
                  00010dea    00000002     ti_msp_dl_config.o (.rodata.gOLED_I2CClockConfig)
                  00010dec    00000002     ti_msp_dl_config.o (.rodata.gRADIO_SPI_clockConfig)
                  00010dee    00000002     --HOLE-- [fill = 0]

.init_array 
*          0    00000000    00000000     UNINITIALIZED

.binit     0    00000000    00000000     

.bss       0    20200000    00000963     UNINITIALIZED
                  20200000    00000240     nrf24_ptx.o (.bss.gQueue)
                  20200240    000000c0     nrf24_ptx.o (.bss.gDiagLine)
                  20200300    000000bc     (.common:gMOTOR_PWMBackup)
                  202003bc    000000a0     (.common:gRIGHT_QEIBackup)
                  2020045c    0000008c     req002.o (.bss.gStatus)
                  202004e8    00000084     (.common:gK230RuntimeDiag)
                  2020056c    00000080     diag_console.o (.bss.gRxBuffer)
                  202005ec    00000080     k230_link.o (.bss.gRxQueue)
                  2020066c    00000060     (.common:gEncoderSpeedShadow)
                  202006cc    00000050     diag_console.o (.bss.gCommand)
                  2020071c    0000003c     k230_link.o (.bss.gStats)
                  20200758    0000003c     line_tracking.o (.bss.gStatus)
                  20200794    00000030     line_tracking.o (.bss.gShadowPid)
                  202007c4    00000030     req002.o (.bss.gSpeedBalancePi)
                  202007f4    00000030     req002.o (.bss.gTurnLeftPi)
                  20200824    0000002c     line_sensors.o (.bss.gSample)
                  20200850    00000028     (.common:gRADIO_SPIBackup)
                  20200878    00000020     k230_link.o (.bss.gLatest)
                  20200898    0000001c     nrf24_ptx.o (.bss.gStats)
                  202008b4    00000010     motor_test.o (.bss.gStatus)
                  202008c4    0000000e     k230_link.o (.bss.gFrame)
                  202008d2    00000002     nrf24_ptx.o (.bss.gDiagLineLength)
                  202008d4    00000008     app.o (.bss.gStartButton)
                  202008dc    00000006     motor_driver.o (.bss.gStatus)
                  202008e2    00000002     nrf24_ptx.o (.bss.gNextMessageId)
                  202008e4    00000004     nrf24_ptx.o (.bss.gDeadline)
                  202008e8    00000004     req002.o (.bss.gDepartSinceMs)
                  202008ec    00000004     req002.o (.bss.gEncoderFeedbackMissingSinceMs)
                  202008f0    00000004     k230_link.o (.bss.gLastObservedOverflow)
                  202008f4    00000004     k230_link.o (.bss.gLastSequenceAdvanceMs)
                  202008f8    00000004     encoders.o (.bss.gLeftCount)
                  202008fc    00000004     encoders.o (.bss.gLeftInvalidTransitions)
                  20200900    00000004     req002.o (.bss.gMarkerSinceMs)
                  20200904    00000004     timebase.o (.bss.gMilliseconds)
                  20200908    00000004     req002.o (.bss.gNextControlMs)
                  2020090c    00000004     line_sensors.o (.bss.gNextPollMs)
                  20200910    00000004     k230_link.o (.bss.gQueueOverflowsFromIsr)
                  20200914    00000004     k230_link.o (.bss.gRxBytesFromIsr)
                  20200918    00000004     diag_console.o (.bss.gRxOverflow)
                  2020091c    00000004     encoders.o (.bss.gShadowLastSampleMs)
                  20200920    00000004     encoders.o (.bss.gShadowNextSampleMs)
                  20200924    00000004     encoders.o (.bss.gShadowPreviousInvalidTransitions)
                  20200928    00000004     encoders.o (.bss.gShadowPreviousLeftCount)
                  2020092c    00000004     encoders.o (.bss.gShadowPreviousRightCount)
                  20200930    00000004     req002.o (.bss.gSpeedBalanceSampleCount)
                  20200934    00000004     req002.o (.bss.gSpeedBalanceTrimPermille)
                  20200938    00000004     req002.o (.bss.gTrackingFaultSinceMs)
                  2020093c    00000003     oled_ssd1306.o (.bss.gStatus)
                  2020093f    00000001     nrf24_ptx.o (.bss.gArmed)
                  20200940    00000002     diag_console.o (.bss.gRxHead)
                  20200942    00000002     k230_link.o (.bss.gRxHead)
                  20200944    00000002     diag_console.o (.bss.gRxTail)
                  20200946    00000002     k230_link.o (.bss.gRxTail)
                  20200948    00000001     diag_console.o (.bss.gCaptureEnabled)
                  20200949    00000001     diag_console.o (.bss.gCommandLength)
                  2020094a    00000001     req002.o (.bss.gDepartPending)
                  2020094b    00000001     nrf24_ptx.o (.bss.gDiagLineOverflow)
                  2020094c    00000001     diag_console.o (.bss.gDiscardLine)
                  2020094d    00000001     req002.o (.bss.gEncoderFeedbackFaulted)
                  2020094e    00000001     req002.o (.bss.gEncoderFeedbackMissing)
                  2020094f    00000001     k230_link.o (.bss.gFrameIndex)
                  20200950    00000001     k230_link.o (.bss.gHaveFrame)
                  20200951    00000001     app.o (.bss.gLastOledReq002State)
                  20200952    00000001     k230_link.o (.bss.gLastSequence)
                  20200953    00000001     encoders.o (.bss.gLeftState)
                  20200954    00000001     req002.o (.bss.gMarkerPending)
                  20200955    00000001     line_tracking.o (.bss.gNeedsReacquire)
                  20200956    00000001     nrf24_ptx.o (.bss.gOneShotQueued)
                  20200957    00000001     nrf24_ptx.o (.bss.gQueueCount)
                  20200958    00000001     nrf24_ptx.o (.bss.gQueueHead)
                  20200959    00000001     nrf24_ptx.o (.bss.gQueueTail)
                  2020095a    00000001     k230_link.o (.bss.gSequenceInitialized)
                  2020095b    00000001     req002.o (.bss.gSpeedBalanceMode)
                  2020095c    00000001     nrf24_ptx.o (.bss.gState)
                  2020095d    00000001     board_safety.o (.bss.gStatus.0)
                  2020095e    00000001     board_safety.o (.bss.gStatus.3)
                  2020095f    00000001     k230_link.o (.bss.gTimedOut)
                  20200960    00000001     motor_test.o (.bss.gTimedOut)
                  20200961    00000001     req002.o (.bss.gTrackingFaultPending)
                  20200962    00000001     req002.o (.bss.gTrackingFaultReason)

.data      0    20200963    00000001     UNINITIALIZED
                  20200963    00000001     oled_ssd1306.o (.data.gAddress)

.stack     0    20207e00    00000200     UNINITIALIZED
                  20207e00    00000004     libc.a : boot_cortex_m.c.obj (.stack)
                  20207e04    000001fc     --HOLE--

__llvm_prf_cnts 
*          0    20200000    00000000     UNINITIALIZED

__llvm_prf_bits 
*          0    20200000    00000000     UNINITIALIZED

MODULE SUMMARY

       Module                         code    ro data   rw data
       ------                         ----    -------   -------
    .\
       ti_msp_dl_config.o             1276    54        388    
       empty.o                        388     0         132    
       startup_mspm0g350x_ticlang.o   6       192       0      
    +--+------------------------------+-------+---------+---------+
       Total:                         1670    246       520    
                                                               
    .\algorithm\
       line_tracking.o                820     32        109    
       pid.o                          462     0         0      
    +--+------------------------------+-------+---------+---------+
       Total:                         1282    32        109    
                                                               
    .\app\
       req002.o                       3556    394       271    
       motor_test.o                   340     65        17     
       app.o                          332     10        9      
    +--+------------------------------+-------+---------+---------+
       Total:                         4228    469       297    
                                                               
    .\bsp\
       board_safety.o                 348     50        2      
       timebase.o                     84      0         4      
    +--+------------------------------+-------+---------+---------+
       Total:                         432     50        6      
                                                               
    .\drivers\
       diag_console.o                 43392   2282      219    
       oled_ssd1306.o                 4546    258       4      
       nrf24_ptx.o                    2744    133       811    
       k230_link.o                    1248    256       259    
       line_sensors.o                 1324    0         48     
       encoders.o                     824     0         125    
       motor_driver.o                 708     0         6      
       i2c_diag.o                     300     0         0      
       start_button.o                 138     0         0      
    +--+------------------------------+-------+---------+---------+
       Total:                         55224   2929      1472   
                                                               
    D:/AAADiansai/CCS/mspm0_sdk_2_11_00_07/source/ti/driverlib/lib/ticlang/m0p/mspm0g1x0x_g3x0x/driverlib.a
       dl_timer.o                     372     0         0      
       dl_i2c.o                       240     0         0      
       dl_spi.o                       226     0         0      
       dl_uart.o                      138     0         0      
       dl_common.o                    10      0         0      
    +--+------------------------------+-------+---------+---------+
       Total:                         986     0         0      
                                                               
    D:\AAADiansai\CCS\ccs\tools\compiler\ti-cgt-armllvm_5.1.1.LTS\lib\armv6m-ti-none-eabi/c/libc.a
       memcpy16.S.obj                 154     0         0      
       copy_decompress_lzss.c.obj     124     0         0      
       memset16.S.obj                 98      0         0      
       autoinit.c.obj                 60      0         0      
       boot_cortex_m.c.obj            40      0         0      
       memcmp.c.obj                   32      0         0      
       copy_decompress_none.c.obj     18      0         0      
       copy_zero_init.c.obj           16      0         0      
       exit.c.obj                     6       0         0      
       pre_init.c.obj                 4       0         0      
    +--+------------------------------+-------+---------+---------+
       Total:                         552     0         0      
                                                               
    D:\AAADiansai\CCS\ccs\tools\compiler\ti-cgt-armllvm_5.1.1.LTS\lib\armv6m-ti-none-eabi/c/libsysbm.a
       hostexit.c.obj                 4       0         0      
    +--+------------------------------+-------+---------+---------+
       Total:                         4       0         0      
                                                               
    D:\AAADiansai\CCS\ccs\tools\compiler\ti-cgt-armllvm_5.1.1.LTS\lib\armv6m-ti-none-eabi/libclang_rt.builtins.a
       addsf3.S.obj                   216     0         0      
       comparesf2.S.obj               140     0         0      
       mulsf3.S.obj                   140     0         0      
       divsf3.S.obj                   130     0         0      
       aeabi_fcmp.S.obj               90      0         0      
       aeabi_uidivmod.S.obj           64      0         0      
       muldsi3.S.obj                  58      0         0      
       fixsfsi.S.obj                  56      0         0      
       floatunsisf.S.obj              40      0         0      
       aeabi_memset.S.obj             26      0         0      
       aeabi_memcpy.S.obj             8       0         0      
       aeabi_div0.c.obj               2       0         0      
    +--+------------------------------+-------+---------+---------+
       Total:                         970     0         0      
                                                               
       Stack:                         0       0         512    
       Linker Generated:              0       41        0      
    +--+------------------------------+-------+---------+---------+
       Grand Total:                   65348   3767      2916   


LINKER GENERATED COPY TABLES

__TI_cinit_table @ 00010e0c records: 2, size/record: 8, table size: 16
	.bss: load addr=00010dfc, load size=00000008 bytes, run addr=20200000, run size=00000963 bytes, compression=zero_init
	.data: load addr=00010e04, load size=00000005 bytes, run addr=20200963, run size=00000001 bytes, compression=lzss


LINKER GENERATED HANDLER TABLE

__TI_handler_table @ 00010df0 records: 3, size/record: 4, table size: 12
	index: 0, handler: __TI_decompress_lzss
	index: 1, handler: __TI_decompress_none
	index: 2, handler: __TI_zero_init


GLOBAL SYMBOLS: SORTED ALPHABETICALLY BY Name 

address   name                               
-------   ----                               
0000cc5b  ADC0_IRQHandler                    
0000cc5b  ADC1_IRQHandler                    
0000cc5b  AES_IRQHandler                     
0000f031  App_init                           
0000e005  App_service                        
0000ffd5  BoardSafety_buzzerPolicy           
0000ffa9  BoardSafety_faultLatched           
0000f509  BoardSafety_init                   
0000fad9  BoardSafety_outputsSafe            
0000ee25  BoardSafety_service                
0000f311  BoardSafety_stop                   
0001000a  C$$EXIT                            
0000cc5b  CANFD0_IRQHandler                  
0000cc5b  DAC0_IRQHandler                    
0000ffc1  DL_Common_delayCycles              
0000f091  DL_I2C_fillControllerTXFIFO        
0000fb41  DL_I2C_flushControllerRXFIFO       
0000f93d  DL_I2C_flushControllerTXFIFO       
0000fcad  DL_I2C_setClockConfig              
0000f365  DL_SPI_drainRXFIFO8                
0000f7f5  DL_SPI_init                        
0000fd79  DL_SPI_receiveDataCheck8           
0000ff11  DL_SPI_setClockConfig              
0000fd95  DL_SPI_transmitDataCheck8          
0000ff49  DL_Timer_getCaptureCompareValue    
0000ddfd  DL_Timer_initFourCCPWMMode         
0000fdb1  DL_Timer_setCaptCompUpdateMethod   
0000fe59  DL_Timer_setCaptureCompareOutCtl   
0000ff59  DL_Timer_setCaptureCompareValue    
0000fdcd  DL_Timer_setClockConfig            
0000f68d  DL_UART_init                       
0000ff23  DL_UART_setClockConfig             
0000fb71  DL_UART_transmitDataBlocking       
0000cc5b  DMA_IRQHandler                     
0000cc5b  Default_Handler                    
0000f6d5  DiagConsole_init                   
0000f0f1  DiagConsole_onUartInterrupt        
0000cc5d  DiagConsole_reportBoot             
0000330d  DiagConsole_service                
0000ef05  Encoders_init                      
0000f979  Encoders_onLeftEncoderAInterrupt   
0000f14d  Encoders_snapshot                  
0000e2b5  Encoders_speedShadowInit           
0000d0e9  Encoders_speedShadowService        
0000fee9  Encoders_speedShadowSnapshot       
0000cc5b  GROUP0_IRQHandler                  
0000fcd5  GROUP1_IRQHandler                  
0001000b  HOSTexit                           
0000cc5b  HardFault_Handler                  
0000cc5b  I2C0_IRQHandler                    
0000cc5b  I2C1_IRQHandler                    
0000d75d  I2cDiag_scan                       
0000fb0d  K230Link_getStats                  
0000e871  K230Link_init                      
0000fe71  K230Link_pendingBytes              
0000f71d  K230Link_pushRxByteFromIsr         
0000b541  K230Link_service                   
0000ec39  K230Link_snapshot                  
0000fde9  LineSensors_init                   
0000c675  LineSensors_service                
0000fe89  LineSensors_snapshot               
0000ffdd  LineTracking_getStatus             
0000f765  LineTracking_init                  
0000bb85  LineTracking_service               
0000d4ed  MotorDriver_driveVehicleForward    
0000f261  MotorDriver_init                   
0000f2b9  MotorDriver_outputsStopped         
0000e621  MotorDriver_setVehicleForwardDuties
0000f87d  MotorDriver_stopAll                
0000fcf9  MotorTest_abort                    
0000fd19  MotorTest_init                     
0000fba1  MotorTest_onTimebaseTick           
0000f8bd  MotorTest_service                  
0000fe05  MotorTest_snapshot                 
0000ee95  MotorTest_start                    
0000fea1  MotorTest_stateName                
0000cc5b  NMI_Handler                        
0000f559  Nrf24Ptx_arm                       
0000d889  Nrf24Ptx_captureDiagnosticChar     
0000f9b5  Nrf24Ptx_disarm                    
0000f3b9  Nrf24Ptx_getStatus                 
0000eb31  Nrf24Ptx_init                      
0000f40d  Nrf24Ptx_readCoreRegisters         
0000fc31  Nrf24Ptx_safeWhenDisarmed          
0000a409  Nrf24Ptx_service                   
0000e6b5  OledSsd1306_clear                  
0000c3d1  OledSsd1306_forceAllPixelsOn       
0000c125  OledSsd1306_forceAllPixelsOnSh1106 
00009e3d  OledSsd1306_showReq002Status       
0000acfd  OledSsd1306_showTestPattern        
0000cc5b  PendSV_Handler                     
0000fe21  Pid_init                           
0000ff69  Pid_reset                          
0000cab9  Pid_step                           
0000cc5b  RTC_IRQHandler                     
0000e375  Req002_abort                       
0000feb9  Req002_blockReasonName             
0000ffe5  Req002_getStatus                   
0000d62d  Req002_init                        
00008c39  Req002_service                     
0000fed1  Req002_stateName                   
0001000f  Reset_Handler                      
0000cc5b  SPI0_IRQHandler                    
0000cc5b  SPI1_IRQHandler                    
0000cc5b  SVC_Handler                        
0000e901  SYSCFG_DL_DIAG_UART_init           
0000dcf5  SYSCFG_DL_GPIO_init                
0000e98d  SYSCFG_DL_K230_UART_init           
0000f461  SYSCFG_DL_LINE_I2C_init            
0000e749  SYSCFG_DL_MOTOR_PWM_init           
0000f4b5  SYSCFG_DL_OLED_I2C_init            
0000f5a9  SYSCFG_DL_RADIO_SPI_init           
0000f1a9  SYSCFG_DL_RIGHT_QEI_init           
0000fbd1  SYSCFG_DL_SYSCTL_init              
0000f5f5  SYSCFG_DL_init                     
0000ecb5  SYSCFG_DL_initPower                
0000fd39  StartButton_init                   
0000f641  StartButton_poll                   
0000fefd  StartButton_readHardwarePressed    
0000ffcb  StartButton_takePress              
0000ff79  SysTick_Handler                    
0000cc5b  TIMA0_IRQHandler                   
0000cc5b  TIMA1_IRQHandler                   
0000cc5b  TIMG0_IRQHandler                   
0000cc5b  TIMG12_IRQHandler                  
0000cc5b  TIMG6_IRQHandler                   
0000cc5b  TIMG7_IRQHandler                   
0000cc5b  TIMG8_IRQHandler                   
0000fc01  Timebase_init                      
0000ffb5  Timebase_nowMs                     
0000ff89  Timebase_onSysTick                 
0000ffed  Timebase_reached                   
0000fff5  UART0_IRQHandler                   
0000f839  UART1_IRQHandler                   
0000cc5b  UART2_IRQHandler                   
0000cc5b  UART3_IRQHandler                   
20208000  __STACK_END                        
00000200  __STACK_SIZE                       
00000000  __TI_ATRegion0_region_sz           
00000000  __TI_ATRegion0_src_addr            
00000000  __TI_ATRegion0_trg_addr            
00000000  __TI_ATRegion1_region_sz           
00000000  __TI_ATRegion1_src_addr            
00000000  __TI_ATRegion1_trg_addr            
00000000  __TI_ATRegion2_region_sz           
00000000  __TI_ATRegion2_src_addr            
00000000  __TI_ATRegion2_trg_addr            
00010e0c  __TI_CINIT_Base                    
00010e1c  __TI_CINIT_Limit                   
00010e1c  __TI_CINIT_Warm                    
00010df0  __TI_Handler_Table_Base            
00010dfc  __TI_Handler_Table_Limit           
0000f9f1  __TI_auto_init_nobinit_nopinit     
0000ed31  __TI_decompress_lzss               
0000ff35  __TI_decompress_none               
ffffffff  __TI_pprof_out_hndl                
ffffffff  __TI_prof_data_size                
ffffffff  __TI_prof_data_start               
00000000  __TI_static_base__                 
0000ff99  __TI_zero_init                     
0000e1e7  __addsf3                           
0000faa1  __aeabi_f2iz                       
0000e1e7  __aeabi_fadd                       
0000f205  __aeabi_fcmpeq                     
0000f23b  __aeabi_fcmpge                     
0000f24d  __aeabi_fcmpgt                     
0000f229  __aeabi_fcmple                     
0000f217  __aeabi_fcmplt                     
0000ea8f  __aeabi_fcmpun                     
0000ebb5  __aeabi_fdiv                       
0000eaa5  __aeabi_fmul                       
0000e1dd  __aeabi_fsub                       
0000dcf3  __aeabi_idiv0                      
0000fe4b  __aeabi_memclr                     
0000fe4b  __aeabi_memclr4                    
0000fe4b  __aeabi_memclr8                    
0000fffd  __aeabi_memcpy                     
0000fffd  __aeabi_memcpy4                    
0000fffd  __aeabi_memcpy8                    
0000fe3d  __aeabi_memset                     
0000fe3d  __aeabi_memset4                    
0000fe3d  __aeabi_memset8                    
0000fc85  __aeabi_ui2f                       
0000f8fd  __aeabi_uidiv                      
0000f8fd  __aeabi_uidivmod                   
ffffffff  __binit__                          
0000ea19  __cmpsf2                           
0000ebb5  __divsf3                           
0000ea19  __eqsf2                            
0000faa1  __fixsfsi                          
0000fc85  __floatunsisf                      
0000ea53  __gesf2                            
0000ea53  __gtsf2                            
0000ea19  __lesf2                            
0000ea19  __ltsf2                            
UNDEFED   __mpu_init                         
0000fa2d  __muldsi3                          
0000eaa5  __mulsf3                           
0000ea19  __nesf2                            
20207e00  __stack                            
20200000  __start___llvm_prf_bits            
20200000  __start___llvm_prf_cnts            
20200000  __stop___llvm_prf_bits             
20200000  __stop___llvm_prf_cnts             
0000e1dd  __subsf3                           
0000ea8f  __unordsf2                         
0000fc5d  _c_int00_noargs                    
UNDEFED   _system_post_cinit                 
00010013  _system_pre_init                   
00010005  abort                              
ffffffff  binit                              
2020066c  gEncoderSpeedShadow                
202004e8  gK230RuntimeDiag                   
20200300  gMOTOR_PWMBackup                   
20200850  gRADIO_SPIBackup                   
202003bc  gRIGHT_QEIBackup                   
00000000  interruptVectors                   
0000df01  main                               
0000fd59  memcmp                             
0000e4ed  memcpy                             
0000efcd  memset                             


GLOBAL SYMBOLS: SORTED BY Symbol Address 

address   name                               
-------   ----                               
00000000  __TI_ATRegion0_region_sz           
00000000  __TI_ATRegion0_src_addr            
00000000  __TI_ATRegion0_trg_addr            
00000000  __TI_ATRegion1_region_sz           
00000000  __TI_ATRegion1_src_addr            
00000000  __TI_ATRegion1_trg_addr            
00000000  __TI_ATRegion2_region_sz           
00000000  __TI_ATRegion2_src_addr            
00000000  __TI_ATRegion2_trg_addr            
00000000  __TI_static_base__                 
00000000  interruptVectors                   
00000200  __STACK_SIZE                       
0000330d  DiagConsole_service                
00008c39  Req002_service                     
00009e3d  OledSsd1306_showReq002Status       
0000a409  Nrf24Ptx_service                   
0000acfd  OledSsd1306_showTestPattern        
0000b541  K230Link_service                   
0000bb85  LineTracking_service               
0000c125  OledSsd1306_forceAllPixelsOnSh1106 
0000c3d1  OledSsd1306_forceAllPixelsOn       
0000c675  LineSensors_service                
0000cab9  Pid_step                           
0000cc5b  ADC0_IRQHandler                    
0000cc5b  ADC1_IRQHandler                    
0000cc5b  AES_IRQHandler                     
0000cc5b  CANFD0_IRQHandler                  
0000cc5b  DAC0_IRQHandler                    
0000cc5b  DMA_IRQHandler                     
0000cc5b  Default_Handler                    
0000cc5b  GROUP0_IRQHandler                  
0000cc5b  HardFault_Handler                  
0000cc5b  I2C0_IRQHandler                    
0000cc5b  I2C1_IRQHandler                    
0000cc5b  NMI_Handler                        
0000cc5b  PendSV_Handler                     
0000cc5b  RTC_IRQHandler                     
0000cc5b  SPI0_IRQHandler                    
0000cc5b  SPI1_IRQHandler                    
0000cc5b  SVC_Handler                        
0000cc5b  TIMA0_IRQHandler                   
0000cc5b  TIMA1_IRQHandler                   
0000cc5b  TIMG0_IRQHandler                   
0000cc5b  TIMG12_IRQHandler                  
0000cc5b  TIMG6_IRQHandler                   
0000cc5b  TIMG7_IRQHandler                   
0000cc5b  TIMG8_IRQHandler                   
0000cc5b  UART2_IRQHandler                   
0000cc5b  UART3_IRQHandler                   
0000cc5d  DiagConsole_reportBoot             
0000d0e9  Encoders_speedShadowService        
0000d4ed  MotorDriver_driveVehicleForward    
0000d62d  Req002_init                        
0000d75d  I2cDiag_scan                       
0000d889  Nrf24Ptx_captureDiagnosticChar     
0000dcf3  __aeabi_idiv0                      
0000dcf5  SYSCFG_DL_GPIO_init                
0000ddfd  DL_Timer_initFourCCPWMMode         
0000df01  main                               
0000e005  App_service                        
0000e1dd  __aeabi_fsub                       
0000e1dd  __subsf3                           
0000e1e7  __addsf3                           
0000e1e7  __aeabi_fadd                       
0000e2b5  Encoders_speedShadowInit           
0000e375  Req002_abort                       
0000e4ed  memcpy                             
0000e621  MotorDriver_setVehicleForwardDuties
0000e6b5  OledSsd1306_clear                  
0000e749  SYSCFG_DL_MOTOR_PWM_init           
0000e871  K230Link_init                      
0000e901  SYSCFG_DL_DIAG_UART_init           
0000e98d  SYSCFG_DL_K230_UART_init           
0000ea19  __cmpsf2                           
0000ea19  __eqsf2                            
0000ea19  __lesf2                            
0000ea19  __ltsf2                            
0000ea19  __nesf2                            
0000ea53  __gesf2                            
0000ea53  __gtsf2                            
0000ea8f  __aeabi_fcmpun                     
0000ea8f  __unordsf2                         
0000eaa5  __aeabi_fmul                       
0000eaa5  __mulsf3                           
0000eb31  Nrf24Ptx_init                      
0000ebb5  __aeabi_fdiv                       
0000ebb5  __divsf3                           
0000ec39  K230Link_snapshot                  
0000ecb5  SYSCFG_DL_initPower                
0000ed31  __TI_decompress_lzss               
0000ee25  BoardSafety_service                
0000ee95  MotorTest_start                    
0000ef05  Encoders_init                      
0000efcd  memset                             
0000f031  App_init                           
0000f091  DL_I2C_fillControllerTXFIFO        
0000f0f1  DiagConsole_onUartInterrupt        
0000f14d  Encoders_snapshot                  
0000f1a9  SYSCFG_DL_RIGHT_QEI_init           
0000f205  __aeabi_fcmpeq                     
0000f217  __aeabi_fcmplt                     
0000f229  __aeabi_fcmple                     
0000f23b  __aeabi_fcmpge                     
0000f24d  __aeabi_fcmpgt                     
0000f261  MotorDriver_init                   
0000f2b9  MotorDriver_outputsStopped         
0000f311  BoardSafety_stop                   
0000f365  DL_SPI_drainRXFIFO8                
0000f3b9  Nrf24Ptx_getStatus                 
0000f40d  Nrf24Ptx_readCoreRegisters         
0000f461  SYSCFG_DL_LINE_I2C_init            
0000f4b5  SYSCFG_DL_OLED_I2C_init            
0000f509  BoardSafety_init                   
0000f559  Nrf24Ptx_arm                       
0000f5a9  SYSCFG_DL_RADIO_SPI_init           
0000f5f5  SYSCFG_DL_init                     
0000f641  StartButton_poll                   
0000f68d  DL_UART_init                       
0000f6d5  DiagConsole_init                   
0000f71d  K230Link_pushRxByteFromIsr         
0000f765  LineTracking_init                  
0000f7f5  DL_SPI_init                        
0000f839  UART1_IRQHandler                   
0000f87d  MotorDriver_stopAll                
0000f8bd  MotorTest_service                  
0000f8fd  __aeabi_uidiv                      
0000f8fd  __aeabi_uidivmod                   
0000f93d  DL_I2C_flushControllerTXFIFO       
0000f979  Encoders_onLeftEncoderAInterrupt   
0000f9b5  Nrf24Ptx_disarm                    
0000f9f1  __TI_auto_init_nobinit_nopinit     
0000fa2d  __muldsi3                          
0000faa1  __aeabi_f2iz                       
0000faa1  __fixsfsi                          
0000fad9  BoardSafety_outputsSafe            
0000fb0d  K230Link_getStats                  
0000fb41  DL_I2C_flushControllerRXFIFO       
0000fb71  DL_UART_transmitDataBlocking       
0000fba1  MotorTest_onTimebaseTick           
0000fbd1  SYSCFG_DL_SYSCTL_init              
0000fc01  Timebase_init                      
0000fc31  Nrf24Ptx_safeWhenDisarmed          
0000fc5d  _c_int00_noargs                    
0000fc85  __aeabi_ui2f                       
0000fc85  __floatunsisf                      
0000fcad  DL_I2C_setClockConfig              
0000fcd5  GROUP1_IRQHandler                  
0000fcf9  MotorTest_abort                    
0000fd19  MotorTest_init                     
0000fd39  StartButton_init                   
0000fd59  memcmp                             
0000fd79  DL_SPI_receiveDataCheck8           
0000fd95  DL_SPI_transmitDataCheck8          
0000fdb1  DL_Timer_setCaptCompUpdateMethod   
0000fdcd  DL_Timer_setClockConfig            
0000fde9  LineSensors_init                   
0000fe05  MotorTest_snapshot                 
0000fe21  Pid_init                           
0000fe3d  __aeabi_memset                     
0000fe3d  __aeabi_memset4                    
0000fe3d  __aeabi_memset8                    
0000fe4b  __aeabi_memclr                     
0000fe4b  __aeabi_memclr4                    
0000fe4b  __aeabi_memclr8                    
0000fe59  DL_Timer_setCaptureCompareOutCtl   
0000fe71  K230Link_pendingBytes              
0000fe89  LineSensors_snapshot               
0000fea1  MotorTest_stateName                
0000feb9  Req002_blockReasonName             
0000fed1  Req002_stateName                   
0000fee9  Encoders_speedShadowSnapshot       
0000fefd  StartButton_readHardwarePressed    
0000ff11  DL_SPI_setClockConfig              
0000ff23  DL_UART_setClockConfig             
0000ff35  __TI_decompress_none               
0000ff49  DL_Timer_getCaptureCompareValue    
0000ff59  DL_Timer_setCaptureCompareValue    
0000ff69  Pid_reset                          
0000ff79  SysTick_Handler                    
0000ff89  Timebase_onSysTick                 
0000ff99  __TI_zero_init                     
0000ffa9  BoardSafety_faultLatched           
0000ffb5  Timebase_nowMs                     
0000ffc1  DL_Common_delayCycles              
0000ffcb  StartButton_takePress              
0000ffd5  BoardSafety_buzzerPolicy           
0000ffdd  LineTracking_getStatus             
0000ffe5  Req002_getStatus                   
0000ffed  Timebase_reached                   
0000fff5  UART0_IRQHandler                   
0000fffd  __aeabi_memcpy                     
0000fffd  __aeabi_memcpy4                    
0000fffd  __aeabi_memcpy8                    
00010005  abort                              
0001000a  C$$EXIT                            
0001000b  HOSTexit                           
0001000f  Reset_Handler                      
00010013  _system_pre_init                   
00010df0  __TI_Handler_Table_Base            
00010dfc  __TI_Handler_Table_Limit           
00010e0c  __TI_CINIT_Base                    
00010e1c  __TI_CINIT_Limit                   
00010e1c  __TI_CINIT_Warm                    
20200000  __start___llvm_prf_bits            
20200000  __start___llvm_prf_cnts            
20200000  __stop___llvm_prf_bits             
20200000  __stop___llvm_prf_cnts             
20200300  gMOTOR_PWMBackup                   
202003bc  gRIGHT_QEIBackup                   
202004e8  gK230RuntimeDiag                   
2020066c  gEncoderSpeedShadow                
20200850  gRADIO_SPIBackup                   
20207e00  __stack                            
20208000  __STACK_END                        
ffffffff  __TI_pprof_out_hndl                
ffffffff  __TI_prof_data_size                
ffffffff  __TI_prof_data_start               
ffffffff  __binit__                          
ffffffff  binit                              
UNDEFED   __mpu_init                         
UNDEFED   _system_post_cinit                 

[221 symbols]
