******************************************************************************
            TI ARM Clang Linker PC v5.1.1                      
******************************************************************************
>> Linked Sun Aug  2 05:49:01 2026

OUTPUT FILE NAME:   <test1_motor_selftest.out>
ENTRY POINT SYMBOL: "_c_int00_noargs"  address: 00010745


MEMORY CONFIGURATION

         name            origin    length      used     unused   attr    fill
----------------------  --------  ---------  --------  --------  ----  --------
  FLASH                 00000000   00020000  00011928  0000e6d8  R  X
  SRAM                  20200000   00008000  00000b4c  000074b4  RW X
  BCR_CONFIG            41c00000   000000ff  00000000  000000ff  R   
  BSL_CONFIG            41c00100   00000080  00000000  00000080  R   


SEGMENT ALLOCATION MAP

run origin  load origin   length   init length attrs members
----------  ----------- ---------- ----------- ----- -------
00000000    00000000    00010b28   00010b28    r-x
  00000000    00000000    000000c0   000000c0    r-- .intvecs
  000000c0    000000c0    00010a68   00010a68    r-x .text
00010b30    00010b30    00000e00   00000e00    r--
  00010b30    00010b30    00000dd0   00000dd0    r-- .rodata
  00011900    00011900    00000030   00000030    r-- .cinit
20200000    20200000    0000094c   00000000    rw-
  20200000    20200000    0000094b   00000000    rw- .bss
  2020094b    2020094b    00000001   00000000    rw- .data
20207e00    20207e00    00000200   00000000    rw-
  20207e00    20207e00    00000200   00000000    rw- .stack


SECTION ALLOCATION MAP

 output                                  attributes/
section   page    origin      length       input sections
--------  ----  ----------  ----------   ----------------
.intvecs   0    00000000    000000c0     
                  00000000    000000c0     startup_mspm0g350x_ticlang.o (.intvecs)

.text      0    000000c0    00010a68     
                  000000c0    0000324c     diag_console.o (.text.reportReq002)
                  0000330c    00002194     diag_console.o (.text.DiagConsole_service)
                  000054a0    000016fc     diag_console.o (.text.reportRadioStatus)
                  00006b9c    000014e4     diag_console.o (.text.reportLine)
                  00008080    000011a4     req002.o (.text.Req002_service)
                  00009224    00000bb8     diag_console.o (.text.reportMotorTest)
                  00009ddc    00000774     diag_console.o (.text.reportStatus)
                  0000a550    000005cc     oled_ssd1306.o (.text.OledSsd1306_showReq002Status)
                  0000ab1c    0000049c     nrf24_ptx.o (.text.Nrf24Ptx_service)
                  0000afb8    00000458     diag_console.o (.text.reportRadioRegisters)
                  0000b410    00000444     oled_ssd1306.o (.text.OledSsd1306_showTestPattern)
                  0000b854    00000400     diag_console.o (.text.reportI2c)
                  0000bc54    00000340     k230_link.o (.text.K230Link_service)
                  0000bf94    00000304     diag_console.o (.text.runSelfTest)
                  0000c298    000002e4     line_tracking.o (.text.LineTracking_service)
                  0000c57c    000002bc     line_sensors.o (.text.readRegisterBlock)
                  0000c838    000002ac     oled_ssd1306.o (.text.OledSsd1306_forceAllPixelsOnSh1106)
                  0000cae4    000002a4     oled_ssd1306.o (.text.OledSsd1306_forceAllPixelsOn)
                  0000cd88    0000023c     line_sensors.o (.text.LineSensors_service)
                  0000cfc4    00000208     diag_console.o (.text.forceOledAllOn)
                  0000d1cc    000001a2     pid.o (.text.Pid_step)
                  0000d36e    00000002     startup_mspm0g350x_ticlang.o (.text.Default_Handler)
                  0000d370    0000019c     diag_console.o (.text.DiagConsole_reportBoot)
                  0000d50c    00000184     nrf24_ptx.o (.text.transaction)
                  0000d690    0000016c     diag_console.o (.text.writeI32)
                  0000d7fc    00000168     encoders.o (.text.Encoders_speedShadowService)
                  0000d964    00000168     req002.o (.text.Req002_init)
                  0000dacc    00000154     diag_console.o (.text.writeU32)
                  0000dc20    00000148     diag_console.o (.text.clearOled)
                  0000dd68    0000012c     i2c_diag.o (.text.I2cDiag_scan)
                  0000de94    0000012c     motor_driver.o (.text.MotorDriver_driveVehicleForward)
                  0000dfc0    0000011c     nrf24_ptx.o (.text.Nrf24Ptx_captureDiagnosticChar)
                  0000e0dc    0000011c     diag_console.o (.text.forceOledAllOnSh1106)
                  0000e1f8    0000011c     diag_console.o (.text.runOledTest)
                  0000e314    00000116     oled_ssd1306.o (.text.writePageData)
                  0000e42a    00000002     libclang_rt.builtins.a : aeabi_div0.c.obj (.text.__aeabi_idiv0)
                  0000e42c    00000108     ti_msp_dl_config.o (.text.SYSCFG_DL_GPIO_init)
                  0000e534    00000104     driverlib.a : dl_timer.o (.text.DL_Timer_initFourCCPWMMode)
                  0000e638    00000104     req002.o (.text.Req002_abort)
                  0000e73c    00000104     empty.o (.text.main)
                  0000e840    000000ec     app.o (.text.App_service)
                  0000e92c    000000ec     nrf24_ptx.o (.text.command)
                  0000ea18    000000d8     req002.o (.text.stopWithFault)
                  0000eaf0    000000d8     libclang_rt.builtins.a : addsf3.S.obj (.text)
                  0000ebc8    000000c0     encoders.o (.text.Encoders_speedShadowInit)
                  0000ec88    000000b8     oled_ssd1306.o (.text.writeSmall)
                  0000ed40    0000009c     motor_driver.o (.text.MotorDriver_setVehicleForwardDuties)
                  0000eddc    0000009a     libc.a : memcpy16.S.obj (.text:memcpy)
                  0000ee76    00000002     --HOLE-- [fill = 0]
                  0000ee78    00000094     oled_ssd1306.o (.text.OledSsd1306_clear)
                  0000ef0c    00000094     ti_msp_dl_config.o (.text.SYSCFG_DL_MOTOR_PWM_init)
                  0000efa0    00000090     k230_link.o (.text.K230Link_init)
                  0000f030    00000090     req002.o (.text.applyTrackingRecovery)
                  0000f0c0    0000008c     motor_driver.o (.text.MotorDriver_engageRightBrake)
                  0000f14c    0000008c     ti_msp_dl_config.o (.text.SYSCFG_DL_DIAG_UART_init)
                  0000f1d8    0000008c     ti_msp_dl_config.o (.text.SYSCFG_DL_K230_UART_init)
                  0000f264    0000008c     req002.o (.text.applyRightArcDuringLineLoss)
                  0000f2f0    0000008c     libclang_rt.builtins.a : comparesf2.S.obj (.text)
                  0000f37c    0000008c                            : mulsf3.S.obj (.text)
                  0000f408    00000084     motor_driver.o (.text.MotorDriver_prepareRightBrake)
                  0000f48c    00000084     nrf24_ptx.o (.text.Nrf24Ptx_init)
                  0000f510    00000082     libclang_rt.builtins.a : divsf3.S.obj (.text)
                  0000f592    00000002     --HOLE-- [fill = 0]
                  0000f594    00000080     req002.o (.text.rightCurveEnter)
                  0000f614    0000007c     k230_link.o (.text.K230Link_snapshot)
                  0000f690    0000007c     ti_msp_dl_config.o (.text.SYSCFG_DL_initPower)
                  0000f70c    0000007c     libc.a : copy_decompress_lzss.c.obj (.text:decompress:lzss)
                  0000f788    00000078     diag_console.o (.text.writeText)
                  0000f800    00000070     board_safety.o (.text.BoardSafety_service)
                  0000f870    00000070     motor_test.o (.text.MotorTest_start)
                  0000f8e0    00000064     encoders.o (.text.Encoders_init)
                  0000f944    00000064     motor_driver.o (.text.MotorDriver_outputsStopped)
                  0000f9a8    00000064     nrf24_ptx.o (.text.writeRegistersAndVerify)
                  0000fa0c    00000062     libc.a : memset16.S.obj (.text:memset)
                  0000fa6e    00000002     --HOLE-- [fill = 0]
                  0000fa70    00000060     app.o (.text.App_init)
                  0000fad0    0000005e     driverlib.a : dl_i2c.o (.text.DL_I2C_fillControllerTXFIFO)
                  0000fb2e    00000002     --HOLE-- [fill = 0]
                  0000fb30    0000005c     diag_console.o (.text.DiagConsole_onUartInterrupt)
                  0000fb8c    0000005c     encoders.o (.text.Encoders_snapshot)
                  0000fbe8    0000005c     motor_driver.o (.text.MotorDriver_init)
                  0000fc44    0000005c     ti_msp_dl_config.o (.text.SYSCFG_DL_RIGHT_QEI_init)
                  0000fca0    0000005a     libclang_rt.builtins.a : aeabi_fcmp.S.obj (.text)
                  0000fcfa    00000002     --HOLE-- [fill = 0]
                  0000fcfc    00000054     board_safety.o (.text.BoardSafety_stop)
                  0000fd50    00000054     driverlib.a : dl_spi.o (.text.DL_SPI_drainRXFIFO8)
                  0000fda4    00000054     nrf24_ptx.o (.text.Nrf24Ptx_getStatus)
                  0000fdf8    00000054     nrf24_ptx.o (.text.Nrf24Ptx_readCoreRegisters)
                  0000fe4c    00000054     ti_msp_dl_config.o (.text.SYSCFG_DL_LINE_I2C_init)
                  0000fea0    00000054     ti_msp_dl_config.o (.text.SYSCFG_DL_OLED_I2C_init)
                  0000fef4    00000050     board_safety.o (.text.BoardSafety_init)
                  0000ff44    00000050     nrf24_ptx.o (.text.Nrf24Ptx_arm)
                  0000ff94    0000004c     ti_msp_dl_config.o (.text.SYSCFG_DL_RADIO_SPI_init)
                  0000ffe0    0000004c     ti_msp_dl_config.o (.text.SYSCFG_DL_init)
                  0001002c    0000004c     start_button.o (.text.StartButton_poll)
                  00010078    0000004c     req002.o (.text.speedBalanceReset)
                  000100c4    00000048     driverlib.a : dl_uart.o (.text.DL_UART_init)
                  0001010c    00000048     diag_console.o (.text.DiagConsole_init)
                  00010154    00000048     k230_link.o (.text.K230Link_pushRxByteFromIsr)
                  0001019c    00000048     line_tracking.o (.text.LineTracking_init)
                  000101e4    00000048     nrf24_ptx.o (.text.writeAndVerify)
                  0001022c    00000044     driverlib.a : dl_spi.o (.text.DL_SPI_init)
                  00010270    00000044     empty.o (.text.UART1_IRQHandler)
                  000102b4    00000040     motor_driver.o (.text.MotorDriver_prepareBrakeAll)
                  000102f4    00000040     motor_driver.o (.text.MotorDriver_releaseBrakeAll)
                  00010334    00000040     motor_driver.o (.text.MotorDriver_stopAll)
                  00010374    00000040     motor_test.o (.text.MotorTest_service)
                  000103b4    00000040     libclang_rt.builtins.a : aeabi_uidivmod.S.obj (.text)
                  000103f4    0000003c     driverlib.a : dl_i2c.o (.text.DL_I2C_flushControllerTXFIFO)
                  00010430    0000003c     encoders.o (.text.Encoders_onLeftEncoderAInterrupt)
                  0001046c    0000003c     nrf24_ptx.o (.text.Nrf24Ptx_disarm)
                  000104a8    0000003c     libc.a : autoinit.c.obj (.text:__TI_auto_init_nobinit_nopinit)
                  000104e4    0000003a     libclang_rt.builtins.a : muldsi3.S.obj (.text)
                  0001051e    00000002     --HOLE-- [fill = 0]
                  00010520    00000038     diag_console.o (.text.newLine)
                  00010558    00000038     libclang_rt.builtins.a : fixsfsi.S.obj (.text)
                  00010590    00000034     board_safety.o (.text.BoardSafety_outputsSafe)
                  000105c4    00000034     k230_link.o (.text.K230Link_getStats)
                  000105f8    00000030     driverlib.a : dl_i2c.o (.text.DL_I2C_flushControllerRXFIFO)
                  00010628    00000030                 : dl_uart.o (.text.DL_UART_transmitDataBlocking)
                  00010658    00000030     motor_driver.o (.text.MotorDriver_releaseRightBrake)
                  00010688    00000030     motor_test.o (.text.MotorTest_onTimebaseTick)
                  000106b8    00000030     ti_msp_dl_config.o (.text.SYSCFG_DL_SYSCTL_init)
                  000106e8    00000030     timebase.o (.text.Timebase_init)
                  00010718    0000002c     nrf24_ptx.o (.text.Nrf24Ptx_safeWhenDisarmed)
                  00010744    00000028     libc.a : boot_cortex_m.c.obj (.text:_c_int00_noargs)
                  0001076c    00000028     libclang_rt.builtins.a : floatunsisf.S.obj (.text)
                  00010794    00000026     driverlib.a : dl_i2c.o (.text.DL_I2C_setClockConfig)
                  000107ba    00000002     --HOLE-- [fill = 0]
                  000107bc    00000024     empty.o (.text.GROUP1_IRQHandler)
                  000107e0    00000024     motor_driver.o (.text.MotorDriver_engageBrakeAll)
                  00010804    00000020     motor_test.o (.text.MotorTest_abort)
                  00010824    00000020     motor_test.o (.text.MotorTest_init)
                  00010844    00000020     start_button.o (.text.StartButton_init)
                  00010864    00000020     libc.a : memcmp.c.obj (.text.memcmp)
                  00010884    0000001c     driverlib.a : dl_spi.o (.text.DL_SPI_receiveDataCheck8)
                  000108a0    0000001c                 : dl_spi.o (.text.DL_SPI_transmitDataCheck8)
                  000108bc    0000001c                 : dl_timer.o (.text.DL_Timer_setCaptCompUpdateMethod)
                  000108d8    0000001c                 : dl_timer.o (.text.DL_Timer_setClockConfig)
                  000108f4    0000001c     line_sensors.o (.text.LineSensors_init)
                  00010910    0000001c     motor_test.o (.text.MotorTest_snapshot)
                  0001092c    0000001c     pid.o (.text.Pid_init)
                  00010948    0000001a     libclang_rt.builtins.a : aeabi_memset.S.obj (.text)
                  00010962    00000002     --HOLE-- [fill = 0]
                  00010964    00000018     driverlib.a : dl_timer.o (.text.DL_Timer_setCaptureCompareOutCtl)
                  0001097c    00000018     k230_link.o (.text.K230Link_pendingBytes)
                  00010994    00000018     line_sensors.o (.text.LineSensors_snapshot)
                  000109ac    00000018     motor_test.o (.text.MotorTest_stateName)
                  000109c4    00000018     req002.o (.text.Req002_blockReasonName)
                  000109dc    00000018     req002.o (.text.Req002_stateName)
                  000109f4    00000014     encoders.o (.text.Encoders_speedShadowSnapshot)
                  00010a08    00000014     start_button.o (.text.StartButton_readHardwarePressed)
                  00010a1c    00000012     driverlib.a : dl_spi.o (.text.DL_SPI_setClockConfig)
                  00010a2e    00000012                 : dl_uart.o (.text.DL_UART_setClockConfig)
                  00010a40    00000012     libc.a : copy_decompress_none.c.obj (.text:decompress:none)
                  00010a52    00000002     --HOLE-- [fill = 0]
                  00010a54    00000010     driverlib.a : dl_timer.o (.text.DL_Timer_getCaptureCompareValue)
                  00010a64    00000010                 : dl_timer.o (.text.DL_Timer_setCaptureCompareValue)
                  00010a74    00000010     pid.o (.text.Pid_reset)
                  00010a84    00000010     empty.o (.text.SysTick_Handler)
                  00010a94    00000010     timebase.o (.text.Timebase_onSysTick)
                  00010aa4    00000010     libc.a : copy_zero_init.c.obj (.text:decompress:ZI)
                  00010ab4    0000000c     board_safety.o (.text.BoardSafety_faultLatched)
                  00010ac0    0000000c     timebase.o (.text.Timebase_nowMs)
                  00010acc    0000000a     driverlib.a : dl_common.o (.text.DL_Common_delayCycles)
                  00010ad6    0000000a     start_button.o (.text.StartButton_takePress)
                  00010ae0    00000008     board_safety.o (.text.BoardSafety_buzzerPolicy)
                  00010ae8    00000008     line_tracking.o (.text.LineTracking_getStatus)
                  00010af0    00000008     req002.o (.text.Req002_getStatus)
                  00010af8    00000008     timebase.o (.text.Timebase_reached)
                  00010b00    00000008     empty.o (.text.UART0_IRQHandler)
                  00010b08    00000008     libclang_rt.builtins.a : aeabi_memcpy.S.obj (.text)
                  00010b10    00000006     libc.a : exit.c.obj (.text:abort)
                  00010b16    00000004     libsysbm.a : hostexit.c.obj (.text.HOSTexit)
                  00010b1a    00000004     startup_mspm0g350x_ticlang.o (.text.Reset_Handler)
                  00010b1e    00000004     libc.a : pre_init.c.obj (.text._system_pre_init)
                  00010b22    00000006     --HOLE-- [fill = 0]

.cinit     0    00011900    00000030     
                  00011900    0000000c     (__TI_handler_table)
                  0001190c    00000008     (.cinit..bss.load) [load image, compression = zero_init]
                  00011914    00000005     (.cinit..data.load) [load image, compression = lzss]
                  00011919    00000003     --HOLE-- [fill = 0]
                  0001191c    00000010     (__TI_cinit_table)
                  0001192c    00000004     --HOLE-- [fill = 0]

.rodata    0    00010b30    00000dd0     
                  00010b30    00000105     diag_console.o (.rodata.str1.14153271371939189678.1)
                  00010c35    0000000b     diag_console.o (.rodata.str1.10021391958218067169.1)
                  00010c40    00000100     k230_link.o (.rodata..L.crctable)
                  00010d40    00000082     oled_ssd1306.o (.rodata.gLetters)
                  00010dc2    00000063     diag_console.o (.rodata.str1.7732308573000650393.1)
                  00010e25    00000048     diag_console.o (.rodata.str1.5644620926150322957.1)
                  00010e6d    00000044     diag_console.o (.rodata.str1.8805550004262250290.1)
                  00010eb1    0000003e     diag_console.o (.rodata.str1.2437401455240083982.1)
                  00010eef    0000003d     diag_console.o (.rodata.str1.10020677278003191597.1)
                  00010f2c    0000003d     diag_console.o (.rodata.str1.9757831788182070933.1)
                  00010f69    0000003b     diag_console.o (.rodata.str1.5824879526590977974.1)
                  00010fa4    00000038     diag_console.o (.rodata.str1.8089184110561347353.1)
                  00010fdc    00000036     diag_console.o (.rodata.str1.16565755701334802317.1)
                  00011012    00000035     diag_console.o (.rodata.str1.3430916125074368270.1)
                  00011047    00000034     diag_console.o (.rodata.str1.1098690429273333905.1)
                  0001107b    00000032     oled_ssd1306.o (.rodata.gDigits)
                  000110ad    00000032     board_safety.o (.rodata.str1.1461871966798876460.1)
                  000110df    00000031     diag_console.o (.rodata.str1.242449607627197691.1)
                  00011110    0000002f     diag_console.o (.rodata.str1.13023684794075449413.1)
                  0001113f    0000002f     diag_console.o (.rodata.str1.16351352736247536359.1)
                  0001116e    0000002b     diag_console.o (.rodata.str1.12544225967345112596.1)
                  00011199    00000003     ti_msp_dl_config.o (.rodata.gMOTOR_PWMClockConfig)
                  0001119c    00000028     req002.o (.rodata..Lswitch.table.Req002_blockReasonName)
                  000111c4    00000028     diag_console.o (.rodata.str1.10752303080941050339.1)
                  000111ec    00000026     diag_console.o (.rodata.str1.13160629704296733059.1)
                  00011212    00000026     diag_console.o (.rodata.str1.15253010768347978106.1)
                  00011238    00000024     req002.o (.rodata..Lswitch.table.Req002_stateName)
                  0001125c    00000023     diag_console.o (.rodata.str1.12847583180881552206.1)
                  0001127f    00000023     diag_console.o (.rodata.str1.6066754825680800963.1)
                  000112a2    00000022     diag_console.o (.rodata.str1.5303670245239573129.1)
                  000112c4    00000020     line_tracking.o (.rodata.cst32)
                  000112e4    0000001f     diag_console.o (.rodata.str1.5976961520280002565.1)
                  00011303    0000001c     req002.o (.rodata.str1.13275248019535299154.1)
                  0001131f    0000001a     diag_console.o (.rodata.str1.1008767523004470630.1)
                  00011339    0000001a     diag_console.o (.rodata.str1.2111541797422310849.1)
                  00011353    0000001a     req002.o (.rodata.str1.9392822210274423405.1)
                  0001136d    00000019     req002.o (.rodata.str1.10004817023067202127.1)
                  00011386    00000019     diag_console.o (.rodata.str1.12716740232725884172.1)
                  0001139f    00000019     diag_console.o (.rodata.str1.15208548128666943192.1)
                  000113b8    00000019     diag_console.o (.rodata.str1.18237275900639492659.1)
                  000113d1    00000003     ti_msp_dl_config.o (.rodata.gRIGHT_QEIClockConfig)
                  000113d4    00000019     nrf24_ptx.o (.rodata.str1.6094559527043233380.4)
                  000113ed    00000019     diag_console.o (.rodata.str1.810607564276269461.1)
                  00011406    00000002     ti_msp_dl_config.o (.rodata.gDIAG_UARTClockConfig)
                  00011408    00000018     nrf24_ptx.o (.rodata..Lswitch.table.Nrf24Ptx_getStatus)
                  00011420    00000018     oled_ssd1306.o (.rodata.initializeAt.commands)
                  00011438    00000018     diag_console.o (.rodata.str1.5503653601839616668.1)
                  00011450    00000017     req002.o (.rodata.str1.10230131912623405435.1)
                  00011467    00000017     diag_console.o (.rodata.str1.6166010252237908199.1)
                  0001147e    00000016     diag_console.o (.rodata.str1.10354475084875452907.1)
                  00011494    00000016     diag_console.o (.rodata.str1.13280886091191530476.1)
                  000114aa    00000016     diag_console.o (.rodata.str1.5084688477215926447.1)
                  000114c0    00000015     req002.o (.rodata.str1.9213031953659428922.1)
                  000114d5    00000003     diag_console.o (.rodata.str1.16469263393576567306.1)
                  000114d8    00000014     motor_test.o (.rodata..Lswitch.table.MotorTest_stateName)
                  000114ec    00000014     req002.o (.rodata.str1.1536853367382378965.1)
                  00011500    00000014     req002.o (.rodata.str1.7316036974658646067.1)
                  00011514    00000014     diag_console.o (.rodata.str1.7838710351760113446.1)
                  00011528    00000014     req002.o (.rodata.str1.9277730485512377852.1)
                  0001153c    00000013     diag_console.o (.rodata.str1.19967443403481861.1)
                  0001154f    00000011     req002.o (.rodata.str1.11801953346847374107.1)
                  00011560    00000011     diag_console.o (.rodata.str1.17217747830118470281.1)
                  00011571    00000011     diag_console.o (.rodata.str1.17570078357027493973.1)
                  00011582    00000011     req002.o (.rodata.str1.246851255980436067.1)
                  00011593    00000011     diag_console.o (.rodata.str1.9305979691969886280.1)
                  000115a4    00000010     oled_ssd1306.o (.rodata.OledSsd1306_showReq002Status.stateText)
                  000115b4    00000010     diag_console.o (.rodata.str1.11858721499567804342.1)
                  000115c4    00000010     diag_console.o (.rodata.str1.15804963083468125269.1)
                  000115d4    00000010     nrf24_ptx.o (.rodata.str1.17419335730769077557.1)
                  000115e4    00000010     diag_console.o (.rodata.str1.8341931057821991107.1)
                  000115f4    00000010     diag_console.o (.rodata.str1.9009639935792097996.1)
                  00011604    0000000f     diag_console.o (.rodata.str1.15191501805510545095.1)
                  00011613    0000000f     diag_console.o (.rodata.str1.719103272933316442.1)
                  00011622    0000000e     nrf24_ptx.o (.rodata.gProfile)
                  00011630    0000000e     req002.o (.rodata.str1.11012809159570234960.1)
                  0001163e    0000000e     diag_console.o (.rodata.str1.17463021491389519269.1)
                  0001164c    0000000e     diag_console.o (.rodata.str1.1837592952361879117.1)
                  0001165a    0000000d     diag_console.o (.rodata.str1.10547048922053563066.1)
                  00011667    0000000d     diag_console.o (.rodata.str1.11767802008270839024.1)
                  00011674    0000000d     diag_console.o (.rodata.str1.15307067426115469236.1)
                  00011681    0000000d     diag_console.o (.rodata.str1.15759258491055097000.1)
                  0001168e    0000000d     diag_console.o (.rodata.str1.17103627226480421635.1)
                  0001169b    0000000d     diag_console.o (.rodata.str1.3586807474570239301.1)
                  000116a8    0000000d     nrf24_ptx.o (.rodata.str1.632614121974113092.1)
                  000116b5    0000000d     diag_console.o (.rodata.str1.8382040091638840980.1)
                  000116c2    0000000c     req002.o (.rodata.str1.14163026172649738486.1)
                  000116ce    0000000c     diag_console.o (.rodata.str1.15625074855538008002.1)
                  000116da    0000000c     nrf24_ptx.o (.rodata.str1.18158066330371006656.1)
                  000116e6    0000000c     diag_console.o (.rodata.str1.4753132208752387408.1)
                  000116f2    0000000b     diag_console.o (.rodata.str1.10779067380086453065.1)
                  000116fd    0000000b     diag_console.o (.rodata.str1.10838375267284401125.1)
                  00011708    0000000b     diag_console.o (.rodata.str1.12889734105675417804.1)
                  00011713    0000000b     req002.o (.rodata.str1.14519661726848775581.1)
                  0001171e    0000000b     diag_console.o (.rodata.str1.17854535991371942916.1)
                  00011729    0000000b     diag_console.o (.rodata.str1.2047669683145328269.1)
                  00011734    0000000b     diag_console.o (.rodata.str1.2566524860297826098.1)
                  0001173f    0000000b     diag_console.o (.rodata.str1.4088845919059740246.1)
                  0001174a    0000000b     diag_console.o (.rodata.str1.475083551094971178.1)
                  00011755    0000000b     diag_console.o (.rodata.str1.8714582252565932376.1)
                  00011760    0000000a     app.o (.rodata..Lswitch.table.App_service)
                  0001176a    0000000a     ti_msp_dl_config.o (.rodata.gDIAG_UARTConfig)
                  00011774    0000000a     ti_msp_dl_config.o (.rodata.gK230_UARTConfig)
                  0001177e    0000000a     ti_msp_dl_config.o (.rodata.gRADIO_SPI_config)
                  00011788    0000000a     req002.o (.rodata.str1.11700141885548915133.1)
                  00011792    0000000a     diag_console.o (.rodata.str1.15004393915158247055.1)
                  0001179c    0000000a     diag_console.o (.rodata.str1.15947943532119924092.1)
                  000117a6    0000000a     diag_console.o (.rodata.str1.3251375336230076641.1)
                  000117b0    0000000a     diag_console.o (.rodata.str1.5171941431370459453.1)
                  000117ba    00000009     motor_test.o (.rodata.str1.10617380224381297162.1)
                  000117c3    00000009     req002.o (.rodata.str1.12553014538444358850.1)
                  000117cc    00000009     nrf24_ptx.o (.rodata.str1.1466761408321915565.1)
                  000117d5    00000009     diag_console.o (.rodata.str1.16718133499535619421.1)
                  000117de    00000009     diag_console.o (.rodata.str1.17197432830885351810.1)
                  000117e7    00000009     oled_ssd1306.o (.rodata.str1.18394381519249814195.1)
                  000117f0    00000009     diag_console.o (.rodata.str1.2411401244139123524.1)
                  000117f9    00000009     nrf24_ptx.o (.rodata.str1.3287502044353476605.1)
                  00011802    00000009     req002.o (.rodata.str1.4498054223093770164.1)
                  0001180b    00000009     motor_test.o (.rodata.str1.7683472691658088772.1)
                  00011814    00000009     diag_console.o (.rodata.str1.854387782545475029.1)
                  0001181d    00000009     req002.o (.rodata.str1.9783865751474204056.1)
                  00011826    00000002     ti_msp_dl_config.o (.rodata.gK230_UARTClockConfig)
                  00011828    00000008     ti_msp_dl_config.o (.rodata.gMOTOR_PWMConfig)
                  00011830    00000008     diag_console.o (.rodata.str1.1116829374954328495.1)
                  00011838    00000008     oled_ssd1306.o (.rodata.str1.3044767245126136175.1)
                  00011840    00000008     motor_test.o (.rodata.str1.4772308527699974066.1)
                  00011848    00000008     motor_test.o (.rodata.str1.8645205534088111832.1)
                  00011850    00000007     diag_console.o (.rodata.str1.11175911738739839896.1)
                  00011857    00000007     diag_console.o (.rodata.str1.5926118724489890093.1)
                  0001185e    00000007     diag_console.o (.rodata.str1.7767364581813029062.1)
                  00011865    00000006     diag_console.o (.rodata.str1.1105957340841019786.1)
                  0001186b    00000006     diag_console.o (.rodata.str1.11297099101431644167.1)
                  00011871    00000006     req002.o (.rodata.str1.1330840565073376.1)
                  00011877    00000006     diag_console.o (.rodata.str1.14265534512352903045.1)
                  0001187d    00000006     oled_ssd1306.o (.rodata.str1.155559926808992207.1)
                  00011883    00000006     diag_console.o (.rodata.str1.16084514406273351987.1)
                  00011889    00000006     nrf24_ptx.o (.rodata.str1.17809926154172099862.1)
                  0001188f    00000006     oled_ssd1306.o (.rodata.str1.17912449882519859512.1)
                  00011895    00000006     motor_test.o (.rodata.str1.2583511979257442240.1)
                  0001189b    00000006     req002.o (.rodata.str1.404665452499805758.1)
                  000118a1    00000005     req002.o (.rodata..Lswitch.table.Req002_service)
                  000118a6    00000005     diag_console.o (.rodata.str1.11000238090859226487.1)
                  000118ab    00000005     req002.o (.rodata.str1.11884172484412477609.1)
                  000118b0    00000005     nrf24_ptx.o (.rodata.str1.1246111486341945488.1)
                  000118b5    00000005     oled_ssd1306.o (.rodata.str1.14073963438480896185.1)
                  000118ba    00000005     diag_console.o (.rodata.str1.15435677839657748720.1)
                  000118bf    00000005     diag_console.o (.rodata.str1.15834373091208215214.1)
                  000118c4    00000005     diag_console.o (.rodata.str1.17340833469015162294.1)
                  000118c9    00000005     diag_console.o (.rodata.str1.2661480226688204501.1)
                  000118ce    00000005     req002.o (.rodata.str1.4278235483893593186.1)
                  000118d3    00000005     diag_console.o (.rodata.str1.8182549175682356078.1)
                  000118d8    00000005     motor_test.o (.rodata.str1.8458586334456837306.1)
                  000118dd    00000005     diag_console.o (.rodata.str1.8521603489394202036.1)
                  000118e2    00000005     diag_console.o (.rodata.str1.8535165006884115289.1)
                  000118e7    00000005     diag_console.o (.rodata.str1.9239603917100908406.1)
                  000118ec    00000004     diag_console.o (.rodata.str1.16152622102795241315.1)
                  000118f0    00000004     diag_console.o (.rodata.str1.2181998341318385279.1)
                  000118f4    00000004     oled_ssd1306.o (.rodata.str1.4552292588570905864.1)
                  000118f8    00000002     ti_msp_dl_config.o (.rodata.gLINE_I2CClockConfig)
                  000118fa    00000002     ti_msp_dl_config.o (.rodata.gOLED_I2CClockConfig)
                  000118fc    00000002     ti_msp_dl_config.o (.rodata.gRADIO_SPI_clockConfig)
                  000118fe    00000002     --HOLE-- [fill = 0]

.init_array 
*          0    00000000    00000000     UNINITIALIZED

.binit     0    00000000    00000000     

.bss       0    20200000    0000094b     UNINITIALIZED
                  20200000    00000240     nrf24_ptx.o (.bss.gQueue)
                  20200240    000000c0     nrf24_ptx.o (.bss.gDiagLine)
                  20200300    000000bc     (.common:gMOTOR_PWMBackup)
                  202003bc    000000a0     (.common:gRIGHT_QEIBackup)
                  2020045c    0000008c     req002.o (.bss.gStatus)
                  202004e8    00000084     (.common:gK230RuntimeDiag)
                  2020056c    00000080     diag_console.o (.bss.gRxBuffer)
                  202005ec    00000080     k230_link.o (.bss.gRxQueue)
                  2020066c    00000060     (.common:gEncoderSpeedShadow)
                  202006cc    00000050     diag_console.o (.bss.gCommand)
                  2020071c    0000003c     k230_link.o (.bss.gStats)
                  20200758    0000003c     line_tracking.o (.bss.gStatus)
                  20200794    00000030     line_tracking.o (.bss.gShadowPid)
                  202007c4    00000030     req002.o (.bss.gSpeedBalancePi)
                  202007f4    0000002c     line_sensors.o (.bss.gSample)
                  20200820    00000028     (.common:gRADIO_SPIBackup)
                  20200848    00000020     k230_link.o (.bss.gLatest)
                  20200868    0000001c     nrf24_ptx.o (.bss.gStats)
                  20200884    00000010     motor_test.o (.bss.gStatus)
                  20200894    0000000e     k230_link.o (.bss.gFrame)
                  202008a2    00000002     nrf24_ptx.o (.bss.gDiagLineLength)
                  202008a4    00000008     app.o (.bss.gStartButton)
                  202008ac    00000004     nrf24_ptx.o (.bss.gDeadline)
                  202008b0    00000008     motor_driver.o (.bss.gStatus)
                  202008b8    00000004     req002.o (.bss.gDepartSinceMs)
                  202008bc    00000004     req002.o (.bss.gEncoderFeedbackMissingSinceMs)
                  202008c0    00000004     k230_link.o (.bss.gLastObservedOverflow)
                  202008c4    00000004     k230_link.o (.bss.gLastSequenceAdvanceMs)
                  202008c8    00000004     encoders.o (.bss.gLeftCount)
                  202008cc    00000004     encoders.o (.bss.gLeftInvalidTransitions)
                  202008d0    00000004     req002.o (.bss.gMarkerSinceMs)
                  202008d4    00000004     timebase.o (.bss.gMilliseconds)
                  202008d8    00000004     req002.o (.bss.gNextControlMs)
                  202008dc    00000004     line_sensors.o (.bss.gNextPollMs)
                  202008e0    00000004     k230_link.o (.bss.gQueueOverflowsFromIsr)
                  202008e4    00000004     req002.o (.bss.gRightCurvePendingSinceMs)
                  202008e8    00000004     req002.o (.bss.gRightCurvePhaseStartMs)
                  202008ec    00000004     req002.o (.bss.gRightCurveRecenterSinceMs)
                  202008f0    00000004     req002.o (.bss.gRightSharpPendingSinceMs)
                  202008f4    00000004     k230_link.o (.bss.gRxBytesFromIsr)
                  202008f8    00000004     diag_console.o (.bss.gRxOverflow)
                  202008fc    00000004     encoders.o (.bss.gShadowLastSampleMs)
                  20200900    00000004     encoders.o (.bss.gShadowNextSampleMs)
                  20200904    00000004     encoders.o (.bss.gShadowPreviousInvalidTransitions)
                  20200908    00000004     encoders.o (.bss.gShadowPreviousLeftCount)
                  2020090c    00000004     encoders.o (.bss.gShadowPreviousRightCount)
                  20200910    00000004     req002.o (.bss.gSpeedBalanceSampleCount)
                  20200914    00000004     req002.o (.bss.gSpeedBalanceTrimPermille)
                  20200918    00000004     req002.o (.bss.gTrackingFaultSinceMs)
                  2020091c    00000003     oled_ssd1306.o (.bss.gStatus)
                  2020091f    00000001     nrf24_ptx.o (.bss.gArmed)
                  20200920    00000002     nrf24_ptx.o (.bss.gNextMessageId)
                  20200922    00000002     diag_console.o (.bss.gRxHead)
                  20200924    00000002     k230_link.o (.bss.gRxHead)
                  20200926    00000002     diag_console.o (.bss.gRxTail)
                  20200928    00000002     k230_link.o (.bss.gRxTail)
                  2020092a    00000001     diag_console.o (.bss.gCaptureEnabled)
                  2020092b    00000001     diag_console.o (.bss.gCommandLength)
                  2020092c    00000001     req002.o (.bss.gDepartPending)
                  2020092d    00000001     nrf24_ptx.o (.bss.gDiagLineOverflow)
                  2020092e    00000001     diag_console.o (.bss.gDiscardLine)
                  2020092f    00000001     req002.o (.bss.gEncoderFeedbackFaulted)
                  20200930    00000001     req002.o (.bss.gEncoderFeedbackMissing)
                  20200931    00000001     req002.o (.bss.gFinishBrakeEngaged)
                  20200932    00000001     k230_link.o (.bss.gFrameIndex)
                  20200933    00000001     k230_link.o (.bss.gHaveFrame)
                  20200934    00000001     app.o (.bss.gLastOledReq002State)
                  20200935    00000001     k230_link.o (.bss.gLastSequence)
                  20200936    00000001     encoders.o (.bss.gLeftState)
                  20200937    00000001     req002.o (.bss.gMarkerPending)
                  20200938    00000001     line_tracking.o (.bss.gNeedsReacquire)
                  20200939    00000001     nrf24_ptx.o (.bss.gOneShotQueued)
                  2020093a    00000001     nrf24_ptx.o (.bss.gQueueCount)
                  2020093b    00000001     nrf24_ptx.o (.bss.gQueueHead)
                  2020093c    00000001     nrf24_ptx.o (.bss.gQueueTail)
                  2020093d    00000001     req002.o (.bss.gRightCurvePending)
                  2020093e    00000001     req002.o (.bss.gRightCurvePhase)
                  2020093f    00000001     req002.o (.bss.gRightCurveRecenterPending)
                  20200940    00000001     req002.o (.bss.gRightSharpLatched)
                  20200941    00000001     req002.o (.bss.gRightSharpPending)
                  20200942    00000001     k230_link.o (.bss.gSequenceInitialized)
                  20200943    00000001     req002.o (.bss.gSpeedBalanceMode)
                  20200944    00000001     nrf24_ptx.o (.bss.gState)
                  20200945    00000001     board_safety.o (.bss.gStatus.0)
                  20200946    00000001     board_safety.o (.bss.gStatus.3)
                  20200947    00000001     k230_link.o (.bss.gTimedOut)
                  20200948    00000001     motor_test.o (.bss.gTimedOut)
                  20200949    00000001     req002.o (.bss.gTrackingFaultPending)
                  2020094a    00000001     req002.o (.bss.gTrackingFaultReason)

.data      0    2020094b    00000001     UNINITIALIZED
                  2020094b    00000001     oled_ssd1306.o (.data.gAddress)

.stack     0    20207e00    00000200     UNINITIALIZED
                  20207e00    00000004     libc.a : boot_cortex_m.c.obj (.stack)
                  20207e04    000001fc     --HOLE--

__llvm_prf_cnts 
*          0    20200000    00000000     UNINITIALIZED

__llvm_prf_bits 
*          0    20200000    00000000     UNINITIALIZED

MODULE SUMMARY

       Module                         code    ro data   rw data
       ------                         ----    -------   -------
    .\
       ti_msp_dl_config.o             1276    54        388    
       empty.o                        388     0         132    
       startup_mspm0g350x_ticlang.o   6       192       0      
    +--+------------------------------+-------+---------+---------+
       Total:                         1670    246       520    
                                                               
    .\algorithm\
       line_tracking.o                820     32        109    
       pid.o                          462     0         0      
    +--+------------------------------+-------+---------+---------+
       Total:                         1282    32        109    
                                                               
    .\app\
       req002.o                       5896    394       245    
       motor_test.o                   340     65        17     
       app.o                          332     10        9      
    +--+------------------------------+-------+---------+---------+
       Total:                         6568    469       271    
                                                               
    .\bsp\
       board_safety.o                 348     50        2      
       timebase.o                     84      0         4      
    +--+------------------------------+-------+---------+---------+
       Total:                         432     50        6      
                                                               
    .\drivers\
       diag_console.o                 43392   2282      219    
       oled_ssd1306.o                 4546    258       4      
       nrf24_ptx.o                    2744    133       811    
       k230_link.o                    1248    256       259    
       line_sensors.o                 1324    0         48     
       motor_driver.o                 1196    0         8      
       encoders.o                     824     0         125    
       i2c_diag.o                     300     0         0      
       start_button.o                 138     0         0      
    +--+------------------------------+-------+---------+---------+
       Total:                         55712   2929      1474   
                                                               
    D:/AAADiansai/CCS/mspm0_sdk_2_11_00_07/source/ti/driverlib/lib/ticlang/m0p/mspm0g1x0x_g3x0x/driverlib.a
       dl_timer.o                     372     0         0      
       dl_i2c.o                       240     0         0      
       dl_spi.o                       226     0         0      
       dl_uart.o                      138     0         0      
       dl_common.o                    10      0         0      
    +--+------------------------------+-------+---------+---------+
       Total:                         986     0         0      
                                                               
    D:\AAADiansai\CCS\ccs\tools\compiler\ti-cgt-armllvm_5.1.1.LTS\lib\armv6m-ti-none-eabi/c/libc.a
       memcpy16.S.obj                 154     0         0      
       copy_decompress_lzss.c.obj     124     0         0      
       memset16.S.obj                 98      0         0      
       autoinit.c.obj                 60      0         0      
       boot_cortex_m.c.obj            40      0         0      
       memcmp.c.obj                   32      0         0      
       copy_decompress_none.c.obj     18      0         0      
       copy_zero_init.c.obj           16      0         0      
       exit.c.obj                     6       0         0      
       pre_init.c.obj                 4       0         0      
    +--+------------------------------+-------+---------+---------+
       Total:                         552     0         0      
                                                               
    D:\AAADiansai\CCS\ccs\tools\compiler\ti-cgt-armllvm_5.1.1.LTS\lib\armv6m-ti-none-eabi/c/libsysbm.a
       hostexit.c.obj                 4       0         0      
    +--+------------------------------+-------+---------+---------+
       Total:                         4       0         0      
                                                               
    D:\AAADiansai\CCS\ccs\tools\compiler\ti-cgt-armllvm_5.1.1.LTS\lib\armv6m-ti-none-eabi/libclang_rt.builtins.a
       addsf3.S.obj                   216     0         0      
       comparesf2.S.obj               140     0         0      
       mulsf3.S.obj                   140     0         0      
       divsf3.S.obj                   130     0         0      
       aeabi_fcmp.S.obj               90      0         0      
       aeabi_uidivmod.S.obj           64      0         0      
       muldsi3.S.obj                  58      0         0      
       fixsfsi.S.obj                  56      0         0      
       floatunsisf.S.obj              40      0         0      
       aeabi_memset.S.obj             26      0         0      
       aeabi_memcpy.S.obj             8       0         0      
       aeabi_div0.c.obj               2       0         0      
    +--+------------------------------+-------+---------+---------+
       Total:                         970     0         0      
                                                               
       Stack:                         0       0         512    
       Linker Generated:              0       41        0      
    +--+------------------------------+-------+---------+---------+
       Grand Total:                   68176   3767      2892   


LINKER GENERATED COPY TABLES

__TI_cinit_table @ 0001191c records: 2, size/record: 8, table size: 16
	.bss: load addr=0001190c, load size=00000008 bytes, run addr=20200000, run size=0000094b bytes, compression=zero_init
	.data: load addr=00011914, load size=00000005 bytes, run addr=2020094b, run size=00000001 bytes, compression=lzss


LINKER GENERATED HANDLER TABLE

__TI_handler_table @ 00011900 records: 3, size/record: 4, table size: 12
	index: 0, handler: __TI_decompress_lzss
	index: 1, handler: __TI_decompress_none
	index: 2, handler: __TI_zero_init


GLOBAL SYMBOLS: SORTED ALPHABETICALLY BY Name 

address   name                               
-------   ----                               
0000d36f  ADC0_IRQHandler                    
0000d36f  ADC1_IRQHandler                    
0000d36f  AES_IRQHandler                     
0000fa71  App_init                           
0000e841  App_service                        
00010ae1  BoardSafety_buzzerPolicy           
00010ab5  BoardSafety_faultLatched           
0000fef5  BoardSafety_init                   
00010591  BoardSafety_outputsSafe            
0000f801  BoardSafety_service                
0000fcfd  BoardSafety_stop                   
00010b16  C$$EXIT                            
0000d36f  CANFD0_IRQHandler                  
0000d36f  DAC0_IRQHandler                    
00010acd  DL_Common_delayCycles              
0000fad1  DL_I2C_fillControllerTXFIFO        
000105f9  DL_I2C_flushControllerRXFIFO       
000103f5  DL_I2C_flushControllerTXFIFO       
00010795  DL_I2C_setClockConfig              
0000fd51  DL_SPI_drainRXFIFO8                
0001022d  DL_SPI_init                        
00010885  DL_SPI_receiveDataCheck8           
00010a1d  DL_SPI_setClockConfig              
000108a1  DL_SPI_transmitDataCheck8          
00010a55  DL_Timer_getCaptureCompareValue    
0000e535  DL_Timer_initFourCCPWMMode         
000108bd  DL_Timer_setCaptCompUpdateMethod   
00010965  DL_Timer_setCaptureCompareOutCtl   
00010a65  DL_Timer_setCaptureCompareValue    
000108d9  DL_Timer_setClockConfig            
000100c5  DL_UART_init                       
00010a2f  DL_UART_setClockConfig             
00010629  DL_UART_transmitDataBlocking       
0000d36f  DMA_IRQHandler                     
0000d36f  Default_Handler                    
0001010d  DiagConsole_init                   
0000fb31  DiagConsole_onUartInterrupt        
0000d371  DiagConsole_reportBoot             
0000330d  DiagConsole_service                
0000f8e1  Encoders_init                      
00010431  Encoders_onLeftEncoderAInterrupt   
0000fb8d  Encoders_snapshot                  
0000ebc9  Encoders_speedShadowInit           
0000d7fd  Encoders_speedShadowService        
000109f5  Encoders_speedShadowSnapshot       
0000d36f  GROUP0_IRQHandler                  
000107bd  GROUP1_IRQHandler                  
00010b17  HOSTexit                           
0000d36f  HardFault_Handler                  
0000d36f  I2C0_IRQHandler                    
0000d36f  I2C1_IRQHandler                    
0000dd69  I2cDiag_scan                       
000105c5  K230Link_getStats                  
0000efa1  K230Link_init                      
0001097d  K230Link_pendingBytes              
00010155  K230Link_pushRxByteFromIsr         
0000bc55  K230Link_service                   
0000f615  K230Link_snapshot                  
000108f5  LineSensors_init                   
0000cd89  LineSensors_service                
00010995  LineSensors_snapshot               
00010ae9  LineTracking_getStatus             
0001019d  LineTracking_init                  
0000c299  LineTracking_service               
0000de95  MotorDriver_driveVehicleForward    
000107e1  MotorDriver_engageBrakeAll         
0000f0c1  MotorDriver_engageRightBrake       
0000fbe9  MotorDriver_init                   
0000f945  MotorDriver_outputsStopped         
000102b5  MotorDriver_prepareBrakeAll        
0000f409  MotorDriver_prepareRightBrake      
000102f5  MotorDriver_releaseBrakeAll        
00010659  MotorDriver_releaseRightBrake      
0000ed41  MotorDriver_setVehicleForwardDuties
00010335  MotorDriver_stopAll                
00010805  MotorTest_abort                    
00010825  MotorTest_init                     
00010689  MotorTest_onTimebaseTick           
00010375  MotorTest_service                  
00010911  MotorTest_snapshot                 
0000f871  MotorTest_start                    
000109ad  MotorTest_stateName                
0000d36f  NMI_Handler                        
0000ff45  Nrf24Ptx_arm                       
0000dfc1  Nrf24Ptx_captureDiagnosticChar     
0001046d  Nrf24Ptx_disarm                    
0000fda5  Nrf24Ptx_getStatus                 
0000f48d  Nrf24Ptx_init                      
0000fdf9  Nrf24Ptx_readCoreRegisters         
00010719  Nrf24Ptx_safeWhenDisarmed          
0000ab1d  Nrf24Ptx_service                   
0000ee79  OledSsd1306_clear                  
0000cae5  OledSsd1306_forceAllPixelsOn       
0000c839  OledSsd1306_forceAllPixelsOnSh1106 
0000a551  OledSsd1306_showReq002Status       
0000b411  OledSsd1306_showTestPattern        
0000d36f  PendSV_Handler                     
0001092d  Pid_init                           
00010a75  Pid_reset                          
0000d1cd  Pid_step                           
0000d36f  RTC_IRQHandler                     
0000e639  Req002_abort                       
000109c5  Req002_blockReasonName             
00010af1  Req002_getStatus                   
0000d965  Req002_init                        
00008081  Req002_service                     
000109dd  Req002_stateName                   
00010b1b  Reset_Handler                      
0000d36f  SPI0_IRQHandler                    
0000d36f  SPI1_IRQHandler                    
0000d36f  SVC_Handler                        
0000f14d  SYSCFG_DL_DIAG_UART_init           
0000e42d  SYSCFG_DL_GPIO_init                
0000f1d9  SYSCFG_DL_K230_UART_init           
0000fe4d  SYSCFG_DL_LINE_I2C_init            
0000ef0d  SYSCFG_DL_MOTOR_PWM_init           
0000fea1  SYSCFG_DL_OLED_I2C_init            
0000ff95  SYSCFG_DL_RADIO_SPI_init           
0000fc45  SYSCFG_DL_RIGHT_QEI_init           
000106b9  SYSCFG_DL_SYSCTL_init              
0000ffe1  SYSCFG_DL_init                     
0000f691  SYSCFG_DL_initPower                
00010845  StartButton_init                   
0001002d  StartButton_poll                   
00010a09  StartButton_readHardwarePressed    
00010ad7  StartButton_takePress              
00010a85  SysTick_Handler                    
0000d36f  TIMA0_IRQHandler                   
0000d36f  TIMA1_IRQHandler                   
0000d36f  TIMG0_IRQHandler                   
0000d36f  TIMG12_IRQHandler                  
0000d36f  TIMG6_IRQHandler                   
0000d36f  TIMG7_IRQHandler                   
0000d36f  TIMG8_IRQHandler                   
000106e9  Timebase_init                      
00010ac1  Timebase_nowMs                     
00010a95  Timebase_onSysTick                 
00010af9  Timebase_reached                   
00010b01  UART0_IRQHandler                   
00010271  UART1_IRQHandler                   
0000d36f  UART2_IRQHandler                   
0000d36f  UART3_IRQHandler                   
20208000  __STACK_END                        
00000200  __STACK_SIZE                       
00000000  __TI_ATRegion0_region_sz           
00000000  __TI_ATRegion0_src_addr            
00000000  __TI_ATRegion0_trg_addr            
00000000  __TI_ATRegion1_region_sz           
00000000  __TI_ATRegion1_src_addr            
00000000  __TI_ATRegion1_trg_addr            
00000000  __TI_ATRegion2_region_sz           
00000000  __TI_ATRegion2_src_addr            
00000000  __TI_ATRegion2_trg_addr            
0001191c  __TI_CINIT_Base                    
0001192c  __TI_CINIT_Limit                   
0001192c  __TI_CINIT_Warm                    
00011900  __TI_Handler_Table_Base            
0001190c  __TI_Handler_Table_Limit           
000104a9  __TI_auto_init_nobinit_nopinit     
0000f70d  __TI_decompress_lzss               
00010a41  __TI_decompress_none               
ffffffff  __TI_pprof_out_hndl                
ffffffff  __TI_prof_data_size                
ffffffff  __TI_prof_data_start               
00000000  __TI_static_base__                 
00010aa5  __TI_zero_init                     
0000eafb  __addsf3                           
00010559  __aeabi_f2iz                       
0000eafb  __aeabi_fadd                       
0000fca1  __aeabi_fcmpeq                     
0000fcd7  __aeabi_fcmpge                     
0000fce9  __aeabi_fcmpgt                     
0000fcc5  __aeabi_fcmple                     
0000fcb3  __aeabi_fcmplt                     
0000f367  __aeabi_fcmpun                     
0000f511  __aeabi_fdiv                       
0000f37d  __aeabi_fmul                       
0000eaf1  __aeabi_fsub                       
0000e42b  __aeabi_idiv0                      
00010957  __aeabi_memclr                     
00010957  __aeabi_memclr4                    
00010957  __aeabi_memclr8                    
00010b09  __aeabi_memcpy                     
00010b09  __aeabi_memcpy4                    
00010b09  __aeabi_memcpy8                    
00010949  __aeabi_memset                     
00010949  __aeabi_memset4                    
00010949  __aeabi_memset8                    
0001076d  __aeabi_ui2f                       
000103b5  __aeabi_uidiv                      
000103b5  __aeabi_uidivmod                   
ffffffff  __binit__                          
0000f2f1  __cmpsf2                           
0000f511  __divsf3                           
0000f2f1  __eqsf2                            
00010559  __fixsfsi                          
0001076d  __floatunsisf                      
0000f32b  __gesf2                            
0000f32b  __gtsf2                            
0000f2f1  __lesf2                            
0000f2f1  __ltsf2                            
UNDEFED   __mpu_init                         
000104e5  __muldsi3                          
0000f37d  __mulsf3                           
0000f2f1  __nesf2                            
20207e00  __stack                            
20200000  __start___llvm_prf_bits            
20200000  __start___llvm_prf_cnts            
20200000  __stop___llvm_prf_bits             
20200000  __stop___llvm_prf_cnts             
0000eaf1  __subsf3                           
0000f367  __unordsf2                         
00010745  _c_int00_noargs                    
UNDEFED   _system_post_cinit                 
00010b1f  _system_pre_init                   
00010b11  abort                              
ffffffff  binit                              
2020066c  gEncoderSpeedShadow                
202004e8  gK230RuntimeDiag                   
20200300  gMOTOR_PWMBackup                   
20200820  gRADIO_SPIBackup                   
202003bc  gRIGHT_QEIBackup                   
00000000  interruptVectors                   
0000e73d  main                               
00010865  memcmp                             
0000eddd  memcpy                             
0000fa0d  memset                             


GLOBAL SYMBOLS: SORTED BY Symbol Address 

address   name                               
-------   ----                               
00000000  __TI_ATRegion0_region_sz           
00000000  __TI_ATRegion0_src_addr            
00000000  __TI_ATRegion0_trg_addr            
00000000  __TI_ATRegion1_region_sz           
00000000  __TI_ATRegion1_src_addr            
00000000  __TI_ATRegion1_trg_addr            
00000000  __TI_ATRegion2_region_sz           
00000000  __TI_ATRegion2_src_addr            
00000000  __TI_ATRegion2_trg_addr            
00000000  __TI_static_base__                 
00000000  interruptVectors                   
00000200  __STACK_SIZE                       
0000330d  DiagConsole_service                
00008081  Req002_service                     
0000a551  OledSsd1306_showReq002Status       
0000ab1d  Nrf24Ptx_service                   
0000b411  OledSsd1306_showTestPattern        
0000bc55  K230Link_service                   
0000c299  LineTracking_service               
0000c839  OledSsd1306_forceAllPixelsOnSh1106 
0000cae5  OledSsd1306_forceAllPixelsOn       
0000cd89  LineSensors_service                
0000d1cd  Pid_step                           
0000d36f  ADC0_IRQHandler                    
0000d36f  ADC1_IRQHandler                    
0000d36f  AES_IRQHandler                     
0000d36f  CANFD0_IRQHandler                  
0000d36f  DAC0_IRQHandler                    
0000d36f  DMA_IRQHandler                     
0000d36f  Default_Handler                    
0000d36f  GROUP0_IRQHandler                  
0000d36f  HardFault_Handler                  
0000d36f  I2C0_IRQHandler                    
0000d36f  I2C1_IRQHandler                    
0000d36f  NMI_Handler                        
0000d36f  PendSV_Handler                     
0000d36f  RTC_IRQHandler                     
0000d36f  SPI0_IRQHandler                    
0000d36f  SPI1_IRQHandler                    
0000d36f  SVC_Handler                        
0000d36f  TIMA0_IRQHandler                   
0000d36f  TIMA1_IRQHandler                   
0000d36f  TIMG0_IRQHandler                   
0000d36f  TIMG12_IRQHandler                  
0000d36f  TIMG6_IRQHandler                   
0000d36f  TIMG7_IRQHandler                   
0000d36f  TIMG8_IRQHandler                   
0000d36f  UART2_IRQHandler                   
0000d36f  UART3_IRQHandler                   
0000d371  DiagConsole_reportBoot             
0000d7fd  Encoders_speedShadowService        
0000d965  Req002_init                        
0000dd69  I2cDiag_scan                       
0000de95  MotorDriver_driveVehicleForward    
0000dfc1  Nrf24Ptx_captureDiagnosticChar     
0000e42b  __aeabi_idiv0                      
0000e42d  SYSCFG_DL_GPIO_init                
0000e535  DL_Timer_initFourCCPWMMode         
0000e639  Req002_abort                       
0000e73d  main                               
0000e841  App_service                        
0000eaf1  __aeabi_fsub                       
0000eaf1  __subsf3                           
0000eafb  __addsf3                           
0000eafb  __aeabi_fadd                       
0000ebc9  Encoders_speedShadowInit           
0000ed41  MotorDriver_setVehicleForwardDuties
0000eddd  memcpy                             
0000ee79  OledSsd1306_clear                  
0000ef0d  SYSCFG_DL_MOTOR_PWM_init           
0000efa1  K230Link_init                      
0000f0c1  MotorDriver_engageRightBrake       
0000f14d  SYSCFG_DL_DIAG_UART_init           
0000f1d9  SYSCFG_DL_K230_UART_init           
0000f2f1  __cmpsf2                           
0000f2f1  __eqsf2                            
0000f2f1  __lesf2                            
0000f2f1  __ltsf2                            
0000f2f1  __nesf2                            
0000f32b  __gesf2                            
0000f32b  __gtsf2                            
0000f367  __aeabi_fcmpun                     
0000f367  __unordsf2                         
0000f37d  __aeabi_fmul                       
0000f37d  __mulsf3                           
0000f409  MotorDriver_prepareRightBrake      
0000f48d  Nrf24Ptx_init                      
0000f511  __aeabi_fdiv                       
0000f511  __divsf3                           
0000f615  K230Link_snapshot                  
0000f691  SYSCFG_DL_initPower                
0000f70d  __TI_decompress_lzss               
0000f801  BoardSafety_service                
0000f871  MotorTest_start                    
0000f8e1  Encoders_init                      
0000f945  MotorDriver_outputsStopped         
0000fa0d  memset                             
0000fa71  App_init                           
0000fad1  DL_I2C_fillControllerTXFIFO        
0000fb31  DiagConsole_onUartInterrupt        
0000fb8d  Encoders_snapshot                  
0000fbe9  MotorDriver_init                   
0000fc45  SYSCFG_DL_RIGHT_QEI_init           
0000fca1  __aeabi_fcmpeq                     
0000fcb3  __aeabi_fcmplt                     
0000fcc5  __aeabi_fcmple                     
0000fcd7  __aeabi_fcmpge                     
0000fce9  __aeabi_fcmpgt                     
0000fcfd  BoardSafety_stop                   
0000fd51  DL_SPI_drainRXFIFO8                
0000fda5  Nrf24Ptx_getStatus                 
0000fdf9  Nrf24Ptx_readCoreRegisters         
0000fe4d  SYSCFG_DL_LINE_I2C_init            
0000fea1  SYSCFG_DL_OLED_I2C_init            
0000fef5  BoardSafety_init                   
0000ff45  Nrf24Ptx_arm                       
0000ff95  SYSCFG_DL_RADIO_SPI_init           
0000ffe1  SYSCFG_DL_init                     
0001002d  StartButton_poll                   
000100c5  DL_UART_init                       
0001010d  DiagConsole_init                   
00010155  K230Link_pushRxByteFromIsr         
0001019d  LineTracking_init                  
0001022d  DL_SPI_init                        
00010271  UART1_IRQHandler                   
000102b5  MotorDriver_prepareBrakeAll        
000102f5  MotorDriver_releaseBrakeAll        
00010335  MotorDriver_stopAll                
00010375  MotorTest_service                  
000103b5  __aeabi_uidiv                      
000103b5  __aeabi_uidivmod                   
000103f5  DL_I2C_flushControllerTXFIFO       
00010431  Encoders_onLeftEncoderAInterrupt   
0001046d  Nrf24Ptx_disarm                    
000104a9  __TI_auto_init_nobinit_nopinit     
000104e5  __muldsi3                          
00010559  __aeabi_f2iz                       
00010559  __fixsfsi                          
00010591  BoardSafety_outputsSafe            
000105c5  K230Link_getStats                  
000105f9  DL_I2C_flushControllerRXFIFO       
00010629  DL_UART_transmitDataBlocking       
00010659  MotorDriver_releaseRightBrake      
00010689  MotorTest_onTimebaseTick           
000106b9  SYSCFG_DL_SYSCTL_init              
000106e9  Timebase_init                      
00010719  Nrf24Ptx_safeWhenDisarmed          
00010745  _c_int00_noargs                    
0001076d  __aeabi_ui2f                       
0001076d  __floatunsisf                      
00010795  DL_I2C_setClockConfig              
000107bd  GROUP1_IRQHandler                  
000107e1  MotorDriver_engageBrakeAll         
00010805  MotorTest_abort                    
00010825  MotorTest_init                     
00010845  StartButton_init                   
00010865  memcmp                             
00010885  DL_SPI_receiveDataCheck8           
000108a1  DL_SPI_transmitDataCheck8          
000108bd  DL_Timer_setCaptCompUpdateMethod   
000108d9  DL_Timer_setClockConfig            
000108f5  LineSensors_init                   
00010911  MotorTest_snapshot                 
0001092d  Pid_init                           
00010949  __aeabi_memset                     
00010949  __aeabi_memset4                    
00010949  __aeabi_memset8                    
00010957  __aeabi_memclr                     
00010957  __aeabi_memclr4                    
00010957  __aeabi_memclr8                    
00010965  DL_Timer_setCaptureCompareOutCtl   
0001097d  K230Link_pendingBytes              
00010995  LineSensors_snapshot               
000109ad  MotorTest_stateName                
000109c5  Req002_blockReasonName             
000109dd  Req002_stateName                   
000109f5  Encoders_speedShadowSnapshot       
00010a09  StartButton_readHardwarePressed    
00010a1d  DL_SPI_setClockConfig              
00010a2f  DL_UART_setClockConfig             
00010a41  __TI_decompress_none               
00010a55  DL_Timer_getCaptureCompareValue    
00010a65  DL_Timer_setCaptureCompareValue    
00010a75  Pid_reset                          
00010a85  SysTick_Handler                    
00010a95  Timebase_onSysTick                 
00010aa5  __TI_zero_init                     
00010ab5  BoardSafety_faultLatched           
00010ac1  Timebase_nowMs                     
00010acd  DL_Common_delayCycles              
00010ad7  StartButton_takePress              
00010ae1  BoardSafety_buzzerPolicy           
00010ae9  LineTracking_getStatus             
00010af1  Req002_getStatus                   
00010af9  Timebase_reached                   
00010b01  UART0_IRQHandler                   
00010b09  __aeabi_memcpy                     
00010b09  __aeabi_memcpy4                    
00010b09  __aeabi_memcpy8                    
00010b11  abort                              
00010b16  C$$EXIT                            
00010b17  HOSTexit                           
00010b1b  Reset_Handler                      
00010b1f  _system_pre_init                   
00011900  __TI_Handler_Table_Base            
0001190c  __TI_Handler_Table_Limit           
0001191c  __TI_CINIT_Base                    
0001192c  __TI_CINIT_Limit                   
0001192c  __TI_CINIT_Warm                    
20200000  __start___llvm_prf_bits            
20200000  __start___llvm_prf_cnts            
20200000  __stop___llvm_prf_bits             
20200000  __stop___llvm_prf_cnts             
20200300  gMOTOR_PWMBackup                   
202003bc  gRIGHT_QEIBackup                   
202004e8  gK230RuntimeDiag                   
2020066c  gEncoderSpeedShadow                
20200820  gRADIO_SPIBackup                   
20207e00  __stack                            
20208000  __STACK_END                        
ffffffff  __TI_pprof_out_hndl                
ffffffff  __TI_prof_data_size                
ffffffff  __TI_prof_data_start               
ffffffff  __binit__                          
ffffffff  binit                              
UNDEFED   __mpu_init                         
UNDEFED   _system_post_cinit                 

[227 symbols]
