******************************************************************************
            TI ARM Clang Linker PC v5.1.1                      
******************************************************************************
>> Linked Sat Aug  1 02:09:17 2026

OUTPUT FILE NAME:   <test1_motor_selftest.out>
ENTRY POINT SYMBOL: "_c_int00_noargs"  address: 0000c009


MEMORY CONFIGURATION

         name            origin    length      used     unused   attr    fill
----------------------  --------  ---------  --------  --------  ----  --------
  FLASH                 00000000   00020000  0000cea8  00013158  R  X
  SRAM                  20200000   00008000  00000977  00007689  RW X
  BCR_CONFIG            41c00000   000000ff  00000000  000000ff  R   
  BSL_CONFIG            41c00100   00000080  00000000  00000080  R   


SEGMENT ALLOCATION MAP

run origin  load origin   length   init length attrs members
----------  ----------- ---------- ----------- ----- -------
00000000    00000000    0000cea8   0000cea8    r-x
  00000000    00000000    000000c0   000000c0    r-- .intvecs
  000000c0    000000c0    0000c2e0   0000c2e0    r-x .text
  0000c3a0    0000c3a0    00000af0   00000af0    r-- .rodata
  0000ce90    0000ce90    00000018   00000018    r-- .cinit
20200000    20200000    00000777   00000000    rw-
  20200000    20200000    00000777   00000000    rw- .bss
20207e00    20207e00    00000200   00000000    rw-
  20207e00    20207e00    00000200   00000000    rw- .stack


SECTION ALLOCATION MAP

 output                                  attributes/
section   page    origin      length       input sections
--------  ----  ----------  ----------   ----------------
.intvecs   0    00000000    000000c0     
                  00000000    000000c0     startup_mspm0g350x_ticlang.o (.intvecs)

.text      0    000000c0    0000c2e0     
                  000000c0    0000213c     diag_console.o (.text.DiagConsole_service)
                  000021fc    00001948     diag_console.o (.text.reportReq002)
                  00003b44    000016fc     diag_console.o (.text.reportRadioStatus)
                  00005240    000014d8     diag_console.o (.text.reportLine)
                  00006718    00000bb8     diag_console.o (.text.reportMotorTest)
                  000072d0    00000774     diag_console.o (.text.reportStatus)
                  00007a44    0000049c     nrf24_ptx.o (.text.Nrf24Ptx_service)
                  00007ee0    00000458     diag_console.o (.text.reportRadioRegisters)
                  00008338    00000400     diag_console.o (.text.reportI2c)
                  00008738    00000328     oled_ssd1306.o (.text.OledSsd1306_showTestPattern)
                  00008a60    00000304     diag_console.o (.text.runSelfTest)
                  00008d64    000002e4     line_tracking.o (.text.LineTracking_service)
                  00009048    0000022c     line_sensors.o (.text.readRegisterBlock)
                  00009274    00000208     diag_console.o (.text.forceOledAllOn)
                  0000947c    000001cc     req002.o (.text.Req002_service)
                  00009648    000001a2     pid.o (.text.Pid_step)
                  000097ea    00000002     startup_mspm0g350x_ticlang.o (.text.Default_Handler)
                  000097ec    0000019c     diag_console.o (.text.DiagConsole_reportBoot)
                  00009988    00000184     nrf24_ptx.o (.text.transaction)
                  00009b0c    0000016c     diag_console.o (.text.writeI32)
                  00009c78    00000154     diag_console.o (.text.writeU32)
                  00009dcc    00000148     diag_console.o (.text.clearOled)
                  00009f14    0000012c     i2c_diag.o (.text.I2cDiag_scan)
                  0000a040    0000011c     nrf24_ptx.o (.text.Nrf24Ptx_captureDiagnosticChar)
                  0000a15c    0000011c     diag_console.o (.text.forceOledAllOnSh1106)
                  0000a278    0000011c     diag_console.o (.text.runOledTest)
                  0000a394    00000104     driverlib.a : dl_timer.o (.text.DL_Timer_initFourCCPWMMode)
                  0000a498    00000104     motor_driver.o (.text.MotorDriver_driveSinglePrimary)
                  0000a59c    000000fc     oled_ssd1306.o (.text.writePageData)
                  0000a698    000000ec     nrf24_ptx.o (.text.command)
                  0000a784    000000dc     ti_msp_dl_config.o (.text.SYSCFG_DL_GPIO_init)
                  0000a860    000000d8     libclang_rt.builtins.a : addsf3.S.obj (.text)
                  0000a938    000000b4     line_sensors.o (.text.LineSensors_service)
                  0000a9ec    000000b0     app.o (.text.App_service)
                  0000aa9c    000000b0     ti_msp_dl_config.o (.text.SYSCFG_DL_LEFT_CAPTURE_init)
                  0000ab4c    0000009a     libc.a : memcpy16.S.obj (.text:memcpy)
                  0000abe6    00000002     libclang_rt.builtins.a : aeabi_div0.c.obj (.text.__aeabi_idiv0)
                  0000abe8    00000094     ti_msp_dl_config.o (.text.SYSCFG_DL_MOTOR_PWM_init)
                  0000ac7c    00000090     encoders.o (.text.Encoders_init)
                  0000ad0c    0000008c     ti_msp_dl_config.o (.text.SYSCFG_DL_DIAG_UART_init)
                  0000ad98    0000008c     libclang_rt.builtins.a : comparesf2.S.obj (.text)
                  0000ae24    0000008c                            : mulsf3.S.obj (.text)
                  0000aeb0    00000088     oled_ssd1306.o (.text.OledSsd1306_clear)
                  0000af38    00000088     oled_ssd1306.o (.text.writeCommand)
                  0000afc0    00000084     encoders.o (.text.Encoders_onLeftCaptureInterrupt)
                  0000b044    00000084     nrf24_ptx.o (.text.Nrf24Ptx_init)
                  0000b0c8    00000082     libclang_rt.builtins.a : divsf3.S.obj (.text)
                  0000b14a    00000002     --HOLE-- [fill = 0]
                  0000b14c    0000007c     ti_msp_dl_config.o (.text.SYSCFG_DL_initPower)
                  0000b1c8    00000078     diag_console.o (.text.writeText)
                  0000b240    00000074     motor_test.o (.text.MotorTest_start)
                  0000b2b4    00000070     board_safety.o (.text.BoardSafety_service)
                  0000b324    00000064     nrf24_ptx.o (.text.writeRegistersAndVerify)
                  0000b388    00000062     libc.a : memset16.S.obj (.text:memset)
                  0000b3ea    0000005e     driverlib.a : dl_i2c.o (.text.DL_I2C_fillControllerTXFIFO)
                  0000b448    0000005c     diag_console.o (.text.DiagConsole_onUartInterrupt)
                  0000b4a4    0000005c     encoders.o (.text.Encoders_snapshot)
                  0000b500    0000005c     ti_msp_dl_config.o (.text.SYSCFG_DL_RIGHT_QEI_init)
                  0000b55c    0000005a     libclang_rt.builtins.a : aeabi_fcmp.S.obj (.text)
                  0000b5b6    00000002     --HOLE-- [fill = 0]
                  0000b5b8    00000058     motor_driver.o (.text.MotorDriver_outputsStopped)
                  0000b610    00000054     board_safety.o (.text.BoardSafety_stop)
                  0000b664    00000054     driverlib.a : dl_spi.o (.text.DL_SPI_drainRXFIFO8)
                  0000b6b8    00000054     motor_driver.o (.text.MotorDriver_init)
                  0000b70c    00000054     nrf24_ptx.o (.text.Nrf24Ptx_getStatus)
                  0000b760    00000054     nrf24_ptx.o (.text.Nrf24Ptx_readCoreRegisters)
                  0000b7b4    00000054     ti_msp_dl_config.o (.text.SYSCFG_DL_LINE_I2C_init)
                  0000b808    00000054     ti_msp_dl_config.o (.text.SYSCFG_DL_OLED_I2C_init)
                  0000b85c    00000054     ti_msp_dl_config.o (.text.SYSCFG_DL_init)
                  0000b8b0    00000050     board_safety.o (.text.BoardSafety_init)
                  0000b900    00000050     nrf24_ptx.o (.text.Nrf24Ptx_arm)
                  0000b950    00000050     oled_ssd1306.o (.text.OledSsd1306_forceAllPixelsOnSh1106)
                  0000b9a0    0000004c     ti_msp_dl_config.o (.text.SYSCFG_DL_RADIO_SPI_init)
                  0000b9ec    0000004c     start_button.o (.text.StartButton_poll)
                  0000ba38    00000048     app.o (.text.App_init)
                  0000ba80    00000048     driverlib.a : dl_uart.o (.text.DL_UART_init)
                  0000bac8    00000048     diag_console.o (.text.DiagConsole_init)
                  0000bb10    00000048     line_tracking.o (.text.LineTracking_init)
                  0000bb58    00000048     req002.o (.text.Req002_init)
                  0000bba0    00000048     nrf24_ptx.o (.text.writeAndVerify)
                  0000bbe8    00000044     driverlib.a : dl_spi.o (.text.DL_SPI_init)
                  0000bc2c    00000044     oled_ssd1306.o (.text.OledSsd1306_forceAllPixelsOn)
                  0000bc70    00000040     motor_driver.o (.text.MotorDriver_stopAll)
                  0000bcb0    00000040     motor_test.o (.text.MotorTest_service)
                  0000bcf0    00000040     libclang_rt.builtins.a : aeabi_uidivmod.S.obj (.text)
                  0000bd30    0000003c     driverlib.a : dl_i2c.o (.text.DL_I2C_flushControllerTXFIFO)
                  0000bd6c    0000003c     nrf24_ptx.o (.text.Nrf24Ptx_disarm)
                  0000bda8    0000003c     libc.a : autoinit.c.obj (.text:__TI_auto_init_nobinit_nopinit)
                  0000bde4    0000003a     libclang_rt.builtins.a : muldsi3.S.obj (.text)
                  0000be1e    00000002     --HOLE-- [fill = 0]
                  0000be20    00000038     diag_console.o (.text.newLine)
                  0000be58    00000038     libclang_rt.builtins.a : fixsfsi.S.obj (.text)
                  0000be90    00000034     board_safety.o (.text.BoardSafety_outputsSafe)
                  0000bec4    00000030     driverlib.a : dl_i2c.o (.text.DL_I2C_flushControllerRXFIFO)
                  0000bef4    00000030                 : dl_uart.o (.text.DL_UART_transmitDataBlocking)
                  0000bf24    00000030     motor_test.o (.text.MotorTest_onTimebaseTick)
                  0000bf54    00000030     ti_msp_dl_config.o (.text.SYSCFG_DL_SYSCTL_init)
                  0000bf84    00000030     timebase.o (.text.Timebase_init)
                  0000bfb4    0000002c     nrf24_ptx.o (.text.Nrf24Ptx_safeWhenDisarmed)
                  0000bfe0    00000028     driverlib.a : dl_timer.o (.text.DL_Timer_setCaptureCompareCtl)
                  0000c008    00000028     libc.a : boot_cortex_m.c.obj (.text:_c_int00_noargs)
                  0000c030    00000028     libclang_rt.builtins.a : floatunsisf.S.obj (.text)
                  0000c058    00000026     driverlib.a : dl_i2c.o (.text.DL_I2C_setClockConfig)
                  0000c07e    00000002     --HOLE-- [fill = 0]
                  0000c080    00000020     motor_test.o (.text.MotorTest_abort)
                  0000c0a0    00000020     motor_test.o (.text.MotorTest_init)
                  0000c0c0    00000020     start_button.o (.text.StartButton_init)
                  0000c0e0    00000020     libc.a : memcmp.c.obj (.text.memcmp)
                  0000c100    0000001c     driverlib.a : dl_spi.o (.text.DL_SPI_receiveDataCheck8)
                  0000c11c    0000001c                 : dl_spi.o (.text.DL_SPI_transmitDataCheck8)
                  0000c138    0000001c                 : dl_timer.o (.text.DL_Timer_setCaptCompUpdateMethod)
                  0000c154    0000001c                 : dl_timer.o (.text.DL_Timer_setClockConfig)
                  0000c170    0000001c     line_sensors.o (.text.LineSensors_init)
                  0000c18c    0000001c     motor_test.o (.text.MotorTest_snapshot)
                  0000c1a8    0000001c     pid.o (.text.Pid_init)
                  0000c1c4    0000001a     driverlib.a : dl_timer.o (.text.DL_Timer_setCaptureCompareInput)
                  0000c1de    00000002     --HOLE-- [fill = 0]
                  0000c1e0    0000001a     libclang_rt.builtins.a : aeabi_memset.S.obj (.text)
                  0000c1fa    00000002     --HOLE-- [fill = 0]
                  0000c1fc    00000018     driverlib.a : dl_timer.o (.text.DL_Timer_setCaptureCompareOutCtl)
                  0000c214    00000018     line_sensors.o (.text.LineSensors_snapshot)
                  0000c22c    00000018     motor_test.o (.text.MotorTest_stateName)
                  0000c244    00000018     req002.o (.text.Req002_blockReasonName)
                  0000c25c    00000018     req002.o (.text.Req002_stateName)
                  0000c274    00000016     empty.o (.text.main)
                  0000c28a    00000002     --HOLE-- [fill = 0]
                  0000c28c    00000014     start_button.o (.text.StartButton_readHardwarePressed)
                  0000c2a0    00000012     driverlib.a : dl_spi.o (.text.DL_SPI_setClockConfig)
                  0000c2b2    00000012                 : dl_uart.o (.text.DL_UART_setClockConfig)
                  0000c2c4    00000010                 : dl_timer.o (.text.DL_Timer_getCaptureCompareValue)
                  0000c2d4    00000010                 : dl_timer.o (.text.DL_Timer_setCaptureCompareValue)
                  0000c2e4    00000010     pid.o (.text.Pid_reset)
                  0000c2f4    00000010     empty.o (.text.SysTick_Handler)
                  0000c304    00000010     timebase.o (.text.Timebase_onSysTick)
                  0000c314    00000010     libc.a : copy_zero_init.c.obj (.text:decompress:ZI)
                  0000c324    0000000c     board_safety.o (.text.BoardSafety_faultLatched)
                  0000c330    0000000c     timebase.o (.text.Timebase_nowMs)
                  0000c33c    0000000a     driverlib.a : dl_common.o (.text.DL_Common_delayCycles)
                  0000c346    0000000a     start_button.o (.text.StartButton_takePress)
                  0000c350    00000008     board_safety.o (.text.BoardSafety_buzzerPolicy)
                  0000c358    00000008     line_tracking.o (.text.LineTracking_getStatus)
                  0000c360    00000008     req002.o (.text.Req002_getStatus)
                  0000c368    00000008     empty.o (.text.TIMA1_IRQHandler)
                  0000c370    00000008     timebase.o (.text.Timebase_reached)
                  0000c378    00000008     empty.o (.text.UART0_IRQHandler)
                  0000c380    00000008     libclang_rt.builtins.a : aeabi_memcpy.S.obj (.text)
                  0000c388    00000006     libc.a : exit.c.obj (.text:abort)
                  0000c38e    00000004     libsysbm.a : hostexit.c.obj (.text.HOSTexit)
                  0000c392    00000004     startup_mspm0g350x_ticlang.o (.text.Reset_Handler)
                  0000c396    00000004     libc.a : pre_init.c.obj (.text._system_pre_init)
                  0000c39a    00000006     --HOLE-- [fill = 0]

.cinit     0    0000ce90    00000018     
                  0000ce90    00000008     (.cinit..bss.load) [load image, compression = zero_init]
                  0000ce98    00000004     (__TI_handler_table)
                  0000ce9c    00000008     (__TI_cinit_table)
                  0000cea4    00000004     --HOLE-- [fill = 0]

.rodata    0    0000c3a0    00000af0     
                  0000c3a0    000000f5     diag_console.o (.rodata.str1.5084688477215926447.1)
                  0000c495    00000063     diag_console.o (.rodata.str1.7732308573000650393.1)
                  0000c4f8    00000048     diag_console.o (.rodata.str1.16565755701334802317.1)
                  0000c540    00000044     diag_console.o (.rodata.str1.3465324906295085914.1)
                  0000c584    0000003e     diag_console.o (.rodata.str1.2437401455240083982.1)
                  0000c5c2    0000003d     diag_console.o (.rodata.str1.9757831788182070933.1)
                  0000c5ff    0000003b     diag_console.o (.rodata.str1.11767802008270839024.1)
                  0000c63a    00000038     diag_console.o (.rodata.str1.8406304233448172400.1)
                  0000c672    00000036     diag_console.o (.rodata.str1.13263914699383415836.1)
                  0000c6a8    00000035     diag_console.o (.rodata.str1.12716740232725884172.1)
                  0000c6dd    00000034     diag_console.o (.rodata.str1.9707112319961652996.1)
                  0000c711    00000032     board_safety.o (.rodata.str1.1461871966798876460.1)
                  0000c743    00000031     diag_console.o (.rodata.str1.11857783984750736754.1)
                  0000c774    0000002f     diag_console.o (.rodata.str1.14635969394841560451.1)
                  0000c7a3    0000002f     diag_console.o (.rodata.str1.854387782545475029.1)
                  0000c7d2    0000002b     diag_console.o (.rodata.str1.14138261999688132486.1)
                  0000c7fd    00000028     diag_console.o (.rodata.str1.15253010768347978106.1)
                  0000c825    00000026     diag_console.o (.rodata.str1.14483158570792449085.1)
                  0000c84b    00000026     diag_console.o (.rodata.str1.6066754825680800963.1)
                  0000c871    00000003     ti_msp_dl_config.o (.rodata.gLEFT_CAPTUREClockConfig)
                  0000c874    00000024     req002.o (.rodata..Lswitch.table.Req002_blockReasonName)
                  0000c898    00000024     req002.o (.rodata..Lswitch.table.Req002_stateName)
                  0000c8bc    00000023     diag_console.o (.rodata.str1.15435677839657748720.1)
                  0000c8df    00000023     diag_console.o (.rodata.str1.15759258491055097000.1)
                  0000c902    00000022     diag_console.o (.rodata.str1.10354475084875452907.1)
                  0000c924    00000020     line_tracking.o (.rodata.cst32)
                  0000c944    0000001f     diag_console.o (.rodata.str1.17103627226480421635.1)
                  0000c963    0000001c     req002.o (.rodata.str1.13275248019535299154.1)
                  0000c97f    0000001a     diag_console.o (.rodata.str1.1008767523004470630.1)
                  0000c999    0000001a     diag_console.o (.rodata.str1.2111541797422310849.1)
                  0000c9b3    0000001a     req002.o (.rodata.str1.9392822210274423405.1)
                  0000c9cd    00000003     ti_msp_dl_config.o (.rodata.gMOTOR_PWMClockConfig)
                  0000c9d0    00000019     nrf24_ptx.o (.rodata.str1.6094559527043233380.4)
                  0000c9e9    00000019     diag_console.o (.rodata.str1.810607564276269461.1)
                  0000ca02    00000002     ti_msp_dl_config.o (.rodata.gDIAG_UARTClockConfig)
                  0000ca04    00000018     nrf24_ptx.o (.rodata..Lswitch.table.Nrf24Ptx_getStatus)
                  0000ca1c    00000018     diag_console.o (.rodata.str1.12054636033591163897.1)
                  0000ca34    00000017     req002.o (.rodata.str1.10230131912623405435.1)
                  0000ca4b    00000017     diag_console.o (.rodata.str1.10706949176496340975.1)
                  0000ca62    00000016     diag_console.o (.rodata.str1.11870780767118024118.1)
                  0000ca78    00000016     diag_console.o (.rodata.str1.12544225967345112596.1)
                  0000ca8e    00000016     diag_console.o (.rodata.str1.15834373091208215214.1)
                  0000caa4    00000015     req002.o (.rodata.str1.9213031953659428922.1)
                  0000cab9    00000003     ti_msp_dl_config.o (.rodata.gRIGHT_QEIClockConfig)
                  0000cabc    00000014     motor_test.o (.rodata..Lswitch.table.MotorTest_stateName)
                  0000cad0    00000014     diag_console.o (.rodata.str1.1105957340841019786.1)
                  0000cae4    00000014     req002.o (.rodata.str1.1536853367382378965.1)
                  0000caf8    00000014     req002.o (.rodata.str1.7316036974658646067.1)
                  0000cb0c    00000014     req002.o (.rodata.str1.9277730485512377852.1)
                  0000cb20    00000013     diag_console.o (.rodata.str1.7581599195524770307.1)
                  0000cb33    00000011     req002.o (.rodata.str1.11801953346847374107.1)
                  0000cb44    00000011     diag_console.o (.rodata.str1.17217747830118470281.1)
                  0000cb55    00000011     diag_console.o (.rodata.str1.17570078357027493973.1)
                  0000cb66    00000011     req002.o (.rodata.str1.246851255980436067.1)
                  0000cb77    00000011     diag_console.o (.rodata.str1.9305979691969886280.1)
                  0000cb88    00000010     encoders.o (.rodata.cst16)
                  0000cb98    00000010     diag_console.o (.rodata.str1.15804963083468125269.1)
                  0000cba8    00000010     nrf24_ptx.o (.rodata.str1.17419335730769077557.1)
                  0000cbb8    00000010     diag_console.o (.rodata.str1.8341931057821991107.1)
                  0000cbc8    0000000f     diag_console.o (.rodata.str1.15947943532119924092.1)
                  0000cbd7    0000000f     diag_console.o (.rodata.str1.3251375336230076641.1)
                  0000cbe6    0000000e     nrf24_ptx.o (.rodata.gProfile)
                  0000cbf4    0000000e     diag_console.o (.rodata.str1.10779067380086453065.1)
                  0000cc02    0000000e     req002.o (.rodata.str1.11012809159570234960.1)
                  0000cc10    0000000e     diag_console.o (.rodata.str1.2047669683145328269.1)
                  0000cc1e    0000000d     diag_console.o (.rodata.str1.10838375267284401125.1)
                  0000cc2b    0000000d     diag_console.o (.rodata.str1.12889734105675417804.1)
                  0000cc38    0000000d     diag_console.o (.rodata.str1.14265534512352903045.1)
                  0000cc45    0000000d     diag_console.o (.rodata.str1.15004393915158247055.1)
                  0000cc52    0000000d     diag_console.o (.rodata.str1.15307067426115469236.1)
                  0000cc5f    0000000d     diag_console.o (.rodata.str1.3586807474570239301.1)
                  0000cc6c    0000000d     diag_console.o (.rodata.str1.5171941431370459453.1)
                  0000cc79    0000000d     nrf24_ptx.o (.rodata.str1.632614121974113092.1)
                  0000cc86    0000000c     diag_console.o (.rodata.str1.10020677278003191597.1)
                  0000cc92    0000000c     req002.o (.rodata.str1.14163026172649738486.1)
                  0000cc9e    0000000c     nrf24_ptx.o (.rodata.str1.18158066330371006656.1)
                  0000ccaa    0000000c     diag_console.o (.rodata.str1.18237275900639492659.1)
                  0000ccb6    0000000b     diag_console.o (.rodata.str1.10021391958218067169.1)
                  0000ccc1    0000000b     diag_console.o (.rodata.str1.11175911738739839896.1)
                  0000cccc    0000000b     req002.o (.rodata.str1.14519661726848775581.1)
                  0000ccd7    0000000b     diag_console.o (.rodata.str1.15625074855538008002.1)
                  0000cce2    0000000b     diag_console.o (.rodata.str1.17854535991371942916.1)
                  0000cced    0000000b     diag_console.o (.rodata.str1.4088845919059740246.1)
                  0000ccf8    0000000b     diag_console.o (.rodata.str1.475083551094971178.1)
                  0000cd03    0000000b     diag_console.o (.rodata.str1.4753132208752387408.1)
                  0000cd0e    0000000b     diag_console.o (.rodata.str1.5824879526590977974.1)
                  0000cd19    0000000b     diag_console.o (.rodata.str1.719103272933316442.1)
                  0000cd24    0000000b     diag_console.o (.rodata.str1.8382040091638840980.1)
                  0000cd2f    00000001     --HOLE-- [fill = 0]
                  0000cd30    0000000a     ti_msp_dl_config.o (.rodata.gDIAG_UARTConfig)
                  0000cd3a    0000000a     ti_msp_dl_config.o (.rodata.gRADIO_SPI_config)
                  0000cd44    0000000a     req002.o (.rodata.str1.11700141885548915133.1)
                  0000cd4e    0000000a     diag_console.o (.rodata.str1.11858721499567804342.1)
                  0000cd58    0000000a     diag_console.o (.rodata.str1.2566524860297826098.1)
                  0000cd62    0000000a     diag_console.o (.rodata.str1.8714582252565932376.1)
                  0000cd6c    0000000a     diag_console.o (.rodata.str1.9009639935792097996.1)
                  0000cd76    00000009     motor_test.o (.rodata.str1.10617380224381297162.1)
                  0000cd7f    00000009     req002.o (.rodata.str1.12553014538444358850.1)
                  0000cd88    00000009     nrf24_ptx.o (.rodata.str1.1466761408321915565.1)
                  0000cd91    00000009     diag_console.o (.rodata.str1.16718133499535619421.1)
                  0000cd9a    00000009     diag_console.o (.rodata.str1.17197432830885351810.1)
                  0000cda3    00000009     diag_console.o (.rodata.str1.2181998341318385279.1)
                  0000cdac    00000009     nrf24_ptx.o (.rodata.str1.3287502044353476605.1)
                  0000cdb5    00000009     req002.o (.rodata.str1.4498054223093770164.1)
                  0000cdbe    00000009     motor_test.o (.rodata.str1.7683472691658088772.1)
                  0000cdc7    00000009     diag_console.o (.rodata.str1.9201789263138429048.1)
                  0000cdd0    00000009     req002.o (.rodata.str1.9783865751474204056.1)
                  0000cdd9    00000003     diag_console.o (.rodata.str1.2161942484080291687.1)
                  0000cddc    00000008     ti_msp_dl_config.o (.rodata.gMOTOR_PWMConfig)
                  0000cde4    00000008     diag_console.o (.rodata.str1.1116829374954328495.1)
                  0000cdec    00000008     motor_test.o (.rodata.str1.4772308527699974066.1)
                  0000cdf4    00000008     motor_test.o (.rodata.str1.8645205534088111832.1)
                  0000cdfc    00000007     diag_console.o (.rodata.str1.13160629704296733059.1)
                  0000ce03    00000007     diag_console.o (.rodata.str1.5926118724489890093.1)
                  0000ce0a    00000007     diag_console.o (.rodata.str1.7767364581813029062.1)
                  0000ce11    00000006     diag_console.o (.rodata.str1.11297099101431644167.1)
                  0000ce17    00000006     req002.o (.rodata.str1.1330840565073376.1)
                  0000ce1d    00000006     diag_console.o (.rodata.str1.15191501805510545095.1)
                  0000ce23    00000006     nrf24_ptx.o (.rodata.str1.17809926154172099862.1)
                  0000ce29    00000006     diag_console.o (.rodata.str1.1837592952361879117.1)
                  0000ce2f    00000006     motor_test.o (.rodata.str1.2583511979257442240.1)
                  0000ce35    00000006     req002.o (.rodata.str1.404665452499805758.1)
                  0000ce3b    00000006     diag_console.o (.rodata.str1.6637745021058044466.1)
                  0000ce41    00000005     diag_console.o (.rodata.str1.10092175090239738319.1)
                  0000ce46    00000005     req002.o (.rodata.str1.11884172484412477609.1)
                  0000ce4b    00000005     nrf24_ptx.o (.rodata.str1.1246111486341945488.1)
                  0000ce50    00000005     diag_console.o (.rodata.str1.15208548128666943192.1)
                  0000ce55    00000005     diag_console.o (.rodata.str1.15782460672179733745.1)
                  0000ce5a    00000005     diag_console.o (.rodata.str1.261250501884579427.1)
                  0000ce5f    00000005     req002.o (.rodata.str1.4278235483893593186.1)
                  0000ce64    00000005     diag_console.o (.rodata.str1.5976961520280002565.1)
                  0000ce69    00000005     diag_console.o (.rodata.str1.8182549175682356078.1)
                  0000ce6e    00000005     motor_test.o (.rodata.str1.8458586334456837306.1)
                  0000ce73    00000005     diag_console.o (.rodata.str1.8535165006884115289.1)
                  0000ce78    00000005     diag_console.o (.rodata.str1.8805550004262250290.1)
                  0000ce7d    00000005     diag_console.o (.rodata.str1.9239603917100908406.1)
                  0000ce82    00000004     diag_console.o (.rodata.str1.13280864962473139851.1)
                  0000ce86    00000004     diag_console.o (.rodata.str1.17463021491389519269.1)
                  0000ce8a    00000002     ti_msp_dl_config.o (.rodata.gLINE_I2CClockConfig)
                  0000ce8c    00000002     ti_msp_dl_config.o (.rodata.gOLED_I2CClockConfig)
                  0000ce8e    00000002     ti_msp_dl_config.o (.rodata.gRADIO_SPI_clockConfig)

.init_array 
*          0    00000000    00000000     UNINITIALIZED

.binit     0    00000000    00000000     

.bss       0    20200000    00000777     UNINITIALIZED
                  20200000    00000240     nrf24_ptx.o (.bss.gQueue)
                  20200240    000000c0     nrf24_ptx.o (.bss.gDiagLine)
                  20200300    000000bc     (.common:gLEFT_CAPTUREBackup)
                  202003bc    000000bc     (.common:gMOTOR_PWMBackup)
                  20200478    000000a0     (.common:gRIGHT_QEIBackup)
                  20200518    00000080     diag_console.o (.bss.gRxBuffer)
                  20200598    0000006c     req002.o (.bss.gStatus)
                  20200604    00000050     diag_console.o (.bss.gCommand)
                  20200654    0000003c     line_tracking.o (.bss.gStatus)
                  20200690    00000030     line_tracking.o (.bss.gShadowPid)
                  202006c0    00000028     (.common:gRADIO_SPIBackup)
                  202006e8    00000024     line_sensors.o (.bss.gSample)
                  2020070c    0000001c     nrf24_ptx.o (.bss.gStats)
                  20200728    00000010     motor_test.o (.bss.gStatus)
                  20200738    00000008     app.o (.bss.gStartButton)
                  20200740    00000006     motor_driver.o (.bss.gStatus)
                  20200746    00000002     nrf24_ptx.o (.bss.gDiagLineLength)
                  20200748    00000004     nrf24_ptx.o (.bss.gDeadline)
                  2020074c    00000004     encoders.o (.bss.gLeftCount)
                  20200750    00000004     encoders.o (.bss.gLeftInvalidTransitions)
                  20200754    00000004     timebase.o (.bss.gMilliseconds)
                  20200758    00000004     line_sensors.o (.bss.gNextPollMs)
                  2020075c    00000004     diag_console.o (.bss.gRxOverflow)
                  20200760    00000002     nrf24_ptx.o (.bss.gNextMessageId)
                  20200762    00000002     diag_console.o (.bss.gRxHead)
                  20200764    00000002     diag_console.o (.bss.gRxTail)
                  20200766    00000002     oled_ssd1306.o (.bss.gStatus)
                  20200768    00000001     nrf24_ptx.o (.bss.gArmed)
                  20200769    00000001     diag_console.o (.bss.gCaptureEnabled)
                  2020076a    00000001     diag_console.o (.bss.gCommandLength)
                  2020076b    00000001     nrf24_ptx.o (.bss.gDiagLineOverflow)
                  2020076c    00000001     diag_console.o (.bss.gDiscardLine)
                  2020076d    00000001     encoders.o (.bss.gLeftState)
                  2020076e    00000001     line_tracking.o (.bss.gNeedsReacquire)
                  2020076f    00000001     nrf24_ptx.o (.bss.gOneShotQueued)
                  20200770    00000001     nrf24_ptx.o (.bss.gQueueCount)
                  20200771    00000001     nrf24_ptx.o (.bss.gQueueHead)
                  20200772    00000001     nrf24_ptx.o (.bss.gQueueTail)
                  20200773    00000001     nrf24_ptx.o (.bss.gState)
                  20200774    00000001     board_safety.o (.bss.gStatus.0)
                  20200775    00000001     board_safety.o (.bss.gStatus.3)
                  20200776    00000001     motor_test.o (.bss.gTimedOut)

.stack     0    20207e00    00000200     UNINITIALIZED
                  20207e00    00000004     libc.a : boot_cortex_m.c.obj (.stack)
                  20207e04    000001fc     --HOLE--

__llvm_prf_cnts 
*          0    20200000    00000000     UNINITIALIZED

__llvm_prf_bits 
*          0    20200000    00000000     UNINITIALIZED

MODULE SUMMARY

       Module                         code    ro data   rw data
       ------                         ----    -------   -------
    .\
       ti_msp_dl_config.o             1276    45        576    
       startup_mspm0g350x_ticlang.o   6       192       0      
       empty.o                        54      0         0      
    +--+------------------------------+-------+---------+---------+
       Total:                         1336    237       576    
                                                               
    .\algorithm\
       line_tracking.o                820     32        109    
       pid.o                          462     0         0      
    +--+------------------------------+-------+---------+---------+
       Total:                         1282    32        109    
                                                               
    .\app\
       req002.o                       588     360       108    
       motor_test.o                   344     65        17     
       app.o                          248     0         8      
    +--+------------------------------+-------+---------+---------+
       Total:                         1180    425       133    
                                                               
    .\bsp\
       board_safety.o                 348     50        2      
       timebase.o                     84      0         4      
    +--+------------------------------+-------+---------+---------+
       Total:                         432     50        6      
                                                               
    .\drivers\
       diag_console.o                 36888   2098      219    
       nrf24_ptx.o                    2744    133       811    
       oled_ssd1306.o                 1480    0         2      
       line_sensors.o                 788     0         40     
       motor_driver.o                 496     0         6      
       encoders.o                     368     16        9      
       i2c_diag.o                     300     0         0      
       start_button.o                 138     0         0      
    +--+------------------------------+-------+---------+---------+
       Total:                         43202   2247      1087   
                                                               
    D:/AAADiansai/CCS/mspm0_sdk_2_11_00_07/source/ti/driverlib/lib/ticlang/m0p/mspm0g1x0x_g3x0x/driverlib.a
       dl_timer.o                     438     0         0      
       dl_i2c.o                       240     0         0      
       dl_spi.o                       226     0         0      
       dl_uart.o                      138     0         0      
       dl_common.o                    10      0         0      
    +--+------------------------------+-------+---------+---------+
       Total:                         1052    0         0      
                                                               
    D:\AAADiansai\CCS\ccs\tools\compiler\ti-cgt-armllvm_5.1.1.LTS\lib\armv6m-ti-none-eabi/c/libc.a
       memcpy16.S.obj                 154     0         0      
       memset16.S.obj                 98      0         0      
       autoinit.c.obj                 60      0         0      
       boot_cortex_m.c.obj            40      0         0      
       memcmp.c.obj                   32      0         0      
       copy_zero_init.c.obj           16      0         0      
       exit.c.obj                     6       0         0      
       pre_init.c.obj                 4       0         0      
    +--+------------------------------+-------+---------+---------+
       Total:                         410     0         0      
                                                               
    D:\AAADiansai\CCS\ccs\tools\compiler\ti-cgt-armllvm_5.1.1.LTS\lib\armv6m-ti-none-eabi/c/libsysbm.a
       hostexit.c.obj                 4       0         0      
    +--+------------------------------+-------+---------+---------+
       Total:                         4       0         0      
                                                               
    D:\AAADiansai\CCS\ccs\tools\compiler\ti-cgt-armllvm_5.1.1.LTS\lib\armv6m-ti-none-eabi/libclang_rt.builtins.a
       addsf3.S.obj                   216     0         0      
       comparesf2.S.obj               140     0         0      
       mulsf3.S.obj                   140     0         0      
       divsf3.S.obj                   130     0         0      
       aeabi_fcmp.S.obj               90      0         0      
       aeabi_uidivmod.S.obj           64      0         0      
       muldsi3.S.obj                  58      0         0      
       fixsfsi.S.obj                  56      0         0      
       floatunsisf.S.obj              40      0         0      
       aeabi_memset.S.obj             26      0         0      
       aeabi_memcpy.S.obj             8       0         0      
       aeabi_div0.c.obj               2       0         0      
    +--+------------------------------+-------+---------+---------+
       Total:                         970     0         0      
                                                               
       Stack:                         0       0         512    
       Linker Generated:              0       20        0      
    +--+------------------------------+-------+---------+---------+
       Grand Total:                   49868   3011      2423   


LINKER GENERATED COPY TABLES

__TI_cinit_table @ 0000ce9c records: 1, size/record: 8, table size: 8
	.bss: load addr=0000ce90, load size=00000008 bytes, run addr=20200000, run size=00000777 bytes, compression=zero_init


LINKER GENERATED HANDLER TABLE

__TI_handler_table @ 0000ce98 records: 1, size/record: 4, table size: 4
	index: 0, handler: __TI_zero_init


GLOBAL SYMBOLS: SORTED ALPHABETICALLY BY Name 

address   name                              
-------   ----                              
000097eb  ADC0_IRQHandler                   
000097eb  ADC1_IRQHandler                   
000097eb  AES_IRQHandler                    
0000ba39  App_init                          
0000a9ed  App_service                       
0000c351  BoardSafety_buzzerPolicy          
0000c325  BoardSafety_faultLatched          
0000b8b1  BoardSafety_init                  
0000be91  BoardSafety_outputsSafe           
0000b2b5  BoardSafety_service               
0000b611  BoardSafety_stop                  
0000c38e  C$$EXIT                           
000097eb  CANFD0_IRQHandler                 
000097eb  DAC0_IRQHandler                   
0000c33d  DL_Common_delayCycles             
0000b3eb  DL_I2C_fillControllerTXFIFO       
0000bec5  DL_I2C_flushControllerRXFIFO      
0000bd31  DL_I2C_flushControllerTXFIFO      
0000c059  DL_I2C_setClockConfig             
0000b665  DL_SPI_drainRXFIFO8               
0000bbe9  DL_SPI_init                       
0000c101  DL_SPI_receiveDataCheck8          
0000c2a1  DL_SPI_setClockConfig             
0000c11d  DL_SPI_transmitDataCheck8         
0000c2c5  DL_Timer_getCaptureCompareValue   
0000a395  DL_Timer_initFourCCPWMMode        
0000c139  DL_Timer_setCaptCompUpdateMethod  
0000bfe1  DL_Timer_setCaptureCompareCtl     
0000c1c5  DL_Timer_setCaptureCompareInput   
0000c1fd  DL_Timer_setCaptureCompareOutCtl  
0000c2d5  DL_Timer_setCaptureCompareValue   
0000c155  DL_Timer_setClockConfig           
0000ba81  DL_UART_init                      
0000c2b3  DL_UART_setClockConfig            
0000bef5  DL_UART_transmitDataBlocking      
000097eb  DMA_IRQHandler                    
000097eb  Default_Handler                   
0000bac9  DiagConsole_init                  
0000b449  DiagConsole_onUartInterrupt       
000097ed  DiagConsole_reportBoot            
000000c1  DiagConsole_service               
0000ac7d  Encoders_init                     
0000afc1  Encoders_onLeftCaptureInterrupt   
0000b4a5  Encoders_snapshot                 
000097eb  GROUP0_IRQHandler                 
000097eb  GROUP1_IRQHandler                 
0000c38f  HOSTexit                          
000097eb  HardFault_Handler                 
000097eb  I2C0_IRQHandler                   
000097eb  I2C1_IRQHandler                   
00009f15  I2cDiag_scan                      
0000c171  LineSensors_init                  
0000a939  LineSensors_service               
0000c215  LineSensors_snapshot              
0000c359  LineTracking_getStatus            
0000bb11  LineTracking_init                 
00008d65  LineTracking_service              
0000a499  MotorDriver_driveSinglePrimary    
0000b6b9  MotorDriver_init                  
0000b5b9  MotorDriver_outputsStopped        
0000bc71  MotorDriver_stopAll               
0000c081  MotorTest_abort                   
0000c0a1  MotorTest_init                    
0000bf25  MotorTest_onTimebaseTick          
0000bcb1  MotorTest_service                 
0000c18d  MotorTest_snapshot                
0000b241  MotorTest_start                   
0000c22d  MotorTest_stateName               
000097eb  NMI_Handler                       
0000b901  Nrf24Ptx_arm                      
0000a041  Nrf24Ptx_captureDiagnosticChar    
0000bd6d  Nrf24Ptx_disarm                   
0000b70d  Nrf24Ptx_getStatus                
0000b045  Nrf24Ptx_init                     
0000b761  Nrf24Ptx_readCoreRegisters        
0000bfb5  Nrf24Ptx_safeWhenDisarmed         
00007a45  Nrf24Ptx_service                  
0000aeb1  OledSsd1306_clear                 
0000bc2d  OledSsd1306_forceAllPixelsOn      
0000b951  OledSsd1306_forceAllPixelsOnSh1106
00008739  OledSsd1306_showTestPattern       
000097eb  PendSV_Handler                    
0000c1a9  Pid_init                          
0000c2e5  Pid_reset                         
00009649  Pid_step                          
000097eb  RTC_IRQHandler                    
0000c245  Req002_blockReasonName            
0000c361  Req002_getStatus                  
0000bb59  Req002_init                       
0000947d  Req002_service                    
0000c25d  Req002_stateName                  
0000c393  Reset_Handler                     
000097eb  SPI0_IRQHandler                   
000097eb  SPI1_IRQHandler                   
000097eb  SVC_Handler                       
0000ad0d  SYSCFG_DL_DIAG_UART_init          
0000a785  SYSCFG_DL_GPIO_init               
0000aa9d  SYSCFG_DL_LEFT_CAPTURE_init       
0000b7b5  SYSCFG_DL_LINE_I2C_init           
0000abe9  SYSCFG_DL_MOTOR_PWM_init          
0000b809  SYSCFG_DL_OLED_I2C_init           
0000b9a1  SYSCFG_DL_RADIO_SPI_init          
0000b501  SYSCFG_DL_RIGHT_QEI_init          
0000bf55  SYSCFG_DL_SYSCTL_init             
0000b85d  SYSCFG_DL_init                    
0000b14d  SYSCFG_DL_initPower               
0000c0c1  StartButton_init                  
0000b9ed  StartButton_poll                  
0000c28d  StartButton_readHardwarePressed   
0000c347  StartButton_takePress             
0000c2f5  SysTick_Handler                   
000097eb  TIMA0_IRQHandler                  
0000c369  TIMA1_IRQHandler                  
000097eb  TIMG0_IRQHandler                  
000097eb  TIMG12_IRQHandler                 
000097eb  TIMG6_IRQHandler                  
000097eb  TIMG7_IRQHandler                  
000097eb  TIMG8_IRQHandler                  
0000bf85  Timebase_init                     
0000c331  Timebase_nowMs                    
0000c305  Timebase_onSysTick                
0000c371  Timebase_reached                  
0000c379  UART0_IRQHandler                  
000097eb  UART1_IRQHandler                  
000097eb  UART2_IRQHandler                  
000097eb  UART3_IRQHandler                  
20208000  __STACK_END                       
00000200  __STACK_SIZE                      
00000000  __TI_ATRegion0_region_sz          
00000000  __TI_ATRegion0_src_addr           
00000000  __TI_ATRegion0_trg_addr           
00000000  __TI_ATRegion1_region_sz          
00000000  __TI_ATRegion1_src_addr           
00000000  __TI_ATRegion1_trg_addr           
00000000  __TI_ATRegion2_region_sz          
00000000  __TI_ATRegion2_src_addr           
00000000  __TI_ATRegion2_trg_addr           
0000ce9c  __TI_CINIT_Base                   
0000cea4  __TI_CINIT_Limit                  
0000cea4  __TI_CINIT_Warm                   
0000ce98  __TI_Handler_Table_Base           
0000ce9c  __TI_Handler_Table_Limit          
0000bda9  __TI_auto_init_nobinit_nopinit    
ffffffff  __TI_pprof_out_hndl               
ffffffff  __TI_prof_data_size               
ffffffff  __TI_prof_data_start              
00000000  __TI_static_base__                
0000c315  __TI_zero_init                    
0000a86b  __addsf3                          
0000be59  __aeabi_f2iz                      
0000a86b  __aeabi_fadd                      
0000b55d  __aeabi_fcmpeq                    
0000b593  __aeabi_fcmpge                    
0000b5a5  __aeabi_fcmpgt                    
0000b581  __aeabi_fcmple                    
0000b56f  __aeabi_fcmplt                    
0000ae0f  __aeabi_fcmpun                    
0000b0c9  __aeabi_fdiv                      
0000ae25  __aeabi_fmul                      
0000a861  __aeabi_fsub                      
0000abe7  __aeabi_idiv0                     
0000c1ef  __aeabi_memclr                    
0000c1ef  __aeabi_memclr4                   
0000c1ef  __aeabi_memclr8                   
0000c381  __aeabi_memcpy                    
0000c381  __aeabi_memcpy4                   
0000c381  __aeabi_memcpy8                   
0000c1e1  __aeabi_memset                    
0000c1e1  __aeabi_memset4                   
0000c1e1  __aeabi_memset8                   
0000c031  __aeabi_ui2f                      
0000bcf1  __aeabi_uidiv                     
0000bcf1  __aeabi_uidivmod                  
ffffffff  __binit__                         
0000ad99  __cmpsf2                          
0000b0c9  __divsf3                          
0000ad99  __eqsf2                           
0000be59  __fixsfsi                         
0000c031  __floatunsisf                     
0000add3  __gesf2                           
0000add3  __gtsf2                           
0000ad99  __lesf2                           
0000ad99  __ltsf2                           
UNDEFED   __mpu_init                        
0000bde5  __muldsi3                         
0000ae25  __mulsf3                          
0000ad99  __nesf2                           
20207e00  __stack                           
20200000  __start___llvm_prf_bits           
20200000  __start___llvm_prf_cnts           
20200000  __stop___llvm_prf_bits            
20200000  __stop___llvm_prf_cnts            
0000a861  __subsf3                          
0000ae0f  __unordsf2                        
0000c009  _c_int00_noargs                   
UNDEFED   _system_post_cinit                
0000c397  _system_pre_init                  
0000c389  abort                             
ffffffff  binit                             
20200300  gLEFT_CAPTUREBackup               
202003bc  gMOTOR_PWMBackup                  
202006c0  gRADIO_SPIBackup                  
20200478  gRIGHT_QEIBackup                  
00000000  interruptVectors                  
0000c275  main                              
0000c0e1  memcmp                            
0000ab4d  memcpy                            
0000b389  memset                            


GLOBAL SYMBOLS: SORTED BY Symbol Address 

address   name                              
-------   ----                              
00000000  __TI_ATRegion0_region_sz          
00000000  __TI_ATRegion0_src_addr           
00000000  __TI_ATRegion0_trg_addr           
00000000  __TI_ATRegion1_region_sz          
00000000  __TI_ATRegion1_src_addr           
00000000  __TI_ATRegion1_trg_addr           
00000000  __TI_ATRegion2_region_sz          
00000000  __TI_ATRegion2_src_addr           
00000000  __TI_ATRegion2_trg_addr           
00000000  __TI_static_base__                
00000000  interruptVectors                  
000000c1  DiagConsole_service               
00000200  __STACK_SIZE                      
00007a45  Nrf24Ptx_service                  
00008739  OledSsd1306_showTestPattern       
00008d65  LineTracking_service              
0000947d  Req002_service                    
00009649  Pid_step                          
000097eb  ADC0_IRQHandler                   
000097eb  ADC1_IRQHandler                   
000097eb  AES_IRQHandler                    
000097eb  CANFD0_IRQHandler                 
000097eb  DAC0_IRQHandler                   
000097eb  DMA_IRQHandler                    
000097eb  Default_Handler                   
000097eb  GROUP0_IRQHandler                 
000097eb  GROUP1_IRQHandler                 
000097eb  HardFault_Handler                 
000097eb  I2C0_IRQHandler                   
000097eb  I2C1_IRQHandler                   
000097eb  NMI_Handler                       
000097eb  PendSV_Handler                    
000097eb  RTC_IRQHandler                    
000097eb  SPI0_IRQHandler                   
000097eb  SPI1_IRQHandler                   
000097eb  SVC_Handler                       
000097eb  TIMA0_IRQHandler                  
000097eb  TIMG0_IRQHandler                  
000097eb  TIMG12_IRQHandler                 
000097eb  TIMG6_IRQHandler                  
000097eb  TIMG7_IRQHandler                  
000097eb  TIMG8_IRQHandler                  
000097eb  UART1_IRQHandler                  
000097eb  UART2_IRQHandler                  
000097eb  UART3_IRQHandler                  
000097ed  DiagConsole_reportBoot            
00009f15  I2cDiag_scan                      
0000a041  Nrf24Ptx_captureDiagnosticChar    
0000a395  DL_Timer_initFourCCPWMMode        
0000a499  MotorDriver_driveSinglePrimary    
0000a785  SYSCFG_DL_GPIO_init               
0000a861  __aeabi_fsub                      
0000a861  __subsf3                          
0000a86b  __addsf3                          
0000a86b  __aeabi_fadd                      
0000a939  LineSensors_service               
0000a9ed  App_service                       
0000aa9d  SYSCFG_DL_LEFT_CAPTURE_init       
0000ab4d  memcpy                            
0000abe7  __aeabi_idiv0                     
0000abe9  SYSCFG_DL_MOTOR_PWM_init          
0000ac7d  Encoders_init                     
0000ad0d  SYSCFG_DL_DIAG_UART_init          
0000ad99  __cmpsf2                          
0000ad99  __eqsf2                           
0000ad99  __lesf2                           
0000ad99  __ltsf2                           
0000ad99  __nesf2                           
0000add3  __gesf2                           
0000add3  __gtsf2                           
0000ae0f  __aeabi_fcmpun                    
0000ae0f  __unordsf2                        
0000ae25  __aeabi_fmul                      
0000ae25  __mulsf3                          
0000aeb1  OledSsd1306_clear                 
0000afc1  Encoders_onLeftCaptureInterrupt   
0000b045  Nrf24Ptx_init                     
0000b0c9  __aeabi_fdiv                      
0000b0c9  __divsf3                          
0000b14d  SYSCFG_DL_initPower               
0000b241  MotorTest_start                   
0000b2b5  BoardSafety_service               
0000b389  memset                            
0000b3eb  DL_I2C_fillControllerTXFIFO       
0000b449  DiagConsole_onUartInterrupt       
0000b4a5  Encoders_snapshot                 
0000b501  SYSCFG_DL_RIGHT_QEI_init          
0000b55d  __aeabi_fcmpeq                    
0000b56f  __aeabi_fcmplt                    
0000b581  __aeabi_fcmple                    
0000b593  __aeabi_fcmpge                    
0000b5a5  __aeabi_fcmpgt                    
0000b5b9  MotorDriver_outputsStopped        
0000b611  BoardSafety_stop                  
0000b665  DL_SPI_drainRXFIFO8               
0000b6b9  MotorDriver_init                  
0000b70d  Nrf24Ptx_getStatus                
0000b761  Nrf24Ptx_readCoreRegisters        
0000b7b5  SYSCFG_DL_LINE_I2C_init           
0000b809  SYSCFG_DL_OLED_I2C_init           
0000b85d  SYSCFG_DL_init                    
0000b8b1  BoardSafety_init                  
0000b901  Nrf24Ptx_arm                      
0000b951  OledSsd1306_forceAllPixelsOnSh1106
0000b9a1  SYSCFG_DL_RADIO_SPI_init          
0000b9ed  StartButton_poll                  
0000ba39  App_init                          
0000ba81  DL_UART_init                      
0000bac9  DiagConsole_init                  
0000bb11  LineTracking_init                 
0000bb59  Req002_init                       
0000bbe9  DL_SPI_init                       
0000bc2d  OledSsd1306_forceAllPixelsOn      
0000bc71  MotorDriver_stopAll               
0000bcb1  MotorTest_service                 
0000bcf1  __aeabi_uidiv                     
0000bcf1  __aeabi_uidivmod                  
0000bd31  DL_I2C_flushControllerTXFIFO      
0000bd6d  Nrf24Ptx_disarm                   
0000bda9  __TI_auto_init_nobinit_nopinit    
0000bde5  __muldsi3                         
0000be59  __aeabi_f2iz                      
0000be59  __fixsfsi                         
0000be91  BoardSafety_outputsSafe           
0000bec5  DL_I2C_flushControllerRXFIFO      
0000bef5  DL_UART_transmitDataBlocking      
0000bf25  MotorTest_onTimebaseTick          
0000bf55  SYSCFG_DL_SYSCTL_init             
0000bf85  Timebase_init                     
0000bfb5  Nrf24Ptx_safeWhenDisarmed         
0000bfe1  DL_Timer_setCaptureCompareCtl     
0000c009  _c_int00_noargs                   
0000c031  __aeabi_ui2f                      
0000c031  __floatunsisf                     
0000c059  DL_I2C_setClockConfig             
0000c081  MotorTest_abort                   
0000c0a1  MotorTest_init                    
0000c0c1  StartButton_init                  
0000c0e1  memcmp                            
0000c101  DL_SPI_receiveDataCheck8          
0000c11d  DL_SPI_transmitDataCheck8         
0000c139  DL_Timer_setCaptCompUpdateMethod  
0000c155  DL_Timer_setClockConfig           
0000c171  LineSensors_init                  
0000c18d  MotorTest_snapshot                
0000c1a9  Pid_init                          
0000c1c5  DL_Timer_setCaptureCompareInput   
0000c1e1  __aeabi_memset                    
0000c1e1  __aeabi_memset4                   
0000c1e1  __aeabi_memset8                   
0000c1ef  __aeabi_memclr                    
0000c1ef  __aeabi_memclr4                   
0000c1ef  __aeabi_memclr8                   
0000c1fd  DL_Timer_setCaptureCompareOutCtl  
0000c215  LineSensors_snapshot              
0000c22d  MotorTest_stateName               
0000c245  Req002_blockReasonName            
0000c25d  Req002_stateName                  
0000c275  main                              
0000c28d  StartButton_readHardwarePressed   
0000c2a1  DL_SPI_setClockConfig             
0000c2b3  DL_UART_setClockConfig            
0000c2c5  DL_Timer_getCaptureCompareValue   
0000c2d5  DL_Timer_setCaptureCompareValue   
0000c2e5  Pid_reset                         
0000c2f5  SysTick_Handler                   
0000c305  Timebase_onSysTick                
0000c315  __TI_zero_init                    
0000c325  BoardSafety_faultLatched          
0000c331  Timebase_nowMs                    
0000c33d  DL_Common_delayCycles             
0000c347  StartButton_takePress             
0000c351  BoardSafety_buzzerPolicy          
0000c359  LineTracking_getStatus            
0000c361  Req002_getStatus                  
0000c369  TIMA1_IRQHandler                  
0000c371  Timebase_reached                  
0000c379  UART0_IRQHandler                  
0000c381  __aeabi_memcpy                    
0000c381  __aeabi_memcpy4                   
0000c381  __aeabi_memcpy8                   
0000c389  abort                             
0000c38e  C$$EXIT                           
0000c38f  HOSTexit                          
0000c393  Reset_Handler                     
0000c397  _system_pre_init                  
0000ce98  __TI_Handler_Table_Base           
0000ce9c  __TI_CINIT_Base                   
0000ce9c  __TI_Handler_Table_Limit          
0000cea4  __TI_CINIT_Limit                  
0000cea4  __TI_CINIT_Warm                   
20200000  __start___llvm_prf_bits           
20200000  __start___llvm_prf_cnts           
20200000  __stop___llvm_prf_bits            
20200000  __stop___llvm_prf_cnts            
20200300  gLEFT_CAPTUREBackup               
202003bc  gMOTOR_PWMBackup                  
20200478  gRIGHT_QEIBackup                  
202006c0  gRADIO_SPIBackup                  
20207e00  __stack                           
20208000  __STACK_END                       
ffffffff  __TI_pprof_out_hndl               
ffffffff  __TI_prof_data_size               
ffffffff  __TI_prof_data_start              
ffffffff  __binit__                         
ffffffff  binit                             
UNDEFED   __mpu_init                        
UNDEFED   _system_post_cinit                

[208 symbols]
